Using cache found in C:\Users\srees/.cache\torch\hub\facebookresearch_dinov2_main
C:\Users\srees/.cache\torch\hub\facebookresearch_dinov2_main\dinov2\layers\swiglu_ffn.py:51: UserWarning: xFormers is not available (SwiGLU)
  warnings.warn("xFormers is not available (SwiGLU)")
C:\Users\srees/.cache\torch\hub\facebookresearch_dinov2_main\dinov2\layers\attention.py:33: UserWarning: xFormers is not available (Attention)
  warnings.warn("xFormers is not available (Attention)")
C:\Users\srees/.cache\torch\hub\facebookresearch_dinov2_main\dinov2\layers\block.py:40: UserWarning: xFormers is not available (Block)
  warnings.warn("xFormers is not available (Block)")
Using device: cuda
held_out dataset size: 400

Collected 400 predictions. Extracting ffprobe technical metadata (this takes a bit)...
Saved per-video breakdown: outputs/predictions/dfdc_error_analysis.csv

============================================================
THRESHOLD USED: 0.94
Overall: 400 videos | Real: 77 | Fake: 323
Real: 68/77 correct | Fake: 109/323 correct

--- REAL - correctly classified (n=68) ---
  resolution: 1920.0x1080.0 (median)  range w=[1080,1920] h=[1080,1920]
  fps: median=29.97 range=[29.75,29.97]
  duration: median=10.01s
  video_bitrate: median=3724298
  codecs: {'h264': 68}
  prob: median=0.0026 mean=0.0521

--- REAL - misclassified as fake (n=9) ---
  resolution: 1920x1080 (median)  range w=[1920,1920] h=[1080,1080]
  fps: median=29.97 range=[29.97,29.97]
  duration: median=10.01s
  video_bitrate: median=2580266
  codecs: {'h264': 9}
  prob: median=0.9995 mean=0.9921

--- FAKE - correctly classified (n=109) ---
  resolution: 1920x1080 (median)  range w=[1920,1920] h=[1080,1080]
  fps: median=29.97 range=[29.97,29.97]
  duration: median=10.01s
  video_bitrate: median=2690377
  codecs: {'h264': 109}
  prob: median=0.9991 mean=0.9951

--- FAKE - misclassified as real (the big failure mode) (n=214) ---
  resolution: 1920.0x1080.0 (median)  range w=[1080,1920] h=[1080,1920]
  fps: median=29.97 range=[29.75,29.97]
  duration: median=10.01s
  video_bitrate: median=3563178
  codecs: {'h264': 214}
  prob: median=0.0138 mean=0.1217

Distinct 'original' source videos behind missed fakes: 160 (of 214 missed fakes) - repeats: {'jdubbvfswz.mp4': 2, 'qzimuostzz.mp4': 3, 'fjlyaizcwc.mp4': 2, 'ffcwhpnpuw.mp4': 2, 'slwkmefgde.mp4': 2, 'jomvcqqars.mp4': 3, 'swedbyuehz.mp4': 2, 'ppdpgwyjgm.mp4': 2, 'cppdvdejkc.mp4': 2, 'meawmsgiti.mp4': 4, 'vcxckqbaya.mp4': 2, 'xwcggrygwl.mp4': 2, 'uonshkejav.mp4': 2, 'xngpzquyhs.mp4': 4, 'gktjowiuqe.mp4': 2, 'rrcsuwgpnd.mp4': 3, 'cprhtltsjp.mp4': 2, 'topyiohccg.mp4': 2, 'jjyfvzxwwx.mp4': 2, 'imzqmbfugn.mp4': 2, 'iyefnuagav.mp4': 2, 'ybjrqnqnno.mp4': 3, 'fecysfujzk.mp4': 2, 'yfsnwkbafm.mp4': 2, 'dbtbbhakdv.mp4': 2, 'ptokilxwcx.mp4': 2, 'gneufaypol.mp4': 2, 'mmhqllmlew.mp4': 3, 'xnfwdpptym.mp4': 2, 'ellavthztb.mp4': 2, 'ytufbmkdlq.mp4': 2, 'iklzfeueid.mp4': 2, 'yagllixjvh.mp4': 2, 'fdcttsvjwf.mp4': 2, 'gipbyjfxfp.mp4': 3, 'kgbkktcjxf.mp4': 2, 'ztbinwxgyu.mp4': 3, 'bwipwzzxxu.mp4': 2, 'iiomvouemm.mp4': 2, 'gdfyzwykty.mp4': 2, 'wtreibcmgm.mp4': 2, 'ehccixxzoe.mp4': 2, 'grnycmbdfu.mp4': 2}
============================================================
