Using cache found in C:\Users\srees/.cache\torch\hub\facebookresearch_dinov2_main
C:\Users\srees/.cache\torch\hub\facebookresearch_dinov2_main\dinov2\layers\swiglu_ffn.py:51: UserWarning: xFormers is not available (SwiGLU)
  warnings.warn("xFormers is not available (SwiGLU)")
C:\Users\srees/.cache\torch\hub\facebookresearch_dinov2_main\dinov2\layers\attention.py:33: UserWarning: xFormers is not available (Attention)
  warnings.warn("xFormers is not available (Attention)")
C:\Users\srees/.cache\torch\hub\facebookresearch_dinov2_main\dinov2\layers\block.py:40: UserWarning: xFormers is not available (Block)
  warnings.warn("xFormers is not available (Block)")
Using device: cuda

--- Threshold selection on VALIDATION set (maximizing balanced accuracy) ---
  Threshold = 0.05 | Balanced Acc = 0.8526
  Threshold = 0.07 | Balanced Acc = 0.8699
  Threshold = 0.09 | Balanced Acc = 0.8824
  Threshold = 0.11 | Balanced Acc = 0.8917
  Threshold = 0.13 | Balanced Acc = 0.8962
  Threshold = 0.15 | Balanced Acc = 0.9055
  Threshold = 0.17 | Balanced Acc = 0.9086
  Threshold = 0.19 | Balanced Acc = 0.9101
  Threshold = 0.21 | Balanced Acc = 0.9133
  Threshold = 0.23 | Balanced Acc = 0.9163
  Threshold = 0.25 | Balanced Acc = 0.9209
  Threshold = 0.27 | Balanced Acc = 0.9209
  Threshold = 0.29 | Balanced Acc = 0.9223
  Threshold = 0.31 | Balanced Acc = 0.9222
  Threshold = 0.33 | Balanced Acc = 0.9283
  Threshold = 0.35 | Balanced Acc = 0.9343
  Threshold = 0.37 | Balanced Acc = 0.9374
  Threshold = 0.39 | Balanced Acc = 0.9403
  Threshold = 0.41 | Balanced Acc = 0.9433
  Threshold = 0.43 | Balanced Acc = 0.9446
  Threshold = 0.45 | Balanced Acc = 0.9461
  Threshold = 0.47 | Balanced Acc = 0.9461
  Threshold = 0.49 | Balanced Acc = 0.9476
  Threshold = 0.51 | Balanced Acc = 0.9489
  Threshold = 0.53 | Balanced Acc = 0.9505
  Threshold = 0.55 | Balanced Acc = 0.9503
  Threshold = 0.57 | Balanced Acc = 0.9518
  Threshold = 0.59 | Balanced Acc = 0.9515
  Threshold = 0.61 | Balanced Acc = 0.9529
  Threshold = 0.63 | Balanced Acc = 0.9560
  Threshold = 0.65 | Balanced Acc = 0.9573
  Threshold = 0.67 | Balanced Acc = 0.9571
  Threshold = 0.69 | Balanced Acc = 0.9586
  Threshold = 0.71 | Balanced Acc = 0.9585
  Threshold = 0.73 | Balanced Acc = 0.9598
  Threshold = 0.75 | Balanced Acc = 0.9609
  Threshold = 0.77 | Balanced Acc = 0.9622
  Threshold = 0.79 | Balanced Acc = 0.9650
  Threshold = 0.81 | Balanced Acc = 0.9664
  Threshold = 0.83 | Balanced Acc = 0.9658
  Threshold = 0.85 | Balanced Acc = 0.9671
  Threshold = 0.87 | Balanced Acc = 0.9683
  Threshold = 0.89 | Balanced Acc = 0.9710
  Threshold = 0.91 | Balanced Acc = 0.9701
  Threshold = 0.93 | Balanced Acc = 0.9694
  Threshold = 0.95 | Balanced Acc = 0.9743
  Threshold = 0.97 | Balanced Acc = 0.9751
  Threshold = 0.99 | Balanced Acc = 0.9707
[Chosen Threshold] 0.970 (Balanced Acc = 0.9751), frozen for test scoring

=== In-Distribution (FakeAVCeleb+PolyGlotFake test) - Stage B (threshold=0.97, frozen from validation) ===
Overall Accuracy: 0.9760
Precision:        0.9993
Recall:           0.9756
F1-score:         0.9873
Real Accuracy: 0.9846 (319/324)   Fake Accuracy: 0.9756 (7089/7266)
Confusion Matrix:
[[ 319    5]
 [ 177 7089]]
AUC Score: 0.9972

=== Cross-Dataset Generalization (DFDC held-out) - Stage B (threshold=0.97, frozen from validation) ===
Overall Accuracy: 0.4275
Precision:        0.9352
Recall:           0.3127
F1-score:         0.4687
Real Accuracy: 0.9091 (70/77)   Fake Accuracy: 0.3127 (101/323)
Confusion Matrix:
[[ 70   7]
 [222 101]]
AUC Score: 0.7127

Saved: outputs/plots/roc_curve_stageB.png
----------------------------------------
