Using device: cuda

--- Threshold selection on VALIDATION set (maximizing balanced accuracy) ---
  Threshold = 0.05 | Balanced Acc = 0.9559
  Threshold = 0.07 | Balanced Acc = 0.9566
  Threshold = 0.09 | Balanced Acc = 0.9566
  Threshold = 0.11 | Balanced Acc = 0.9573
  Threshold = 0.13 | Balanced Acc = 0.9587
  Threshold = 0.15 | Balanced Acc = 0.9581
  Threshold = 0.17 | Balanced Acc = 0.9579
  Threshold = 0.19 | Balanced Acc = 0.9590
  Threshold = 0.21 | Balanced Acc = 0.9586
  Threshold = 0.23 | Balanced Acc = 0.9582
  Threshold = 0.25 | Balanced Acc = 0.9578
  Threshold = 0.27 | Balanced Acc = 0.9592
  Threshold = 0.29 | Balanced Acc = 0.9623
  Threshold = 0.31 | Balanced Acc = 0.9622
  Threshold = 0.33 | Balanced Acc = 0.9620
  Threshold = 0.35 | Balanced Acc = 0.9618
  Threshold = 0.37 | Balanced Acc = 0.9647
  Threshold = 0.39 | Balanced Acc = 0.9644
  Threshold = 0.41 | Balanced Acc = 0.9643
  Threshold = 0.43 | Balanced Acc = 0.9642
  Threshold = 0.45 | Balanced Acc = 0.9641
  Threshold = 0.47 | Balanced Acc = 0.9654
  Threshold = 0.49 | Balanced Acc = 0.9650
  Threshold = 0.51 | Balanced Acc = 0.9648
  Threshold = 0.53 | Balanced Acc = 0.9661
  Threshold = 0.55 | Balanced Acc = 0.9659
  Threshold = 0.57 | Balanced Acc = 0.9659
  Threshold = 0.59 | Balanced Acc = 0.9657
  Threshold = 0.61 | Balanced Acc = 0.9653
  Threshold = 0.63 | Balanced Acc = 0.9651
  Threshold = 0.65 | Balanced Acc = 0.9647
  Threshold = 0.67 | Balanced Acc = 0.9646
  Threshold = 0.69 | Balanced Acc = 0.9659
  Threshold = 0.71 | Balanced Acc = 0.9655
  Threshold = 0.73 | Balanced Acc = 0.9681
  Threshold = 0.75 | Balanced Acc = 0.9677
  Threshold = 0.77 | Balanced Acc = 0.9674
  Threshold = 0.79 | Balanced Acc = 0.9670
  Threshold = 0.81 | Balanced Acc = 0.9681
  Threshold = 0.83 | Balanced Acc = 0.9674
  Threshold = 0.85 | Balanced Acc = 0.9669
  Threshold = 0.87 | Balanced Acc = 0.9662
  Threshold = 0.89 | Balanced Acc = 0.9650
  Threshold = 0.91 | Balanced Acc = 0.9640
  Threshold = 0.93 | Balanced Acc = 0.9627
  Threshold = 0.95 | Balanced Acc = 0.9647
  Threshold = 0.97 | Balanced Acc = 0.9659
  Threshold = 0.99 | Balanced Acc = 0.9617
[Chosen Threshold] 0.730 (Balanced Acc = 0.9681), frozen for test scoring

=== In-Distribution (FakeAVCeleb+PolyGlotFake test) (threshold=0.73, frozen from validation) ===
Overall Accuracy: 0.9620
Precision:        0.9984
Recall:           0.9619
F1-score:         0.9798
Real Accuracy: 0.9660 (313/324)   Fake Accuracy: 0.9619 (6984/7261)
Confusion Matrix:
[[ 313   11]
 [ 277 6984]]
AUC Score: 0.9858

=== Cross-Dataset Generalization (DFDC held-out) (threshold=0.73, frozen from validation) ===
Overall Accuracy: 0.4575
Precision:        0.9344
Recall:           0.3529
F1-score:         0.5124
Real Accuracy: 0.8961 (69/77)   Fake Accuracy: 0.3529 (114/323)
Confusion Matrix:
[[ 69   8]
 [209 114]]
AUC Score: 0.6971

Saved: outputs/plots/roc_curve.png
----------------------------------------
