WARNING: All log messages before absl::InitializeLog() is called are written to STDERR
I0000 00:00:1783108186.358533    4308 port.cc:153] oneDNN custom operations are on. You may see slightly different numerical results due to floating-point round-off errors from different computation orders. To turn them off, set the environment variable `TF_ENABLE_ONEDNN_OPTS=0`.
WARNING: All log messages before absl::InitializeLog() is called are written to STDERR
I0000 00:00:1783108188.822416    4308 port.cc:153] oneDNN custom operations are on. You may see slightly different numerical results due to floating-point round-off errors from different computation orders. To turn them off, set the environment variable `TF_ENABLE_ONEDNN_OPTS=0`.
Using device: cuda
Decision threshold: 0.1

[Test Set Distribution Before Balancing]
  Real (label 0): 205
  Fake (label 1): 9153

[Balanced Test Set Distribution]
  Real (label 0): 205
  Fake (label 1): 205

Starting Evaluation...
WARNING: All log messages before absl::InitializeLog() is called are written to STDERR
I0000 00:00:1783108201.807659   22644 port.cc:153] oneDNN custom operations are on. You may see slightly different numerical results due to floating-point round-off errors from different computation orders. To turn them off, set the environment variable `TF_ENABLE_ONEDNN_OPTS=0`.
WARNING: All log messages before absl::InitializeLog() is called are written to STDERR
I0000 00:00:1783108203.930506   22644 port.cc:153] oneDNN custom operations are on. You may see slightly different numerical results due to floating-point round-off errors from different computation orders. To turn them off, set the environment variable `TF_ENABLE_ONEDNN_OPTS=0`.
WARNING: All log messages before absl::InitializeLog() is called are written to STDERR
I0000 00:00:1783108210.630228   29608 port.cc:153] oneDNN custom operations are on. You may see slightly different numerical results due to floating-point round-off errors from different computation orders. To turn them off, set the environment variable `TF_ENABLE_ONEDNN_OPTS=0`.
WARNING: All log messages before absl::InitializeLog() is called are written to STDERR
I0000 00:00:1783108212.538501   29608 port.cc:153] oneDNN custom operations are on. You may see slightly different numerical results due to floating-point round-off errors from different computation orders. To turn them off, set the environment variable `TF_ENABLE_ONEDNN_OPTS=0`.
WARNING: All log messages before absl::InitializeLog() is called are written to STDERR
I0000 00:00:1783108218.909804    3632 port.cc:153] oneDNN custom operations are on. You may see slightly different numerical results due to floating-point round-off errors from different computation orders. To turn them off, set the environment variable `TF_ENABLE_ONEDNN_OPTS=0`.
WARNING: All log messages before absl::InitializeLog() is called are written to STDERR
I0000 00:00:1783108220.976466    3632 port.cc:153] oneDNN custom operations are on. You may see slightly different numerical results due to floating-point round-off errors from different computation orders. To turn them off, set the environment variable `TF_ENABLE_ONEDNN_OPTS=0`.
WARNING: All log messages before absl::InitializeLog() is called are written to STDERR
I0000 00:00:1783108227.507471   14284 port.cc:153] oneDNN custom operations are on. You may see slightly different numerical results due to floating-point round-off errors from different computation orders. To turn them off, set the environment variable `TF_ENABLE_ONEDNN_OPTS=0`.
WARNING: All log messages before absl::InitializeLog() is called are written to STDERR
I0000 00:00:1783108229.696881   14284 port.cc:153] oneDNN custom operations are on. You may see slightly different numerical results due to floating-point round-off errors from different computation orders. To turn them off, set the environment variable `TF_ENABLE_ONEDNN_OPTS=0`.
W0000 00:00:1783108230.455597   15992 face_landmarker_graph.cc:180] Sets FaceBlendshapesGraph acceleration to xnnpack by default.
W0000 00:00:1783108230.455595   13580 face_landmarker_graph.cc:180] Sets FaceBlendshapesGraph acceleration to xnnpack by default.
W0000 00:00:1783108230.455596   28848 face_landmarker_graph.cc:180] Sets FaceBlendshapesGraph acceleration to xnnpack by default.
W0000 00:00:1783108230.455619   26868 face_landmarker_graph.cc:180] Sets FaceBlendshapesGraph acceleration to xnnpack by default.
INFO: Created TensorFlow Lite XNNPACK delegate for CPU.
INFO: Created TensorFlow Lite XNNPACK delegate for CPU.
INFO: Created TensorFlow Lite XNNPACK delegate for CPU.
INFO: Created TensorFlow Lite XNNPACK delegate for CPU.
W0000 00:00:1783108230.467085    8256 inference_feedback_manager.cc:121] Feedback manager requires a model with a single signature inference. Disabling support for feedback tensors.
W0000 00:00:1783108230.467537    5560 inference_feedback_manager.cc:121] Feedback manager requires a model with a single signature inference. Disabling support for feedback tensors.
W0000 00:00:1783108230.468214   22564 inference_feedback_manager.cc:121] Feedback manager requires a model with a single signature inference. Disabling support for feedback tensors.
W0000 00:00:1783108230.468766    8752 inference_feedback_manager.cc:121] Feedback manager requires a model with a single signature inference. Disabling support for feedback tensors.
W0000 00:00:1783108230.479843   30252 inference_feedback_manager.cc:121] Feedback manager requires a model with a single signature inference. Disabling support for feedback tensors.
W0000 00:00:1783108230.480325   30236 inference_feedback_manager.cc:121] Feedback manager requires a model with a single signature inference. Disabling support for feedback tensors.
W0000 00:00:1783108230.480633   29792 inference_feedback_manager.cc:121] Feedback manager requires a model with a single signature inference. Disabling support for feedback tensors.
W0000 00:00:1783108230.481367   18688 inference_feedback_manager.cc:121] Feedback manager requires a model with a single signature inference. Disabling support for feedback tensors.

--- Auto Threshold Optimization ---
  Threshold = 0.10 | F1 = 0.8542 | Recall = 1.0000
  Threshold = 0.15 | F1 = 0.8595 | Recall = 1.0000
  Threshold = 0.20 | F1 = 0.8595 | Recall = 1.0000
  Threshold = 0.25 | F1 = 0.8613 | Recall = 1.0000
  Threshold = 0.30 | F1 = 0.8632 | Recall = 1.0000
  Threshold = 0.35 | F1 = 0.8686 | Recall = 1.0000
  Threshold = 0.40 | F1 = 0.8705 | Recall = 1.0000
  Threshold = 0.45 | F1 = 0.8742 | Recall = 1.0000
  Threshold = 0.50 | F1 = 0.8779 | Recall = 1.0000

[Best Threshold] 0.50  (F1 = 0.8779)
[Chosen Threshold] 0.10 (as configured)
Saved: outputs/plots/threshold_f1_curve.png

--- Evaluation Results (threshold=0.1) ---
Overall Accuracy: 0.8293
Precision:        0.7455
Recall:           1.0000
F1-score:         0.8542

--- Per-Class Performance ---
Real (label 0) Accuracy: 0.6585  (135 / 205 correct)
Fake (label 1) Accuracy: 1.0000  (205 / 205 correct)
False Positives (Real as Fake): 70
False Negatives (Fake as Real): 0

--- Confusion Matrix ---
                Predicted Real      Predicted Fake
Actual Real     135                 70            
Actual Fake     0                   205           

AUC Score: 0.9834

Extracting Misclassified Samples...
Saved 70 misclassified images to outputs/misclassified/
----------------------------------------
