WARNING: All log messages before absl::InitializeLog() is called are written to STDERR
I0000 00:00:1783108294.035905    6568 port.cc:153] oneDNN custom operations are on. You may see slightly different numerical results due to floating-point round-off errors from different computation orders. To turn them off, set the environment variable `TF_ENABLE_ONEDNN_OPTS=0`.
WARNING: All log messages before absl::InitializeLog() is called are written to STDERR
I0000 00:00:1783108296.199543    6568 port.cc:153] oneDNN custom operations are on. You may see slightly different numerical results due to floating-point round-off errors from different computation orders. To turn them off, set the environment variable `TF_ENABLE_ONEDNN_OPTS=0`.
Using device: cuda
Decision threshold: 0.5

[Test Set Distribution Before Balancing]
  Real (label 0): 205
  Fake (label 1): 9153

[Balanced Test Set Distribution]
  Real (label 0): 205
  Fake (label 1): 205

Starting Evaluation...
WARNING: All log messages before absl::InitializeLog() is called are written to STDERR
I0000 00:00:1783108304.935875    4728 port.cc:153] oneDNN custom operations are on. You may see slightly different numerical results due to floating-point round-off errors from different computation orders. To turn them off, set the environment variable `TF_ENABLE_ONEDNN_OPTS=0`.
WARNING: All log messages before absl::InitializeLog() is called are written to STDERR
I0000 00:00:1783108306.888174    4728 port.cc:153] oneDNN custom operations are on. You may see slightly different numerical results due to floating-point round-off errors from different computation orders. To turn them off, set the environment variable `TF_ENABLE_ONEDNN_OPTS=0`.
WARNING: All log messages before absl::InitializeLog() is called are written to STDERR
I0000 00:00:1783108313.434299   12644 port.cc:153] oneDNN custom operations are on. You may see slightly different numerical results due to floating-point round-off errors from different computation orders. To turn them off, set the environment variable `TF_ENABLE_ONEDNN_OPTS=0`.
WARNING: All log messages before absl::InitializeLog() is called are written to STDERR
I0000 00:00:1783108315.540541   12644 port.cc:153] oneDNN custom operations are on. You may see slightly different numerical results due to floating-point round-off errors from different computation orders. To turn them off, set the environment variable `TF_ENABLE_ONEDNN_OPTS=0`.
WARNING: All log messages before absl::InitializeLog() is called are written to STDERR
I0000 00:00:1783108321.919288   28440 port.cc:153] oneDNN custom operations are on. You may see slightly different numerical results due to floating-point round-off errors from different computation orders. To turn them off, set the environment variable `TF_ENABLE_ONEDNN_OPTS=0`.
WARNING: All log messages before absl::InitializeLog() is called are written to STDERR
I0000 00:00:1783108324.094913   28440 port.cc:153] oneDNN custom operations are on. You may see slightly different numerical results due to floating-point round-off errors from different computation orders. To turn them off, set the environment variable `TF_ENABLE_ONEDNN_OPTS=0`.
WARNING: All log messages before absl::InitializeLog() is called are written to STDERR
I0000 00:00:1783108330.702598    1916 port.cc:153] oneDNN custom operations are on. You may see slightly different numerical results due to floating-point round-off errors from different computation orders. To turn them off, set the environment variable `TF_ENABLE_ONEDNN_OPTS=0`.
WARNING: All log messages before absl::InitializeLog() is called are written to STDERR
I0000 00:00:1783108332.883974    1916 port.cc:153] oneDNN custom operations are on. You may see slightly different numerical results due to floating-point round-off errors from different computation orders. To turn them off, set the environment variable `TF_ENABLE_ONEDNN_OPTS=0`.
W0000 00:00:1783108333.696221   28728 face_landmarker_graph.cc:180] Sets FaceBlendshapesGraph acceleration to xnnpack by default.
W0000 00:00:1783108333.696221   23896 face_landmarker_graph.cc:180] Sets FaceBlendshapesGraph acceleration to xnnpack by default.
W0000 00:00:1783108333.696333   28392 face_landmarker_graph.cc:180] Sets FaceBlendshapesGraph acceleration to xnnpack by default.
W0000 00:00:1783108333.702724   16340 face_landmarker_graph.cc:180] Sets FaceBlendshapesGraph acceleration to xnnpack by default.
INFO: INFO: Created TensorFlow Lite XNNPACK delegate for CPU.Created TensorFlow Lite XNNPACK delegate for CPU.

INFO: Created TensorFlow Lite XNNPACK delegate for CPU.
W0000 00:00:1783108333.705133   19800 inference_feedback_manager.cc:121] Feedback manager requires a model with a single signature inference. Disabling support for feedback tensors.
W0000 00:00:1783108333.705272   12424 inference_feedback_manager.cc:121] Feedback manager requires a model with a single signature inference. Disabling support for feedback tensors.
W0000 00:00:1783108333.705881   21972 inference_feedback_manager.cc:121] Feedback manager requires a model with a single signature inference. Disabling support for feedback tensors.
INFO: Created TensorFlow Lite XNNPACK delegate for CPU.
W0000 00:00:1783108333.711320   30716 inference_feedback_manager.cc:121] Feedback manager requires a model with a single signature inference. Disabling support for feedback tensors.
W0000 00:00:1783108333.718632   21972 inference_feedback_manager.cc:121] Feedback manager requires a model with a single signature inference. Disabling support for feedback tensors.
W0000 00:00:1783108333.719648   18228 inference_feedback_manager.cc:121] Feedback manager requires a model with a single signature inference. Disabling support for feedback tensors.
W0000 00:00:1783108333.720180   23212 inference_feedback_manager.cc:121] Feedback manager requires a model with a single signature inference. Disabling support for feedback tensors.
W0000 00:00:1783108333.721843   30716 inference_feedback_manager.cc:121] Feedback manager requires a model with a single signature inference. Disabling support for feedback tensors.

--- Auto Threshold Optimization ---
  Threshold = 0.10 | F1 = 0.8542 | Recall = 1.0000
  Threshold = 0.15 | F1 = 0.8595 | Recall = 1.0000
  Threshold = 0.20 | F1 = 0.8595 | Recall = 1.0000
  Threshold = 0.25 | F1 = 0.8613 | Recall = 1.0000
  Threshold = 0.30 | F1 = 0.8632 | Recall = 1.0000
  Threshold = 0.35 | F1 = 0.8686 | Recall = 1.0000
  Threshold = 0.40 | F1 = 0.8705 | Recall = 1.0000
  Threshold = 0.45 | F1 = 0.8742 | Recall = 1.0000
  Threshold = 0.50 | F1 = 0.8779 | Recall = 1.0000

[Best Threshold] 0.50  (F1 = 0.8779)
[Chosen Threshold] 0.50 (as configured)
Saved: outputs/plots/threshold_f1_curve.png

--- Evaluation Results (threshold=0.5) ---
Overall Accuracy: 0.8610
Precision:        0.7824
Recall:           1.0000
F1-score:         0.8779

--- Per-Class Performance ---
Real (label 0) Accuracy: 0.7220  (148 / 205 correct)
Fake (label 1) Accuracy: 1.0000  (205 / 205 correct)
False Positives (Real as Fake): 57
False Negatives (Fake as Real): 0

--- Confusion Matrix ---
                Predicted Real      Predicted Fake
Actual Real     148                 57            
Actual Fake     0                   205           

AUC Score: 0.9834

Extracting Misclassified Samples...
Saved 57 misclassified images to outputs/misclassified/
----------------------------------------
