Using device: cuda
Using cache found in C:\Users\srees/.cache\torch\hub\facebookresearch_dinov2_main
C:\Users\srees/.cache\torch\hub\facebookresearch_dinov2_main\dinov2\layers\swiglu_ffn.py:51: UserWarning: xFormers is not available (SwiGLU)
  warnings.warn("xFormers is not available (SwiGLU)")
C:\Users\srees/.cache\torch\hub\facebookresearch_dinov2_main\dinov2\layers\attention.py:33: UserWarning: xFormers is not available (Attention)
  warnings.warn("xFormers is not available (Attention)")
C:\Users\srees/.cache\torch\hub\facebookresearch_dinov2_main\dinov2\layers\block.py:40: UserWarning: xFormers is not available (Block)
  warnings.warn("xFormers is not available (Block)")

--- Threshold selection on VALIDATION set ---
  Threshold = 0.10 | F1 = 0.9971
  Threshold = 0.15 | F1 = 0.9970
  Threshold = 0.20 | F1 = 0.9967
  Threshold = 0.25 | F1 = 0.9967
  Threshold = 0.30 | F1 = 0.9966
  Threshold = 0.35 | F1 = 0.9965
  Threshold = 0.40 | F1 = 0.9965
  Threshold = 0.45 | F1 = 0.9963
  Threshold = 0.50 | F1 = 0.9963
  Threshold = 0.55 | F1 = 0.9963
  Threshold = 0.60 | F1 = 0.9963
  Threshold = 0.65 | F1 = 0.9961
  Threshold = 0.70 | F1 = 0.9958
  Threshold = 0.75 | F1 = 0.9956
  Threshold = 0.80 | F1 = 0.9956
  Threshold = 0.85 | F1 = 0.9954
  Threshold = 0.90 | F1 = 0.9948
[Chosen Threshold] 0.10 (F1 = 0.9971), frozen for test scoring

=== In-Distribution (FakeAVCeleb+PolyGlotFake test) - Stage B (threshold=0.10, frozen from validation) ===
Overall Accuracy: 0.9948
Precision:        0.9990
Recall:           0.9957
F1-score:         0.9973
Real Accuracy: 0.9512 (117/123)   Fake Accuracy: 0.9957 (5952/5978)
Confusion Matrix:
[[ 117    6]
 [  26 5952]]
AUC Score: 0.9987

=== Cross-Dataset Generalization (DFDC held-out) - Stage B ===
PENDING - no data available yet.

Saved: outputs/plots/roc_curve_stageB.png
----------------------------------------
