Using cache found in C:\Users\srees/.cache\torch\hub\facebookresearch_dinov2_main
C:\Users\srees/.cache\torch\hub\facebookresearch_dinov2_main\dinov2\layers\swiglu_ffn.py:51: UserWarning: xFormers is not available (SwiGLU)
  warnings.warn("xFormers is not available (SwiGLU)")
C:\Users\srees/.cache\torch\hub\facebookresearch_dinov2_main\dinov2\layers\attention.py:33: UserWarning: xFormers is not available (Attention)
  warnings.warn("xFormers is not available (Attention)")
C:\Users\srees/.cache\torch\hub\facebookresearch_dinov2_main\dinov2\layers\block.py:40: UserWarning: xFormers is not available (Block)
  warnings.warn("xFormers is not available (Block)")
Using device: cuda

--- Threshold selection on VALIDATION set (maximizing balanced accuracy) ---
  Threshold = 0.05 | Balanced Acc = 0.9133
  Threshold = 0.07 | Balanced Acc = 0.9158
  Threshold = 0.09 | Balanced Acc = 0.9183
  Threshold = 0.11 | Balanced Acc = 0.9198
  Threshold = 0.13 | Balanced Acc = 0.9227
  Threshold = 0.15 | Balanced Acc = 0.9224
  Threshold = 0.17 | Balanced Acc = 0.9239
  Threshold = 0.19 | Balanced Acc = 0.9254
  Threshold = 0.21 | Balanced Acc = 0.9299
  Threshold = 0.23 | Balanced Acc = 0.9313
  Threshold = 0.25 | Balanced Acc = 0.9359
  Threshold = 0.27 | Balanced Acc = 0.9388
  Threshold = 0.29 | Balanced Acc = 0.9386
  Threshold = 0.31 | Balanced Acc = 0.9398
  Threshold = 0.33 | Balanced Acc = 0.9413
  Threshold = 0.35 | Balanced Acc = 0.9427
  Threshold = 0.37 | Balanced Acc = 0.9425
  Threshold = 0.39 | Balanced Acc = 0.9438
  Threshold = 0.41 | Balanced Acc = 0.9438
  Threshold = 0.43 | Balanced Acc = 0.9467
  Threshold = 0.45 | Balanced Acc = 0.9498
  Threshold = 0.47 | Balanced Acc = 0.9545
  Threshold = 0.49 | Balanced Acc = 0.9574
  Threshold = 0.51 | Balanced Acc = 0.9588
  Threshold = 0.53 | Balanced Acc = 0.9586
  Threshold = 0.55 | Balanced Acc = 0.9598
  Threshold = 0.57 | Balanced Acc = 0.9612
  Threshold = 0.59 | Balanced Acc = 0.9610
  Threshold = 0.61 | Balanced Acc = 0.9608
  Threshold = 0.63 | Balanced Acc = 0.9604
  Threshold = 0.65 | Balanced Acc = 0.9613
  Threshold = 0.67 | Balanced Acc = 0.9657
  Threshold = 0.69 | Balanced Acc = 0.9655
  Threshold = 0.71 | Balanced Acc = 0.9650
  Threshold = 0.73 | Balanced Acc = 0.9645
  Threshold = 0.75 | Balanced Acc = 0.9639
  Threshold = 0.77 | Balanced Acc = 0.9635
  Threshold = 0.79 | Balanced Acc = 0.9660
  Threshold = 0.81 | Balanced Acc = 0.9656
  Threshold = 0.83 | Balanced Acc = 0.9669
  Threshold = 0.85 | Balanced Acc = 0.9666
  Threshold = 0.87 | Balanced Acc = 0.9657
  Threshold = 0.89 | Balanced Acc = 0.9646
  Threshold = 0.91 | Balanced Acc = 0.9654
  Threshold = 0.93 | Balanced Acc = 0.9650
  Threshold = 0.95 | Balanced Acc = 0.9640
  Threshold = 0.97 | Balanced Acc = 0.9637
  Threshold = 0.99 | Balanced Acc = 0.9524
[Chosen Threshold] 0.830 (Balanced Acc = 0.9669), frozen for test scoring

=== In-Distribution (FakeAVCeleb+PolyGlotFake test) - Stage B (threshold=0.83, frozen from validation) ===
Overall Accuracy: 0.9751
Precision:        0.9979
Recall:           0.9761
F1-score:         0.9869
Real Accuracy: 0.9537 (309/324)   Fake Accuracy: 0.9761 (7092/7266)
Confusion Matrix:
[[ 309   15]
 [ 174 7092]]
AUC Score: 0.9945

=== Cross-Dataset Generalization (DFDC held-out) - Stage B (threshold=0.83, frozen from validation) ===
Overall Accuracy: 0.4350
Precision:        0.9217
Recall:           0.3282
F1-score:         0.4840
Real Accuracy: 0.8831 (68/77)   Fake Accuracy: 0.3282 (106/323)
Confusion Matrix:
[[ 68   9]
 [217 106]]
AUC Score: 0.6529

Saved: outputs/plots/roc_curve_stageB.png
----------------------------------------
