Using device: cuda
Loading DINOv2 ViT-S/14 (frozen)...
Using cache found in C:\Users\srees/.cache\torch\hub\facebookresearch_dinov2_main
C:\Users\srees/.cache\torch\hub\facebookresearch_dinov2_main\dinov2\layers\swiglu_ffn.py:51: UserWarning: xFormers is not available (SwiGLU)
  warnings.warn("xFormers is not available (SwiGLU)")
C:\Users\srees/.cache\torch\hub\facebookresearch_dinov2_main\dinov2\layers\attention.py:33: UserWarning: xFormers is not available (Attention)
  warnings.warn("xFormers is not available (Attention)")
C:\Users\srees/.cache\torch\hub\facebookresearch_dinov2_main\dinov2\layers\block.py:40: UserWarning: xFormers is not available (Block)
  warnings.warn("xFormers is not available (Block)")
Loading Whisper-tiny encoder (frozen)...
[train] caching features for 24360 videos...
  [train] 500/24360 done...
  [train] 1000/24360 done...
  [train] 1500/24360 done...
  [train] 2000/24360 done...
Using device: cuda
Loading DINOv2 ViT-S/14 (frozen)...
Using cache found in C:\Users\srees/.cache\torch\hub\facebookresearch_dinov2_main
C:\Users\srees/.cache\torch\hub\facebookresearch_dinov2_main\dinov2\layers\swiglu_ffn.py:51: UserWarning: xFormers is not available (SwiGLU)
  warnings.warn("xFormers is not available (SwiGLU)")
C:\Users\srees/.cache\torch\hub\facebookresearch_dinov2_main\dinov2\layers\attention.py:33: UserWarning: xFormers is not available (Attention)
  warnings.warn("xFormers is not available (Attention)")
C:\Users\srees/.cache\torch\hub\facebookresearch_dinov2_main\dinov2\layers\block.py:40: UserWarning: xFormers is not available (Block)
  warnings.warn("xFormers is not available (Block)")
Loading Whisper-tiny encoder (frozen)...
[train] caching features for 24360 videos...
  [train] 504/22271 done...
  [train] 1000/22271 done...
  [train] 1504/22271 done...
  [train] 2000/22271 done...
  [train] 2504/22271 done...
  [train] 3000/22271 done...
  [train] 3504/22271 done...
  [train] 4000/22271 done...
  [train] 4504/22271 done...
  [train] 5000/22271 done...
  [train] 5504/22271 done...
  [train] 6000/22271 done...
  [train] 6504/22271 done...
  [train] 7000/22271 done...
  [train] 7504/22271 done...
  [train] 8000/22271 done...
  [train] 8504/22271 done...
  [train] 9000/22271 done...
  [train] 9504/22271 done...
  [train] 10000/22271 done...
  [train] 10504/22271 done...
  [train] 11000/22271 done...
  [train] 11504/22271 done...
  [train] 12000/22271 done...
  [train] 12504/22271 done...
  [train] 13000/22271 done...
  [train] 13504/22271 done...
  [train] 14000/22271 done...
  [train] 14504/22271 done...
  [train] 15000/22271 done...
  [train] 15504/22271 done...
  [train] 16000/22271 done...
  [train] 16504/22271 done...
  [train] 17000/22271 done...
  [train] 17504/22271 done...
  [train] 18000/22271 done...
  [train] 18504/22271 done...
  [train] 19000/22271 done...
  [train] 19504/22271 done...
  [train] 20000/22271 done...
  [train] 20504/22271 done...
  [train] 21000/22271 done...
  [train] 21504/22271 done...
  [train] 22000/22271 done...
[val] caching features for 5472 videos...
  [val] 504/5472 done...
  [val] 1000/5472 done...
  [val] 1504/5472 done...
  [val] 2000/5472 done...
  [val] 2504/5472 done...
  [val] 3000/5472 done...
  [val] 3504/5472 done...
  [val] 4000/5472 done...
  [val] 4504/5472 done...
  [val] 5000/5472 done...
[test] caching features for 6101 videos...
  [test] 504/6101 done...
  [test] 1000/6101 done...
  [test] 1504/6101 done...
  [test] 2000/6101 done...
  [test] 2504/6101 done...
  [test] 3000/6101 done...
  [test] 3504/6101 done...
  [test] 4000/6101 done...
  [test] 4504/6101 done...
  [test] 5000/6101 done...
  [test] 5504/6101 done...
  [test] 6000/6101 done...
[held_out] no rows, skipping.
Feature caching complete! Processed 33844 new, skipped 2089 already-cached.
