Using device: cuda
Loading DINOv2 ViT-S/14 (frozen)...
Using cache found in C:\Users\srees/.cache\torch\hub\facebookresearch_dinov2_main
C:\Users\srees/.cache\torch\hub\facebookresearch_dinov2_main\dinov2\layers\swiglu_ffn.py:51: UserWarning: xFormers is not available (SwiGLU)
  warnings.warn("xFormers is not available (SwiGLU)")
C:\Users\srees/.cache\torch\hub\facebookresearch_dinov2_main\dinov2\layers\attention.py:33: UserWarning: xFormers is not available (Attention)
  warnings.warn("xFormers is not available (Attention)")
C:\Users\srees/.cache\torch\hub\facebookresearch_dinov2_main\dinov2\layers\block.py:40: UserWarning: xFormers is not available (Block)
  warnings.warn("xFormers is not available (Block)")
Loading Whisper-tiny encoder (frozen)...
[train] caching features for 30870 videos...
  [train] 504/11151 done...
  [train] 1008/11151 done...
  [train] 1512/11151 done...
  [train] 2016/11151 done...
  [train] 2520/11151 done...
  [train] 3000/11151 done...
  [train] 3504/11151 done...
  [train] 4008/11151 done...
  [train] 4512/11151 done...
  [train] 5016/11151 done...
  [train] 5520/11151 done...
  [train] 6000/11151 done...
  [train] 6504/11151 done...
  [train] 7008/11151 done...
  [train] 7512/11151 done...
  [train] 8016/11151 done...
  [train] 8520/11151 done...
  [train] 9000/11151 done...
  [train] 9504/11151 done...
  [train] 10008/11151 done...
  [train] 10512/11151 done...
  [train] 11016/11151 done...
[val] caching features for 6100 videos...
  [val] 504/5328 done...
  [val] 1008/5328 done...
  [val] 1512/5328 done...
  [val] 2016/5328 done...
  [val] 2520/5328 done...
  [val] 3000/5328 done...
  [val] 3504/5328 done...
  [val] 4008/5328 done...
  [val] 4512/5328 done...
  [val] 5016/5328 done...
[test] caching features for 7590 videos...
  [test] 504/6265 done...
  [test] 1008/6265 done...
  [test] 1512/6265 done...
  [test] 2016/6265 done...
  [test] 2520/6265 done...
  [test] 3000/6265 done...
  [test] 3504/6265 done...
  [test] 4008/6265 done...
  [test] 4512/6265 done...
  [test] 5016/6265 done...
  [test] 5520/6265 done...
  [test] 6000/6265 done...
[held_out] caching features for 400 videos...
Feature caching complete! Processed 23144 new, skipped 21816 already-cached.
