Phase 5: Extracting 8-frame / 4-region crops + audio (from raw video)...
Extracting features for 35933 videos...
Using 19 cores processing in parallel...
WARNING: All log messages before absl::InitializeLog() is called are written to STDERR
I0000 00:00:1783143567.062313   13900 port.cc:153] oneDNN custom operations are on. You may see slightly different numerical results due to floating-point round-off errors from different computation orders. To turn them off, set the environment variable `TF_ENABLE_ONEDNN_OPTS=0`.
WARNING: All log messages before absl::InitializeLog() is called are written to STDERR
I0000 00:00:1783143567.076953   18680 port.cc:153] oneDNN custom operations are on. You may see slightly different numerical results due to floating-point round-off errors from different computation orders. To turn them off, set the environment variable `TF_ENABLE_ONEDNN_OPTS=0`.
WARNING: All log messages before absl::InitializeLog() is called are written to STDERR
I0000 00:00:1783143567.088899    8956 port.cc:153] oneDNN custom operations are on. You may see slightly different numerical results due to floating-point round-off errors from different computation orders. To turn them off, set the environment variable `TF_ENABLE_ONEDNN_OPTS=0`.
WARNING: All log messages before absl::InitializeLog() is called are written to STDERR
I0000 00:00:1783143567.093174   28088 port.cc:153] oneDNN custom operations are on. You may see slightly different numerical results due to floating-point round-off errors from different computation orders. To turn them off, set the environment variable `TF_ENABLE_ONEDNN_OPTS=0`.
WARNING: All log messages before absl::InitializeLog() is called are written to STDERR
I0000 00:00:1783143567.096146   29888 port.cc:153] oneDNN custom operations are on. You may see slightly different numerical results due to floating-point round-off errors from different computation orders. To turn them off, set the environment variable `TF_ENABLE_ONEDNN_OPTS=0`.
WARNING: All log messages before absl::InitializeLog() is called are written to STDERR
I0000 00:00:1783143567.098170   19920 port.cc:153] oneDNN custom operations are on. You may see slightly different numerical results due to floating-point round-off errors from different computation orders. To turn them off, set the environment variable `TF_ENABLE_ONEDNN_OPTS=0`.
WARNING: All log messages before absl::InitializeLog() is called are written to STDERR
I0000 00:00:1783143567.105673    8212 port.cc:153] oneDNN custom operations are on. You may see slightly different numerical results due to floating-point round-off errors from different computation orders. To turn them off, set the environment variable `TF_ENABLE_ONEDNN_OPTS=0`.
WARNING: All log messages before absl::InitializeLog() is called are written to STDERR
I0000 00:00:1783143567.107603    5716 port.cc:153] oneDNN custom operations are on. You may see slightly different numerical results due to floating-point round-off errors from different computation orders. To turn them off, set the environment variable `TF_ENABLE_ONEDNN_OPTS=0`.
WARNING: All log messages before absl::InitializeLog() is called are written to STDERR
I0000 00:00:1783143567.181552   25948 port.cc:153] oneDNN custom operations are on. You may see slightly different numerical results due to floating-point round-off errors from different computation orders. To turn them off, set the environment variable `TF_ENABLE_ONEDNN_OPTS=0`.
WARNING: All log messages before absl::InitializeLog() is called are written to STDERR
I0000 00:00:1783143567.184226   13764 port.cc:153] oneDNN custom operations are on. You may see slightly different numerical results due to floating-point round-off errors from different computation orders. To turn them off, set the environment variable `TF_ENABLE_ONEDNN_OPTS=0`.
WARNING: All log messages before absl::InitializeLog() is called are written to STDERR
I0000 00:00:1783143567.211615   11384 port.cc:153] oneDNN custom operations are on. You may see slightly different numerical results due to floating-point round-off errors from different computation orders. To turn them off, set the environment variable `TF_ENABLE_ONEDNN_OPTS=0`.
WARNING: All log messages before absl::InitializeLog() is called are written to STDERR
I0000 00:00:1783143567.212165   24396 port.cc:153] oneDNN custom operations are on. You may see slightly different numerical results due to floating-point round-off errors from different computation orders. To turn them off, set the environment variable `TF_ENABLE_ONEDNN_OPTS=0`.
WARNING: All log messages before absl::InitializeLog() is called are written to STDERR
I0000 00:00:1783143567.212568    6540 port.cc:153] oneDNN custom operations are on. You may see slightly different numerical results due to floating-point round-off errors from different computation orders. To turn them off, set the environment variable `TF_ENABLE_ONEDNN_OPTS=0`.
WARNING: All log messages before absl::InitializeLog() is called are written to STDERR
I0000 00:00:1783143567.213702    3784 port.cc:153] oneDNN custom operations are on. You may see slightly different numerical results due to floating-point round-off errors from different computation orders. To turn them off, set the environment variable `TF_ENABLE_ONEDNN_OPTS=0`.
WARNING: All log messages before absl::InitializeLog() is called are written to STDERR
I0000 00:00:1783143567.213741   27360 port.cc:153] oneDNN custom operations are on. You may see slightly different numerical results due to floating-point round-off errors from different computation orders. To turn them off, set the environment variable `TF_ENABLE_ONEDNN_OPTS=0`.
WARNING: All log messages before absl::InitializeLog() is called are written to STDERR
I0000 00:00:1783143567.226562   13412 port.cc:153] oneDNN custom operations are on. You may see slightly different numerical results due to floating-point round-off errors from different computation orders. To turn them off, set the environment variable `TF_ENABLE_ONEDNN_OPTS=0`.
WARNING: All log messages before absl::InitializeLog() is called are written to STDERR
I0000 00:00:1783143567.231788   13812 port.cc:153] oneDNN custom operations are on. You may see slightly different numerical results due to floating-point round-off errors from different computation orders. To turn them off, set the environment variable `TF_ENABLE_ONEDNN_OPTS=0`.
WARNING: All log messages before absl::InitializeLog() is called are written to STDERR
I0000 00:00:1783143567.240458    1124 port.cc:153] oneDNN custom operations are on. You may see slightly different numerical results due to floating-point round-off errors from different computation orders. To turn them off, set the environment variable `TF_ENABLE_ONEDNN_OPTS=0`.
WARNING: All log messages before absl::InitializeLog() is called are written to STDERR
I0000 00:00:1783143567.242814   14664 port.cc:153] oneDNN custom operations are on. You may see slightly different numerical results due to floating-point round-off errors from different computation orders. To turn them off, set the environment variable `TF_ENABLE_ONEDNN_OPTS=0`.
WARNING: All log messages before absl::InitializeLog() is called are written to STDERR
I0000 00:00:1783143570.806273   18680 port.cc:153] oneDNN custom operations are on. You may see slightly different numerical results due to floating-point round-off errors from different computation orders. To turn them off, set the environment variable `TF_ENABLE_ONEDNN_OPTS=0`.
WARNING: All log messages before absl::InitializeLog() is called are written to STDERR
I0000 00:00:1783143570.822266   19920 port.cc:153] oneDNN custom operations are on. You may see slightly different numerical results due to floating-point round-off errors from different computation orders. To turn them off, set the environment variable `TF_ENABLE_ONEDNN_OPTS=0`.
WARNING: All log messages before absl::InitializeLog() is called are written to STDERR
I0000 00:00:1783143570.827896   28088 port.cc:153] oneDNN custom operations are on. You may see slightly different numerical results due to floating-point round-off errors from different computation orders. To turn them off, set the environment variable `TF_ENABLE_ONEDNN_OPTS=0`.
WARNING: All log messages before absl::InitializeLog() is called are written to STDERR
I0000 00:00:1783143570.850125   13900 port.cc:153] oneDNN custom operations are on. You may see slightly different numerical results due to floating-point round-off errors from different computation orders. To turn them off, set the environment variable `TF_ENABLE_ONEDNN_OPTS=0`.
WARNING: All log messages before absl::InitializeLog() is called are written to STDERR
I0000 00:00:1783143570.850671   29888 port.cc:153] oneDNN custom operations are on. You may see slightly different numerical results due to floating-point round-off errors from different computation orders. To turn them off, set the environment variable `TF_ENABLE_ONEDNN_OPTS=0`.
WARNING: All log messages before absl::InitializeLog() is called are written to STDERR
I0000 00:00:1783143570.880471    5716 port.cc:153] oneDNN custom operations are on. You may see slightly different numerical results due to floating-point round-off errors from different computation orders. To turn them off, set the environment variable `TF_ENABLE_ONEDNN_OPTS=0`.
WARNING: All log messages before absl::InitializeLog() is called are written to STDERR
I0000 00:00:1783143570.893058    8212 port.cc:153] oneDNN custom operations are on. You may see slightly different numerical results due to floating-point round-off errors from different computation orders. To turn them off, set the environment variable `TF_ENABLE_ONEDNN_OPTS=0`.
WARNING: All log messages before absl::InitializeLog() is called are written to STDERR
I0000 00:00:1783143570.897219   13764 port.cc:153] oneDNN custom operations are on. You may see slightly different numerical results due to floating-point round-off errors from different computation orders. To turn them off, set the environment variable `TF_ENABLE_ONEDNN_OPTS=0`.
WARNING: All log messages before absl::InitializeLog() is called are written to STDERR
I0000 00:00:1783143570.904449    8956 port.cc:153] oneDNN custom operations are on. You may see slightly different numerical results due to floating-point round-off errors from different computation orders. To turn them off, set the environment variable `TF_ENABLE_ONEDNN_OPTS=0`.
WARNING: All log messages before absl::InitializeLog() is called are written to STDERR
I0000 00:00:1783143570.905577   11384 port.cc:153] oneDNN custom operations are on. You may see slightly different numerical results due to floating-point round-off errors from different computation orders. To turn them off, set the environment variable `TF_ENABLE_ONEDNN_OPTS=0`.
WARNING: All log messages before absl::InitializeLog() is called are written to STDERR
I0000 00:00:1783143570.911037    3784 port.cc:153] oneDNN custom operations are on. You may see slightly different numerical results due to floating-point round-off errors from different computation orders. To turn them off, set the environment variable `TF_ENABLE_ONEDNN_OPTS=0`.
WARNING: All log messages before absl::InitializeLog() is called are written to STDERR
I0000 00:00:1783143570.912608    6540 port.cc:153] oneDNN custom operations are on. You may see slightly different numerical results due to floating-point round-off errors from different computation orders. To turn them off, set the environment variable `TF_ENABLE_ONEDNN_OPTS=0`.
WARNING: All log messages before absl::InitializeLog() is called are written to STDERR
I0000 00:00:1783143570.914211   25948 port.cc:153] oneDNN custom operations are on. You may see slightly different numerical results due to floating-point round-off errors from different computation orders. To turn them off, set the environment variable `TF_ENABLE_ONEDNN_OPTS=0`.
WARNING: All log messages before absl::InitializeLog() is called are written to STDERR
I0000 00:00:1783143570.919017   24396 port.cc:153] oneDNN custom operations are on. You may see slightly different numerical results due to floating-point round-off errors from different computation orders. To turn them off, set the environment variable `TF_ENABLE_ONEDNN_OPTS=0`.
WARNING: All log messages before absl::InitializeLog() is called are written to STDERR
I0000 00:00:1783143570.928051   13812 port.cc:153] oneDNN custom operations are on. You may see slightly different numerical results due to floating-point round-off errors from different computation orders. To turn them off, set the environment variable `TF_ENABLE_ONEDNN_OPTS=0`.
WARNING: All log messages before absl::InitializeLog() is called are written to STDERR
I0000 00:00:1783143570.938149   14664 port.cc:153] oneDNN custom operations are on. You may see slightly different numerical results due to floating-point round-off errors from different computation orders. To turn them off, set the environment variable `TF_ENABLE_ONEDNN_OPTS=0`.
WARNING: All log messages before absl::InitializeLog() is called are written to STDERR
I0000 00:00:1783143570.943950   27360 port.cc:153] oneDNN custom operations are on. You may see slightly different numerical results due to floating-point round-off errors from different computation orders. To turn them off, set the environment variable `TF_ENABLE_ONEDNN_OPTS=0`.
WARNING: All log messages before absl::InitializeLog() is called are written to STDERR
I0000 00:00:1783143570.991607   13412 port.cc:153] oneDNN custom operations are on. You may see slightly different numerical results due to floating-point round-off errors from different computation orders. To turn them off, set the environment variable `TF_ENABLE_ONEDNN_OPTS=0`.
WARNING: All log messages before absl::InitializeLog() is called are written to STDERR
I0000 00:00:1783143571.003122    1124 port.cc:153] oneDNN custom operations are on. You may see slightly different numerical results due to floating-point round-off errors from different computation orders. To turn them off, set the environment variable `TF_ENABLE_ONEDNN_OPTS=0`.
W0000 00:00:1783143575.291945   24132 face_landmarker_graph.cc:180] Sets FaceBlendshapesGraph acceleration to xnnpack by default.
W0000 00:00:1783143575.291945   22792 face_landmarker_graph.cc:180] Sets FaceBlendshapesGraph acceleration to xnnpack by default.
W0000 00:00:1783143575.291945   28520 face_landmarker_graph.cc:180] Sets FaceBlendshapesGraph acceleration to xnnpack by default.
W0000 00:00:1783143575.291946   29544 face_landmarker_graph.cc:180] Sets FaceBlendshapesGraph acceleration to xnnpack by default.
W0000 00:00:1783143575.291980    3636 face_landmarker_graph.cc:180] Sets FaceBlendshapesGraph acceleration to xnnpack by default.
W0000 00:00:1783143575.291974   22356 face_landmarker_graph.cc:180] Sets FaceBlendshapesGraph acceleration to xnnpack by default.
W0000 00:00:1783143575.291967    7872 face_landmarker_graph.cc:180] Sets FaceBlendshapesGraph acceleration to xnnpack by default.
W0000 00:00:1783143575.291977    7624 face_landmarker_graph.cc:180] Sets FaceBlendshapesGraph acceleration to xnnpack by default.
W0000 00:00:1783143575.291973   27576 face_landmarker_graph.cc:180] Sets FaceBlendshapesGraph acceleration to xnnpack by default.
W0000 00:00:1783143575.292011    4188 face_landmarker_graph.cc:180] Sets FaceBlendshapesGraph acceleration to xnnpack by default.
W0000 00:00:1783143575.292004   21384 face_landmarker_graph.cc:180] Sets FaceBlendshapesGraph acceleration to xnnpack by default.
W0000 00:00:1783143575.291988   24896 face_landmarker_graph.cc:180] Sets FaceBlendshapesGraph acceleration to xnnpack by default.
W0000 00:00:1783143575.291999   24928 face_landmarker_graph.cc:180] Sets FaceBlendshapesGraph acceleration to xnnpack by default.
W0000 00:00:1783143575.291988   10580 face_landmarker_graph.cc:180] Sets FaceBlendshapesGraph acceleration to xnnpack by default.
W0000 00:00:1783143575.291982   17308 face_landmarker_graph.cc:180] Sets FaceBlendshapesGraph acceleration to xnnpack by default.
W0000 00:00:1783143575.292035   16052 face_landmarker_graph.cc:180] Sets FaceBlendshapesGraph acceleration to xnnpack by default.
W0000 00:00:1783143575.291987   15912 face_landmarker_graph.cc:180] Sets FaceBlendshapesGraph acceleration to xnnpack by default.
W0000 00:00:1783143575.292158   11644 face_landmarker_graph.cc:180] Sets FaceBlendshapesGraph acceleration to xnnpack by default.
W0000 00:00:1783143575.292267    3136 face_landmarker_graph.cc:180] Sets FaceBlendshapesGraph acceleration to xnnpack by default.
INFO: INFO: INFO: INFO: INFO: INFO: INFO: INFO: INFO: INFO: INFO: INFO: INFO: INFO: INFO: INFO: INFO: INFO: INFO: Created TensorFlow Lite XNNPACK delegate for CPU.Created TensorFlow Lite XNNPACK delegate for CPU.

Created TensorFlow Lite XNNPACK delegate for CPU.Created TensorFlow Lite XNNPACK delegate for CPU.
Created TensorFlow Lite XNNPACK delegate for CPU.Created TensorFlow Lite XNNPACK delegate for CPU.Created TensorFlow Lite XNNPACK delegate for CPU.

Created TensorFlow Lite XNNPACK delegate for CPU.Created TensorFlow Lite XNNPACK delegate for CPU.Created TensorFlow Lite XNNPACK delegate for CPU.Created TensorFlow Lite XNNPACK delegate for CPU.
Created TensorFlow Lite XNNPACK delegate for CPU.



Created TensorFlow Lite XNNPACK delegate for CPU.Created TensorFlow Lite XNNPACK delegate for CPU.Created TensorFlow Lite XNNPACK delegate for CPU.


Created TensorFlow Lite XNNPACK delegate for CPU.Created TensorFlow Lite XNNPACK delegate for CPU.


Created TensorFlow Lite XNNPACK delegate for CPU.Created TensorFlow Lite XNNPACK delegate for CPU.


W0000 00:00:1783143575.372594   31164 inference_feedback_manager.cc:121] Feedback manager requires a model with a single signature inference. Disabling support for feedback tensors.
W0000 00:00:1783143575.373855   29880 inference_feedback_manager.cc:121] Feedback manager requires a model with a single signature inference. Disabling support for feedback tensors.
W0000 00:00:1783143575.374520    3952 inference_feedback_manager.cc:121] Feedback manager requires a model with a single signature inference. Disabling support for feedback tensors.
W0000 00:00:1783143575.375473   13240 inference_feedback_manager.cc:121] Feedback manager requires a model with a single signature inference. Disabling support for feedback tensors.
W0000 00:00:1783143575.375575   11892 inference_feedback_manager.cc:121] Feedback manager requires a model with a single signature inference. Disabling support for feedback tensors.
W0000 00:00:1783143575.375785    7852 inference_feedback_manager.cc:121] Feedback manager requires a model with a single signature inference. Disabling support for feedback tensors.
W0000 00:00:1783143575.376871   27044 inference_feedback_manager.cc:121] Feedback manager requires a model with a single signature inference. Disabling support for feedback tensors.
W0000 00:00:1783143575.376930   29512 inference_feedback_manager.cc:121] Feedback manager requires a model with a single signature inference. Disabling support for feedback tensors.
W0000 00:00:1783143575.377158   28540 inference_feedback_manager.cc:121] Feedback manager requires a model with a single signature inference. Disabling support for feedback tensors.
W0000 00:00:1783143575.382666   15028 inference_feedback_manager.cc:121] Feedback manager requires a model with a single signature inference. Disabling support for feedback tensors.
W0000 00:00:1783143575.382642   17392 inference_feedback_manager.cc:121] Feedback manager requires a model with a single signature inference. Disabling support for feedback tensors.
W0000 00:00:1783143575.383566   31448 inference_feedback_manager.cc:121] Feedback manager requires a model with a single signature inference. Disabling support for feedback tensors.
W0000 00:00:1783143575.384179     948 inference_feedback_manager.cc:121] Feedback manager requires a model with a single signature inference. Disabling support for feedback tensors.
W0000 00:00:1783143575.384824   30512 inference_feedback_manager.cc:121] Feedback manager requires a model with a single signature inference. Disabling support for feedback tensors.
W0000 00:00:1783143575.385800   26968 inference_feedback_manager.cc:121] Feedback manager requires a model with a single signature inference. Disabling support for feedback tensors.
W0000 00:00:1783143575.385821   18504 inference_feedback_manager.cc:121] Feedback manager requires a model with a single signature inference. Disabling support for feedback tensors.
W0000 00:00:1783143575.387955    9840 inference_feedback_manager.cc:121] Feedback manager requires a model with a single signature inference. Disabling support for feedback tensors.
W0000 00:00:1783143575.388831   24760 inference_feedback_manager.cc:121] Feedback manager requires a model with a single signature inference. Disabling support for feedback tensors.
W0000 00:00:1783143575.393416   24248 inference_feedback_manager.cc:121] Feedback manager requires a model with a single signature inference. Disabling support for feedback tensors.
W0000 00:00:1783143575.461539   30872 inference_feedback_manager.cc:121] Feedback manager requires a model with a single signature inference. Disabling support for feedback tensors.
W0000 00:00:1783143575.464383   30876 inference_feedback_manager.cc:121] Feedback manager requires a model with a single signature inference. Disabling support for feedback tensors.
W0000 00:00:1783143575.466398   12156 inference_feedback_manager.cc:121] Feedback manager requires a model with a single signature inference. Disabling support for feedback tensors.
W0000 00:00:1783143575.467068    3952 inference_feedback_manager.cc:121] Feedback manager requires a model with a single signature inference. Disabling support for feedback tensors.
W0000 00:00:1783143575.473932   30748 inference_feedback_manager.cc:121] Feedback manager requires a model with a single signature inference. Disabling support for feedback tensors.
W0000 00:00:1783143575.479612   27044 inference_feedback_manager.cc:121] Feedback manager requires a model with a single signature inference. Disabling support for feedback tensors.
W0000 00:00:1783143575.480799   30852 inference_feedback_manager.cc:121] Feedback manager requires a model with a single signature inference. Disabling support for feedback tensors.
W0000 00:00:1783143575.482843   31044 inference_feedback_manager.cc:121] Feedback manager requires a model with a single signature inference. Disabling support for feedback tensors.
W0000 00:00:1783143575.486529   31096 inference_feedback_manager.cc:121] Feedback manager requires a model with a single signature inference. Disabling support for feedback tensors.
W0000 00:00:1783143575.491675   31164 inference_feedback_manager.cc:121] Feedback manager requires a model with a single signature inference. Disabling support for feedback tensors.
W0000 00:00:1783143575.493053   28540 inference_feedback_manager.cc:121] Feedback manager requires a model with a single signature inference. Disabling support for feedback tensors.
W0000 00:00:1783143575.498649   24248 inference_feedback_manager.cc:121] Feedback manager requires a model with a single signature inference. Disabling support for feedback tensors.
W0000 00:00:1783143575.499737    7852 inference_feedback_manager.cc:121] Feedback manager requires a model with a single signature inference. Disabling support for feedback tensors.
W0000 00:00:1783143575.499887   11092 inference_feedback_manager.cc:121] Feedback manager requires a model with a single signature inference. Disabling support for feedback tensors.
W0000 00:00:1783143575.502175    7288 inference_feedback_manager.cc:121] Feedback manager requires a model with a single signature inference. Disabling support for feedback tensors.
W0000 00:00:1783143575.504471   28424 inference_feedback_manager.cc:121] Feedback manager requires a model with a single signature inference. Disabling support for feedback tensors.
W0000 00:00:1783143575.504818    9840 inference_feedback_manager.cc:121] Feedback manager requires a model with a single signature inference. Disabling support for feedback tensors.
W0000 00:00:1783143575.508379   17392 inference_feedback_manager.cc:121] Feedback manager requires a model with a single signature inference. Disabling support for feedback tensors.
W0000 00:00:1783143575.508860     948 inference_feedback_manager.cc:121] Feedback manager requires a model with a single signature inference. Disabling support for feedback tensors.
I0000 00:00:1783143575.567215   13764 cpu_feature_guard.cc:227] This TensorFlow binary is optimized to use available CPU instructions in performance-critical operations.
To enable the following instructions: SSE3 SSE4.1 SSE4.2 AVX AVX2 AVX_VNNI FMA, in other operations, rebuild TensorFlow with the appropriate compiler flags.
I0000 00:00:1783143575.567216    1124 cpu_feature_guard.cc:227] This TensorFlow binary is optimized to use available CPU instructions in performance-critical operations.
To enable the following instructions: SSE3 SSE4.1 SSE4.2 AVX AVX2 AVX_VNNI FMA, in other operations, rebuild TensorFlow with the appropriate compiler flags.
I0000 00:00:1783143575.567214   11384 cpu_feature_guard.cc:227] This TensorFlow binary is optimized to use available CPU instructions in performance-critical operations.
To enable the following instructions: SSE3 SSE4.1 SSE4.2 AVX AVX2 AVX_VNNI FMA, in other operations, rebuild TensorFlow with the appropriate compiler flags.
I0000 00:00:1783143575.567214   28088 cpu_feature_guard.cc:227] This TensorFlow binary is optimized to use available CPU instructions in performance-critical operations.
To enable the following instructions: SSE3 SSE4.1 SSE4.2 AVX AVX2 AVX_VNNI FMA, in other operations, rebuild TensorFlow with the appropriate compiler flags.
I0000 00:00:1783143575.567174    5716 cpu_feature_guard.cc:227] This TensorFlow binary is optimized to use available CPU instructions in performance-critical operations.
To enable the following instructions: SSE3 SSE4.1 SSE4.2 AVX AVX2 AVX_VNNI FMA, in other operations, rebuild TensorFlow with the appropriate compiler flags.
I0000 00:00:1783143575.567160   29888 cpu_feature_guard.cc:227] This TensorFlow binary is optimized to use available CPU instructions in performance-critical operations.
To enable the following instructions: SSE3 SSE4.1 SSE4.2 AVX AVX2 AVX_VNNI FMA, in other operations, rebuild TensorFlow with the appropriate compiler flags.
I0000 00:00:1783143575.567216    6540 cpu_feature_guard.cc:227] This TensorFlow binary is optimized to use available CPU instructions in performance-critical operations.
To enable the following instructions: SSE3 SSE4.1 SSE4.2 AVX AVX2 AVX_VNNI FMA, in other operations, rebuild TensorFlow with the appropriate compiler flags.
I0000 00:00:1783143575.567215   13412 cpu_feature_guard.cc:227] This TensorFlow binary is optimized to use available CPU instructions in performance-critical operations.
To enable the following instructions: SSE3 SSE4.1 SSE4.2 AVX AVX2 AVX_VNNI FMA, in other operations, rebuild TensorFlow with the appropriate compiler flags.
I0000 00:00:1783143575.567176   27360 cpu_feature_guard.cc:227] This TensorFlow binary is optimized to use available CPU instructions in performance-critical operations.
To enable the following instructions: SSE3 SSE4.1 SSE4.2 AVX AVX2 AVX_VNNI FMA, in other operations, rebuild TensorFlow with the appropriate compiler flags.
I0000 00:00:1783143575.567216   24396 cpu_feature_guard.cc:227] This TensorFlow binary is optimized to use available CPU instructions in performance-critical operations.
To enable the following instructions: SSE3 SSE4.1 SSE4.2 AVX AVX2 AVX_VNNI FMA, in other operations, rebuild TensorFlow with the appropriate compiler flags.
I0000 00:00:1783143575.567189   13812 cpu_feature_guard.cc:227] This TensorFlow binary is optimized to use available CPU instructions in performance-critical operations.
To enable the following instructions: SSE3 SSE4.1 SSE4.2 AVX AVX2 AVX_VNNI FMA, in other operations, rebuild TensorFlow with the appropriate compiler flags.
I0000 00:00:1783143575.567214   13900 cpu_feature_guard.cc:227] This TensorFlow binary is optimized to use available CPU instructions in performance-critical operations.
To enable the following instructions: SSE3 SSE4.1 SSE4.2 AVX AVX2 AVX_VNNI FMA, in other operations, rebuild TensorFlow with the appropriate compiler flags.
I0000 00:00:1783143575.567216   14664 cpu_feature_guard.cc:227] This TensorFlow binary is optimized to use available CPU instructions in performance-critical operations.
To enable the following instructions: SSE3 SSE4.1 SSE4.2 AVX AVX2 AVX_VNNI FMA, in other operations, rebuild TensorFlow with the appropriate compiler flags.
I0000 00:00:1783143575.567147    8956 cpu_feature_guard.cc:227] This TensorFlow binary is optimized to use available CPU instructions in performance-critical operations.
To enable the following instructions: SSE3 SSE4.1 SSE4.2 AVX AVX2 AVX_VNNI FMA, in other operations, rebuild TensorFlow with the appropriate compiler flags.
I0000 00:00:1783143575.567147   18680 cpu_feature_guard.cc:227] This TensorFlow binary is optimized to use available CPU instructions in performance-critical operations.
To enable the following instructions: SSE3 SSE4.1 SSE4.2 AVX AVX2 AVX_VNNI FMA, in other operations, rebuild TensorFlow with the appropriate compiler flags.
I0000 00:00:1783143575.567219   25948 cpu_feature_guard.cc:227] This TensorFlow binary is optimized to use available CPU instructions in performance-critical operations.
To enable the following instructions: SSE3 SSE4.1 SSE4.2 AVX AVX2 AVX_VNNI FMA, in other operations, rebuild TensorFlow with the appropriate compiler flags.
I0000 00:00:1783143575.567208    3784 cpu_feature_guard.cc:227] This TensorFlow binary is optimized to use available CPU instructions in performance-critical operations.
To enable the following instructions: SSE3 SSE4.1 SSE4.2 AVX AVX2 AVX_VNNI FMA, in other operations, rebuild TensorFlow with the appropriate compiler flags.
I0000 00:00:1783143575.567214   19920 cpu_feature_guard.cc:227] This TensorFlow binary is optimized to use available CPU instructions in performance-critical operations.
To enable the following instructions: SSE3 SSE4.1 SSE4.2 AVX AVX2 AVX_VNNI FMA, in other operations, rebuild TensorFlow with the appropriate compiler flags.
I0000 00:00:1783143575.567218    8212 cpu_feature_guard.cc:227] This TensorFlow binary is optimized to use available CPU instructions in performance-critical operations.
To enable the following instructions: SSE3 SSE4.1 SSE4.2 AVX AVX2 AVX_VNNI FMA, in other operations, rebuild TensorFlow with the appropriate compiler flags.
Exception ignored in: <_io.BufferedReader>
Exception ignored in: <_io.BufferedReader>
Exception ignored in: <_io.BufferedReader>
Traceback (most recent call last):
Traceback (most recent call last):
Traceback (most recent call last):
  File "C:\Users\srees\miniconda3\Lib\site-packages\lz4\frame\__init__.py", line 753, in flush
  File "C:\Users\srees\miniconda3\Lib\site-packages\lz4\frame\__init__.py", line 753, in flush
  File "C:\Users\srees\miniconda3\Lib\site-packages\lz4\frame\__init__.py", line 753, in flush
    self._fp.flush()
ValueError: I/O operation on closed file.
    self._fp.flush()
    self._fp.flush()
ValueError: I/O operation on closed file.
ValueError: I/O operation on closed file.
Exception ignored in: <_io.BufferedReader>
Traceback (most recent call last):
  File "C:\Users\srees\miniconda3\Lib\site-packages\lz4\frame\__init__.py", line 753, in flush
Exception ignored in: <_io.BufferedReader>
Traceback (most recent call last):
  File "C:\Users\srees\miniconda3\Lib\site-packages\lz4\frame\__init__.py", line 753, in flush
Exception ignored in: <_io.BufferedReader>
Traceback (most recent call last):
  File "C:\Users\srees\miniconda3\Lib\site-packages\lz4\frame\__init__.py", line 753, in flush
Exception ignored in: <_io.BufferedReader>
Traceback (most recent call last):
  File "C:\Users\srees\miniconda3\Lib\site-packages\lz4\frame\__init__.py", line 753, in flush
Exception ignored in: <_io.BufferedReader>
Traceback (most recent call last):
    self._fp.flush()
  File "C:\Users\srees\miniconda3\Lib\site-packages\lz4\frame\__init__.py", line 753, in flush
ValueError: I/O operation on closed file.
Exception ignored in: <_io.BufferedReader>
Traceback (most recent call last):
  File "C:\Users\srees\miniconda3\Lib\site-packages\lz4\frame\__init__.py", line 753, in flush
    self._fp.flush()
ValueError: I/O operation on closed file.
    self._fp.flush()
ValueError: I/O operation on closed file.
Exception ignored in: <_io.BufferedReader>
Traceback (most recent call last):
  File "C:\Users\srees\miniconda3\Lib\site-packages\lz4\frame\__init__.py", line 753, in flush
    self._fp.flush()
ValueError: I/O operation on closed file.
    self._fp.flush()
ValueError: I/O operation on closed file.
Exception ignored in: <_io.BufferedReader>
Traceback (most recent call last):
    self._fp.flush()
  File "C:\Users\srees\miniconda3\Lib\site-packages\lz4\frame\__init__.py", line 753, in flush
ValueError: I/O operation on closed file.
Exception ignored in: <_io.BufferedReader>
Traceback (most recent call last):
  File "C:\Users\srees\miniconda3\Lib\site-packages\lz4\frame\__init__.py", line 753, in flush
    self._fp.flush()
ValueError: I/O operation on closed file.
Exception ignored in: <_io.BufferedReader>
Traceback (most recent call last):
  File "C:\Users\srees\miniconda3\Lib\site-packages\lz4\frame\__init__.py", line 753, in flush
    self._fp.flush()
ValueError: I/O operation on closed file.
    self._fp.flush()
ValueError: I/O operation on closed file.
Exception ignored in: <_io.BufferedReader>
Traceback (most recent call last):
  File "C:\Users\srees\miniconda3\Lib\site-packages\lz4\frame\__init__.py", line 753, in flush
    self._fp.flush()
ValueError: I/O operation on closed file.
Exception ignored in: <_io.BufferedReader>
Traceback (most recent call last):
  File "C:\Users\srees\miniconda3\Lib\site-packages\lz4\frame\__init__.py", line 753, in flush
    self._fp.flush()
ValueError: I/O operation on closed file.
    self._fp.flush()
ValueError: I/O operation on closed file.
Exception ignored in: <_io.BufferedReader>
Traceback (most recent call last):
  File "C:\Users\srees\miniconda3\Lib\site-packages\lz4\frame\__init__.py", line 753, in flush
    self._fp.flush()
ValueError: I/O operation on closed file.
Exception ignored in: <_io.BufferedReader>
Traceback (most recent call last):
  File "C:\Users\srees\miniconda3\Lib\site-packages\lz4\frame\__init__.py", line 753, in flush
Exception ignored in: <_io.BufferedReader>
Traceback (most recent call last):
  File "C:\Users\srees\miniconda3\Lib\site-packages\lz4\frame\__init__.py", line 753, in flush
    self._fp.flush()
ValueError: I/O operation on closed file.
    self._fp.flush()
ValueError: I/O operation on closed file.
Exception ignored in: <_io.BufferedReader>
Traceback (most recent call last):
  File "C:\Users\srees\miniconda3\Lib\site-packages\lz4\frame\__init__.py", line 753, in flush
    self._fp.flush()
ValueError: I/O operation on closed file.
Exception ignored in: <_io.BufferedReader>
Traceback (most recent call last):
  File "C:\Users\srees\miniconda3\Lib\site-packages\lz4\frame\__init__.py", line 753, in flush
Exception ignored in: <_io.BufferedReader>
Traceback (most recent call last):
  File "C:\Users\srees\miniconda3\Lib\site-packages\lz4\frame\__init__.py", line 753, in flush
Exception ignored in: <_io.BufferedReader>
Traceback (most recent call last):
  File "C:\Users\srees\miniconda3\Lib\site-packages\lz4\frame\__init__.py", line 753, in flush
    self._fp.flush()
ValueError: I/O operation on closed file.
    self._fp.flush()
ValueError: I/O operation on closed file.
Exception ignored in: <_io.BufferedReader>
Traceback (most recent call last):
  File "C:\Users\srees\miniconda3\Lib\site-packages\lz4\frame\__init__.py", line 753, in flush
Exception ignored in: <_io.BufferedReader>
Traceback (most recent call last):
  File "C:\Users\srees\miniconda3\Lib\site-packages\lz4\frame\__init__.py", line 753, in flush
    self._fp.flush()
ValueError: I/O operation on closed file.
    self._fp.flush()
ValueError: I/O operation on closed file.
    self._fp.flush()
ValueError: I/O operation on closed file.
Exception ignored in: <_io.BufferedReader>
Traceback (most recent call last):
  File "C:\Users\srees\miniconda3\Lib\site-packages\lz4\frame\__init__.py", line 753, in flush
Exception ignored in: <_io.BufferedReader>
Traceback (most recent call last):
  File "C:\Users\srees\miniconda3\Lib\site-packages\lz4\frame\__init__.py", line 753, in flush
Exception ignored in: <_io.BufferedReader>
Traceback (most recent call last):
  File "C:\Users\srees\miniconda3\Lib\site-packages\lz4\frame\__init__.py", line 753, in flush
    self._fp.flush()
ValueError: I/O operation on closed file.
Exception ignored in: <_io.BufferedReader>
Traceback (most recent call last):
  File "C:\Users\srees\miniconda3\Lib\site-packages\lz4\frame\__init__.py", line 753, in flush
Exception ignored in: <_io.BufferedReader>
Traceback (most recent call last):
Exception ignored in: <_io.BufferedReader>
  File "C:\Users\srees\miniconda3\Lib\site-packages\lz4\frame\__init__.py", line 753, in flush
Traceback (most recent call last):
  File "C:\Users\srees\miniconda3\Lib\site-packages\lz4\frame\__init__.py", line 753, in flush
    self._fp.flush()
ValueError: I/O operation on closed file.
    self._fp.flush()
ValueError: I/O operation on closed file.
Exception ignored in: <_io.BufferedReader>
Traceback (most recent call last):
  File "C:\Users\srees\miniconda3\Lib\site-packages\lz4\frame\__init__.py", line 753, in flush
    self._fp.flush()
ValueError: I/O operation on closed file.
    self._fp.flush()
ValueError: I/O operation on closed file.
Exception ignored in: <_io.BufferedReader>
Traceback (most recent call last):
  File "C:\Users\srees\miniconda3\Lib\site-packages\lz4\frame\__init__.py", line 753, in flush
    self._fp.flush()
ValueError: I/O operation on closed file.
Exception ignored in: <_io.BufferedReader>
Traceback (most recent call last):
  File "C:\Users\srees\miniconda3\Lib\site-packages\lz4\frame\__init__.py", line 753, in flush
    self._fp.flush()
ValueError: I/O operation on closed file.
    self._fp.flush()
ValueError: I/O operation on closed file.
    self._fp.flush()
ValueError: I/O operation on closed file.
Exception ignored in: <_io.BufferedReader>
Traceback (most recent call last):
  File "C:\Users\srees\miniconda3\Lib\site-packages\lz4\frame\__init__.py", line 753, in flush
Exception ignored in: <_io.BufferedReader>
Traceback (most recent call last):
  File "C:\Users\srees\miniconda3\Lib\site-packages\lz4\frame\__init__.py", line 753, in flush
    self._fp.flush()
ValueError: I/O operation on closed file.
    self._fp.flush()
ValueError: I/O operation on closed file.
Exception ignored in: <_io.BufferedReader>
Traceback (most recent call last):
  File "C:\Users\srees\miniconda3\Lib\site-packages\lz4\frame\__init__.py", line 753, in flush
    self._fp.flush()
ValueError: I/O operation on closed file.
Exception ignored in: <_io.BufferedReader>
Traceback (most recent call last):
  File "C:\Users\srees\miniconda3\Lib\site-packages\lz4\frame\__init__.py", line 753, in flush
    self._fp.flush()
ValueError: I/O operation on closed file.
Exception ignored in: <_io.BufferedReader>
Traceback (most recent call last):
  File "C:\Users\srees\miniconda3\Lib\site-packages\lz4\frame\__init__.py", line 753, in flush
    self._fp.flush()
ValueError: I/O operation on closed file.
Exception ignored in: <_io.BufferedReader>
Traceback (most recent call last):
  File "C:\Users\srees\miniconda3\Lib\site-packages\lz4\frame\__init__.py", line 753, in flush
Exception ignored in: <_io.BufferedReader>
Traceback (most recent call last):
  File "C:\Users\srees\miniconda3\Lib\site-packages\lz4\frame\__init__.py", line 753, in flush
Exception ignored in: <_io.BufferedReader>
Traceback (most recent call last):
  File "C:\Users\srees\miniconda3\Lib\site-packages\lz4\frame\__init__.py", line 753, in flush
    self._fp.flush()
ValueError: I/O operation on closed file.
    self._fp.flush()
ValueError: I/O operation on closed file.
Exception ignored in: <_io.BufferedReader>
Traceback (most recent call last):
    self._fp.flush()
  File "C:\Users\srees\miniconda3\Lib\site-packages\lz4\frame\__init__.py", line 753, in flush
ValueError: I/O operation on closed file.
Exception ignored in: <_io.BufferedReader>
Traceback (most recent call last):
  File "C:\Users\srees\miniconda3\Lib\site-packages\lz4\frame\__init__.py", line 753, in flush
Exception ignored in: <_io.BufferedReader>
Traceback (most recent call last):
  File "C:\Users\srees\miniconda3\Lib\site-packages\lz4\frame\__init__.py", line 753, in flush
    self._fp.flush()
ValueError: I/O operation on closed file.
Exception ignored in: <_io.BufferedReader>
Traceback (most recent call last):
  File "C:\Users\srees\miniconda3\Lib\site-packages\lz4\frame\__init__.py", line 753, in flush
    self._fp.flush()
ValueError: I/O operation on closed file.
    self._fp.flush()
ValueError: I/O operation on closed file.
    self._fp.flush()
ValueError: I/O operation on closed file.
Exception ignored in: <_io.BufferedReader>
Traceback (most recent call last):
  File "C:\Users\srees\miniconda3\Lib\site-packages\lz4\frame\__init__.py", line 753, in flush
Exception ignored in: <_io.BufferedReader>
Traceback (most recent call last):
  File "C:\Users\srees\miniconda3\Lib\site-packages\lz4\frame\__init__.py", line 753, in flush
Exception ignored in: <_io.BufferedReader>
Traceback (most recent call last):
  File "C:\Users\srees\miniconda3\Lib\site-packages\lz4\frame\__init__.py", line 753, in flush
    self._fp.flush()
ValueError: I/O operation on closed file.
    self._fp.flush()
ValueError: I/O operation on closed file.
    self._fp.flush()
ValueError: I/O operation on closed file.
Exception ignored in: <_io.BufferedReader>
Traceback (most recent call last):
  File "C:\Users\srees\miniconda3\Lib\site-packages\lz4\frame\__init__.py", line 753, in flush
Exception ignored in: <_io.BufferedReader>
Traceback (most recent call last):
  File "C:\Users\srees\miniconda3\Lib\site-packages\lz4\frame\__init__.py", line 753, in flush
Exception ignored in: <_io.BufferedReader>
Traceback (most recent call last):
  File "C:\Users\srees\miniconda3\Lib\site-packages\lz4\frame\__init__.py", line 753, in flush
    self._fp.flush()
ValueError: I/O operation on closed file.
Exception ignored in: <_io.BufferedReader>
Traceback (most recent call last):
  File "C:\Users\srees\miniconda3\Lib\site-packages\lz4\frame\__init__.py", line 753, in flush
Exception ignored in: <_io.BufferedReader>
Traceback (most recent call last):
  File "C:\Users\srees\miniconda3\Lib\site-packages\lz4\frame\__init__.py", line 753, in flush
    self._fp.flush()
ValueError: I/O operation on closed file.
    self._fp.flush()
ValueError: I/O operation on closed file.
    self._fp.flush()
ValueError: I/O operation on closed file.
    self._fp.flush()
ValueError: I/O operation on closed file.
Exception ignored in: <_io.BufferedReader>
Traceback (most recent call last):
  File "C:\Users\srees\miniconda3\Lib\site-packages\lz4\frame\__init__.py", line 753, in flush
    self._fp.flush()
ValueError: I/O operation on closed file.
Exception ignored in: <_io.BufferedReader>
Traceback (most recent call last):
  File "C:\Users\srees\miniconda3\Lib\site-packages\lz4\frame\__init__.py", line 753, in flush
Exception ignored in: <_io.BufferedReader>
Traceback (most recent call last):
  File "C:\Users\srees\miniconda3\Lib\site-packages\lz4\frame\__init__.py", line 753, in flush
    self._fp.flush()
ValueError: I/O operation on closed file.
    self._fp.flush()
ValueError: I/O operation on closed file.
Exception ignored in: <_io.BufferedReader>
Traceback (most recent call last):
  File "C:\Users\srees\miniconda3\Lib\site-packages\lz4\frame\__init__.py", line 753, in flush
    self._fp.flush()
ValueError: I/O operation on closed file.
Processed 500/35933 videos...
Processed 1000/35933 videos...
Processed 1500/35933 videos...
Processed 2000/35933 videos...
Processed 2500/35933 videos...
Processed 3000/35933 videos...
Processed 3500/35933 videos...
Processed 4000/35933 videos...
Processed 4500/35933 videos...
Processed 5000/35933 videos...
Processed 5500/35933 videos...
Processed 6000/35933 videos...
Processed 6500/35933 videos...
Processed 7000/35933 videos...
Processed 7500/35933 videos...
Processed 8000/35933 videos...
Processed 8500/35933 videos...
Processed 9000/35933 videos...
Processed 9500/35933 videos...
Processed 10000/35933 videos...
Processed 10500/35933 videos...
Processed 11000/35933 videos...
Processed 11500/35933 videos...
Processed 12000/35933 videos...
Processed 12500/35933 videos...
Processed 13000/35933 videos...
Processed 13500/35933 videos...
Processed 14000/35933 videos...
Processed 14500/35933 videos...
Processed 15000/35933 videos...
Processed 15500/35933 videos...
Processed 16000/35933 videos...
Processed 16500/35933 videos...
Processed 17000/35933 videos...
Processed 17500/35933 videos...
Processed 18000/35933 videos...
Processed 18500/35933 videos...
Processed 19000/35933 videos...
Processed 19500/35933 videos...
Processed 20000/35933 videos...
Processed 20500/35933 videos...
Processed 21000/35933 videos...
Processed 21500/35933 videos...
Processed 22000/35933 videos...
Processed 22500/35933 videos...
Processed 23000/35933 videos...
Processed 23500/35933 videos...
multiprocessing.pool.RemoteTraceback: 
"""
Traceback (most recent call last):
  File "C:\Users\srees\miniconda3\Lib\multiprocessing\pool.py", line 125, in worker
    result = (True, func(*args, **kwds))
                    ~~~~^^^^^^^^^^^^^^^
  File "D:\deepfake_detection\deepfake_detection_project\pipeline\phase5_extract.py", line 172, in process_video
    subprocess.run(cmd_audio, check=True)
    ~~~~~~~~~~~~~~^^^^^^^^^^^^^^^^^^^^^^^
  File "C:\Users\srees\miniconda3\Lib\subprocess.py", line 554, in run
    with Popen(*popenargs, **kwargs) as process:
         ~~~~~^^^^^^^^^^^^^^^^^^^^^^
  File "C:\Users\srees\miniconda3\Lib\subprocess.py", line 1039, in __init__
    self._execute_child(args, executable, preexec_fn, close_fds,
    ~~~~~~~~~~~~~~~~~~~^^^^^^^^^^^^^^^^^^^^^^^^^^^^^^^^^^^^^^^^^
                        pass_fds, cwd, env,
                        ^^^^^^^^^^^^^^^^^^^
    ...<5 lines>...
                        gid, gids, uid, umask,
                        ^^^^^^^^^^^^^^^^^^^^^^
                        start_new_session, process_group)
                        ^^^^^^^^^^^^^^^^^^^^^^^^^^^^^^^^^
  File "C:\Users\srees\miniconda3\Lib\subprocess.py", line 1554, in _execute_child
    hp, ht, pid, tid = _winapi.CreateProcess(executable, args,
                       ~~~~~~~~~~~~~~~~~~~~~^^^^^^^^^^^^^^^^^^
                             # no special security
                             ^^^^^^^^^^^^^^^^^^^^^
    ...<4 lines>...
                             cwd,
                             ^^^^
                             startupinfo)
                             ^^^^^^^^^^^^
OSError: [WinError 1455] The paging file is too small for this operation to complete
"""

The above exception was the direct cause of the following exception:

Traceback (most recent call last):
  File "D:\deepfake_detection\deepfake_detection_project\pipeline\phase5_extract.py", line 248, in <module>
    main()
    ~~~~^^
  File "D:\deepfake_detection\deepfake_detection_project\pipeline\phase5_extract.py", line 238, in main
    for i, success in enumerate(pool.imap_unordered(process_video, tasks)):
                      ~~~~~~~~~^^^^^^^^^^^^^^^^^^^^^^^^^^^^^^^^^^^^^^^^^^^
  File "C:\Users\srees\miniconda3\Lib\multiprocessing\pool.py", line 873, in next
    raise value
OSError: [WinError 1455] The paging file is too small for this operation to complete
Phase 5: Extracting 8-frame / 4-region crops + audio (from raw video)...
Extracting features for 35933 videos...
Using 6 cores processing in parallel...
Processed 500/35933 videos...
Processed 1000/35933 videos...
Processed 1500/35933 videos...
Processed 2000/35933 videos...
Processed 2500/35933 videos...
Processed 3000/35933 videos...
Processed 3500/35933 videos...
Processed 4000/35933 videos...
Processed 4500/35933 videos...
Processed 5000/35933 videos...
Processed 5500/35933 videos...
Processed 6000/35933 videos...
Processed 6500/35933 videos...
Processed 7000/35933 videos...
Processed 7500/35933 videos...
Processed 8000/35933 videos...
Processed 8500/35933 videos...
Processed 9000/35933 videos...
Processed 9500/35933 videos...
Processed 10000/35933 videos...
Processed 10500/35933 videos...
Processed 11000/35933 videos...
Processed 11500/35933 videos...
Processed 12000/35933 videos...
Processed 12500/35933 videos...
Processed 13000/35933 videos...
Processed 13500/35933 videos...
Processed 14000/35933 videos...
Processed 14500/35933 videos...
Processed 15000/35933 videos...
Processed 15500/35933 videos...
Processed 16000/35933 videos...
Processed 16500/35933 videos...
Processed 17000/35933 videos...
Processed 17500/35933 videos...
Processed 18000/35933 videos...
Processed 18500/35933 videos...
Processed 19000/35933 videos...
Processed 19500/35933 videos...
Processed 20000/35933 videos...
Processed 20500/35933 videos...
Processed 21000/35933 videos...
Processed 21500/35933 videos...
Processed 22000/35933 videos...
Processed 22500/35933 videos...
Processed 23000/35933 videos...
Processed 23500/35933 videos...
WARNING: All log messages before absl::InitializeLog() is called are written to STDERR
I0000 00:00:1783148524.573086    5468 port.cc:153] oneDNN custom operations are on. You may see slightly different numerical results due to floating-point round-off errors from different computation orders. To turn them off, set the environment variable `TF_ENABLE_ONEDNN_OPTS=0`.
WARNING: All log messages before absl::InitializeLog() is called are written to STDERR
WARNING: All log messages before absl::InitializeLog() is called are written to STDERR
I0000 00:00:1783148524.573092   19488 port.cc:153] oneDNN custom operations are on. You may see slightly different numerical results due to floating-point round-off errors from different computation orders. To turn them off, set the environment variable `TF_ENABLE_ONEDNN_OPTS=0`.
WARNING: All log messages before absl::InitializeLog() is called are written to STDERR
WARNING: All log messages before absl::InitializeLog() is called are written to STDERR
I0000 00:00:1783148524.573089    9948 port.cc:153] oneDNN custom operations are on. You may see slightly different numerical results due to floating-point round-off errors from different computation orders. To turn them off, set the environment variable `TF_ENABLE_ONEDNN_OPTS=0`.
WARNING: All log messages before absl::InitializeLog() is called are written to STDERR
I0000 00:00:1783148524.573091    7344 port.cc:153] oneDNN custom operations are on. You may see slightly different numerical results due to floating-point round-off errors from different computation orders. To turn them off, set the environment variable `TF_ENABLE_ONEDNN_OPTS=0`.
I0000 00:00:1783148524.573087   10828 port.cc:153] oneDNN custom operations are on. You may see slightly different numerical results due to floating-point round-off errors from different computation orders. To turn them off, set the environment variable `TF_ENABLE_ONEDNN_OPTS=0`.
I0000 00:00:1783148524.573091   18812 port.cc:153] oneDNN custom operations are on. You may see slightly different numerical results due to floating-point round-off errors from different computation orders. To turn them off, set the environment variable `TF_ENABLE_ONEDNN_OPTS=0`.
WARNING: All log messages before absl::InitializeLog() is called are written to STDERR
I0000 00:00:1783148528.426861   10828 port.cc:153] oneDNN custom operations are on. You may see slightly different numerical results due to floating-point round-off errors from different computation orders. To turn them off, set the environment variable `TF_ENABLE_ONEDNN_OPTS=0`.
WARNING: All log messages before absl::InitializeLog() is called are written to STDERR
WARNING: All log messages before absl::InitializeLog() is called are written to STDERR
WARNING: All log messages before absl::InitializeLog() is called are written to STDERR
WARNING: All log messages before absl::InitializeLog() is called are written to STDERR
I0000 00:00:1783148528.426871    5468 port.cc:153] oneDNN custom operations are on. You may see slightly different numerical results due to floating-point round-off errors from different computation orders. To turn them off, set the environment variable `TF_ENABLE_ONEDNN_OPTS=0`.
I0000 00:00:1783148528.426868    9948 port.cc:153] oneDNN custom operations are on. You may see slightly different numerical results due to floating-point round-off errors from different computation orders. To turn them off, set the environment variable `TF_ENABLE_ONEDNN_OPTS=0`.
I0000 00:00:1783148528.426892   19488 port.cc:153] oneDNN custom operations are on. You may see slightly different numerical results due to floating-point round-off errors from different computation orders. To turn them off, set the environment variable `TF_ENABLE_ONEDNN_OPTS=0`.
WARNING: All log messages before absl::InitializeLog() is called are written to STDERR
I0000 00:00:1783148528.426875   18812 port.cc:153] oneDNN custom operations are on. You may see slightly different numerical results due to floating-point round-off errors from different computation orders. To turn them off, set the environment variable `TF_ENABLE_ONEDNN_OPTS=0`.
I0000 00:00:1783148528.426873    7344 port.cc:153] oneDNN custom operations are on. You may see slightly different numerical results due to floating-point round-off errors from different computation orders. To turn them off, set the environment variable `TF_ENABLE_ONEDNN_OPTS=0`.
W0000 00:00:1783148532.495984   16848 face_landmarker_graph.cc:180] Sets FaceBlendshapesGraph acceleration to xnnpack by default.
W0000 00:00:1783148532.496093   31308 face_landmarker_graph.cc:180] Sets FaceBlendshapesGraph acceleration to xnnpack by default.
W0000 00:00:1783148532.496107   33172 face_landmarker_graph.cc:180] Sets FaceBlendshapesGraph acceleration to xnnpack by default.
W0000 00:00:1783148532.496108   31496 face_landmarker_graph.cc:180] Sets FaceBlendshapesGraph acceleration to xnnpack by default.
W0000 00:00:1783148532.496119   33948 face_landmarker_graph.cc:180] Sets FaceBlendshapesGraph acceleration to xnnpack by default.
W0000 00:00:1783148532.496238   17488 face_landmarker_graph.cc:180] Sets FaceBlendshapesGraph acceleration to xnnpack by default.
INFO: INFO: INFO: INFO: INFO: INFO: Created TensorFlow Lite XNNPACK delegate for CPU.
Created TensorFlow Lite XNNPACK delegate for CPU.
Created TensorFlow Lite XNNPACK delegate for CPU.
Created TensorFlow Lite XNNPACK delegate for CPU.
Created TensorFlow Lite XNNPACK delegate for CPU.Created TensorFlow Lite XNNPACK delegate for CPU.

W0000 00:00:1783148532.519317   27460 inference_feedback_manager.cc:121] Feedback manager requires a model with a single signature inference. Disabling support for feedback tensors.
W0000 00:00:1783148532.519318   15028 inference_feedback_manager.cc:121] Feedback manager requires a model with a single signature inference. Disabling support for feedback tensors.
W0000 00:00:1783148532.519339   30440 inference_feedback_manager.cc:121] Feedback manager requires a model with a single signature inference. Disabling support for feedback tensors.
W0000 00:00:1783148532.519346   28740 inference_feedback_manager.cc:121] Feedback manager requires a model with a single signature inference. Disabling support for feedback tensors.
W0000 00:00:1783148532.519664   25732 inference_feedback_manager.cc:121] Feedback manager requires a model with a single signature inference. Disabling support for feedback tensors.
W0000 00:00:1783148532.521673   36580 inference_feedback_manager.cc:121] Feedback manager requires a model with a single signature inference. Disabling support for feedback tensors.
W0000 00:00:1783148532.530501   28740 inference_feedback_manager.cc:121] Feedback manager requires a model with a single signature inference. Disabling support for feedback tensors.
W0000 00:00:1783148532.530794   27460 inference_feedback_manager.cc:121] Feedback manager requires a model with a single signature inference. Disabling support for feedback tensors.
W0000 00:00:1783148532.530903   26132 inference_feedback_manager.cc:121] Feedback manager requires a model with a single signature inference. Disabling support for feedback tensors.
W0000 00:00:1783148532.531501   13488 inference_feedback_manager.cc:121] Feedback manager requires a model with a single signature inference. Disabling support for feedback tensors.
W0000 00:00:1783148532.533163   31528 inference_feedback_manager.cc:121] Feedback manager requires a model with a single signature inference. Disabling support for feedback tensors.
W0000 00:00:1783148532.536517   36580 inference_feedback_manager.cc:121] Feedback manager requires a model with a single signature inference. Disabling support for feedback tensors.
I0000 00:00:1783148532.568044   18812 cpu_feature_guard.cc:227] This TensorFlow binary is optimized to use available CPU instructions in performance-critical operations.
To enable the following instructions: SSE3 SSE4.1 SSE4.2 AVX AVX2 AVX_VNNI FMA, in other operations, rebuild TensorFlow with the appropriate compiler flags.
I0000 00:00:1783148532.568048    9948 cpu_feature_guard.cc:227] This TensorFlow binary is optimized to use available CPU instructions in performance-critical operations.
To enable the following instructions: SSE3 SSE4.1 SSE4.2 AVX AVX2 AVX_VNNI FMA, in other operations, rebuild TensorFlow with the appropriate compiler flags.
I0000 00:00:1783148532.568068   10828 cpu_feature_guard.cc:227] This TensorFlow binary is optimized to use available CPU instructions in performance-critical operations.
To enable the following instructions: SSE3 SSE4.1 SSE4.2 AVX AVX2 AVX_VNNI FMA, in other operations, rebuild TensorFlow with the appropriate compiler flags.
I0000 00:00:1783148532.568052    7344 cpu_feature_guard.cc:227] This TensorFlow binary is optimized to use available CPU instructions in performance-critical operations.
To enable the following instructions: SSE3 SSE4.1 SSE4.2 AVX AVX2 AVX_VNNI FMA, in other operations, rebuild TensorFlow with the appropriate compiler flags.
I0000 00:00:1783148532.568053    5468 cpu_feature_guard.cc:227] This TensorFlow binary is optimized to use available CPU instructions in performance-critical operations.
To enable the following instructions: SSE3 SSE4.1 SSE4.2 AVX AVX2 AVX_VNNI FMA, in other operations, rebuild TensorFlow with the appropriate compiler flags.
I0000 00:00:1783148532.568051   19488 cpu_feature_guard.cc:227] This TensorFlow binary is optimized to use available CPU instructions in performance-critical operations.
To enable the following instructions: SSE3 SSE4.1 SSE4.2 AVX AVX2 AVX_VNNI FMA, in other operations, rebuild TensorFlow with the appropriate compiler flags.
Exception ignored in: <_io.BufferedReader>
Traceback (most recent call last):
  File "C:\Users\srees\miniconda3\Lib\site-packages\lz4\frame\__init__.py", line 753, in flush
Exception ignored in: <_io.BufferedReader>
Traceback (most recent call last):
  File "C:\Users\srees\miniconda3\Lib\site-packages\lz4\frame\__init__.py", line 753, in flush
Exception ignored in: <_io.BufferedReader>
Traceback (most recent call last):
  File "C:\Users\srees\miniconda3\Lib\site-packages\lz4\frame\__init__.py", line 753, in flush
Exception ignored in: <_io.BufferedReader>
Traceback (most recent call last):
  File "C:\Users\srees\miniconda3\Lib\site-packages\lz4\frame\__init__.py", line 753, in flush
Exception ignored in: <_io.BufferedReader>
Traceback (most recent call last):
  File "C:\Users\srees\miniconda3\Lib\site-packages\lz4\frame\__init__.py", line 753, in flush
    self._fp.flush()
ValueError: I/O operation on closed file.
    self._fp.flush()
ValueError: I/O operation on closed file.
Exception ignored in: <_io.BufferedReader>
Traceback (most recent call last):
  File "C:\Users\srees\miniconda3\Lib\site-packages\lz4\frame\__init__.py", line 753, in flush
    self._fp.flush()
ValueError: I/O operation on closed file.
    self._fp.flush()
ValueError: I/O operation on closed file.
    self._fp.flush()
ValueError: I/O operation on closed file.
    self._fp.flush()
ValueError: I/O operation on closed file.
Exception ignored in: <_io.BufferedReader>
Traceback (most recent call last):
  File "C:\Users\srees\miniconda3\Lib\site-packages\lz4\frame\__init__.py", line 753, in flush
Exception ignored in: <_io.BufferedReader>
Traceback (most recent call last):
  File "C:\Users\srees\miniconda3\Lib\site-packages\lz4\frame\__init__.py", line 753, in flush
Exception ignored in: <_io.BufferedReader>
Traceback (most recent call last):
  File "C:\Users\srees\miniconda3\Lib\site-packages\lz4\frame\__init__.py", line 753, in flush
    self._fp.flush()
ValueError: I/O operation on closed file.
Exception ignored in: <_io.BufferedReader>
Traceback (most recent call last):
  File "C:\Users\srees\miniconda3\Lib\site-packages\lz4\frame\__init__.py", line 753, in flush
Exception ignored in: <_io.BufferedReader>
Traceback (most recent call last):
    self._fp.flush()
  File "C:\Users\srees\miniconda3\Lib\site-packages\lz4\frame\__init__.py", line 753, in flush
ValueError: I/O operation on closed file.
    self._fp.flush()
ValueError: I/O operation on closed file.
    self._fp.flush()
Exception ignored in: <_io.BufferedReader>
ValueError: I/O operation on closed file.
Traceback (most recent call last):
  File "C:\Users\srees\miniconda3\Lib\site-packages\lz4\frame\__init__.py", line 753, in flush
    self._fp.flush()
ValueError: I/O operation on closed file.
    self._fp.flush()
ValueError: I/O operation on closed file.
Exception ignored in: <_io.BufferedReader>
Traceback (most recent call last):
  File "C:\Users\srees\miniconda3\Lib\site-packages\lz4\frame\__init__.py", line 753, in flush
Exception ignored in: <_io.BufferedReader>
Traceback (most recent call last):
  File "C:\Users\srees\miniconda3\Lib\site-packages\lz4\frame\__init__.py", line 753, in flush
Exception ignored in: <_io.BufferedReader>
Traceback (most recent call last):
  File "C:\Users\srees\miniconda3\Lib\site-packages\lz4\frame\__init__.py", line 753, in flush
Exception ignored in: <_io.BufferedReader>
Traceback (most recent call last):
Exception ignored in: <_io.BufferedReader>
  File "C:\Users\srees\miniconda3\Lib\site-packages\lz4\frame\__init__.py", line 753, in flush
Traceback (most recent call last):
  File "C:\Users\srees\miniconda3\Lib\site-packages\lz4\frame\__init__.py", line 753, in flush
Exception ignored in: <_io.BufferedReader>
Traceback (most recent call last):
  File "C:\Users\srees\miniconda3\Lib\site-packages\lz4\frame\__init__.py", line 753, in flush
    self._fp.flush()
ValueError: I/O operation on closed file.
    self._fp.flush()
ValueError: I/O operation on closed file.
    self._fp.flush()
ValueError: I/O operation on closed file.
    self._fp.flush()
ValueError: I/O operation on closed file.
    self._fp.flush()
ValueError: I/O operation on closed file.
    self._fp.flush()
ValueError: I/O operation on closed file.
Processed 24000/35933 videos...
Processed 24500/35933 videos...
Processed 25000/35933 videos...
Processed 25500/35933 videos...
Processed 26000/35933 videos...
Processed 26500/35933 videos...
Processed 27000/35933 videos...
Processed 27500/35933 videos...
Processed 28000/35933 videos...
Processed 28500/35933 videos...
Processed 29000/35933 videos...
Processed 29500/35933 videos...
Processed 30000/35933 videos...
Processed 30500/35933 videos...
Processed 31000/35933 videos...
Processed 31500/35933 videos...
Processed 32000/35933 videos...
Processed 32500/35933 videos...
Processed 33000/35933 videos...
Processed 33500/35933 videos...
Processed 34000/35933 videos...
Processed 34500/35933 videos...
Processed 35000/35933 videos...
Processed 35500/35933 videos...
Phase 5 completed! Successfully extracted features for 35933/35933 videos.
