Phase 3: Normalizing videos...
Normalizing 35933 videos... (This will take a long time and use multiple CPU cores)
Using 19 cores processing in parallel...
Normalized 100/35933 videos...
Normalized 200/35933 videos...
Normalized 300/35933 videos...
Normalized 400/35933 videos...
Normalized 500/35933 videos...
Normalized 600/35933 videos...
Normalized 700/35933 videos...
Normalized 800/35933 videos...
Normalized 900/35933 videos...
Normalized 1000/35933 videos...
Normalized 1100/35933 videos...
Normalized 1200/35933 videos...
Normalized 1300/35933 videos...
Normalized 1400/35933 videos...
Normalized 1500/35933 videos...
Normalized 1600/35933 videos...
Normalized 1700/35933 videos...
Normalized 1800/35933 videos...
Normalized 1900/35933 videos...
Normalized 2000/35933 videos...
Normalized 2100/35933 videos...
Normalized 2200/35933 videos...
Normalized 2300/35933 videos...
Normalized 2400/35933 videos...
Normalized 2500/35933 videos...
Normalized 2600/35933 videos...
Normalized 2700/35933 videos...
Normalized 2800/35933 videos...
Normalized 2900/35933 videos...
Normalized 3000/35933 videos...
Normalized 3100/35933 videos...
Normalized 3200/35933 videos...
Normalized 3300/35933 videos...
Normalized 3400/35933 videos...
Normalized 3500/35933 videos...
Normalized 3600/35933 videos...
Normalized 3700/35933 videos...
Normalized 3800/35933 videos...
Normalized 3900/35933 videos...
Normalized 4000/35933 videos...
Normalized 4100/35933 videos...
Normalized 4200/35933 videos...
Normalized 4300/35933 videos...
Normalized 4400/35933 videos...
Normalized 4500/35933 videos...
Normalized 4600/35933 videos...
Normalized 4700/35933 videos...
Normalized 4800/35933 videos...
Normalized 4900/35933 videos...
Normalized 5000/35933 videos...
Normalized 5100/35933 videos...
Normalized 5200/35933 videos...
Normalized 5300/35933 videos...
Normalized 5400/35933 videos...
Normalized 5500/35933 videos...
Normalized 5600/35933 videos...
Normalized 5700/35933 videos...
Normalized 5800/35933 videos...
Normalized 5900/35933 videos...
Normalized 6000/35933 videos...
Normalized 6100/35933 videos...
Normalized 6200/35933 videos...
Normalized 6300/35933 videos...
Normalized 6400/35933 videos...
Normalized 6500/35933 videos...
Normalized 6600/35933 videos...
Normalized 6700/35933 videos...
Normalized 6800/35933 videos...
Normalized 6900/35933 videos...
Normalized 7000/35933 videos...
Normalized 7100/35933 videos...
Normalized 7200/35933 videos...
Normalized 7300/35933 videos...
Normalized 7400/35933 videos...
Normalized 7500/35933 videos...
Normalized 7600/35933 videos...
Normalized 7700/35933 videos...
Normalized 7800/35933 videos...
Normalized 7900/35933 videos...
Normalized 8000/35933 videos...
Normalized 8100/35933 videos...
Normalized 8200/35933 videos...
Normalized 8300/35933 videos...
Normalized 8400/35933 videos...
Normalized 8500/35933 videos...
Normalized 8600/35933 videos...
Normalized 8700/35933 videos...
Normalized 8800/35933 videos...
Normalized 8900/35933 videos...
Normalized 9000/35933 videos...
Normalized 9100/35933 videos...
Normalized 9200/35933 videos...
Normalized 9300/35933 videos...
Normalized 9400/35933 videos...
Normalized 9500/35933 videos...
Normalized 9600/35933 videos...
Normalized 9700/35933 videos...
Normalized 9800/35933 videos...
Normalized 9900/35933 videos...
Normalized 10000/35933 videos...
Normalized 10100/35933 videos...
Normalized 10200/35933 videos...
Normalized 10300/35933 videos...
Normalized 10400/35933 videos...
Normalized 10500/35933 videos...
Normalized 10600/35933 videos...
Normalized 10700/35933 videos...
Normalized 10800/35933 videos...
Normalized 10900/35933 videos...
Normalized 11000/35933 videos...
Normalized 11100/35933 videos...
Normalized 11200/35933 videos...
Normalized 11300/35933 videos...
Normalized 11400/35933 videos...
Normalized 11500/35933 videos...
Normalized 11600/35933 videos...
Normalized 11700/35933 videos...
Normalized 11800/35933 videos...
Normalized 11900/35933 videos...
Normalized 12000/35933 videos...
Normalized 12100/35933 videos...
Normalized 12200/35933 videos...
Normalized 12300/35933 videos...
Normalized 12400/35933 videos...
Normalized 12500/35933 videos...
Normalized 12600/35933 videos...
Normalized 12700/35933 videos...
Normalized 12800/35933 videos...
Normalized 12900/35933 videos...
Normalized 13000/35933 videos...
Normalized 13100/35933 videos...
Normalized 13200/35933 videos...
Normalized 13300/35933 videos...
Normalized 13400/35933 videos...
Normalized 13500/35933 videos...
Normalized 13600/35933 videos...
Normalized 13700/35933 videos...
Normalized 13800/35933 videos...
Normalized 13900/35933 videos...
Normalized 14000/35933 videos...
Normalized 14100/35933 videos...
Normalized 14200/35933 videos...
Normalized 14300/35933 videos...
Normalized 14400/35933 videos...
Normalized 14500/35933 videos...
Normalized 14600/35933 videos...
Normalized 14700/35933 videos...
Normalized 14800/35933 videos...
Normalized 14900/35933 videos...
Normalized 15000/35933 videos...
Normalized 15100/35933 videos...
Normalized 15200/35933 videos...
Normalized 15300/35933 videos...
Normalized 15400/35933 videos...
Normalized 15500/35933 videos...
Normalized 15600/35933 videos...
Normalized 15700/35933 videos...
Normalized 15800/35933 videos...
Normalized 15900/35933 videos...
Normalized 16000/35933 videos...
Normalized 16100/35933 videos...
Normalized 16200/35933 videos...
Normalized 16300/35933 videos...
Normalized 16400/35933 videos...
Normalized 16500/35933 videos...
Normalized 16600/35933 videos...
Normalized 16700/35933 videos...
Normalized 16800/35933 videos...
Normalized 16900/35933 videos...
Normalized 17000/35933 videos...
Normalized 17100/35933 videos...
Normalized 17200/35933 videos...
Normalized 17300/35933 videos...
Normalized 17400/35933 videos...
Normalized 17500/35933 videos...
Normalized 17600/35933 videos...
Normalized 17700/35933 videos...
Normalized 17800/35933 videos...
Normalized 17900/35933 videos...
Normalized 18000/35933 videos...
Normalized 18100/35933 videos...
Normalized 18200/35933 videos...
Normalized 18300/35933 videos...
Normalized 18400/35933 videos...
Normalized 18500/35933 videos...
Normalized 18600/35933 videos...
Normalized 18700/35933 videos...
Normalized 18800/35933 videos...
Normalized 18900/35933 videos...
Normalized 19000/35933 videos...
Normalized 19100/35933 videos...
Normalized 19200/35933 videos...
Normalized 19300/35933 videos...
Normalized 19400/35933 videos...
Normalized 19500/35933 videos...
Normalized 19600/35933 videos...
Normalized 19700/35933 videos...
Normalized 19800/35933 videos...
Normalized 19900/35933 videos...
Normalized 20000/35933 videos...
Normalized 20100/35933 videos...
Normalized 20200/35933 videos...
Normalized 20300/35933 videos...
Normalized 20400/35933 videos...
Normalized 20500/35933 videos...
Normalized 20600/35933 videos...
Normalized 20700/35933 videos...
Normalized 20800/35933 videos...
Normalized 20900/35933 videos...
Normalized 21000/35933 videos...
Normalized 21100/35933 videos...
Normalized 21200/35933 videos...
Normalized 21300/35933 videos...
Normalized 21400/35933 videos...
Normalized 21500/35933 videos...
Normalized 21600/35933 videos...
Normalized 21700/35933 videos...
Normalized 21800/35933 videos...
Normalized 21900/35933 videos...
Normalized 22000/35933 videos...
Normalized 22100/35933 videos...
Normalized 22200/35933 videos...
Normalized 22300/35933 videos...
Normalized 22400/35933 videos...
Normalized 22500/35933 videos...
Normalized 22600/35933 videos...
Normalized 22700/35933 videos...
Normalized 22800/35933 videos...
Normalized 22900/35933 videos...
Normalized 23000/35933 videos...
Normalized 23100/35933 videos...
Normalized 23200/35933 videos...
Normalized 23300/35933 videos...
Normalized 23400/35933 videos...
Normalized 23500/35933 videos...
Normalized 23600/35933 videos...
Normalized 23700/35933 videos...
Normalized 23800/35933 videos...
Normalized 23900/35933 videos...
Normalized 24000/35933 videos...
Normalized 24100/35933 videos...
Normalized 24200/35933 videos...
Normalized 24300/35933 videos...
Normalized 24400/35933 videos...
Normalized 24500/35933 videos...
Normalized 24600/35933 videos...
Normalized 24700/35933 videos...
Normalized 24800/35933 videos...
Normalized 24900/35933 videos...
Normalized 25000/35933 videos...
Normalized 25100/35933 videos...
Normalized 25200/35933 videos...
Normalized 25300/35933 videos...
Normalized 25400/35933 videos...
Normalized 25500/35933 videos...
Normalized 25600/35933 videos...
Normalized 25700/35933 videos...
Normalized 25800/35933 videos...
Normalized 25900/35933 videos...
Normalized 26000/35933 videos...
Normalized 26100/35933 videos...
Normalized 26200/35933 videos...
Normalized 26300/35933 videos...
Normalized 26400/35933 videos...
Normalized 26500/35933 videos...
Normalized 26600/35933 videos...
Normalized 26700/35933 videos...
Normalized 26800/35933 videos...
Normalized 26900/35933 videos...
Normalized 27000/35933 videos...
Normalized 27100/35933 videos...
Normalized 27200/35933 videos...
Normalized 27300/35933 videos...
Normalized 27400/35933 videos...
Normalized 27500/35933 videos...
Normalized 27600/35933 videos...
Normalized 27700/35933 videos...
Normalized 27800/35933 videos...
Normalized 27900/35933 videos...
Normalized 28000/35933 videos...
Normalized 28100/35933 videos...
Normalized 28200/35933 videos...
Normalized 28300/35933 videos...
Normalized 28400/35933 videos...
Normalized 28500/35933 videos...
Normalized 28600/35933 videos...
Normalized 28700/35933 videos...
Normalized 28800/35933 videos...
Normalized 28900/35933 videos...
Normalized 29000/35933 videos...
Normalized 29100/35933 videos...
Normalized 29200/35933 videos...
Normalized 29300/35933 videos...
Normalized 29400/35933 videos...
Normalized 29500/35933 videos...
Normalized 29600/35933 videos...
Normalized 29700/35933 videos...
Normalized 29800/35933 videos...
Normalized 29900/35933 videos...
Normalized 30000/35933 videos...
Normalized 30100/35933 videos...
Normalized 30200/35933 videos...
Normalized 30300/35933 videos...
Normalized 30400/35933 videos...
Normalized 30500/35933 videos...
Normalized 30600/35933 videos...
Normalized 30700/35933 videos...
Normalized 30800/35933 videos...
Normalized 30900/35933 videos...
Normalized 31000/35933 videos...
Normalized 31100/35933 videos...
Normalized 31200/35933 videos...
Normalized 31300/35933 videos...
Normalized 31400/35933 videos...
Normalized 31500/35933 videos...
Normalized 31600/35933 videos...
Normalized 31700/35933 videos...
Normalized 31800/35933 videos...
Normalized 31900/35933 videos...
Normalized 32000/35933 videos...
Normalized 32100/35933 videos...
Normalized 32200/35933 videos...
Normalized 32300/35933 videos...
Normalized 32400/35933 videos...
Normalized 32500/35933 videos...
Normalized 32600/35933 videos...
Normalized 32700/35933 videos...
Normalized 32800/35933 videos...
Normalized 32900/35933 videos...
Normalized 33000/35933 videos...
Normalized 33100/35933 videos...
Normalized 33200/35933 videos...
Normalized 33300/35933 videos...
Normalized 33400/35933 videos...
Normalized 33500/35933 videos...
Normalized 33600/35933 videos...
Normalized 33700/35933 videos...
Normalized 33800/35933 videos...
Normalized 33900/35933 videos...
Normalized 34000/35933 videos...
Normalized 34100/35933 videos...
Normalized 34200/35933 videos...
Normalized 34300/35933 videos...
Normalized 34400/35933 videos...
Normalized 34500/35933 videos...
Normalized 34600/35933 videos...
Normalized 34700/35933 videos...
Normalized 34800/35933 videos...
Normalized 34900/35933 videos...
Normalized 35000/35933 videos...
Normalized 35100/35933 videos...
Normalized 35200/35933 videos...
Normalized 35300/35933 videos...
Normalized 35400/35933 videos...
Normalized 35500/35933 videos...
Normalized 35600/35933 videos...
Normalized 35700/35933 videos...
Normalized 35800/35933 videos...
Normalized 35900/35933 videos...
Writing normalized manifest with 35933 entries...
Phase 3 completed successfully!
