Phase 5: Extracting features...
Extracting features for 35933 videos...
Using 19 cores processing in parallel...
Processed 500/35933 videos...
Processed 1000/35933 videos...
Processed 1500/35933 videos...
Processed 2000/35933 videos...
Processed 2500/35933 videos...
Processed 3000/35933 videos...
Processed 3500/35933 videos...
Processed 4000/35933 videos...
Processed 4500/35933 videos...
Processed 5000/35933 videos...
Processed 5500/35933 videos...
Processed 6000/35933 videos...
Processed 6500/35933 videos...
Processed 7000/35933 videos...
Processed 7500/35933 videos...
Processed 8000/35933 videos...
Processed 8500/35933 videos...
Processed 9000/35933 videos...
Processed 9500/35933 videos...
Processed 10000/35933 videos...
Processed 10500/35933 videos...
Processed 11000/35933 videos...
Processed 11500/35933 videos...
Processed 12000/35933 videos...
Phase 5: Extracting features...
Extracting features for 35933 videos...
Using 19 cores processing in parallel...
Processed 500/35933 videos...
Processed 1000/35933 videos...
Processed 1500/35933 videos...
Processed 2000/35933 videos...
Processed 2500/35933 videos...
Processed 3000/35933 videos...
Processed 3500/35933 videos...
Processed 4000/35933 videos...
Processed 4500/35933 videos...
Processed 5000/35933 videos...
Processed 5500/35933 videos...
Processed 6000/35933 videos...
Processed 6500/35933 videos...
Processed 7000/35933 videos...
Processed 7500/35933 videos...
Processed 8000/35933 videos...
Processed 8500/35933 videos...
Processed 9000/35933 videos...
Processed 9500/35933 videos...
Processed 10000/35933 videos...
Processed 10500/35933 videos...
Processed 11000/35933 videos...
Processed 11500/35933 videos...
Processed 12000/35933 videos...
Processed 12500/35933 videos...
Processed 13000/35933 videos...
Processed 13500/35933 videos...
Processed 14000/35933 videos...
Processed 14500/35933 videos...
Processed 15000/35933 videos...
Processed 15500/35933 videos...
Processed 16000/35933 videos...
Processed 16500/35933 videos...
Processed 17000/35933 videos...
Processed 17500/35933 videos...
Processed 18000/35933 videos...
Processed 18500/35933 videos...
Processed 19000/35933 videos...
Processed 19500/35933 videos...
Processed 20000/35933 videos...
Processed 20500/35933 videos...
Processed 21000/35933 videos...
Processed 21500/35933 videos...
Processed 22000/35933 videos...
Processed 22500/35933 videos...
Processed 23000/35933 videos...
Processed 23500/35933 videos...
Processed 24000/35933 videos...
Processed 24500/35933 videos...
Processed 25000/35933 videos...
Processed 25500/35933 videos...
Processed 26000/35933 videos...
Processed 26500/35933 videos...
Processed 27000/35933 videos...
Processed 27500/35933 videos...
Processed 28000/35933 videos...
Processed 28500/35933 videos...
Processed 29000/35933 videos...
Processed 29500/35933 videos...
Processed 30000/35933 videos...
Processed 30500/35933 videos...
Processed 31000/35933 videos...
Processed 31500/35933 videos...
Processed 32000/35933 videos...
Processed 32500/35933 videos...
Processed 33000/35933 videos...
Processed 33500/35933 videos...
Processed 34000/35933 videos...
Processed 34500/35933 videos...
Processed 35000/35933 videos...
Processed 35500/35933 videos...
Phase 5 completed! Successfully extracted features for 35933/35933 videos.
