Phase 2: Cleaning dataset...
Validating 44961 videos using 19 cores in parallel...
Processed 1000/44961 videos... (0 corrupted found)
Processed 2000/44961 videos... (0 corrupted found)
Processed 3000/44961 videos... (0 corrupted found)
Processed 4000/44961 videos... (0 corrupted found)
Processed 5000/44961 videos... (0 corrupted found)
Processed 6000/44961 videos... (0 corrupted found)
Processed 7000/44961 videos... (0 corrupted found)
Processed 8000/44961 videos... (0 corrupted found)
Processed 9000/44961 videos... (0 corrupted found)
Processed 10000/44961 videos... (0 corrupted found)
Processed 11000/44961 videos... (0 corrupted found)
Processed 12000/44961 videos... (0 corrupted found)
Processed 13000/44961 videos... (0 corrupted found)
Processed 14000/44961 videos... (0 corrupted found)
Processed 15000/44961 videos... (0 corrupted found)
Processed 16000/44961 videos... (0 corrupted found)
Processed 17000/44961 videos... (0 corrupted found)
Processed 18000/44961 videos... (0 corrupted found)
Processed 19000/44961 videos... (0 corrupted found)
Processed 20000/44961 videos... (0 corrupted found)
Processed 21000/44961 videos... (0 corrupted found)
Processed 22000/44961 videos... (0 corrupted found)
Processed 23000/44961 videos... (0 corrupted found)
Processed 24000/44961 videos... (0 corrupted found)
Processed 25000/44961 videos... (0 corrupted found)
Processed 26000/44961 videos... (0 corrupted found)
Processed 27000/44961 videos... (0 corrupted found)
Processed 28000/44961 videos... (0 corrupted found)
Processed 29000/44961 videos... (0 corrupted found)
Processed 30000/44961 videos... (0 corrupted found)
Processed 31000/44961 videos... (0 corrupted found)
Processed 32000/44961 videos... (0 corrupted found)
Processed 33000/44961 videos... (0 corrupted found)
Processed 34000/44961 videos... (0 corrupted found)
Processed 35000/44961 videos... (0 corrupted found)
Processed 36000/44961 videos... (0 corrupted found)
Processed 37000/44961 videos... (0 corrupted found)
Processed 38000/44961 videos... (1 corrupted found)
Processed 39000/44961 videos... (1 corrupted found)
Processed 40000/44961 videos... (1 corrupted found)
Processed 41000/44961 videos... (1 corrupted found)
Processed 42000/44961 videos... (1 corrupted found)
Processed 43000/44961 videos... (1 corrupted found)
Processed 44000/44961 videos... (1 corrupted found)
Cleaning complete! Found 44960 valid videos and 1 corrupted/missing videos.
Replacing old manifest with cleaned manifest...
Phase 2 completed successfully.
