Phase 5: Extracting 8-frame / 4-region crops + audio (from raw video)...
Extracting features for 44960 videos...
Using 6 cores processing in parallel...
WARNING: All log messages before absl::InitializeLog() is called are written to STDERR
I0000 00:00:1783222370.335838   25232 port.cc:153] oneDNN custom operations are on. You may see slightly different numerical results due to floating-point round-off errors from different computation orders. To turn them off, set the environment variable `TF_ENABLE_ONEDNN_OPTS=0`.
WARNING: All log messages before absl::InitializeLog() is called are written to STDERR
I0000 00:00:1783222370.335861   31864 port.cc:153] oneDNN custom operations are on. You may see slightly different numerical results due to floating-point round-off errors from different computation orders. To turn them off, set the environment variable `TF_ENABLE_ONEDNN_OPTS=0`.
WARNING: All log messages before absl::InitializeLog() is called are written to STDERR
WARNING: All log messages before absl::InitializeLog() is called are written to STDERR
WARNING: All log messages before absl::InitializeLog() is called are written to STDERR
WARNING: All log messages before absl::InitializeLog() is called are written to STDERR
I0000 00:00:1783222370.335848    4572 port.cc:153] oneDNN custom operations are on. You may see slightly different numerical results due to floating-point round-off errors from different computation orders. To turn them off, set the environment variable `TF_ENABLE_ONEDNN_OPTS=0`.
I0000 00:00:1783222370.335859   27312 port.cc:153] oneDNN custom operations are on. You may see slightly different numerical results due to floating-point round-off errors from different computation orders. To turn them off, set the environment variable `TF_ENABLE_ONEDNN_OPTS=0`.
I0000 00:00:1783222370.335846   30492 port.cc:153] oneDNN custom operations are on. You may see slightly different numerical results due to floating-point round-off errors from different computation orders. To turn them off, set the environment variable `TF_ENABLE_ONEDNN_OPTS=0`.
I0000 00:00:1783222370.335861   38308 port.cc:153] oneDNN custom operations are on. You may see slightly different numerical results due to floating-point round-off errors from different computation orders. To turn them off, set the environment variable `TF_ENABLE_ONEDNN_OPTS=0`.
WARNING: All log messages before absl::InitializeLog() is called are written to STDERR
I0000 00:00:1783222374.398336   30492 port.cc:153] oneDNN custom operations are on. You may see slightly different numerical results due to floating-point round-off errors from different computation orders. To turn them off, set the environment variable `TF_ENABLE_ONEDNN_OPTS=0`.
WARNING: All log messages before absl::InitializeLog() is called are written to STDERR
WARNING: All log messages before absl::InitializeLog() is called are written to STDERR
WARNING: All log messages before absl::InitializeLog() is called are written to STDERR
I0000 00:00:1783222374.398339   27312 port.cc:153] oneDNN custom operations are on. You may see slightly different numerical results due to floating-point round-off errors from different computation orders. To turn them off, set the environment variable `TF_ENABLE_ONEDNN_OPTS=0`.
WARNING: All log messages before absl::InitializeLog() is called are written to STDERR
I0000 00:00:1783222374.398332    4572 port.cc:153] oneDNN custom operations are on. You may see slightly different numerical results due to floating-point round-off errors from different computation orders. To turn them off, set the environment variable `TF_ENABLE_ONEDNN_OPTS=0`.
WARNING: All log messages before absl::InitializeLog() is called are written to STDERR
I0000 00:00:1783222374.398361   38308 port.cc:153] oneDNN custom operations are on. You may see slightly different numerical results due to floating-point round-off errors from different computation orders. To turn them off, set the environment variable `TF_ENABLE_ONEDNN_OPTS=0`.
I0000 00:00:1783222374.398318   31864 port.cc:153] oneDNN custom operations are on. You may see slightly different numerical results due to floating-point round-off errors from different computation orders. To turn them off, set the environment variable `TF_ENABLE_ONEDNN_OPTS=0`.
I0000 00:00:1783222374.398336   25232 port.cc:153] oneDNN custom operations are on. You may see slightly different numerical results due to floating-point round-off errors from different computation orders. To turn them off, set the environment variable `TF_ENABLE_ONEDNN_OPTS=0`.
W0000 00:00:1783222378.459741   38888 face_landmarker_graph.cc:180] Sets FaceBlendshapesGraph acceleration to xnnpack by default.
W0000 00:00:1783222378.461267    8956 face_landmarker_graph.cc:180] Sets FaceBlendshapesGraph acceleration to xnnpack by default.
W0000 00:00:1783222378.461304   19892 face_landmarker_graph.cc:180] Sets FaceBlendshapesGraph acceleration to xnnpack by default.
W0000 00:00:1783222378.461317   39536 face_landmarker_graph.cc:180] Sets FaceBlendshapesGraph acceleration to xnnpack by default.
W0000 00:00:1783222378.461302   39192 face_landmarker_graph.cc:180] Sets FaceBlendshapesGraph acceleration to xnnpack by default.
W0000 00:00:1783222378.461405   29296 face_landmarker_graph.cc:180] Sets FaceBlendshapesGraph acceleration to xnnpack by default.
INFO: INFO: INFO: INFO: INFO: INFO: Created TensorFlow Lite XNNPACK delegate for CPU.Created TensorFlow Lite XNNPACK delegate for CPU.

Created TensorFlow Lite XNNPACK delegate for CPU.
Created TensorFlow Lite XNNPACK delegate for CPU.
Created TensorFlow Lite XNNPACK delegate for CPU.
Created TensorFlow Lite XNNPACK delegate for CPU.
W0000 00:00:1783222378.487678    3276 inference_feedback_manager.cc:121] Feedback manager requires a model with a single signature inference. Disabling support for feedback tensors.
W0000 00:00:1783222378.487686   34912 inference_feedback_manager.cc:121] Feedback manager requires a model with a single signature inference. Disabling support for feedback tensors.
W0000 00:00:1783222378.487678   37628 inference_feedback_manager.cc:121] Feedback manager requires a model with a single signature inference. Disabling support for feedback tensors.
W0000 00:00:1783222378.487680   35580 inference_feedback_manager.cc:121] Feedback manager requires a model with a single signature inference. Disabling support for feedback tensors.
W0000 00:00:1783222378.487814   25384 inference_feedback_manager.cc:121] Feedback manager requires a model with a single signature inference. Disabling support for feedback tensors.
W0000 00:00:1783222378.487878   22864 inference_feedback_manager.cc:121] Feedback manager requires a model with a single signature inference. Disabling support for feedback tensors.
W0000 00:00:1783222378.521759   38152 inference_feedback_manager.cc:121] Feedback manager requires a model with a single signature inference. Disabling support for feedback tensors.
W0000 00:00:1783222378.522134    3276 inference_feedback_manager.cc:121] Feedback manager requires a model with a single signature inference. Disabling support for feedback tensors.
W0000 00:00:1783222378.522325   37628 inference_feedback_manager.cc:121] Feedback manager requires a model with a single signature inference. Disabling support for feedback tensors.
W0000 00:00:1783222378.522654   25384 inference_feedback_manager.cc:121] Feedback manager requires a model with a single signature inference. Disabling support for feedback tensors.
W0000 00:00:1783222378.523499   26452 inference_feedback_manager.cc:121] Feedback manager requires a model with a single signature inference. Disabling support for feedback tensors.
W0000 00:00:1783222378.523657   30296 inference_feedback_manager.cc:121] Feedback manager requires a model with a single signature inference. Disabling support for feedback tensors.
I0000 00:00:1783222378.569887   27312 cpu_feature_guard.cc:227] This TensorFlow binary is optimized to use available CPU instructions in performance-critical operations.
To enable the following instructions: SSE3 SSE4.1 SSE4.2 AVX AVX2 AVX_VNNI FMA, in other operations, rebuild TensorFlow with the appropriate compiler flags.
I0000 00:00:1783222378.569892   30492 cpu_feature_guard.cc:227] This TensorFlow binary is optimized to use available CPU instructions in performance-critical operations.
To enable the following instructions: SSE3 SSE4.1 SSE4.2 AVX AVX2 AVX_VNNI FMA, in other operations, rebuild TensorFlow with the appropriate compiler flags.
I0000 00:00:1783222378.569883    4572 cpu_feature_guard.cc:227] This TensorFlow binary is optimized to use available CPU instructions in performance-critical operations.
To enable the following instructions: SSE3 SSE4.1 SSE4.2 AVX AVX2 AVX_VNNI FMA, in other operations, rebuild TensorFlow with the appropriate compiler flags.
I0000 00:00:1783222378.569888   31864 cpu_feature_guard.cc:227] This TensorFlow binary is optimized to use available CPU instructions in performance-critical operations.
To enable the following instructions: SSE3 SSE4.1 SSE4.2 AVX AVX2 AVX_VNNI FMA, in other operations, rebuild TensorFlow with the appropriate compiler flags.
I0000 00:00:1783222378.569921   38308 cpu_feature_guard.cc:227] This TensorFlow binary is optimized to use available CPU instructions in performance-critical operations.
To enable the following instructions: SSE3 SSE4.1 SSE4.2 AVX AVX2 AVX_VNNI FMA, in other operations, rebuild TensorFlow with the appropriate compiler flags.
I0000 00:00:1783222378.569889   25232 cpu_feature_guard.cc:227] This TensorFlow binary is optimized to use available CPU instructions in performance-critical operations.
To enable the following instructions: SSE3 SSE4.1 SSE4.2 AVX AVX2 AVX_VNNI FMA, in other operations, rebuild TensorFlow with the appropriate compiler flags.
Exception ignored in: <_io.BufferedReader>
Exception ignored in: <_io.BufferedReader>
Exception ignored in: <_io.BufferedReader>
Exception ignored in: <_io.BufferedReader>
Exception ignored in: <_io.BufferedReader>
Exception ignored in: <_io.BufferedReader>
Traceback (most recent call last):
  File "C:\Users\srees\miniconda3\Lib\site-packages\lz4\frame\__init__.py", line 753, in flush
Traceback (most recent call last):
Traceback (most recent call last):
Traceback (most recent call last):
Traceback (most recent call last):
  File "C:\Users\srees\miniconda3\Lib\site-packages\lz4\frame\__init__.py", line 753, in flush
  File "C:\Users\srees\miniconda3\Lib\site-packages\lz4\frame\__init__.py", line 753, in flush
Traceback (most recent call last):
  File "C:\Users\srees\miniconda3\Lib\site-packages\lz4\frame\__init__.py", line 753, in flush
  File "C:\Users\srees\miniconda3\Lib\site-packages\lz4\frame\__init__.py", line 753, in flush
  File "C:\Users\srees\miniconda3\Lib\site-packages\lz4\frame\__init__.py", line 753, in flush
    self._fp.flush()
    self._fp.flush()
ValueError: I/O operation on closed file.
ValueError: I/O operation on closed file.
    self._fp.flush()
ValueError: I/O operation on closed file.
    self._fp.flush()
ValueError: I/O operation on closed file.
    self._fp.flush()
ValueError: I/O operation on closed file.
    self._fp.flush()
ValueError: I/O operation on closed file.
Exception ignored in: <_io.BufferedReader>
Traceback (most recent call last):
  File "C:\Users\srees\miniconda3\Lib\site-packages\lz4\frame\__init__.py", line 753, in flush
Exception ignored in: <_io.BufferedReader>
Exception ignored in: <_io.BufferedReader>
Traceback (most recent call last):
Traceback (most recent call last):
  File "C:\Users\srees\miniconda3\Lib\site-packages\lz4\frame\__init__.py", line 753, in flush
  File "C:\Users\srees\miniconda3\Lib\site-packages\lz4\frame\__init__.py", line 753, in flush
Exception ignored in: <_io.BufferedReader>
Traceback (most recent call last):
  File "C:\Users\srees\miniconda3\Lib\site-packages\lz4\frame\__init__.py", line 753, in flush
    self._fp.flush()
ValueError: I/O operation on closed file.
Exception ignored in: <_io.BufferedReader>
Traceback (most recent call last):
  File "C:\Users\srees\miniconda3\Lib\site-packages\lz4\frame\__init__.py", line 753, in flush
    self._fp.flush()
ValueError: I/O operation on closed file.
    self._fp.flush()
ValueError: I/O operation on closed file.
Exception ignored in: <_io.BufferedReader>
Traceback (most recent call last):
  File "C:\Users\srees\miniconda3\Lib\site-packages\lz4\frame\__init__.py", line 753, in flush
    self._fp.flush()
ValueError: I/O operation on closed file.
    self._fp.flush()
ValueError: I/O operation on closed file.
    self._fp.flush()
ValueError: I/O operation on closed file.
Exception ignored in: <_io.BufferedReader>
Traceback (most recent call last):
  File "C:\Users\srees\miniconda3\Lib\site-packages\lz4\frame\__init__.py", line 753, in flush
Exception ignored in: <_io.BufferedReader>
Traceback (most recent call last):
Exception ignored in: <_io.BufferedReader>
  File "C:\Users\srees\miniconda3\Lib\site-packages\lz4\frame\__init__.py", line 753, in flush
Traceback (most recent call last):
  File "C:\Users\srees\miniconda3\Lib\site-packages\lz4\frame\__init__.py", line 753, in flush
Exception ignored in: <_io.BufferedReader>
Traceback (most recent call last):
  File "C:\Users\srees\miniconda3\Lib\site-packages\lz4\frame\__init__.py", line 753, in flush
Exception ignored in: <_io.BufferedReader>
Traceback (most recent call last):
  File "C:\Users\srees\miniconda3\Lib\site-packages\lz4\frame\__init__.py", line 753, in flush
Exception ignored in: <_io.BufferedReader>
Traceback (most recent call last):
  File "C:\Users\srees\miniconda3\Lib\site-packages\lz4\frame\__init__.py", line 753, in flush
    self._fp.flush()
ValueError: I/O operation on closed file.
    self._fp.flush()
ValueError: I/O operation on closed file.
    self._fp.flush()
ValueError: I/O operation on closed file.
    self._fp.flush()
ValueError: I/O operation on closed file.
    self._fp.flush()
ValueError: I/O operation on closed file.
    self._fp.flush()
ValueError: I/O operation on closed file.
Processed 500/44960 videos...
Processed 1000/44960 videos...
Processed 1500/44960 videos...
Processed 2000/44960 videos...
Processed 2500/44960 videos...
Processed 3000/44960 videos...
Processed 3500/44960 videos...
Processed 4000/44960 videos...
Processed 4500/44960 videos...
Processed 5000/44960 videos...
Processed 5500/44960 videos...
Processed 6000/44960 videos...
Processed 6500/44960 videos...
Processed 7000/44960 videos...
Processed 7500/44960 videos...
Processed 8000/44960 videos...
Processed 8500/44960 videos...
Processed 9000/44960 videos...
Processed 9500/44960 videos...
Processed 10000/44960 videos...
Processed 10500/44960 videos...
Processed 11000/44960 videos...
Processed 11500/44960 videos...
Processed 12000/44960 videos...
Processed 12500/44960 videos...
Processed 13000/44960 videos...
Processed 13500/44960 videos...
Processed 14000/44960 videos...
Processed 14500/44960 videos...
Processed 15000/44960 videos...
Processed 15500/44960 videos...
Processed 16000/44960 videos...
Processed 16500/44960 videos...
Processed 17000/44960 videos...
Processed 17500/44960 videos...
Processed 18000/44960 videos...
Processed 18500/44960 videos...
Processed 19000/44960 videos...
Processed 19500/44960 videos...
Processed 20000/44960 videos...
Processed 20500/44960 videos...
Processed 21000/44960 videos...
Processed 21500/44960 videos...
Processed 22000/44960 videos...
Processed 22500/44960 videos...
Processed 23000/44960 videos...
Processed 23500/44960 videos...
[out#0/wav @ 000001d499f6ed40] Output file does not contain any stream
Error opening output file data\processed\crops\train\real\000_8c2b29dbd2\audio.wav.
Error opening output files: Invalid argument
[out#0/wav @ 0000015d3f0661c0] Output file does not contain any stream
Error opening output file data\processed\crops\train\real\0000_d3c99fb037\audio.wav.
Error opening output files: Invalid argument
[out#0/wav @ 0000028560ce6900] Output file does not contain any stream
Error opening output file data\processed\crops\train\real\00000_552ef0606d\audio.wav.
Error opening output files: Invalid argument
[out#0/wav @ 00000232397663c0][out#0/wav @ 00000225b8b064c0]  Output file does not contain any stream
Output file does not contain any stream
Error opening output file data\processed\crops\train\real\00001_47b5322a98\audio.wav.
Error opening output file data\processed\crops\train\real\00003_7649f3b702\audio.wav.
Error opening output files: Invalid argumentError opening output files: Invalid argument

[out#0/wav @ 00000251750161c0] Output file does not contain any stream
Error opening output file data\processed\crops\train\real\00004_b0ae032ba6\audio.wav.
Error opening output files: Invalid argument
[out#0/wav @ 0000029803816380] Output file does not contain any stream
Error opening output file data\processed\crops\train\real\00005_bb5467dadb\audio.wav.
Error opening output files: Invalid argument
[out#0/wav @ 00000299a22b49c0] Output file does not contain any stream
Error opening output file data\processed\crops\train\real\00006_085260b713\audio.wav.
Error opening output files: Invalid argument
[out#0/wav @ 000001ffff716740] Output file does not contain any stream
Error opening output file data\processed\crops\train\real\00008_784418995f\audio.wav.
Error opening output files: Invalid argument
[out#0/wav @ 000002b5ddcf6940] Output file does not contain any stream
Error opening output file data\processed\crops\train\real\00009_09d264a286\audio.wav.
Error opening output files: Invalid argument
[out#0/wav @ 00000283649d1700] Output file does not contain any stream
Error opening output file data\processed\crops\train\real\00010_f1fc15f76b\audio.wav.
Error opening output files: Invalid argument
[out#0/wav @ 0000029dc5df49c0] Output file does not contain any stream
Error opening output file data\processed\crops\train\real\00011_528b3ff33d\audio.wav.
Error opening output files: Invalid argument
[out#0/wav @ 00000297b4af6900] Output file does not contain any stream
Error opening output file data\processed\crops\train\real\00015_d740278fdd\audio.wav.
Error opening output files: Invalid argument
[out#0/wav @ 0000022997626440] Output file does not contain any stream
Error opening output file data\processed\crops\train\real\00016_1d85a1eaaf\audio.wav.
Error opening output files: Invalid argument
[out#0/wav @ 0000019973216900] Output file does not contain any stream
Error opening output file data\processed\crops\train\real\00018_47cae3f3e3\audio.wav.
Error opening output files: Invalid argument
[out#0/wav @ 000001bcb5554a00] Output file does not contain any stream
Error opening output file data\processed\crops\train\real\0002_0148b9d2a1\audio.wav.
Error opening output files: Invalid argument
[out#0/wav @ 0000021b058b4a00] Output file does not contain any stream
Error opening output file data\processed\crops\train\real\00020_1e585aaf5d\audio.wav.
Error opening output files: Invalid argument
[out#0/wav @ 00000115cfa06900] Output file does not contain any stream
Error opening output file data\processed\crops\train\real\00021_b8a750f69c\audio.wav.
Error opening output files: Invalid argument
[out#0/wav @ 0000015d48cb6900] Output file does not contain any stream
Error opening output file data\processed\crops\train\real\00022_d8fbd7253c\audio.wav.
Error opening output files: Invalid argument
[out#0/wav @ 000002be62176380] Output file does not contain any stream
Error opening output file data\processed\crops\train\real\00023_8131e37ab5\audio.wav.
Error opening output files: Invalid argument
[out#0/wav @ 000001685c276940] Output file does not contain any stream
Error opening output file data\processed\crops\train\real\00024_041b1022fa\audio.wav.
Error opening output files: Invalid argument
[out#0/wav @ 0000018da72b6900] Output file does not contain any stream
Error opening output file data\processed\crops\train\real\00025_e62d612130\audio.wav.
Error opening output files: Invalid argument
[out#0/wav @ 0000024d71be49c0] Output file does not contain any stream
Error opening output file data\processed\crops\train\real\00027_e68b02cc4b\audio.wav.
Error opening output files: Invalid argument
[out#0/wav @ 000001be127749c0] Output file does not contain any stream
Error opening output file data\processed\crops\train\real\00028_3cf198c43a\audio.wav.
Error opening output files: Invalid argument
[out#0/wav @ 00000229897e6380] Output file does not contain any stream
Error opening output file data\processed\crops\train\real\00029_5c97eaae5c\audio.wav.
Error opening output files: Invalid argument
[out#0/wav @ 000002220ec14d00] Output file does not contain any stream
Error opening output file data\processed\crops\train\real\0003_ec62f520b9\audio.wav.
Error opening output files: Invalid argument
[out#0/wav @ 00000180976849c0] Output file does not contain any stream
Error opening output file data\processed\crops\train\real\00030_f0d461ad3d\audio.wav.
Error opening output files: Invalid argument
[out#0/wav @ 000002ab960f6380] Output file does not contain any stream
Error opening output file data\processed\crops\train\real\00031_48dee2c431\audio.wav.
Error opening output files: Invalid argument
[out#0/wav @ 000001ef3b466380] Output file does not contain any stream
Error opening output file data\processed\crops\train\real\00032_afad03e68b\audio.wav.
Error opening output files: Invalid argument
[out#0/wav @ 0000020606066380] Output file does not contain any stream
Error opening output file data\processed\crops\train\real\00033_78a03f6b59\audio.wav.
Error opening output files: Invalid argument
[out#0/wav @ 000001ee5a8449c0] Output file does not contain any stream
Error opening output file data\processed\crops\train\real\00034_fe1395706b\audio.wav.
Error opening output files: Invalid argument
[out#0/wav @ 000001ea3ad861c0] Output file does not contain any stream
Error opening output file data\processed\crops\train\real\00035_c45247d50d\audio.wav.
Error opening output files: Invalid argument
[out#0/wav @ 000002437c2b63c0] Output file does not contain any stream
Error opening output file data\processed\crops\train\real\00036_60f73059e0\audio.wav.
Error opening output files: Invalid argument
[out#0/wav @ 00000289372661c0] Output file does not contain any stream
Error opening output file data\processed\crops\train\real\00039_40bb7f01d0\audio.wav.
Error opening output files: Invalid argument
[out#0/wav @ 000001eec28749c0] Output file does not contain any stream
Error opening output file data\processed\crops\train\real\00038_52853897eb\audio.wav.
Error opening output files: Invalid argument
[out#0/wav @ 0000027535904980] Output file does not contain any stream
Error opening output file data\processed\crops\train\real\0004_c738714503\audio.wav.
Error opening output files: Invalid argument
[out#0/wav @ 000001efc2cc1700] Output file does not contain any stream
Error opening output file data\processed\crops\train\real\00040_8c4c8f0c7c\audio.wav.
Error opening output files: Invalid argument
[out#0/wav @ 000002c2ecad6900] Output file does not contain any stream
Error opening output file data\processed\crops\train\real\00041_d71e76f4e7\audio.wav.
Error opening output files: Invalid argument
[out#0/wav @ 000002af03ed6900] Output file does not contain any stream
Error opening output file data\processed\crops\train\real\00042_618d1bf4f8\audio.wav.
Error opening output files: Invalid argument
[out#0/wav @ 00000247a5f349c0] Output file does not contain any stream
Error opening output file data\processed\crops\train\real\00043_d9db7bb18b\audio.wav.
Error opening output files: Invalid argument
[out#0/wav @ 000001f8ff0b6380] Output file does not contain any stream
Error opening output file data\processed\crops\train\real\00044_fc8a3b6a10\audio.wav.
Error opening output files: Invalid argument
[out#0/wav @ 0000021fe34461c0] Output file does not contain any stream
Error opening output file data\processed\crops\train\real\00045_5039fa7e72\audio.wav.
Error opening output files: Invalid argument
[out#0/wav @ 00000229275949c0] Output file does not contain any stream
Error opening output file data\processed\crops\train\real\00047_2595b5bb09\audio.wav.
Error opening output files: Invalid argument
[out#0/wav @ 000001fc9a3d49c0] Output file does not contain any stream
Error opening output file data\processed\crops\train\real\00048_11d48b2988\audio.wav.
Error opening output files: Invalid argument
[out#0/wav @ 0000025550fb1640] Output file does not contain any stream
Error opening output file data\processed\crops\train\real\00049_7718e0fa89\audio.wav.
Error opening output files: Invalid argument
[out#0/wav @ 000001c7146d6380] Output file does not contain any stream
Error opening output file data\processed\crops\train\real\0005_1f8ab8cbb9\audio.wav.
Error opening output files: Invalid argument
[out#0/wav @ 000001d3472449c0] Output file does not contain any stream
Error opening output file data\processed\crops\train\real\00050_d946fc3113\audio.wav.
Error opening output files: Invalid argument
[out#0/wav @ 00000170447c14c0] Output file does not contain any stream
Error opening output file data\processed\crops\train\real\00051_e26e6417e7\audio.wav.
Error opening output files: Invalid argument
[out#0/wav @ 000002c589cc6380] Output file does not contain any stream
Error opening output file data\processed\crops\train\real\00052_babf36a89b\audio.wav.
Error opening output files: Invalid argument
[out#0/wav @ 000001ffda506380] Output file does not contain any stream
Error opening output file data\processed\crops\train\real\00053_5b3d030877\audio.wav.
Error opening output files: Invalid argument
[out#0/wav @ 000002b0a52d1700] Output file does not contain any stream
Error opening output file data\processed\crops\train\real\00054_ed3d1cb266\audio.wav.
Error opening output files: Invalid argument
[out#0/wav @ 000001cd349149c0] Output file does not contain any stream
Error opening output file data\processed\crops\train\real\00055_faa4365868\audio.wav.
Error opening output files: Invalid argument
[out#0/wav @ 000001ef96ec6940] Output file does not contain any stream
Error opening output file data\processed\crops\train\real\00056_b8b446977f\audio.wav.
Error opening output files: Invalid argument
[out#0/wav @ 0000017c77696740] Output file does not contain any stream
Error opening output file data\processed\crops\train\real\00057_dba2807bba\audio.wav.
Error opening output files: Invalid argument
[out#0/wav @ 000001a8975549c0] Output file does not contain any stream
Error opening output file data\processed\crops\train\real\00059_3f50d5054f\audio.wav.
Error opening output files: Invalid argument
[out#0/wav @ 0000025ce3b56380] Output file does not contain any stream
Error opening output file data\processed\crops\train\real\0006_a11e26e584\audio.wav.
Error opening output files: Invalid argument
[out#0/wav @ 00000201ec366380] Output file does not contain any stream
Error opening output file data\processed\crops\train\real\00060_ec9890bab2\audio.wav.
Error opening output files: Invalid argument
[out#0/wav @ 00000217b3836380] Output file does not contain any stream
Error opening output file data\processed\crops\train\real\00061_0fe6014f62\audio.wav.
Error opening output files: Invalid argument
[out#0/wav @ 000001d33f581680] Output file does not contain any stream
Error opening output file data\processed\crops\train\real\00062_d1c807dc86\audio.wav.
Error opening output files: Invalid argument
[out#0/wav @ 0000012af3a56380] Output file does not contain any stream
Error opening output file data\processed\crops\train\real\00063_15c7b719bc\audio.wav.
Error opening output files: Invalid argument
[out#0/wav @ 000001f0cdd06380] Output file does not contain any stream
Error opening output file data\processed\crops\train\real\00064_35aefd1161\audio.wav.
Error opening output files: Invalid argument
[out#0/wav @ 00000189c2370ec0] Output file does not contain any stream
Error opening output file data\processed\crops\train\real\00065_9cc1e091da\audio.wav.
Error opening output files: Invalid argument
[out#0/wav @ 00000201e14f6900] Output file does not contain any stream
Error opening output file data\processed\crops\train\real\00066_75a991e54a\audio.wav.
Error opening output files: Invalid argument
[out#0/wav @ 0000018ecaf56380] Output file does not contain any stream
Error opening output file data\processed\crops\train\real\00067_3aab1aef42\audio.wav.
Error opening output files: Invalid argument
[out#0/wav @ 0000018e0fc11640] Output file does not contain any stream
Error opening output file data\processed\crops\train\real\00068_ab5c2c6065\audio.wav.
Error opening output files: Invalid argument
[out#0/wav @ 0000021bd5ff6380] Output file does not contain any stream
Error opening output file data\processed\crops\train\real\00069_3f0dde0fb2\audio.wav.
Error opening output files: Invalid argument
[out#0/wav @ 0000011adb4f6380] Output file does not contain any stream
Error opening output file data\processed\crops\train\real\0007_c94cee81d0\audio.wav.
Error opening output files: Invalid argument
[out#0/wav @ 0000026050f86380] Output file does not contain any stream
Error opening output file data\processed\crops\train\real\00072_fea33c7004\audio.wav.
Error opening output files: Invalid argument
[out#0/wav @ 0000026183266380] Output file does not contain any stream
Error opening output file data\processed\crops\train\real\00071_09729b9a3f\audio.wav.
Error opening output files: Invalid argument
[out#0/wav @ 0000019ed2a549c0] Output file does not contain any stream
Error opening output file data\processed\crops\train\real\00075_a8a6282f56\audio.wav.
Error opening output files: Invalid argument
[out#0/wav @ 00000218da0b6200] Output file does not contain any stream
Error opening output file data\processed\crops\train\real\00077_a6f4c491e1\audio.wav.
Error opening output files: Invalid argument
[out#0/wav @ 000001fbdcce49c0] Output file does not contain any stream
Error opening output file data\processed\crops\train\real\00078_502e79f328\audio.wav.
Error opening output files: Invalid argument
[out#0/wav @ 00000191d1584a00] Output file does not contain any stream
Error opening output file data\processed\crops\train\real\0008_0112a95610\audio.wav.
Error opening output files: Invalid argument
Processed 24000/44960 videos...
[out#0/wav @ 000002b2a14d6380] Output file does not contain any stream
Error opening output file data\processed\crops\train\real\00080_69a0a4ce53\audio.wav.
Error opening output files: Invalid argument
[out#0/wav @ 000002576e6ec940] Output file does not contain any stream
Error opening output file data\processed\crops\train\real\00081_692f5fcc22\audio.wav.
Error opening output files: Invalid argument
[out#0/wav @ 000002135c9e6380] Output file does not contain any stream
Error opening output file data\processed\crops\train\real\00082_5986106487\audio.wav.
Error opening output files: Invalid argument
[out#0/wav @ 000001f4516449c0] Output file does not contain any stream
Error opening output file data\processed\crops\train\real\00083_e7f0348cb5\audio.wav.
Error opening output files: Invalid argument
[out#0/wav @ 0000028cc2fb63c0] Output file does not contain any stream
Error opening output file data\processed\crops\train\real\00084_988dc98fda\audio.wav.
Error opening output files: Invalid argument
[out#0/wav @ 000001c213a449c0] Output file does not contain any stream
Error opening output file data\processed\crops\train\real\00085_27b35828e8\audio.wav.
Error opening output files: Invalid argument
[out#0/wav @ 000002e7162053c0] Output file does not contain any stream
Error opening output file data\processed\crops\train\real\00086_f886b0ad45\audio.wav.
Error opening output files: Invalid argument
[out#0/wav @ 00000275d0e96900] Output file does not contain any stream
Error opening output file data\processed\crops\train\real\00087_2aee585a70\audio.wav.
Error opening output files: Invalid argument
[out#0/wav @ 0000021896e061c0] Output file does not contain any stream
Error opening output file data\processed\crops\train\real\00088_97f440e285\audio.wav.
Error opening output files: Invalid argument
[out#0/wav @ 0000027e12f049c0] Output file does not contain any stream
Error opening output file data\processed\crops\train\real\00089_ec07681dca\audio.wav.
Error opening output files: Invalid argument
[out#0/wav @ 00000215b751ed80] Output file does not contain any stream
Error opening output file data\processed\crops\train\real\0009_b16fe08b59\audio.wav.
Error opening output files: Invalid argument
[out#0/wav @ 000001e8345e6940] Output file does not contain any stream
Error opening output file data\processed\crops\train\real\00092_c2adf0ca9f\audio.wav.
Error opening output files: Invalid argument
[out#0/wav @ 000001e9e61063c0] Output file does not contain any stream
Error opening output file data\processed\crops\train\real\00093_1d80366a83\audio.wav.
Error opening output files: Invalid argument
[out#0/wav @ 000001e1f42963c0] Output file does not contain any stream
Error opening output file data\processed\crops\train\real\00094_eb456ef437\audio.wav.
Error opening output files: Invalid argument
[out#0/wav @ 0000020a6a0e53c0] Output file does not contain any stream
Error opening output file data\processed\crops\train\real\00095_223aefe902\audio.wav.
Error opening output files: Invalid argument
[out#0/wav @ 0000021672796380] Output file does not contain any stream
Error opening output file data\processed\crops\train\real\00097_b817e4337f\audio.wav.
Error opening output files: Invalid argument
[out#0/wav @ 000002a43b4161c0] Output file does not contain any stream
Error opening output file data\processed\crops\train\real\00098_24f158502d\audio.wav.
Error opening output files: Invalid argument
[out#0/wav @ 0000019d3b346380] Output file does not contain any stream
Error opening output file data\processed\crops\train\real\00099_5e8a89907f\audio.wav.
Error opening output files: Invalid argument
[out#0/wav @ 000001a65d5461c0] Output file does not contain any stream
Error opening output file data\processed\crops\train\real\001_65546cf6d4\audio.wav.
Error opening output files: Invalid argument
[out#0/wav @ 000001f7e5ca63c0] Output file does not contain any stream
Error opening output file data\processed\crops\train\real\0010_41597a86f2\audio.wav.
Error opening output files: Invalid argument
[out#0/wav @ 00000201ee516940] Output file does not contain any stream
Error opening output file data\processed\crops\train\real\00100_e83bb469fc\audio.wav.
Error opening output files: Invalid argument
[out#0/wav @ 0000015ed1f46900] Output file does not contain any stream
Error opening output file data\processed\crops\train\real\00102_7b831b4c48\audio.wav.
Error opening output files: Invalid argument
[out#0/wav @ 0000024b5b6649c0] Output file does not contain any stream
Error opening output file data\processed\crops\train\real\00103_15a3f84ffe\audio.wav.
Error opening output files: Invalid argument
[out#0/wav @ 0000016d221b6380] Output file does not contain any stream
Error opening output file data\processed\crops\train\real\00104_60ccf83c19\audio.wav.
Error opening output files: Invalid argument
[out#0/wav @ 0000023ce30b6380] Output file does not contain any stream
Error opening output file data\processed\crops\train\real\00105_236dd57489\audio.wav.
Error opening output files: Invalid argument
[out#0/wav @ 000001f7d42f6900] Output file does not contain any stream
Error opening output file data\processed\crops\train\real\00107_b3b1bd71b7\audio.wav.
Error opening output files: Invalid argument
[out#0/wav @ 0000018a33f56380] Output file does not contain any stream
Error opening output file data\processed\crops\train\real\00109_848e24e37d\audio.wav.
Error opening output files: Invalid argument
[out#0/wav @ 000001c9c5ee6400] Output file does not contain any stream
Error opening output file data\processed\crops\train\real\0011_b145987c4d\audio.wav.
Error opening output files: Invalid argument
[out#0/wav @ 0000017ec1eb6440] Output file does not contain any stream
Error opening output file data\processed\crops\train\real\00106_f5dd20ef4f\audio.wav.
Error opening output files: Invalid argument
[out#0/wav @ 00000216b6f46900] Output file does not contain any stream
Error opening output file data\processed\crops\train\real\00110_4556608f18\audio.wav.
Error opening output files: Invalid argument
[out#0/wav @ 000001cefed91680] Output file does not contain any stream
Error opening output file data\processed\crops\train\real\00112_b0f53d61fc\audio.wav.
Error opening output files: Invalid argument
[out#0/wav @ 000001fd6ae36740] Output file does not contain any stream
Error opening output file data\processed\crops\train\real\00111_ea89ead727\audio.wav.
Error opening output files: Invalid argument
[out#0/wav @ 0000022959476380] Output file does not contain any stream
Error opening output file data\processed\crops\train\real\00114_f934a51254\audio.wav.
Error opening output files: Invalid argument
[out#0/wav @ 000001fddb6d0e80] Output file does not contain any stream
Error opening output file data\processed\crops\train\real\00116_18f5701af5\audio.wav.
Error opening output files: Invalid argument
[out#0/wav @ 000001ea60c66380] Output file does not contain any stream
Error opening output file data\processed\crops\train\real\00117_f705f02f46\audio.wav.
Error opening output files: Invalid argument
[out#0/wav @ 00000146ec066900] Output file does not contain any stream
Error opening output file data\processed\crops\train\real\00118_ac1c022348\audio.wav.
Error opening output files: Invalid argument
[out#0/wav @ 000001bcf8926380] Output file does not contain any stream
Error opening output file data\processed\crops\train\real\0012_5cd648f2e1\audio.wav.
Error opening output files: Invalid argument
[out#0/wav @ 00000215baf56900] Output file does not contain any stream
Error opening output file data\processed\crops\train\real\00120_896279c586\audio.wav.
Error opening output files: Invalid argument
[out#0/wav @ 0000015758c06900] Output file does not contain any stream
Error opening output file data\processed\crops\train\real\00121_2adc53b4e0\audio.wav.
Error opening output files: Invalid argument
[out#0/wav @ 000001ebe74249c0] Output file does not contain any stream
Error opening output file data\processed\crops\train\real\00122_20a8d6a238\audio.wav.
Error opening output files: Invalid argument
[out#0/wav @ 000001a27f726440] Output file does not contain any stream
Error opening output file data\processed\crops\train\real\00123_1ed8bd7fd3\audio.wav.
Error opening output files: Invalid argument
[out#0/wav @ 000002399ab86380] Output file does not contain any stream
Error opening output file data\processed\crops\train\real\00125_7f4d786f93\audio.wav.
Error opening output files: Invalid argument
[out#0/wav @ 000001e5ea4a49c0] Output file does not contain any stream
Error opening output file data\processed\crops\train\real\00127_25ba66bf33\audio.wav.
Error opening output files: Invalid argument
[out#0/wav @ 00000294c1366380] Output file does not contain any stream
Error opening output file data\processed\crops\train\real\00128_6790c75cab\audio.wav.
Error opening output files: Invalid argument
[out#0/wav @ 0000024f092663c0] Output file does not contain any stream
Error opening output file data\processed\crops\train\real\0013_8e15b2db7a\audio.wav.
Error opening output files: Invalid argument
[out#0/wav @ 0000022d74246380] Output file does not contain any stream
Error opening output file data\processed\crops\train\real\00130_857748cea9\audio.wav.
Error opening output files: Invalid argument
[out#0/wav @ 0000021b609116c0] Output file does not contain any stream
Error opening output file data\processed\crops\train\real\00131_c9e0e897cb\audio.wav.
Error opening output files: Invalid argument
[out#0/wav @ 000001fabff66380] Output file does not contain any stream
Error opening output file data\processed\crops\train\real\00132_f6b412bb8a\audio.wav.
Error opening output files: Invalid argument
[out#0/wav @ 000001e922d11640] Output file does not contain any stream
Error opening output file data\processed\crops\train\real\00133_88fddf05fa\audio.wav.
Error opening output files: Invalid argument
[out#0/wav @ 000001dbe9c949c0] Output file does not contain any stream
Error opening output file data\processed\crops\train\real\00134_f0cac41469\audio.wav.
Error opening output files: Invalid argument
[out#0/wav @ 000002e153236380] Output file does not contain any stream
Error opening output file data\processed\crops\train\real\00135_42c44654e5\audio.wav.
Error opening output files: Invalid argument
[out#0/wav @ 000001fda48c6440] Output file does not contain any stream
Error opening output file data\processed\crops\train\real\00136_ada47aacda\audio.wav.
Error opening output files: Invalid argument
[out#0/wav @ 0000020ec6f249c0] Output file does not contain any stream
Error opening output file data\processed\crops\train\real\00137_26be6ccff2\audio.wav.
Error opening output files: Invalid argument
[out#0/wav @ 0000023de0db6940] Output file does not contain any stream
Error opening output file data\processed\crops\train\real\00139_342ebcc998\audio.wav.
Error opening output files: Invalid argument
[out#0/wav @ 0000026b91d86380] Output file does not contain any stream
Error opening output file data\processed\crops\train\real\0014_e4c690869d\audio.wav.
Error opening output files: Invalid argument
[out#0/wav @ 000001e73e626380] Output file does not contain any stream
Error opening output file data\processed\crops\train\real\00140_fd27e2ace9\audio.wav.
Error opening output files: Invalid argument
[out#0/wav @ 00000189e6551680] Output file does not contain any stream
Error opening output file data\processed\crops\train\real\00141_ddc712c87c\audio.wav.
Error opening output files: Invalid argument
[out#0/wav @ 000001dd0f4161c0] Output file does not contain any stream
Error opening output file data\processed\crops\train\real\00142_d8e5f70543\audio.wav.
Error opening output files: Invalid argument
[out#0/wav @ 000001e9e91b6380] Output file does not contain any stream
Error opening output file data\processed\crops\train\real\00143_e662df5e36\audio.wav.
Error opening output files: Invalid argument
[out#0/wav @ 000002efc0ea6740] Output file does not contain any stream
Error opening output file data\processed\crops\train\real\00144_ea24261b8e\audio.wav.
Error opening output files: Invalid argument
[out#0/wav @ 000001fc6b3049c0] Output file does not contain any stream
Error opening output file data\processed\crops\train\real\00145_693931c8f5\audio.wav.
Error opening output files: Invalid argument
[out#0/wav @ 0000022e6a8a63c0] Output file does not contain any stream
Error opening output file data\processed\crops\train\real\00147_e248092c4a\audio.wav.
Error opening output files: Invalid argument
[out#0/wav @ 000001ca441761c0] Output file does not contain any stream
Error opening output file data\processed\crops\train\real\00148_5f6d37879b\audio.wav.
Error opening output files: Invalid argument
[out#0/wav @ 0000026cddb363c0] Output file does not contain any stream
Error opening output file data\processed\crops\train\real\00149_7bb0582a45\audio.wav.
Error opening output files: Invalid argument
[out#0/wav @ 00000259a2c86380] Output file does not contain any stream
Error opening output file data\processed\crops\train\real\0015_23a02257dd\audio.wav.
Error opening output files: Invalid argument
[out#0/wav @ 000002535f3e6380] Output file does not contain any stream
Error opening output file data\processed\crops\train\real\00150_42292128b0\audio.wav.
Error opening output files: Invalid argument
[out#0/wav @ 000001fe2acc63c0] Output file does not contain any stream
Error opening output file data\processed\crops\train\real\00151_fece20ab79\audio.wav.
Error opening output files: Invalid argument
[out#0/wav @ 00000185b2356380] Output file does not contain any stream
Error opening output file data\processed\crops\train\real\00152_fe60e9ee1c\audio.wav.
Error opening output files: Invalid argument
[out#0/wav @ 000001bd49656380] Output file does not contain any stream
Error opening output file data\processed\crops\train\real\00153_7c444fb077\audio.wav.
Error opening output files: Invalid argument
[out#0/wav @ 000002228a9d6380] Output file does not contain any stream
Error opening output file data\processed\crops\train\real\00154_688da23d80\audio.wav.
Error opening output files: Invalid argument
[out#0/wav @ 000002cb68d76940] Output file does not contain any stream
Error opening output file data\processed\crops\train\real\00155_d7bc649b09\audio.wav.
Error opening output files: Invalid argument
[out#0/wav @ 00000237870d61c0] Output file does not contain any stream
Error opening output file data\processed\crops\train\real\00156_28f8d725b4\audio.wav.
Error opening output files: Invalid argument
[out#0/wav @ 000001e67bac61c0] Output file does not contain any stream
Error opening output file data\processed\crops\train\real\00157_7fb509d66f\audio.wav.
Error opening output files: Invalid argument
[out#0/wav @ 0000025656d76900] Output file does not contain any stream
Error opening output file data\processed\crops\train\real\00158_bc4452ddec\audio.wav.
Error opening output files: Invalid argument
[out#0/wav @ 00000257408961c0] Output file does not contain any stream
Error opening output file data\processed\crops\train\real\00159_2a4a5f518a\audio.wav.
Error opening output files: Invalid argument
[out#0/wav @ 00000226ee7c6380] Output file does not contain any stream
Error opening output file data\processed\crops\train\real\0016_1ae0e82ca2\audio.wav.
Error opening output files: Invalid argument
[out#0/wav @ 00000161d6d549c0] Output file does not contain any stream
Error opening output file data\processed\crops\train\real\00160_a2c8382201\audio.wav.
Error opening output files: Invalid argument
[out#0/wav @ 000001c629a61600] Output file does not contain any stream
Error opening output file data\processed\crops\train\real\00161_6e54e37f94\audio.wav.
Error opening output files: Invalid argument
[out#0/wav @ 000001a12fe16380] Output file does not contain any stream
Error opening output file data\processed\crops\train\real\00162_f9c8f7d66d\audio.wav.
Error opening output files: Invalid argument
[out#0/wav @ 000001ae6ba76380] Output file does not contain any stream
Error opening output file data\processed\crops\train\real\00163_ea8faf9483\audio.wav.
Error opening output files: Invalid argument
[out#0/wav @ 000002dcfc0e49c0] Output file does not contain any stream
Error opening output file data\processed\crops\train\real\00164_cd46d052de\audio.wav.
Error opening output files: Invalid argument
[out#0/wav @ 0000023dfe9749c0] Output file does not contain any stream
Error opening output file data\processed\crops\train\real\00165_14a1570a81\audio.wav.
Error opening output files: Invalid argument
[out#0/wav @ 000001b4921049c0] Output file does not contain any stream
Error opening output file data\processed\crops\train\real\00166_fb791b915f\audio.wav.
Error opening output files: Invalid argument
[out#0/wav @ 0000028615da6380] Output file does not contain any stream
Error opening output file data\processed\crops\train\real\00167_be90d0dd00\audio.wav.
Error opening output files: Invalid argument
[out#0/wav @ 000001951edf6900] Output file does not contain any stream
Error opening output file data\processed\crops\train\real\00168_21925cd4fc\audio.wav.
Error opening output files: Invalid argument
[out#0/wav @ 0000019c6f926380] Output file does not contain any stream
Error opening output file data\processed\crops\train\real\00169_8090c43b39\audio.wav.
Error opening output files: Invalid argument
[out#0/wav @ 0000020464bb61c0] Output file does not contain any stream
Error opening output file data\processed\crops\train\real\00170_93c3817638\audio.wav.
Error opening output files: Invalid argument
[out#0/wav @ 00000227c1296380] Output file does not contain any stream
Error opening output file data\processed\crops\train\real\00171_a022078e25\audio.wav.
Error opening output files: Invalid argument
[out#0/wav @ 000002a0f9f561c0] Output file does not contain any stream
Error opening output file data\processed\crops\train\real\00172_703ab841b7\audio.wav.
Error opening output files: Invalid argument
[out#0/wav @ 000002a923de49c0] Output file does not contain any stream
Error opening output file data\processed\crops\train\real\00176_0f1dbee257\audio.wav.
Error opening output files: Invalid argument
[out#0/wav @ 0000021318586380] Output file does not contain any stream
Error opening output file data\processed\crops\train\real\00177_78e2af3c6c\audio.wav.
Error opening output files: Invalid argument
[out#0/wav @ 00000156ed9b49c0] Output file does not contain any stream
Error opening output file data\processed\crops\train\real\00178_4ed6a3ec56\audio.wav.
Error opening output files: Invalid argument
[out#0/wav @ 0000018a36a86740] Output file does not contain any stream
Error opening output file data\processed\crops\train\real\00179_c5405d2ff7\audio.wav.
Error opening output files: Invalid argument
[out#0/wav @ 00000196c38a14c0] Output file does not contain any stream
Error opening output file data\processed\crops\train\real\0018_afad6c3ec0\audio.wav.
Error opening output files: Invalid argument
[out#0/wav @ 0000023d2b8649c0] Output file does not contain any stream
Error opening output file data\processed\crops\train\real\00180_eaa63cf8a1\audio.wav.
Error opening output files: Invalid argument
[out#0/wav @ 000001d319566380] Output file does not contain any stream
Error opening output file data\processed\crops\train\real\00182_d7af676bdd\audio.wav.
Error opening output files: Invalid argument
[out#0/wav @ 000001325fef6380] Output file does not contain any stream
Error opening output file data\processed\crops\train\real\00183_8fbdb99e48\audio.wav.
Error opening output files: Invalid argument
[out#0/wav @ 000001a7724c49c0] Output file does not contain any stream
Error opening output file data\processed\crops\train\real\00185_01da1c62a4\audio.wav.
Error opening output files: Invalid argument
[out#0/wav @ 000002129fab61c0] Output file does not contain any stream
Error opening output file data\processed\crops\train\real\00186_0e7c472850\audio.wav.
Error opening output files: Invalid argument
[out#0/wav @ 0000029a19176380] Output file does not contain any stream
Error opening output file data\processed\crops\train\real\00187_2c25228bde\audio.wav.
Error opening output files: Invalid argument
[out#0/wav @ 0000022706776380] Output file does not contain any stream
Error opening output file data\processed\crops\train\real\0019_6318af95da\audio.wav.
Error opening output files: Invalid argument
[out#0/wav @ 000001c3429c6380] Output file does not contain any stream
Error opening output file data\processed\crops\train\real\00188_b648dc667d\audio.wav.
Error opening output files: Invalid argument
[out#0/wav @ 00000218e32c6380] Output file does not contain any stream
Error opening output file data\processed\crops\train\real\00190_e9954c8b28\audio.wav.
Error opening output files: Invalid argument
[out#0/wav @ 0000017498326900] Output file does not contain any stream
Error opening output file data\processed\crops\train\real\00191_1a07f98c0c\audio.wav.
Error opening output files: Invalid argument
[out#0/wav @ 000001b73fd26380] Output file does not contain any stream
Error opening output file data\processed\crops\train\real\00192_dfe266c5c3\audio.wav.
Error opening output files: Invalid argument
[out#0/wav @ 00000151ef5b16c0] Output file does not contain any stream
Error opening output file data\processed\crops\train\real\00193_aac745b9bb\audio.wav.
Error opening output files: Invalid argument
[out#0/wav @ 000002390cd76940] Output file does not contain any stream
Error opening output file data\processed\crops\train\real\00194_d7ac7e490e\audio.wav.
Error opening output files: Invalid argument
[out#0/wav @ 0000013301cc49c0] Output file does not contain any stream
Error opening output file data\processed\crops\train\real\00195_533754a50f\audio.wav.
Error opening output files: Invalid argument
[out#0/wav @ 00000251466363c0] Output file does not contain any stream
Error opening output file data\processed\crops\train\real\00196_2ac325dd07\audio.wav.
Error opening output files: Invalid argument
[out#0/wav @ 000001ebc4df6380] Output file does not contain any stream
Error opening output file data\processed\crops\train\real\00197_e6cdf34bfa\audio.wav.
Error opening output files: Invalid argument
[out#0/wav @ 0000023e37044a00] Output file does not contain any stream
Error opening output file data\processed\crops\train\real\00198_aaf1048c3d\audio.wav.
Error opening output files: Invalid argument
[out#0/wav @ 00000254ee551700] Output file does not contain any stream
Error opening output file data\processed\crops\train\real\00199_a27259eb74\audio.wav.
Error opening output files: Invalid argument
[out#0/wav @ 000001bb73d06380] Output file does not contain any stream
Error opening output file data\processed\crops\train\real\002_25e712de6d\audio.wav.
Error opening output files: Invalid argument
[out#0/wav @ 00000209f4ee4980] Output file does not contain any stream
Error opening output file data\processed\crops\train\real\0020_52b96de731\audio.wav.
Error opening output files: Invalid argument
[out#0/wav @ 000001c47da36900] Output file does not contain any stream
Error opening output file data\processed\crops\train\real\00200_79a19f560b\audio.wav.
Error opening output files: Invalid argument
[out#0/wav @ 00000193249b6900] Output file does not contain any stream
Error opening output file data\processed\crops\train\real\00201_0e9f682a56\audio.wav.
Error opening output files: Invalid argument
[out#0/wav @ 00000247070b6900] Output file does not contain any stream
Error opening output file data\processed\crops\train\real\00204_2f4ba52ccd\audio.wav.
Error opening output files: Invalid argument
[out#0/wav @ 00000191d9896440] Output file does not contain any stream
Error opening output file data\processed\crops\train\real\00203_747e757312\audio.wav.
Error opening output files: Invalid argument
[out#0/wav @ 0000016a2d216900] Output file does not contain any stream
Error opening output file data\processed\crops\train\real\00206_3633f651cf\audio.wav.
Error opening output files: Invalid argument
[out#0/wav @ 000002448e5f6380] Output file does not contain any stream
Error opening output file data\processed\crops\train\real\00207_bd07558802\audio.wav.
Error opening output files: Invalid argument
[out#0/wav @ 00000153aa3f6900] Output file does not contain any stream
Error opening output file data\processed\crops\train\real\00209_60f83c616a\audio.wav.
Error opening output files: Invalid argument
[out#0/wav @ 0000022887b153c0] Output file does not contain any stream
Error opening output file data\processed\crops\train\real\00210_71de2e10e4\audio.wav.
Error opening output files: Invalid argument
[out#0/wav @ 0000020d17dd6380] Output file does not contain any stream
Error opening output file data\processed\crops\train\real\00212_1d3073a33f\audio.wav.
Error opening output files: Invalid argument
[out#0/wav @ 0000025a06311700] Output file does not contain any stream
Error opening output file data\processed\crops\train\real\00211_7474f591e4\audio.wav.
Error opening output files: Invalid argument
[out#0/wav @ 000001ebfbfc6380] Output file does not contain any stream
Error opening output file data\processed\crops\train\real\00213_d65b3e5e11\audio.wav.
Error opening output files: Invalid argument
[out#0/wav @ 000001ecefb161c0] Output file does not contain any stream
Error opening output file data\processed\crops\train\real\00214_fd0d5d0505\audio.wav.
Error opening output files: Invalid argument
[out#0/wav @ 000001ec6a8249c0] Output file does not contain any stream
Error opening output file data\processed\crops\train\real\00215_d82186d8ba\audio.wav.
Error opening output files: Invalid argument
[out#0/wav @ 0000022ef88f6440] Output file does not contain any stream
Error opening output file data\processed\crops\train\real\00217_7605b2b3a3\audio.wav.
Error opening output files: Invalid argument
[out#0/wav @ 000001fbd5cc6900] Output file does not contain any stream
Error opening output file data\processed\crops\train\real\00218_2fc3a24645\audio.wav.
Error opening output files: Invalid argument
[out#0/wav @ 000001c02dac6380] Output file does not contain any stream
Error opening output file data\processed\crops\train\real\00219_50327646a5\audio.wav.
Error opening output files: Invalid argument
[out#0/wav @ 000002273140ccc0] Output file does not contain any stream
Error opening output file data\processed\crops\train\real\0022_fb3fc2ba4f\audio.wav.
Error opening output files: Invalid argument
[out#0/wav @ 0000012b7c0d4a00] Output file does not contain any stream
Error opening output file data\processed\crops\train\real\00220_8661f78efc\audio.wav.
Error opening output files: Invalid argument
[out#0/wav @ 0000027a777f49c0] Output file does not contain any stream
Error opening output file data\processed\crops\train\real\00223_7292ef2aeb\audio.wav.
Error opening output files: Invalid argument
[out#0/wav @ 000002480b1363c0] Output file does not contain any stream
Error opening output file data\processed\crops\train\real\00224_b62c9b5c3f\audio.wav.
Error opening output files: Invalid argument
[out#0/wav @ 00000202263249c0] Output file does not contain any stream
Error opening output file data\processed\crops\train\real\00225_a8c7c1ec0b\audio.wav.
Error opening output files: Invalid argument
[out#0/wav @ 000001f5872749c0] Output file does not contain any stream
Error opening output file data\processed\crops\train\real\00228_319a60946b\audio.wav.
Error opening output files: Invalid argument
[out#0/wav @ 000001d1374d6940] Output file does not contain any stream
Error opening output file data\processed\crops\train\real\00229_217d0c02c8\audio.wav.
Error opening output files: Invalid argument
[out#0/wav @ 0000028de4b26400] Output file does not contain any stream
Error opening output file data\processed\crops\train\real\0023_0a6aa74ee2\audio.wav.
Error opening output files: Invalid argument
[out#0/wav @ 0000021443f26380] Output file does not contain any stream
Error opening output file data\processed\crops\train\real\00230_5dcd34e26e\audio.wav.
Error opening output files: Invalid argument
[out#0/wav @ 0000017d3b161680] Output file does not contain any stream
Error opening output file data\processed\crops\train\real\00231_bb742df304\audio.wav.
Error opening output files: Invalid argument
[out#0/wav @ 0000019e4b2d6900] Output file does not contain any stream
Error opening output file data\processed\crops\train\real\00232_2a44fcd1ac\audio.wav.
Error opening output files: Invalid argument
[out#0/wav @ 000001ce123f6380] Output file does not contain any stream
Error opening output file data\processed\crops\train\real\00233_46b314503f\audio.wav.
Error opening output files: Invalid argument
[out#0/wav @ 0000022bc3de49c0] Output file does not contain any stream
Error opening output file data\processed\crops\train\real\00235_6866381c70\audio.wav.
Error opening output files: Invalid argument
[out#0/wav @ 0000021228ab49c0] Output file does not contain any stream
Error opening output file data\processed\crops\train\real\00236_f019be80f4\audio.wav.
Error opening output files: Invalid argument
[out#0/wav @ 0000029b2c5c6900] Output file does not contain any stream
Error opening output file data\processed\crops\train\real\00237_9c8b26e46e\audio.wav.
Error opening output files: Invalid argument
[out#0/wav @ 0000018228101700] Output file does not contain any stream
Error opening output file data\processed\crops\train\real\00238_fb7f885104\audio.wav.
Error opening output files: Invalid argument
[out#0/wav @ 00000107bcb06380] Output file does not contain any stream
Error opening output file data\processed\crops\train\real\00240_e2874c4dcd\audio.wav.
Error opening output files: Invalid argument
[out#0/wav @ 0000026393b36380] Output file does not contain any stream
Error opening output file data\processed\crops\train\real\0024_f032afd4f2\audio.wav.
Error opening output files: Invalid argument
[out#0/wav @ 00000285502a6900] Output file does not contain any stream
Error opening output file data\processed\crops\train\real\00241_cac9297bf9\audio.wav.
Error opening output files: Invalid argument
[out#0/wav @ 0000022561856900] Output file does not contain any stream
Error opening output file data\processed\crops\train\real\00242_d5804135e5\audio.wav.
Error opening output files: Invalid argument
[out#0/wav @ 00000287faa36440] Output file does not contain any stream
Error opening output file data\processed\crops\train\real\00244_489b66c19e\audio.wav.
Error opening output files: Invalid argument
[out#0/wav @ 000001c3aee41680] Output file does not contain any stream
Error opening output file data\processed\crops\train\real\00245_20e7758efb\audio.wav.
Error opening output files: Invalid argument
[out#0/wav @ 00000194baf66740] Output file does not contain any stream
Error opening output file data\processed\crops\train\real\00247_fb74778107\audio.wav.
Error opening output files: Invalid argument
[out#0/wav @ 00000214f6736900] Output file does not contain any stream
Error opening output file data\processed\crops\train\real\00248_6295b41a31\audio.wav.
Error opening output files: Invalid argument
[out#0/wav @ 00000230f40649c0] Output file does not contain any stream
Error opening output file data\processed\crops\train\real\00249_d9d27daf2b\audio.wav.
Error opening output files: Invalid argument
[out#0/wav @ 000002566487e8c0] Output file does not contain any stream
Error opening output file data\processed\crops\train\real\0025_7dd9b15926\audio.wav.
Error opening output files: Invalid argument
[out#0/wav @ 000001c42fd06440] Output file does not contain any stream
Error opening output file data\processed\crops\train\real\00250_ad1ee12c4b\audio.wav.
Error opening output files: Invalid argument
[out#0/wav @ 0000014c7b9f6440] Output file does not contain any stream
Error opening output file data\processed\crops\train\real\00251_af2a3353eb\audio.wav.
Error opening output files: Invalid argument
[out#0/wav @ 0000020eaba163c0] Output file does not contain any stream
Error opening output file data\processed\crops\train\real\00252_9a1b7f7c84\audio.wav.
Error opening output files: Invalid argument
[out#0/wav @ 000001a238b56440] Output file does not contain any stream
[out#0/wav @ 000002067cbb49c0]Error opening output file data\processed\crops\train\real\00255_b640ddfc4c\audio.wav.
 Output file does not contain any stream
Error opening output files: Invalid argument
Error opening output file data\processed\crops\train\real\00254_0bf828e3ac\audio.wav.
Error opening output files: Invalid argument
[out#0/wav @ 000001c3c9476440] Output file does not contain any stream
Error opening output file data\processed\crops\train\real\00256_a616ef8bab\audio.wav.
Error opening output files: Invalid argument
[out#0/wav @ 000002ba95876440] Output file does not contain any stream
Error opening output file data\processed\crops\train\real\00257_c32bbfc5c9\audio.wav.
Error opening output files: Invalid argument
[out#0/wav @ 000001b3149161c0] Output file does not contain any stream
Error opening output file data\processed\crops\train\real\00258_ce4e43c74a\audio.wav.
Error opening output files: Invalid argument
[out#0/wav @ 000002c1ded86380] Output file does not contain any stream
Error opening output file data\processed\crops\train\real\00259_cc9dc58954\audio.wav.
Error opening output files: Invalid argument
[out#0/wav @ 00000258f52d6380] Output file does not contain any stream
Error opening output file data\processed\crops\train\real\0026_6382efd641\audio.wav.
Error opening output files: Invalid argument
[out#0/wav @ 0000020fd7c264c0] Output file does not contain any stream
Error opening output file data\processed\crops\train\real\00260_3ba51cf5e4\audio.wav.
Error opening output files: Invalid argument
[out#0/wav @ 00000237546e6380] Output file does not contain any stream
Error opening output file data\processed\crops\train\real\00262_93dadd5836\audio.wav.
Error opening output files: Invalid argument
[out#0/wav @ 000002a3eff06380] Output file does not contain any stream
Error opening output file data\processed\crops\train\real\00263_39645b81fc\audio.wav.
Error opening output files: Invalid argument
[out#0/wav @ 0000029327616380] Output file does not contain any stream
Error opening output file data\processed\crops\train\real\00265_bcec8815ad\audio.wav.
Error opening output files: Invalid argument
[out#0/wav @ 00000291af8d6440] Output file does not contain any stream
Error opening output file data\processed\crops\train\real\00266_d96dc75076\audio.wav.
Error opening output files: Invalid argument
[out#0/wav @ 000002348da961c0] Output file does not contain any stream
Error opening output file data\processed\crops\train\real\00267_76d1cbb11b\audio.wav.
Error opening output files: Invalid argument
[out#0/wav @ 0000026baa156380] Output file does not contain any stream
Error opening output file data\processed\crops\train\real\00268_89dbcff09c\audio.wav.
Error opening output files: Invalid argument
[out#0/wav @ 00000250731963c0] Output file does not contain any stream
Error opening output file data\processed\crops\train\real\00269_5bd5af23ff\audio.wav.
Error opening output files: Invalid argument
[out#0/wav @ 000001ce204d4a00] Output file does not contain any stream
Error opening output file data\processed\crops\train\real\0027_0424bf4938\audio.wav.
Error opening output files: Invalid argument
[out#0/wav @ 00000257c47463c0] Output file does not contain any stream
Error opening output file data\processed\crops\train\real\00270_ddd060d970\audio.wav.
Error opening output files: Invalid argument
[out#0/wav @ 00000268eb9663c0] Output file does not contain any stream
Error opening output file data\processed\crops\train\real\00271_a5a8383ec0\audio.wav.
Error opening output files: Invalid argument
[out#0/wav @ 000001a1626663c0] Output file does not contain any stream
Error opening output file data\processed\crops\train\real\00273_87f2efeed1\audio.wav.
Error opening output files: Invalid argument
[out#0/wav @ 000002139eba6380] Output file does not contain any stream
Error opening output file data\processed\crops\train\real\00274_4947a7c3e1\audio.wav.
Error opening output files: Invalid argument
[out#0/wav @ 000002116b096380] Output file does not contain any stream
Error opening output file data\processed\crops\train\real\00275_43946fc56d\audio.wav.
Error opening output files: Invalid argument
[out#0/wav @ 00000228fce561c0] Output file does not contain any stream
Error opening output file data\processed\crops\train\real\00276_4d28a775c9\audio.wav.
Error opening output files: Invalid argument
[out#0/wav @ 000001de5e206200] Output file does not contain any stream
Error opening output file data\processed\crops\train\real\00277_095cbd7532\audio.wav.
Error opening output files: Invalid argument
[out#0/wav @ 000002661b2063c0] Output file does not contain any stream
Error opening output file data\processed\crops\train\real\00278_b13e5cae04\audio.wav.
Error opening output files: Invalid argument
[out#0/wav @ 0000012e54464a00] Output file does not contain any stream
Error opening output file data\processed\crops\train\real\00279_79c812aa6f\audio.wav.
Error opening output files: Invalid argument
[out#0/wav @ 00000206620c6380] Output file does not contain any stream
Error opening output file data\processed\crops\train\real\00281_c74357ad9c\audio.wav.
Error opening output files: Invalid argument
[out#0/wav @ 00000225b79163c0] Output file does not contain any stream
Error opening output file data\processed\crops\train\real\00283_36bf408d24\audio.wav.
Error opening output files: Invalid argument
[out#0/wav @ 0000023b4c656380] Output file does not contain any stream
Error opening output file data\processed\crops\train\real\00284_3012cd9987\audio.wav.
Error opening output files: Invalid argument
[out#0/wav @ 000001183df661c0] Output file does not contain any stream
Error opening output file data\processed\crops\train\real\00286_ca0458fd4e\audio.wav.
Error opening output files: Invalid argument
[out#0/wav @ 00000232348ec940] Output file does not contain any stream
Error opening output file data\processed\crops\train\real\00287_00f18e9152\audio.wav.
Error opening output files: Invalid argument
[out#0/wav @ 0000023d3aa96380] Output file does not contain any stream
Error opening output file data\processed\crops\train\real\00288_35096f4259\audio.wav.
Error opening output files: Invalid argument
[out#0/wav @ 00000259f4436080] Output file does not contain any stream
Error opening output file data\processed\crops\train\real\0029_57423f17fb\audio.wav.
Error opening output files: Invalid argument
[out#0/wav @ 000001efa76e6380] Output file does not contain any stream
Error opening output file data\processed\crops\train\real\00290_21193b7f31\audio.wav.
Error opening output files: Invalid argument
[out#0/wav @ 0000022448c863c0] Output file does not contain any stream
Error opening output file data\processed\crops\train\real\00291_b795e38d4b\audio.wav.
Error opening output files: Invalid argument
[out#0/wav @ 000001d2d2c56380] Output file does not contain any stream
Error opening output file data\processed\crops\train\real\00292_1f07a8b84b\audio.wav.
Error opening output files: Invalid argument
[out#0/wav @ 000001dd8e8863c0] Output file does not contain any stream
Error opening output file data\processed\crops\train\real\00293_6f5e00822a\audio.wav.
Error opening output files: Invalid argument
[out#0/wav @ 000002b6f3dc6380] Output file does not contain any stream
Error opening output file data\processed\crops\train\real\00294_c940760165\audio.wav.
Error opening output files: Invalid argument
[out#0/wav @ 000001f2785f6380] Output file does not contain any stream
Error opening output file data\processed\crops\train\real\00296_9c0244481f\audio.wav.
Error opening output files: Invalid argument
[out#0/wav @ 000001b6351c6900] Output file does not contain any stream
Error opening output file data\processed\crops\train\real\00297_ced65fdbc2\audio.wav.
Error opening output files: Invalid argument
[out#0/wav @ 000001fd42b66380] Output file does not contain any stream
Error opening output file data\processed\crops\train\real\00298_a123139711\audio.wav.
Error opening output files: Invalid argument
[out#0/wav @ 0000021bc06161c0] Output file does not contain any stream
Error opening output file data\processed\crops\train\real\003_678069a5d1\audio.wav.
Error opening output files: Invalid argument
[out#0/wav @ 000001da40c64a00] Output file does not contain any stream
Error opening output file data\processed\crops\train\real\0030_66dd3702e4\audio.wav.
Error opening output files: Invalid argument
[out#0/wav @ 000001d0b6896380] Output file does not contain any stream
Error opening output file data\processed\crops\train\real\0031_248f0b5a45\audio.wav.
Error opening output files: Invalid argument
[out#0/wav @ 0000026e15b1e6c0] Output file does not contain any stream
Error opening output file data\processed\crops\train\real\0033_0b8eab56eb\audio.wav.
Error opening output files: Invalid argument
[out#0/wav @ 000002ab298d6380] Output file does not contain any stream
Error opening output file data\processed\crops\train\real\0034_d93493ab9b\audio.wav.
Error opening output files: Invalid argument
[out#0/wav @ 000001fb5a404980] Output file does not contain any stream
Error opening output file data\processed\crops\train\real\0035_6cca2e64d3\audio.wav.
Error opening output files: Invalid argument
[out#0/wav @ 00000235bb0d4980] Output file does not contain any stream
Error opening output file data\processed\crops\train\real\0036_b1e5d007e5\audio.wav.
Error opening output files: Invalid argument
[out#0/wav @ 00000284c9156380] Output file does not contain any stream
Error opening output file data\processed\crops\train\real\0038_552e890063\audio.wav.
Error opening output files: Invalid argument
[out#0/wav @ 0000013ecc9c5180] Output file does not contain any stream
Error opening output file data\processed\crops\train\real\004_8b8e8ba5f5\audio.wav.
Error opening output files: Invalid argument
[out#0/wav @ 000002334c8e45c0] Output file does not contain any stream
Error opening output file data\processed\crops\train\real\0041_572a592101\audio.wav.
Error opening output files: Invalid argument
[out#0/wav @ 000002d43a736380] Output file does not contain any stream
Error opening output file data\processed\crops\train\real\0042_3f32d50928\audio.wav.
Error opening output files: Invalid argument
[out#0/wav @ 00000145ef326380] Output file does not contain any stream
Error opening output file data\processed\crops\train\real\0043_2127b4d368\audio.wav.
Error opening output files: Invalid argument
[out#0/wav @ 0000013c297163c0] Output file does not contain any stream
Error opening output file data\processed\crops\train\real\0044_17792157a4\audio.wav.
Error opening output files: Invalid argument
[out#0/wav @ 000002a1f09e61c0] Output file does not contain any stream
Error opening output file data\processed\crops\train\real\0045_e7f6bc3782\audio.wav.
Error opening output files: Invalid argument
[out#0/wav @ 00000275ad5116c0] Output file does not contain any stream
Error opening output file data\processed\crops\train\real\0046_33e3e2e2e7\audio.wav.
Error opening output files: Invalid argument
[out#0/wav @ 000001d26b7b6380] Output file does not contain any stream
Error opening output file data\processed\crops\train\real\0048_ab0a84c089\audio.wav.
Error opening output files: Invalid argument
[out#0/wav @ 000001b7d5e54980] Output file does not contain any stream
Error opening output file data\processed\crops\train\real\007_8579280223\audio.wav.
Error opening output files: Invalid argument
[out#0/wav @ 000001f584e26380] Output file does not contain any stream
Error opening output file data\processed\crops\train\real\008_4b0a68eba2\audio.wav.
Error opening output files: Invalid argument
[out#0/wav @ 000002a338ea6380] Output file does not contain any stream
Error opening output file data\processed\crops\train\real\010_d8df5bfab7\audio.wav.
Error opening output files: Invalid argument
[out#0/wav @ 0000024fee6661c0] Output file does not contain any stream
Error opening output file data\processed\crops\train\real\011_71d99ed063\audio.wav.
Error opening output files: Invalid argument
[out#0/wav @ 00000187738461c0] Output file does not contain any stream
Error opening output file data\processed\crops\train\real\013_bd18b60d68\audio.wav.
Error opening output files: Invalid argument
[out#0/wav @ 0000027419111580] Output file does not contain any stream
Error opening output file data\processed\crops\train\real\014_fab8611f1d\audio.wav.
Error opening output files: Invalid argument
[out#0/wav @ 00000206e5c84980] Output file does not contain any stream
Error opening output file data\processed\crops\train\real\015_4383699153\audio.wav.
Error opening output files: Invalid argument
[out#0/wav @ 000002bbead86380] Output file does not contain any stream
Error opening output file data\processed\crops\train\real\016_521e14f933\audio.wav.
Error opening output files: Invalid argument
[out#0/wav @ 000001a926e54980] Output file does not contain any stream
Error opening output file data\processed\crops\train\real\017_2ceee417e6\audio.wav.
Error opening output files: Invalid argument
[out#0/wav @ 0000023208ec6380] Output file does not contain any stream
Error opening output file data\processed\crops\train\real\018_a489f4f755\audio.wav.
Error opening output files: Invalid argument
[out#0/wav @ 000001a00e7761c0] Output file does not contain any stream
Error opening output file data\processed\crops\train\real\019_fcc1725f94\audio.wav.
Error opening output files: Invalid argument
[out#0/wav @ 0000018529b14980] Output file does not contain any stream
Error opening output file data\processed\crops\train\real\020_9c24200188\audio.wav.
Error opening output files: Invalid argument
[out#0/wav @ 000001567cd66380] Output file does not contain any stream
Error opening output file data\processed\crops\train\real\021_7ffaae71a8\audio.wav.
Error opening output files: Invalid argument
[out#0/wav @ 0000024b41f852c0] Output file does not contain any stream
Error opening output file data\processed\crops\train\real\022_58cc19a98c\audio.wav.
Error opening output files: Invalid argument
[out#0/wav @ 00000215c2f26380] Output file does not contain any stream
Error opening output file data\processed\crops\train\real\023_78f1acea89\audio.wav.
Error opening output files: Invalid argument
[out#0/wav @ 0000019823a463c0] Output file does not contain any stream
Error opening output file data\processed\crops\train\real\024_c0e4c8af3b\audio.wav.
Error opening output files: Invalid argument
[out#0/wav @ 000001d85001b5c0] Output file does not contain any stream
Error opening output file data\processed\crops\train\real\026_10543a1e43\audio.wav.
Error opening output files: Invalid argument
[out#0/wav @ 0000026811554a00] Output file does not contain any stream
Error opening output file data\processed\crops\train\real\025_995dc40d6f\audio.wav.
Error opening output files: Invalid argument
[out#0/wav @ 0000018e4e6e61c0] Output file does not contain any stream
Error opening output file data\processed\crops\train\real\027_f493bfc238\audio.wav.
Error opening output files: Invalid argument
[out#0/wav @ 00000196b71f6380] Output file does not contain any stream
Error opening output file data\processed\crops\train\real\028_1b9f9178d7\audio.wav.
Error opening output files: Invalid argument
[out#0/wav @ 000001bc15976380] Output file does not contain any stream
Error opening output file data\processed\crops\train\real\029_9a7b79399f\audio.wav.
Error opening output files: Invalid argument
[out#0/wav @ 0000016a083e4980] Output file does not contain any stream
Error opening output file data\processed\crops\train\real\030_472fc0091c\audio.wav.
Error opening output files: Invalid argument
[out#0/wav @ 000001a149225680] Output file does not contain any stream
Error opening output file data\processed\crops\train\real\032_ad51f95194\audio.wav.
Error opening output files: Invalid argument
[out#0/wav @ 000002861c056380] Output file does not contain any stream
Error opening output file data\processed\crops\train\real\033_6a06efedfc\audio.wav.
Error opening output files: Invalid argument
[out#0/wav @ 000001d9311e6380] Output file does not contain any stream
Error opening output file data\processed\crops\train\real\035_d653b3ab79\audio.wav.
Error opening output files: Invalid argument
[out#0/wav @ 0000023aa0b361c0] Output file does not contain any stream
Error opening output file data\processed\crops\train\real\036_f8c01a27dd\audio.wav.
Error opening output files: Invalid argument
[out#0/wav @ 0000020a917361c0] Output file does not contain any stream
Error opening output file data\processed\crops\train\real\037_a1b9952c30\audio.wav.
Error opening output files: Invalid argument
[out#0/wav @ 00000260db8c63c0] Output file does not contain any stream
Error opening output file data\processed\crops\train\real\038_469f781e64\audio.wav.
Error opening output files: Invalid argument
[out#0/wav @ 00000251963d6940] Output file does not contain any stream
Error opening output file data\processed\crops\train\real\039_f106de5072\audio.wav.
Error opening output files: Invalid argument
[out#0/wav @ 00000296ba916380] Output file does not contain any stream
Error opening output file data\processed\crops\train\real\040_6bc8337bc4\audio.wav.
Error opening output files: Invalid argument
[out#0/wav @ 000001a7c355edc0] Output file does not contain any stream
Error opening output file data\processed\crops\train\real\041_66acd78943\audio.wav.
Error opening output files: Invalid argument
[out#0/wav @ 000001ca64e963c0] Output file does not contain any stream
Error opening output file data\processed\crops\train\real\044_7ec05c89c0\audio.wav.
Error opening output files: Invalid argument
