Phase 2: Cleaning dataset...
Validating 35933 videos using 19 cores in parallel...
Processed 1000/35933 videos... (0 corrupted found)
Processed 2000/35933 videos... (0 corrupted found)
Processed 3000/35933 videos... (0 corrupted found)
Processed 4000/35933 videos... (0 corrupted found)
Processed 5000/35933 videos... (0 corrupted found)
Processed 6000/35933 videos... (0 corrupted found)
Processed 7000/35933 videos... (0 corrupted found)
Processed 8000/35933 videos... (0 corrupted found)
Processed 9000/35933 videos... (0 corrupted found)
Processed 10000/35933 videos... (0 corrupted found)
Processed 11000/35933 videos... (0 corrupted found)
Processed 12000/35933 videos... (0 corrupted found)
Processed 13000/35933 videos... (0 corrupted found)
Processed 14000/35933 videos... (0 corrupted found)
Processed 15000/35933 videos... (0 corrupted found)
Processed 16000/35933 videos... (0 corrupted found)
Processed 17000/35933 videos... (0 corrupted found)
Processed 18000/35933 videos... (0 corrupted found)
Processed 19000/35933 videos... (0 corrupted found)
Processed 20000/35933 videos... (0 corrupted found)
Processed 21000/35933 videos... (0 corrupted found)
Processed 22000/35933 videos... (0 corrupted found)
Processed 23000/35933 videos... (0 corrupted found)
Processed 24000/35933 videos... (0 corrupted found)
Processed 25000/35933 videos... (0 corrupted found)
Processed 26000/35933 videos... (0 corrupted found)
Processed 27000/35933 videos... (0 corrupted found)
Processed 28000/35933 videos... (0 corrupted found)
Processed 29000/35933 videos... (0 corrupted found)
Processed 30000/35933 videos... (0 corrupted found)
Processed 31000/35933 videos... (0 corrupted found)
Processed 32000/35933 videos... (0 corrupted found)
Processed 33000/35933 videos... (0 corrupted found)
Processed 34000/35933 videos... (0 corrupted found)
Processed 35000/35933 videos... (0 corrupted found)
Cleaning complete! Found 35933 valid videos and 0 corrupted/missing videos.
Replacing old manifest with cleaned manifest...
Phase 2 completed successfully.
