Using device: cuda
Loading DINOv2 ViT-S/14 with LoRA on last 4 blocks...
Using cache found in C:\Users\srees/.cache\torch\hub\facebookresearch_dinov2_main
C:\Users\srees/.cache\torch\hub\facebookresearch_dinov2_main\dinov2\layers\swiglu_ffn.py:51: UserWarning: xFormers is not available (SwiGLU)
  warnings.warn("xFormers is not available (SwiGLU)")
C:\Users\srees/.cache\torch\hub\facebookresearch_dinov2_main\dinov2\layers\attention.py:33: UserWarning: xFormers is not available (Attention)
  warnings.warn("xFormers is not available (Attention)")
C:\Users\srees/.cache\torch\hub\facebookresearch_dinov2_main\dinov2\layers\block.py:40: UserWarning: xFormers is not available (Block)
  warnings.warn("xFormers is not available (Block)")
trainable params: 196,608 || all params: 22,253,184 || trainable%: 0.8835
Loading Whisper-tiny encoder with LoRA on last block...
trainable params: 55,296 || all params: 7,687,680 || trainable%: 0.7193
Loading Stage A weights from models\stageA_best_model.pth

[Data Distribution] Real: 2558  Fake: 7674  Total: 10232
[Val set] 6100 videos

[DataLoader] physical_batch=2 grad_accum=8 (effective batch=16) num_workers=4
Resuming from completed checkpoint: models\stageB_checkpoint_epoch2.pth (epoch 2)
Resuming from in-progress checkpoint at epoch 3 (batch 5100)
Starting Stage B Training (LoRA fine-tune, raw crops/audio)...
  Batch 40/5116 | Loss: 0.1200
  Batch 80/5116 | Loss: 0.0033
  Batch 120/5116 | Loss: 0.0008
  Batch 160/5116 | Loss: 0.0047
  Batch 200/5116 | Loss: 0.1769
  Batch 240/5116 | Loss: 0.0090
  Batch 280/5116 | Loss: 0.0027
  Batch 320/5116 | Loss: 0.0074
  Batch 360/5116 | Loss: 0.0034
  Batch 400/5116 | Loss: 0.0088
  Batch 440/5116 | Loss: 0.0107
  Batch 480/5116 | Loss: 0.0021
  Batch 520/5116 | Loss: 0.0083
  Batch 560/5116 | Loss: 0.0078
  Batch 600/5116 | Loss: 0.0012
  Batch 640/5116 | Loss: 0.0028
  Batch 680/5116 | Loss: 0.0123
  Batch 720/5116 | Loss: 0.0001
  Batch 760/5116 | Loss: 0.0009
  Batch 800/5116 | Loss: 0.0001
  Batch 840/5116 | Loss: 0.1293
  Batch 880/5116 | Loss: 0.0003
  Batch 920/5116 | Loss: 0.7205
  Batch 960/5116 | Loss: 0.0203
  Batch 1000/5116 | Loss: 0.0013
  Batch 1040/5116 | Loss: 0.5444
  Batch 1080/5116 | Loss: 0.0021
  Batch 1120/5116 | Loss: 0.0005
  Batch 1160/5116 | Loss: 0.0031
  Batch 1200/5116 | Loss: 0.0013
  Batch 1240/5116 | Loss: 0.0709
  Batch 1280/5116 | Loss: 0.0088
  Batch 1320/5116 | Loss: 0.0041
  Batch 1360/5116 | Loss: 0.0158
  Batch 1400/5116 | Loss: 0.0128
  Batch 1440/5116 | Loss: 0.0020
  Batch 1480/5116 | Loss: 0.0006
  Batch 1520/5116 | Loss: 0.0394
  Batch 1560/5116 | Loss: 0.0005
  Batch 1600/5116 | Loss: 0.0006
  Batch 1640/5116 | Loss: 0.0016
  Batch 1680/5116 | Loss: 0.0030
  Batch 1720/5116 | Loss: 0.0088
  Batch 1760/5116 | Loss: 0.0443
  Batch 1800/5116 | Loss: 0.0341
  Batch 1840/5116 | Loss: 0.1708
  Batch 1880/5116 | Loss: 0.0502
  Batch 1920/5116 | Loss: 0.0567
  Batch 1960/5116 | Loss: 0.0030
  Batch 2000/5116 | Loss: 0.0028
  Batch 2040/5116 | Loss: 0.0007
  Batch 2080/5116 | Loss: 0.2349
  Batch 2120/5116 | Loss: 0.0085
  Batch 2160/5116 | Loss: 0.0054
  Batch 2200/5116 | Loss: 0.0113
  Batch 2240/5116 | Loss: 0.0048
  Batch 2280/5116 | Loss: 0.0312
  Batch 2320/5116 | Loss: 0.0812
  Batch 2360/5116 | Loss: 0.0015
  Batch 2400/5116 | Loss: 0.0078
  Batch 2440/5116 | Loss: 0.0015
  Batch 2480/5116 | Loss: 0.0201
  Batch 2520/5116 | Loss: 0.0462
  Batch 2560/5116 | Loss: 0.0023
  Batch 2600/5116 | Loss: 0.0008
  Batch 2640/5116 | Loss: 0.0213
  Batch 2680/5116 | Loss: 0.0007
  Batch 2720/5116 | Loss: 0.0007
  Batch 2760/5116 | Loss: 0.0009
  Batch 2800/5116 | Loss: 0.0024
  Batch 2840/5116 | Loss: 0.1063
  Batch 2880/5116 | Loss: 0.0025
  Batch 2920/5116 | Loss: 0.0006
  Batch 2960/5116 | Loss: 0.1331
  Batch 3000/5116 | Loss: 0.0088
  Batch 3040/5116 | Loss: 0.0207
  Batch 3080/5116 | Loss: 1.2448
  Batch 3120/5116 | Loss: 0.0094
  Batch 3160/5116 | Loss: 0.0426
  Batch 3200/5116 | Loss: 0.0003
  Batch 3240/5116 | Loss: 0.0287
  Batch 3280/5116 | Loss: 0.0167
  Batch 3320/5116 | Loss: 0.0241
  Batch 3360/5116 | Loss: 0.0202
  Batch 3400/5116 | Loss: 0.0061
  Batch 3440/5116 | Loss: 0.0237
  Batch 3480/5116 | Loss: 0.0208
  Batch 3520/5116 | Loss: 0.0457
  Batch 3560/5116 | Loss: 0.0037
  Batch 3600/5116 | Loss: 0.0105
  Batch 3640/5116 | Loss: 0.0219
  Batch 3680/5116 | Loss: 0.0010
  Batch 3720/5116 | Loss: 1.4321
  Batch 3760/5116 | Loss: 0.0254
  Batch 3800/5116 | Loss: 0.0249
  Batch 3840/5116 | Loss: 0.1433
  Batch 3880/5116 | Loss: 0.0010
  Batch 3920/5116 | Loss: 0.0014
  Batch 3960/5116 | Loss: 0.5532
  Batch 4000/5116 | Loss: 0.0026
  Batch 4040/5116 | Loss: 0.0000
  Batch 4080/5116 | Loss: 0.0067
  Batch 4120/5116 | Loss: 0.0034
  Batch 4160/5116 | Loss: 0.0087
  Batch 4200/5116 | Loss: 0.0029
  Batch 4240/5116 | Loss: 0.0116
  Batch 4280/5116 | Loss: 0.0407
  Batch 4320/5116 | Loss: 0.0375
  Batch 4360/5116 | Loss: 0.8570
  Batch 4400/5116 | Loss: 0.0135
  Batch 4440/5116 | Loss: 0.0008
  Batch 4480/5116 | Loss: 0.0559
  Batch 4520/5116 | Loss: 0.0212
  Batch 4560/5116 | Loss: 0.0099
  Batch 4600/5116 | Loss: 0.0207
  Batch 4640/5116 | Loss: 0.0074
  Batch 4680/5116 | Loss: 0.0185
  Batch 4720/5116 | Loss: 0.0053
  Batch 4760/5116 | Loss: 0.1742
  Batch 4800/5116 | Loss: 0.0158
  Batch 4840/5116 | Loss: 0.0034
  Batch 4880/5116 | Loss: 0.0046
  Batch 4920/5116 | Loss: 0.0211
  Batch 4960/5116 | Loss: 0.0205
  Batch 5000/5116 | Loss: 0.0057
  Batch 5040/5116 | Loss: 0.0005
  Batch 5080/5116 | Loss: 0.0107
Epoch 3 | Train Loss: 0.0820 | Train Acc: 0.9890 | Val AUC: 0.9948
Saved checkpoint: models\stageB_checkpoint_epoch3.pth
  No improvement for 1/4 epochs
  Batch 40/5116 | Loss: 0.0001
  Batch 80/5116 | Loss: 0.0067
  Batch 120/5116 | Loss: 0.0006
  Batch 160/5116 | Loss: 0.0936
  Batch 200/5116 | Loss: 0.0014
  Batch 240/5116 | Loss: 0.0013
  Batch 280/5116 | Loss: 0.0103
  Batch 320/5116 | Loss: 0.0072
  Batch 360/5116 | Loss: 0.0200
  Batch 400/5116 | Loss: 0.0023
  Batch 440/5116 | Loss: 0.0003
  Batch 480/5116 | Loss: 0.0186
  Batch 520/5116 | Loss: 0.0005
  Batch 560/5116 | Loss: 0.0032
  Batch 600/5116 | Loss: 0.0036
  Batch 640/5116 | Loss: 0.0004
  Batch 680/5116 | Loss: 0.0022
  Batch 720/5116 | Loss: 0.0005
  Batch 760/5116 | Loss: 0.4207
  Batch 800/5116 | Loss: 0.0013
  Batch 840/5116 | Loss: 0.0029
  Batch 880/5116 | Loss: 0.0002
  Batch 920/5116 | Loss: 0.1398
  Batch 960/5116 | Loss: 0.0442
  Batch 1000/5116 | Loss: 0.0017
  Batch 1040/5116 | Loss: 0.0112
  Batch 1080/5116 | Loss: 0.0006
  Batch 1120/5116 | Loss: 0.0006
  Batch 1160/5116 | Loss: 0.0010
  Batch 1200/5116 | Loss: 0.0048
  Batch 1240/5116 | Loss: 0.0001
  Batch 1280/5116 | Loss: 0.0030
  Batch 1320/5116 | Loss: 0.0010
  Batch 1360/5116 | Loss: 0.1276
  Batch 1400/5116 | Loss: 0.0036
  Batch 1440/5116 | Loss: 0.3149
  Batch 1480/5116 | Loss: 0.0009
  Batch 1520/5116 | Loss: 0.0002
  Batch 1560/5116 | Loss: 0.0003
  Batch 1600/5116 | Loss: 0.0007
  Batch 1640/5116 | Loss: 0.0008
  Batch 1680/5116 | Loss: 0.0031
  Batch 1720/5116 | Loss: 0.0007
  Batch 1760/5116 | Loss: 0.0013
  Batch 1800/5116 | Loss: 0.0012
  Batch 1840/5116 | Loss: 0.0013
  Batch 1880/5116 | Loss: 0.0128
  Batch 1920/5116 | Loss: 0.0113
  Batch 1960/5116 | Loss: 0.0008
  Batch 2000/5116 | Loss: 0.0017
  Batch 2040/5116 | Loss: 0.0015
  Batch 2080/5116 | Loss: 0.0072
  Batch 2120/5116 | Loss: 0.0017
  Batch 2160/5116 | Loss: 0.1103
  Batch 2200/5116 | Loss: 0.0001
  Batch 2240/5116 | Loss: 0.0128
  Batch 2280/5116 | Loss: 0.0063
  Batch 2320/5116 | Loss: 0.0208
  Batch 2360/5116 | Loss: 0.0006
  Batch 2400/5116 | Loss: 0.0276
  Batch 2440/5116 | Loss: 0.0166
  Batch 2480/5116 | Loss: 0.0015
  Batch 2520/5116 | Loss: 0.1040
  Batch 2560/5116 | Loss: 0.0170
  Batch 2600/5116 | Loss: 0.0107
  Batch 2640/5116 | Loss: 0.0019
  Batch 2680/5116 | Loss: 0.0169
  Batch 2720/5116 | Loss: 0.0563
  Batch 2760/5116 | Loss: 0.0006
  Batch 2800/5116 | Loss: 0.3096
  Batch 2840/5116 | Loss: 0.0039
  Batch 2880/5116 | Loss: 0.0047
  Batch 2920/5116 | Loss: 0.0085
  Batch 2960/5116 | Loss: 0.0029
  Batch 3000/5116 | Loss: 0.0002
  Batch 3040/5116 | Loss: 0.0005
  Batch 3080/5116 | Loss: 0.0028
  Batch 3120/5116 | Loss: 0.1024
  Batch 3160/5116 | Loss: 0.2540
  Batch 3200/5116 | Loss: 0.0004
  Batch 3240/5116 | Loss: 0.0003
  Batch 3280/5116 | Loss: 0.0026
  Batch 3320/5116 | Loss: 0.3341
  Batch 3360/5116 | Loss: 0.0048
  Batch 3400/5116 | Loss: 0.0013
  Batch 3440/5116 | Loss: 0.0007
  Batch 3480/5116 | Loss: 0.0015
  Batch 3520/5116 | Loss: 0.0070
  Batch 3560/5116 | Loss: 0.0014
  Batch 3600/5116 | Loss: 0.0006
  Batch 3640/5116 | Loss: 0.0126
  Batch 3680/5116 | Loss: 0.3399
  Batch 3720/5116 | Loss: 0.0148
  Batch 3760/5116 | Loss: 0.0011
  Batch 3800/5116 | Loss: 0.0010
  Batch 3840/5116 | Loss: 0.0178
  Batch 3880/5116 | Loss: 0.0044
  Batch 3920/5116 | Loss: 0.0209
  Batch 3960/5116 | Loss: 0.0019
  Batch 4000/5116 | Loss: 0.0177
  Batch 4040/5116 | Loss: 0.0048
  Batch 4080/5116 | Loss: 0.0198
  Batch 4120/5116 | Loss: 0.0127
  Batch 4160/5116 | Loss: 0.0213
  Batch 4200/5116 | Loss: 0.0020
  Batch 4240/5116 | Loss: 0.0060
  Batch 4280/5116 | Loss: 0.2227
  Batch 4320/5116 | Loss: 0.2263
  Batch 4360/5116 | Loss: 0.0022
  Batch 4400/5116 | Loss: 0.0092
  Batch 4440/5116 | Loss: 0.0042
  Batch 4480/5116 | Loss: 0.0070
  Batch 4520/5116 | Loss: 0.0053
  Batch 4560/5116 | Loss: 0.0204
  Batch 4600/5116 | Loss: 0.0011
  Batch 4640/5116 | Loss: 0.0050
  Batch 4680/5116 | Loss: 0.0318
  Batch 4720/5116 | Loss: 0.0002
  Batch 4760/5116 | Loss: 0.0019
  Batch 4800/5116 | Loss: 0.0038
  Batch 4840/5116 | Loss: 0.0007
  Batch 4880/5116 | Loss: 0.0003
  Batch 4920/5116 | Loss: 0.0014
  Batch 4960/5116 | Loss: 0.0050
  Batch 5000/5116 | Loss: 0.0002
  Batch 5040/5116 | Loss: 0.0002
  Batch 5080/5116 | Loss: 0.0100
Epoch 4 | Train Loss: 0.0739 | Train Acc: 0.9898 | Val AUC: 0.9934
Saved checkpoint: models\stageB_checkpoint_epoch4.pth
  No improvement for 2/4 epochs
  Batch 40/5116 | Loss: 0.0225
  Batch 80/5116 | Loss: 0.0059
  Batch 120/5116 | Loss: 0.0156
  Batch 160/5116 | Loss: 0.0873
  Batch 200/5116 | Loss: 0.3620
  Batch 240/5116 | Loss: 0.0012
  Batch 280/5116 | Loss: 0.0017
  Batch 320/5116 | Loss: 0.0051
  Batch 360/5116 | Loss: 0.0082
  Batch 400/5116 | Loss: 0.0017
  Batch 440/5116 | Loss: 0.0034
  Batch 480/5116 | Loss: 0.0502
  Batch 520/5116 | Loss: 0.0130
  Batch 560/5116 | Loss: 0.0045
  Batch 600/5116 | Loss: 0.0015
  Batch 640/5116 | Loss: 0.2065
  Batch 680/5116 | Loss: 0.0009
  Batch 720/5116 | Loss: 0.0009
  Batch 760/5116 | Loss: 0.0009
  Batch 800/5116 | Loss: 0.0003
  Batch 840/5116 | Loss: 0.0016
  Batch 880/5116 | Loss: 0.0006
  Batch 920/5116 | Loss: 0.8197
  Batch 960/5116 | Loss: 0.0036
  Batch 1000/5116 | Loss: 0.0006
  Batch 1040/5116 | Loss: 0.0009
  Batch 1080/5116 | Loss: 0.0131
  Batch 1120/5116 | Loss: 0.0027
  Batch 1160/5116 | Loss: 0.0016
  Batch 1200/5116 | Loss: 0.0207
  Batch 1240/5116 | Loss: 0.0114
  Batch 1280/5116 | Loss: 0.0001
  Batch 1320/5116 | Loss: 0.0011
  Batch 1360/5116 | Loss: 0.0011
  Batch 1400/5116 | Loss: 0.0480
  Batch 1440/5116 | Loss: 0.0036
  Batch 1480/5116 | Loss: 0.0066
  Batch 1520/5116 | Loss: 0.0022
  Batch 1560/5116 | Loss: 0.0042
  Batch 1600/5116 | Loss: 0.0014
  Batch 1640/5116 | Loss: 0.0309
  Batch 1680/5116 | Loss: 0.0004
  Batch 1720/5116 | Loss: 0.0007
  Batch 1760/5116 | Loss: 0.0001
  Batch 1800/5116 | Loss: 0.0009
  Batch 1840/5116 | Loss: 0.3531
  Batch 1880/5116 | Loss: 0.0002
  Batch 1920/5116 | Loss: 0.0115
  Batch 1960/5116 | Loss: 0.0042
  Batch 2000/5116 | Loss: 0.0022
  Batch 2040/5116 | Loss: 0.0034
  Batch 2080/5116 | Loss: 0.0014
  Batch 2120/5116 | Loss: 0.0013
  Batch 2160/5116 | Loss: 0.0006
  Batch 2200/5116 | Loss: 0.0004
  Batch 2240/5116 | Loss: 0.0073
  Batch 2280/5116 | Loss: 0.0108
  Batch 2320/5116 | Loss: 0.0487
  Batch 2360/5116 | Loss: 0.0104
  Batch 2400/5116 | Loss: 0.0367
  Batch 2440/5116 | Loss: 0.0049
  Batch 2480/5116 | Loss: 0.0022
  Batch 2520/5116 | Loss: 0.0742
  Batch 2560/5116 | Loss: 0.0193
  Batch 2600/5116 | Loss: 0.4837
  Batch 2640/5116 | Loss: 0.0001
  Batch 2680/5116 | Loss: 0.1316
  Batch 2720/5116 | Loss: 0.0019
  Batch 2760/5116 | Loss: 0.2836
  Batch 2800/5116 | Loss: 0.0009
  Batch 2840/5116 | Loss: 0.0137
  Batch 2880/5116 | Loss: 0.3891
  Batch 2920/5116 | Loss: 0.0123
  Batch 2960/5116 | Loss: 0.0083
  Batch 3000/5116 | Loss: 0.0207
  Batch 3040/5116 | Loss: 0.0246
  Batch 3080/5116 | Loss: 0.0008
  Batch 3120/5116 | Loss: 0.0014
  Batch 3160/5116 | Loss: 0.0160
  Batch 3200/5116 | Loss: 0.0006
  Batch 3240/5116 | Loss: 0.0378
  Batch 3280/5116 | Loss: 0.1890
  Batch 3320/5116 | Loss: 0.0059
  Batch 3360/5116 | Loss: 0.0009
  Batch 3400/5116 | Loss: 0.0247
  Batch 3440/5116 | Loss: 0.0019
  Batch 3480/5116 | Loss: 0.0048
  Batch 3520/5116 | Loss: 0.0030
  Batch 3560/5116 | Loss: 0.0009
  Batch 3600/5116 | Loss: 0.0436
  Batch 3640/5116 | Loss: 0.0027
  Batch 3680/5116 | Loss: 0.0016
  Batch 3720/5116 | Loss: 0.0019
  Batch 3760/5116 | Loss: 0.0086
  Batch 3800/5116 | Loss: 0.0024
  Batch 3840/5116 | Loss: 0.0013
  Batch 3880/5116 | Loss: 0.0457
  Batch 3920/5116 | Loss: 0.0069
  Batch 3960/5116 | Loss: 0.0037
  Batch 4000/5116 | Loss: 0.0010
  Batch 4040/5116 | Loss: 0.0013
  Batch 4080/5116 | Loss: 0.2106
  Batch 4120/5116 | Loss: 0.0275
  Batch 4160/5116 | Loss: 0.0049
  Batch 4200/5116 | Loss: 0.0053
  Batch 4240/5116 | Loss: 0.0228
  Batch 4280/5116 | Loss: 0.0038
  Batch 4320/5116 | Loss: 0.0015
  Batch 4360/5116 | Loss: 0.0002
  Batch 4400/5116 | Loss: 0.0032
  Batch 4440/5116 | Loss: 0.7193
  Batch 4480/5116 | Loss: 0.0016
  Batch 4520/5116 | Loss: 0.0007
  Batch 4560/5116 | Loss: 0.0118
  Batch 4600/5116 | Loss: 0.0021
  Batch 4640/5116 | Loss: 0.0012
  Batch 4680/5116 | Loss: 1.3090
  Batch 4720/5116 | Loss: 0.0017
  Batch 4760/5116 | Loss: 0.0002
  Batch 4800/5116 | Loss: 0.2410
  Batch 4840/5116 | Loss: 0.0018
  Batch 4880/5116 | Loss: 0.0008
  Batch 4920/5116 | Loss: 0.0078
  Batch 4960/5116 | Loss: 1.3210
  Batch 5000/5116 | Loss: 0.1860
  Batch 5040/5116 | Loss: 0.0017
  Batch 5080/5116 | Loss: 0.0209
Epoch 5 | Train Loss: 0.0646 | Train Acc: 0.9906 | Val AUC: 0.9953
Saved checkpoint: models\stageB_checkpoint_epoch5.pth
  No improvement for 3/4 epochs
  Batch 40/5116 | Loss: 0.0007
  Batch 80/5116 | Loss: 0.0242
  Batch 120/5116 | Loss: 0.0013
  Batch 160/5116 | Loss: 0.0005
  Batch 200/5116 | Loss: 0.0010
  Batch 240/5116 | Loss: 0.0006
  Batch 280/5116 | Loss: 0.0043
  Batch 320/5116 | Loss: 0.0004
  Batch 360/5116 | Loss: 0.0023
  Batch 400/5116 | Loss: 0.0004
  Batch 440/5116 | Loss: 0.0006
  Batch 480/5116 | Loss: 0.0037
  Batch 520/5116 | Loss: 0.0044
  Batch 560/5116 | Loss: 0.0414
  Batch 600/5116 | Loss: 0.0351
  Batch 640/5116 | Loss: 0.0005
  Batch 680/5116 | Loss: 0.0077
  Batch 720/5116 | Loss: 0.0373
  Batch 760/5116 | Loss: 0.0029
  Batch 800/5116 | Loss: 0.1694
  Batch 840/5116 | Loss: 1.0363
  Batch 880/5116 | Loss: 0.0031
  Batch 920/5116 | Loss: 0.0161
  Batch 960/5116 | Loss: 0.0005
  Batch 1000/5116 | Loss: 3.6571
  Batch 1040/5116 | Loss: 0.0286
  Batch 1080/5116 | Loss: 0.0921
  Batch 1120/5116 | Loss: 0.0010
  Batch 1160/5116 | Loss: 0.0019
  Batch 1200/5116 | Loss: 0.0218
  Batch 1240/5116 | Loss: 0.3659
  Batch 1280/5116 | Loss: 0.0007
  Batch 1320/5116 | Loss: 0.0022
  Batch 1360/5116 | Loss: 0.0021
  Batch 1400/5116 | Loss: 0.0028
  Batch 1440/5116 | Loss: 0.0001
  Batch 1480/5116 | Loss: 0.0004
  Batch 1520/5116 | Loss: 0.0001
  Batch 1560/5116 | Loss: 0.0048
  Batch 1600/5116 | Loss: 0.0144
  Batch 1640/5116 | Loss: 0.0242
  Batch 1680/5116 | Loss: 0.0024
  Batch 1720/5116 | Loss: 0.0087
  Batch 1760/5116 | Loss: 0.0290
  Batch 1800/5116 | Loss: 0.2275
  Batch 1840/5116 | Loss: 0.0097
  Batch 1880/5116 | Loss: 0.0033
  Batch 1920/5116 | Loss: 0.0002
  Batch 1960/5116 | Loss: 0.0024
  Batch 2000/5116 | Loss: 0.0026
  Batch 2040/5116 | Loss: 0.0010
  Batch 2080/5116 | Loss: 0.0587
  Batch 2120/5116 | Loss: 0.0456
  Batch 2160/5116 | Loss: 0.0012
  Batch 2200/5116 | Loss: 0.0012
  Batch 2240/5116 | Loss: 0.0222
  Batch 2280/5116 | Loss: 0.0181
  Batch 2320/5116 | Loss: 0.0001
  Batch 2360/5116 | Loss: 0.0017
  Batch 2400/5116 | Loss: 0.0002
  Batch 2440/5116 | Loss: 0.0038
  Batch 2480/5116 | Loss: 0.0013
  Batch 2520/5116 | Loss: 0.0497
  Batch 2560/5116 | Loss: 0.0067
  Batch 2600/5116 | Loss: 0.0028
  Batch 2640/5116 | Loss: 0.0900
  Batch 2680/5116 | Loss: 0.0053
  Batch 2720/5116 | Loss: 0.0151
  Batch 2760/5116 | Loss: 0.0008
  Batch 2800/5116 | Loss: 0.0001
  Batch 2840/5116 | Loss: 0.0004
  Batch 2880/5116 | Loss: 0.0049
  Batch 2920/5116 | Loss: 0.1376
  Batch 2960/5116 | Loss: 0.0021
  Batch 3000/5116 | Loss: 0.0005
  Batch 3040/5116 | Loss: 0.0009
  Batch 3080/5116 | Loss: 0.0001
  Batch 3120/5116 | Loss: 0.0004
  Batch 3160/5116 | Loss: 0.0004
  Batch 3200/5116 | Loss: 0.0006
  Batch 3240/5116 | Loss: 0.0017
  Batch 3280/5116 | Loss: 0.0016
  Batch 3320/5116 | Loss: 0.0001
  Batch 3360/5116 | Loss: 0.0002
  Batch 3400/5116 | Loss: 0.0023
  Batch 3440/5116 | Loss: 0.0001
  Batch 3480/5116 | Loss: 0.0033
  Batch 3520/5116 | Loss: 0.0013
  Batch 3560/5116 | Loss: 0.0437
  Batch 3600/5116 | Loss: 0.0004
  Batch 3640/5116 | Loss: 0.0015
  Batch 3680/5116 | Loss: 0.0083
  Batch 3720/5116 | Loss: 0.0012
  Batch 3760/5116 | Loss: 0.0022
  Batch 3800/5116 | Loss: 0.0030
  Batch 3840/5116 | Loss: 0.1159
  Batch 3880/5116 | Loss: 0.0461
  Batch 3920/5116 | Loss: 0.0168
  Batch 3960/5116 | Loss: 0.0009
  Batch 4000/5116 | Loss: 0.0008
  Batch 4040/5116 | Loss: 0.0021
  Batch 4080/5116 | Loss: 0.0006
  Batch 4120/5116 | Loss: 0.0793
  Batch 4160/5116 | Loss: 0.0044
  Batch 4200/5116 | Loss: 0.0304
  Batch 4240/5116 | Loss: 0.0031
  Batch 4280/5116 | Loss: 0.0258
  Batch 4320/5116 | Loss: 0.0003
  Batch 4360/5116 | Loss: 0.0029
  Batch 4400/5116 | Loss: 0.8126
  Batch 4440/5116 | Loss: 0.0076
  Batch 4480/5116 | Loss: 0.0060
  Batch 4520/5116 | Loss: 0.0186
  Batch 4560/5116 | Loss: 0.0002
  Batch 4600/5116 | Loss: 0.0003
  Batch 4640/5116 | Loss: 0.0026
  Batch 4680/5116 | Loss: 0.0005
  Batch 4720/5116 | Loss: 0.0013
  Batch 4760/5116 | Loss: 0.0020
  Batch 4800/5116 | Loss: 0.0056
  Batch 4840/5116 | Loss: 0.0004
  Batch 4880/5116 | Loss: 0.0022
  Batch 4920/5116 | Loss: 0.0068
  Batch 4960/5116 | Loss: 0.0009
  Batch 5000/5116 | Loss: 0.0010
  Batch 5040/5116 | Loss: 0.0138
  Batch 5080/5116 | Loss: 0.0005
Epoch 6 | Train Loss: 0.0629 | Train Acc: 0.9909 | Val AUC: 0.9956
Saved checkpoint: models\stageB_checkpoint_epoch6.pth
  New best val AUC: 0.9956 - saved stageB_best_* artifacts
  Batch 40/5116 | Loss: 0.0402
  Batch 80/5116 | Loss: 0.0065
  Batch 120/5116 | Loss: 0.0001
  Batch 160/5116 | Loss: 0.0030
  Batch 200/5116 | Loss: 0.0012
  Batch 240/5116 | Loss: 0.1430
  Batch 280/5116 | Loss: 0.0001
  Batch 320/5116 | Loss: 0.0117
  Batch 360/5116 | Loss: 0.0003
  Batch 400/5116 | Loss: 0.0012
  Batch 440/5116 | Loss: 0.0021
  Batch 480/5116 | Loss: 0.0048
  Batch 520/5116 | Loss: 0.0025
  Batch 560/5116 | Loss: 0.0005
  Batch 600/5116 | Loss: 0.0002
  Batch 640/5116 | Loss: 0.0024
  Batch 680/5116 | Loss: 0.0053
  Batch 720/5116 | Loss: 0.0220
  Batch 760/5116 | Loss: 0.0027
  Batch 800/5116 | Loss: 0.0016
  Batch 840/5116 | Loss: 0.0030
  Batch 880/5116 | Loss: 0.0008
  Batch 920/5116 | Loss: 0.0022
  Batch 960/5116 | Loss: 0.0005
  Batch 1000/5116 | Loss: 0.0006
  Batch 1040/5116 | Loss: 0.0026
  Batch 1080/5116 | Loss: 0.0080
  Batch 1120/5116 | Loss: 0.0001
  Batch 1160/5116 | Loss: 0.0398
  Batch 1200/5116 | Loss: 0.0003
  Batch 1240/5116 | Loss: 0.0098
  Batch 1280/5116 | Loss: 0.0147
  Batch 1320/5116 | Loss: 0.0103
  Batch 1360/5116 | Loss: 0.0000
  Batch 1400/5116 | Loss: 0.0004
  Batch 1440/5116 | Loss: 0.0029
  Batch 1480/5116 | Loss: 0.0008
  Batch 1520/5116 | Loss: 0.2028
  Batch 1560/5116 | Loss: 0.0002
  Batch 1600/5116 | Loss: 0.0033
  Batch 1640/5116 | Loss: 0.0002
  Batch 1680/5116 | Loss: 0.0003
  Batch 1720/5116 | Loss: 0.0919
  Batch 1760/5116 | Loss: 0.0115
  Batch 1800/5116 | Loss: 0.0452
  Batch 1840/5116 | Loss: 0.0009
  Batch 1880/5116 | Loss: 0.0003
  Batch 1920/5116 | Loss: 0.0018
  Batch 1960/5116 | Loss: 0.0007
  Batch 2000/5116 | Loss: 0.0753
  Batch 2040/5116 | Loss: 0.0002
  Batch 2080/5116 | Loss: 0.0062
  Batch 2120/5116 | Loss: 0.0029
  Batch 2160/5116 | Loss: 0.3683
  Batch 2200/5116 | Loss: 0.0510
  Batch 2240/5116 | Loss: 0.0158
  Batch 2280/5116 | Loss: 0.2479
  Batch 2320/5116 | Loss: 0.0021
  Batch 2360/5116 | Loss: 0.0032
  Batch 2400/5116 | Loss: 0.0060
  Batch 2440/5116 | Loss: 0.0196
  Batch 2480/5116 | Loss: 0.0010
  Batch 2520/5116 | Loss: 0.0004
  Batch 2560/5116 | Loss: 0.0014
  Batch 2600/5116 | Loss: 0.0131
  Batch 2640/5116 | Loss: 0.0008
  Batch 2680/5116 | Loss: 0.0034
  Batch 2720/5116 | Loss: 0.0036
  Batch 2760/5116 | Loss: 0.0006
  Batch 2800/5116 | Loss: 0.0451
  Batch 2840/5116 | Loss: 0.0360
  Batch 2880/5116 | Loss: 0.0006
  Batch 2920/5116 | Loss: 0.0082
  Batch 2960/5116 | Loss: 0.0011
  Batch 3000/5116 | Loss: 0.0092
  Batch 3040/5116 | Loss: 0.0004
  Batch 3080/5116 | Loss: 0.0006
  Batch 3120/5116 | Loss: 0.0598
  Batch 3160/5116 | Loss: 0.0002
  Batch 3200/5116 | Loss: 0.0887
  Batch 3240/5116 | Loss: 0.0200
  Batch 3280/5116 | Loss: 0.1003
  Batch 3320/5116 | Loss: 0.0097
  Batch 3360/5116 | Loss: 0.0038
  Batch 3400/5116 | Loss: 0.0275
  Batch 3440/5116 | Loss: 0.0004
  Batch 3480/5116 | Loss: 0.0032
  Batch 3520/5116 | Loss: 0.0147
  Batch 3560/5116 | Loss: 0.0002
  Batch 3600/5116 | Loss: 0.0010
  Batch 3640/5116 | Loss: 0.0002
  Batch 3680/5116 | Loss: 0.0196
  Batch 3720/5116 | Loss: 0.0386
  Batch 3760/5116 | Loss: 0.1358
  Batch 3800/5116 | Loss: 0.0002
  Batch 3840/5116 | Loss: 0.5300
  Batch 3880/5116 | Loss: 0.0013
  Batch 3920/5116 | Loss: 0.0002
  Batch 3960/5116 | Loss: 0.0009
  Batch 4000/5116 | Loss: 0.0115
  Batch 4040/5116 | Loss: 0.0007
  Batch 4080/5116 | Loss: 0.0019
  Batch 4120/5116 | Loss: 0.0003
  Batch 4160/5116 | Loss: 0.0200
  Batch 4200/5116 | Loss: 0.0002
  Batch 4240/5116 | Loss: 0.0009
  Batch 4280/5116 | Loss: 0.0039
  Batch 4320/5116 | Loss: 0.0010
  Batch 4360/5116 | Loss: 0.0006
  Batch 4400/5116 | Loss: 0.0578
  Batch 4440/5116 | Loss: 0.0020
  Batch 4480/5116 | Loss: 0.0588
  Batch 4520/5116 | Loss: 0.0002
  Batch 4560/5116 | Loss: 0.0007
  Batch 4600/5116 | Loss: 0.0003
  Batch 4640/5116 | Loss: 0.0007
  Batch 4680/5116 | Loss: 0.0015
  Batch 4720/5116 | Loss: 0.0073
  Batch 4760/5116 | Loss: 0.0091
  Batch 4800/5116 | Loss: 0.0011
  Batch 4840/5116 | Loss: 0.0266
  Batch 4880/5116 | Loss: 0.1715
  Batch 4920/5116 | Loss: 0.0039
  Batch 4960/5116 | Loss: 0.0005
  Batch 5000/5116 | Loss: 0.0002
  Batch 5040/5116 | Loss: 0.0027
  Batch 5080/5116 | Loss: 0.0013
Epoch 7 | Train Loss: 0.0735 | Train Acc: 0.9900 | Val AUC: 0.9942
Saved checkpoint: models\stageB_checkpoint_epoch7.pth
  No improvement for 1/4 epochs
  Batch 40/5116 | Loss: 0.0042
  Batch 80/5116 | Loss: 0.0921
  Batch 120/5116 | Loss: 0.0003
  Batch 160/5116 | Loss: 0.0008
  Batch 200/5116 | Loss: 0.0018
  Batch 240/5116 | Loss: 0.0067
  Batch 280/5116 | Loss: 0.0002
  Batch 320/5116 | Loss: 0.0064
  Batch 360/5116 | Loss: 0.0056
  Batch 400/5116 | Loss: 0.0001
  Batch 440/5116 | Loss: 0.0002
  Batch 480/5116 | Loss: 0.0017
  Batch 520/5116 | Loss: 0.0016
  Batch 560/5116 | Loss: 0.0060
  Batch 600/5116 | Loss: 0.0100
  Batch 640/5116 | Loss: 0.0002
  Batch 680/5116 | Loss: 0.0003
  Batch 720/5116 | Loss: 0.0014
  Batch 760/5116 | Loss: 0.0007
  Batch 800/5116 | Loss: 0.0379
  Batch 840/5116 | Loss: 0.0002
  Batch 880/5116 | Loss: 0.0009
  Batch 920/5116 | Loss: 0.0054
  Batch 960/5116 | Loss: 0.0023
  Batch 1000/5116 | Loss: 0.0006
  Batch 1040/5116 | Loss: 0.0048
  Batch 1080/5116 | Loss: 0.0039
  Batch 1120/5116 | Loss: 3.3265
  Batch 1160/5116 | Loss: 0.0053
  Batch 1200/5116 | Loss: 0.0046
  Batch 1240/5116 | Loss: 0.0001
  Batch 1280/5116 | Loss: 0.0004
  Batch 1320/5116 | Loss: 0.0002
  Batch 1360/5116 | Loss: 0.0053
  Batch 1400/5116 | Loss: 0.0233
  Batch 1440/5116 | Loss: 0.0714
  Batch 1480/5116 | Loss: 2.7943
  Batch 1520/5116 | Loss: 0.0002
  Batch 1560/5116 | Loss: 0.0574
  Batch 1600/5116 | Loss: 0.0015
  Batch 1640/5116 | Loss: 0.0184
  Batch 1680/5116 | Loss: 0.0026
  Batch 1720/5116 | Loss: 0.0027
  Batch 1760/5116 | Loss: 0.0218
  Batch 1800/5116 | Loss: 0.0023
  Batch 1840/5116 | Loss: 0.0490
  Batch 1880/5116 | Loss: 0.0041
  Batch 1920/5116 | Loss: 0.0129
  Batch 1960/5116 | Loss: 0.0004
  Batch 2000/5116 | Loss: 0.0082
  Batch 2040/5116 | Loss: 0.0043
  Batch 2080/5116 | Loss: 2.5653
  Batch 2120/5116 | Loss: 0.0212
  Batch 2160/5116 | Loss: 0.0004
  Batch 2200/5116 | Loss: 0.0008
  Batch 2240/5116 | Loss: 0.0034
  Batch 2280/5116 | Loss: 0.0256
  Batch 2320/5116 | Loss: 0.0040
  Batch 2360/5116 | Loss: 0.0004
  Batch 2400/5116 | Loss: 0.0268
  Batch 2440/5116 | Loss: 0.0579
  Batch 2480/5116 | Loss: 0.1239
  Batch 2520/5116 | Loss: 0.0143
  Batch 2560/5116 | Loss: 0.0065
  Batch 2600/5116 | Loss: 0.2726
  Batch 2640/5116 | Loss: 0.0850
  Batch 2680/5116 | Loss: 0.0012
  Batch 2720/5116 | Loss: 0.0011
  Batch 2760/5116 | Loss: 0.0086
  Batch 2800/5116 | Loss: 0.0058
  Batch 2840/5116 | Loss: 0.0016
  Batch 2880/5116 | Loss: 0.0005
  Batch 2920/5116 | Loss: 0.0074
  Batch 2960/5116 | Loss: 0.0013
  Batch 3000/5116 | Loss: 0.0002
  Batch 3040/5116 | Loss: 0.0006
  Batch 3080/5116 | Loss: 0.2301
  Batch 3120/5116 | Loss: 0.0032
  Batch 3160/5116 | Loss: 0.0022
  Batch 3200/5116 | Loss: 0.0478
  Batch 3240/5116 | Loss: 0.0026
  Batch 3280/5116 | Loss: 0.0031
  Batch 3320/5116 | Loss: 0.0003
  Batch 3360/5116 | Loss: 0.0105
  Batch 3400/5116 | Loss: 0.1238
  Batch 3440/5116 | Loss: 4.4962
  Batch 3480/5116 | Loss: 0.0025
  Batch 3520/5116 | Loss: 0.5466
  Batch 3560/5116 | Loss: 0.0012
  Batch 3600/5116 | Loss: 0.0011
  Batch 3640/5116 | Loss: 0.0003
  Batch 3680/5116 | Loss: 0.0002
  Batch 3720/5116 | Loss: 0.0003
  Batch 3760/5116 | Loss: 0.0011
  Batch 3800/5116 | Loss: 0.0009
  Batch 3840/5116 | Loss: 0.0009
  Batch 3880/5116 | Loss: 0.0806
