Using device: cuda

[Data Distribution] Real: 1016  Fake: 3048  Total: 4064
[Val set] 5459 videos
[Manipulation types] ['real', 'faceswap', 'faceswap-wav2lip', 'fsgan', 'fsgan-wav2lip', 'rtvc', 'wav2lip', 'video_retalking', 'unknown_fake']

[DataLoader] batch_size=8 num_workers=4
Starting Stage A Training (frozen backbone, cached features)...
  Batch 10/508 | Loss: 1.5061 (bce=1.0639 aux_ce=1.1056)
  Batch 20/508 | Loss: 1.9392 (bce=1.1944 aux_ce=1.8618)
  Batch 30/508 | Loss: 1.8523 (bce=1.0788 aux_ce=1.9337)
  Batch 40/508 | Loss: 1.5059 (bce=0.7386 aux_ce=1.9182)
  Batch 50/508 | Loss: 1.5091 (bce=0.9606 aux_ce=1.3714)
  Batch 60/508 | Loss: 1.1653 (bce=0.8061 aux_ce=0.8980)
  Batch 70/508 | Loss: 1.3046 (bce=0.9946 aux_ce=0.7750)
  Batch 80/508 | Loss: 0.9289 (bce=0.6769 aux_ce=0.6301)
  Batch 90/508 | Loss: 1.1314 (bce=0.5807 aux_ce=1.3768)
  Batch 100/508 | Loss: 1.6645 (bce=1.1821 aux_ce=1.2059)
  Batch 110/508 | Loss: 1.1423 (bce=0.9344 aux_ce=0.5199)
  Batch 120/508 | Loss: 1.4237 (bce=0.8653 aux_ce=1.3960)
  Batch 130/508 | Loss: 1.3396 (bce=0.8642 aux_ce=1.1885)
  Batch 140/508 | Loss: 0.7518 (bce=0.4406 aux_ce=0.7782)
  Batch 150/508 | Loss: 0.7622 (bce=0.5114 aux_ce=0.6272)
  Batch 160/508 | Loss: 1.1530 (bce=0.8045 aux_ce=0.8712)
  Batch 170/508 | Loss: 1.3469 (bce=0.7928 aux_ce=1.3853)
  Batch 180/508 | Loss: 0.8569 (bce=0.4023 aux_ce=1.1365)
  Batch 190/508 | Loss: 0.4530 (bce=0.2639 aux_ce=0.4728)
  Batch 200/508 | Loss: 0.6077 (bce=0.4120 aux_ce=0.4894)
  Batch 210/508 | Loss: 0.8967 (bce=0.4409 aux_ce=1.1394)
  Batch 220/508 | Loss: 1.8561 (bce=1.3229 aux_ce=1.3329)
  Batch 230/508 | Loss: 1.1705 (bce=0.8353 aux_ce=0.8380)
  Batch 240/508 | Loss: 1.5452 (bce=1.0233 aux_ce=1.3048)
  Batch 250/508 | Loss: 0.5886 (bce=0.1563 aux_ce=1.0808)
  Batch 260/508 | Loss: 0.5375 (bce=0.2958 aux_ce=0.6042)
  Batch 270/508 | Loss: 0.4574 (bce=0.2080 aux_ce=0.6235)
  Batch 280/508 | Loss: 1.8436 (bce=1.1966 aux_ce=1.6177)
  Batch 290/508 | Loss: 2.3256 (bce=1.6982 aux_ce=1.5686)
  Batch 300/508 | Loss: 1.8014 (bce=1.2613 aux_ce=1.3503)
  Batch 310/508 | Loss: 1.1987 (bce=0.7734 aux_ce=1.0634)
  Batch 320/508 | Loss: 0.6189 (bce=0.2622 aux_ce=0.8916)
  Batch 330/508 | Loss: 0.4364 (bce=0.3019 aux_ce=0.3361)
  Batch 340/508 | Loss: 0.5124 (bce=0.1097 aux_ce=1.0068)
  Batch 350/508 | Loss: 0.3097 (bce=0.0707 aux_ce=0.5973)
  Batch 360/508 | Loss: 0.7159 (bce=0.4202 aux_ce=0.7391)
  Batch 370/508 | Loss: 0.4190 (bce=0.1992 aux_ce=0.5496)
  Batch 380/508 | Loss: 0.8968 (bce=0.5220 aux_ce=0.9370)
  Batch 390/508 | Loss: 0.4619 (bce=0.2096 aux_ce=0.6306)
  Batch 400/508 | Loss: 0.2502 (bce=0.0775 aux_ce=0.4318)
  Batch 410/508 | Loss: 0.4963 (bce=0.3289 aux_ce=0.4183)
  Batch 420/508 | Loss: 1.8348 (bce=1.1885 aux_ce=1.6157)
  Batch 430/508 | Loss: 0.6941 (bce=0.1991 aux_ce=1.2377)
  Batch 440/508 | Loss: 0.3000 (bce=0.1736 aux_ce=0.3160)
  Batch 450/508 | Loss: 0.2651 (bce=0.0686 aux_ce=0.4912)
  Batch 460/508 | Loss: 0.2929 (bce=0.1023 aux_ce=0.4763)
  Batch 470/508 | Loss: 0.5045 (bce=0.0447 aux_ce=1.1495)
  Batch 480/508 | Loss: 1.0398 (bce=0.8232 aux_ce=0.5415)
  Batch 490/508 | Loss: 1.3787 (bce=0.9636 aux_ce=1.0378)
  Batch 500/508 | Loss: 0.1776 (bce=0.0687 aux_ce=0.2721)
Epoch 1 | Train Loss: 0.9631 | Train Acc: 0.8086 | Val AUC: 0.9722
Saved checkpoint: models\stageA_checkpoint_epoch1.pth
  New best val AUC: 0.9722 - saved stageA_best_model.pth
  Batch 10/508 | Loss: 0.4807 (bce=0.0717 aux_ce=1.0223)
  Batch 20/508 | Loss: 0.4608 (bce=0.2217 aux_ce=0.5979)
  Batch 30/508 | Loss: 0.3418 (bce=0.0830 aux_ce=0.6469)
  Batch 40/508 | Loss: 0.8293 (bce=0.6809 aux_ce=0.3710)
  Batch 50/508 | Loss: 0.6207 (bce=0.2365 aux_ce=0.9603)
  Batch 60/508 | Loss: 0.4451 (bce=0.2286 aux_ce=0.5412)
  Batch 70/508 | Loss: 0.8863 (bce=0.4953 aux_ce=0.9774)
  Batch 80/508 | Loss: 1.2815 (bce=0.6798 aux_ce=1.5043)
  Batch 90/508 | Loss: 0.3146 (bce=0.1622 aux_ce=0.3809)
  Batch 100/508 | Loss: 0.3468 (bce=0.1152 aux_ce=0.5788)
  Batch 110/508 | Loss: 0.2537 (bce=0.0307 aux_ce=0.5575)
  Batch 120/508 | Loss: 0.3661 (bce=0.0971 aux_ce=0.6726)
  Batch 130/508 | Loss: 0.3576 (bce=0.1742 aux_ce=0.4586)
  Batch 140/508 | Loss: 0.7479 (bce=0.5154 aux_ce=0.5815)
  Batch 150/508 | Loss: 0.2983 (bce=0.1128 aux_ce=0.4638)
  Batch 160/508 | Loss: 0.7127 (bce=0.3272 aux_ce=0.9636)
  Batch 170/508 | Loss: 0.5073 (bce=0.3108 aux_ce=0.4912)
  Batch 180/508 | Loss: 0.2690 (bce=0.1643 aux_ce=0.2618)
  Batch 190/508 | Loss: 0.4841 (bce=0.2622 aux_ce=0.5547)
  Batch 200/508 | Loss: 0.3972 (bce=0.0376 aux_ce=0.8991)
  Batch 210/508 | Loss: 0.8288 (bce=0.4380 aux_ce=0.9771)
  Batch 220/508 | Loss: 0.7191 (bce=0.3797 aux_ce=0.8485)
  Batch 230/508 | Loss: 0.2619 (bce=0.2230 aux_ce=0.0971)
  Batch 240/508 | Loss: 0.6426 (bce=0.2849 aux_ce=0.8941)
  Batch 250/508 | Loss: 0.1802 (bce=0.0796 aux_ce=0.2513)
  Batch 260/508 | Loss: 1.4648 (bce=0.9912 aux_ce=1.1842)
  Batch 270/508 | Loss: 0.7253 (bce=0.5467 aux_ce=0.4464)
  Batch 280/508 | Loss: 1.0519 (bce=0.6034 aux_ce=1.1213)
  Batch 290/508 | Loss: 0.5320 (bce=0.4133 aux_ce=0.2966)
  Batch 300/508 | Loss: 0.1763 (bce=0.0528 aux_ce=0.3087)
  Batch 310/508 | Loss: 0.1314 (bce=0.0426 aux_ce=0.2219)
  Batch 320/508 | Loss: 0.2811 (bce=0.1140 aux_ce=0.4177)
  Batch 330/508 | Loss: 1.0633 (bce=0.6550 aux_ce=1.0207)
  Batch 340/508 | Loss: 0.3236 (bce=0.1523 aux_ce=0.4283)
  Batch 350/508 | Loss: 0.4483 (bce=0.1797 aux_ce=0.6713)
  Batch 360/508 | Loss: 0.7053 (bce=0.3955 aux_ce=0.7745)
  Batch 370/508 | Loss: 0.2123 (bce=0.0408 aux_ce=0.4286)
  Batch 380/508 | Loss: 0.0807 (bce=0.0428 aux_ce=0.0949)
  Batch 390/508 | Loss: 0.1277 (bce=0.0856 aux_ce=0.1052)
  Batch 400/508 | Loss: 0.2483 (bce=0.0566 aux_ce=0.4793)
  Batch 410/508 | Loss: 0.8180 (bce=0.5544 aux_ce=0.6591)
  Batch 420/508 | Loss: 0.2671 (bce=0.0279 aux_ce=0.5978)
  Batch 430/508 | Loss: 0.1763 (bce=0.0293 aux_ce=0.3677)
  Batch 440/508 | Loss: 0.2089 (bce=0.0439 aux_ce=0.4125)
  Batch 450/508 | Loss: 0.3057 (bce=0.1717 aux_ce=0.3352)
  Batch 460/508 | Loss: 0.1851 (bce=0.0626 aux_ce=0.3063)
  Batch 470/508 | Loss: 0.3089 (bce=0.0699 aux_ce=0.5974)
  Batch 480/508 | Loss: 1.9792 (bce=1.5807 aux_ce=0.9962)
  Batch 490/508 | Loss: 0.3051 (bce=0.0223 aux_ce=0.7070)
  Batch 500/508 | Loss: 0.1720 (bce=0.0131 aux_ce=0.3971)
Epoch 2 | Train Loss: 0.4947 | Train Acc: 0.9358 | Val AUC: 0.9853
Saved checkpoint: models\stageA_checkpoint_epoch2.pth
  New best val AUC: 0.9853 - saved stageA_best_model.pth
  Batch 10/508 | Loss: 0.3394 (bce=0.2254 aux_ce=0.2851)
  Batch 20/508 | Loss: 2.2692 (bce=1.7194 aux_ce=1.3744)
  Batch 30/508 | Loss: 0.2742 (bce=0.0050 aux_ce=0.6732)
  Batch 40/508 | Loss: 0.1051 (bce=0.0204 aux_ce=0.2117)
  Batch 50/508 | Loss: 0.2775 (bce=0.0101 aux_ce=0.6687)
  Batch 60/508 | Loss: 0.2108 (bce=0.0265 aux_ce=0.4609)
  Batch 70/508 | Loss: 0.1907 (bce=0.0163 aux_ce=0.4360)
  Batch 80/508 | Loss: 0.1821 (bce=0.0299 aux_ce=0.3805)
  Batch 90/508 | Loss: 0.5385 (bce=0.4366 aux_ce=0.2546)
  Batch 100/508 | Loss: 0.2170 (bce=0.0777 aux_ce=0.3483)
  Batch 110/508 | Loss: 0.3844 (bce=0.1865 aux_ce=0.4949)
  Batch 120/508 | Loss: 0.3182 (bce=0.0968 aux_ce=0.5535)
  Batch 130/508 | Loss: 0.3588 (bce=0.0918 aux_ce=0.6673)
  Batch 140/508 | Loss: 0.2284 (bce=0.1749 aux_ce=0.1337)
  Batch 150/508 | Loss: 0.1674 (bce=0.0587 aux_ce=0.2719)
  Batch 160/508 | Loss: 0.2563 (bce=0.1033 aux_ce=0.3824)
  Batch 170/508 | Loss: 0.1516 (bce=0.0654 aux_ce=0.2154)
  Batch 180/508 | Loss: 0.4463 (bce=0.3227 aux_ce=0.3089)
  Batch 190/508 | Loss: 0.1189 (bce=0.0303 aux_ce=0.2215)
  Batch 200/508 | Loss: 0.8277 (bce=0.5714 aux_ce=0.6406)
  Batch 210/508 | Loss: 0.7774 (bce=0.5178 aux_ce=0.6490)
  Batch 220/508 | Loss: 0.5166 (bce=0.1365 aux_ce=0.9505)
  Batch 230/508 | Loss: 0.3738 (bce=0.1066 aux_ce=0.6680)
  Batch 240/508 | Loss: 0.4613 (bce=0.2997 aux_ce=0.4040)
  Batch 250/508 | Loss: 0.0752 (bce=0.0252 aux_ce=0.1252)
  Batch 260/508 | Loss: 0.1701 (bce=0.0588 aux_ce=0.2784)
  Batch 270/508 | Loss: 0.3712 (bce=0.2467 aux_ce=0.3111)
  Batch 280/508 | Loss: 0.3131 (bce=0.1733 aux_ce=0.3496)
  Batch 290/508 | Loss: 0.1532 (bce=0.0334 aux_ce=0.2996)
  Batch 300/508 | Loss: 0.6725 (bce=0.4762 aux_ce=0.4908)
  Batch 310/508 | Loss: 0.3636 (bce=0.0323 aux_ce=0.8284)
  Batch 320/508 | Loss: 0.1351 (bce=0.0255 aux_ce=0.2739)
  Batch 330/508 | Loss: 0.1640 (bce=0.0554 aux_ce=0.2713)
  Batch 340/508 | Loss: 0.2926 (bce=0.0116 aux_ce=0.7025)
  Batch 350/508 | Loss: 0.0588 (bce=0.0455 aux_ce=0.0331)
  Batch 360/508 | Loss: 0.1711 (bce=0.0356 aux_ce=0.3387)
  Batch 370/508 | Loss: 0.2164 (bce=0.0222 aux_ce=0.4854)
  Batch 380/508 | Loss: 0.1121 (bce=0.0059 aux_ce=0.2655)
  Batch 390/508 | Loss: 0.0543 (bce=0.0102 aux_ce=0.1102)
  Batch 400/508 | Loss: 0.3692 (bce=0.1220 aux_ce=0.6180)
  Batch 410/508 | Loss: 0.2679 (bce=0.0608 aux_ce=0.5179)
  Batch 420/508 | Loss: 0.1063 (bce=0.0144 aux_ce=0.2296)
  Batch 430/508 | Loss: 0.4155 (bce=0.2673 aux_ce=0.3703)
  Batch 440/508 | Loss: 0.4247 (bce=0.0319 aux_ce=0.9819)
  Batch 450/508 | Loss: 0.1396 (bce=0.0678 aux_ce=0.1796)
  Batch 460/508 | Loss: 0.3035 (bce=0.0509 aux_ce=0.6314)
  Batch 470/508 | Loss: 0.2226 (bce=0.1537 aux_ce=0.1722)
  Batch 480/508 | Loss: 0.1564 (bce=0.0207 aux_ce=0.3393)
  Batch 490/508 | Loss: 0.1597 (bce=0.0873 aux_ce=0.1811)
  Batch 500/508 | Loss: 0.3518 (bce=0.0060 aux_ce=0.8644)
Epoch 3 | Train Loss: 0.3612 | Train Acc: 0.9577 | Val AUC: 0.9937
Saved checkpoint: models\stageA_checkpoint_epoch3.pth
  New best val AUC: 0.9937 - saved stageA_best_model.pth
  Batch 10/508 | Loss: 0.1635 (bce=0.0143 aux_ce=0.3730)
  Batch 20/508 | Loss: 0.4658 (bce=0.2362 aux_ce=0.5740)
  Batch 30/508 | Loss: 0.0271 (bce=0.0167 aux_ce=0.0260)
  Batch 40/508 | Loss: 0.7267 (bce=0.3795 aux_ce=0.8680)
  Batch 50/508 | Loss: 0.2519 (bce=0.0556 aux_ce=0.4907)
  Batch 60/508 | Loss: 0.0405 (bce=0.0086 aux_ce=0.0797)
  Batch 70/508 | Loss: 0.8953 (bce=0.6502 aux_ce=0.6127)
  Batch 80/508 | Loss: 0.1283 (bce=0.0081 aux_ce=0.3004)
  Batch 90/508 | Loss: 0.0322 (bce=0.0115 aux_ce=0.0519)
  Batch 100/508 | Loss: 0.0345 (bce=0.0296 aux_ce=0.0124)
  Batch 110/508 | Loss: 0.2109 (bce=0.0185 aux_ce=0.4809)
  Batch 120/508 | Loss: 0.1320 (bce=0.0609 aux_ce=0.1778)
  Batch 130/508 | Loss: 0.3870 (bce=0.2044 aux_ce=0.4565)
  Batch 140/508 | Loss: 0.2887 (bce=0.0177 aux_ce=0.6775)
  Batch 150/508 | Loss: 0.1027 (bce=0.0215 aux_ce=0.2029)
  Batch 160/508 | Loss: 0.0515 (bce=0.0137 aux_ce=0.0946)
  Batch 170/508 | Loss: 0.3078 (bce=0.1770 aux_ce=0.3271)
  Batch 180/508 | Loss: 0.0749 (bce=0.0246 aux_ce=0.1258)
  Batch 190/508 | Loss: 0.3718 (bce=0.0081 aux_ce=0.9093)
  Batch 200/508 | Loss: 0.0512 (bce=0.0338 aux_ce=0.0434)
  Batch 210/508 | Loss: 0.1391 (bce=0.0245 aux_ce=0.2867)
  Batch 220/508 | Loss: 0.0534 (bce=0.0337 aux_ce=0.0493)
  Batch 230/508 | Loss: 0.0971 (bce=0.0104 aux_ce=0.2166)
  Batch 240/508 | Loss: 0.0830 (bce=0.0334 aux_ce=0.1240)
  Batch 250/508 | Loss: 0.7187 (bce=0.5018 aux_ce=0.5422)
  Batch 260/508 | Loss: 0.1925 (bce=0.0416 aux_ce=0.3774)
  Batch 270/508 | Loss: 0.1686 (bce=0.0072 aux_ce=0.4035)
  Batch 280/508 | Loss: 0.4594 (bce=0.2424 aux_ce=0.5424)
  Batch 290/508 | Loss: 0.1339 (bce=0.0438 aux_ce=0.2252)
  Batch 300/508 | Loss: 0.0452 (bce=0.0084 aux_ce=0.0919)
  Batch 310/508 | Loss: 0.1865 (bce=0.0027 aux_ce=0.4597)
  Batch 320/508 | Loss: 0.5034 (bce=0.3368 aux_ce=0.4167)
  Batch 330/508 | Loss: 0.1392 (bce=0.0129 aux_ce=0.3158)
  Batch 340/508 | Loss: 0.0349 (bce=0.0217 aux_ce=0.0330)
  Batch 350/508 | Loss: 0.1028 (bce=0.0442 aux_ce=0.1464)
  Batch 360/508 | Loss: 0.2664 (bce=0.1596 aux_ce=0.2670)
  Batch 370/508 | Loss: 0.1375 (bce=0.0237 aux_ce=0.2845)
  Batch 380/508 | Loss: 0.2269 (bce=0.1065 aux_ce=0.3010)
  Batch 390/508 | Loss: 0.0671 (bce=0.0097 aux_ce=0.1435)
  Batch 400/508 | Loss: 0.0380 (bce=0.0050 aux_ce=0.0827)
  Batch 410/508 | Loss: 0.0800 (bce=0.0074 aux_ce=0.1816)
  Batch 420/508 | Loss: 0.0903 (bce=0.0197 aux_ce=0.1764)
  Batch 430/508 | Loss: 0.1904 (bce=0.0278 aux_ce=0.4066)
  Batch 440/508 | Loss: 0.6127 (bce=0.1556 aux_ce=1.1428)
  Batch 450/508 | Loss: 0.0174 (bce=0.0045 aux_ce=0.0323)
  Batch 460/508 | Loss: 0.0345 (bce=0.0091 aux_ce=0.0635)
  Batch 470/508 | Loss: 0.2423 (bce=0.0042 aux_ce=0.5954)
  Batch 480/508 | Loss: 0.1852 (bce=0.0125 aux_ce=0.4317)
  Batch 490/508 | Loss: 0.0792 (bce=0.0062 aux_ce=0.1824)
  Batch 500/508 | Loss: 0.2496 (bce=0.1210 aux_ce=0.3215)
Epoch 4 | Train Loss: 0.2497 | Train Acc: 0.9700 | Val AUC: 0.9927
Saved checkpoint: models\stageA_checkpoint_epoch4.pth
  No improvement for 1/5 epochs
  Batch 10/508 | Loss: 0.1238 (bce=0.0024 aux_ce=0.3036)
  Batch 20/508 | Loss: 0.0619 (bce=0.0061 aux_ce=0.1393)
  Batch 30/508 | Loss: 0.4572 (bce=0.1844 aux_ce=0.6820)
  Batch 40/508 | Loss: 0.2428 (bce=0.0069 aux_ce=0.5898)
  Batch 50/508 | Loss: 0.0331 (bce=0.0067 aux_ce=0.0659)
  Batch 60/508 | Loss: 0.2062 (bce=0.0160 aux_ce=0.4755)
  Batch 70/508 | Loss: 0.6258 (bce=0.3981 aux_ce=0.5692)
  Batch 80/508 | Loss: 0.1010 (bce=0.0226 aux_ce=0.1960)
  Batch 90/508 | Loss: 0.6188 (bce=0.2726 aux_ce=0.8657)
  Batch 100/508 | Loss: 0.0643 (bce=0.0087 aux_ce=0.1390)
  Batch 110/508 | Loss: 0.0484 (bce=0.0417 aux_ce=0.0168)
  Batch 120/508 | Loss: 0.0876 (bce=0.0260 aux_ce=0.1540)
  Batch 130/508 | Loss: 0.6939 (bce=0.3219 aux_ce=0.9302)
  Batch 140/508 | Loss: 0.1556 (bce=0.0472 aux_ce=0.2710)
  Batch 150/508 | Loss: 0.1100 (bce=0.0327 aux_ce=0.1932)
  Batch 160/508 | Loss: 0.1092 (bce=0.0029 aux_ce=0.2658)
  Batch 170/508 | Loss: 0.1652 (bce=0.0073 aux_ce=0.3949)
  Batch 180/508 | Loss: 0.3377 (bce=0.0047 aux_ce=0.8324)
  Batch 190/508 | Loss: 0.2985 (bce=0.0150 aux_ce=0.7088)
  Batch 200/508 | Loss: 0.0870 (bce=0.0583 aux_ce=0.0716)
  Batch 210/508 | Loss: 0.4437 (bce=0.3073 aux_ce=0.3409)
  Batch 220/508 | Loss: 0.0990 (bce=0.0512 aux_ce=0.1196)
  Batch 230/508 | Loss: 0.1693 (bce=0.0099 aux_ce=0.3986)
  Batch 240/508 | Loss: 0.2332 (bce=0.0914 aux_ce=0.3545)
  Batch 250/508 | Loss: 0.0694 (bce=0.0052 aux_ce=0.1604)
  Batch 260/508 | Loss: 1.5475 (bce=1.2670 aux_ce=0.7014)
  Batch 270/508 | Loss: 0.0430 (bce=0.0087 aux_ce=0.0859)
  Batch 280/508 | Loss: 0.0581 (bce=0.0307 aux_ce=0.0684)
  Batch 290/508 | Loss: 0.0959 (bce=0.0050 aux_ce=0.2274)
  Batch 300/508 | Loss: 0.2690 (bce=0.0073 aux_ce=0.6544)
  Batch 310/508 | Loss: 0.1219 (bce=0.0084 aux_ce=0.2839)
  Batch 320/508 | Loss: 0.1724 (bce=0.0996 aux_ce=0.1821)
  Batch 330/508 | Loss: 0.1502 (bce=0.1039 aux_ce=0.1156)
  Batch 340/508 | Loss: 0.1530 (bce=0.1033 aux_ce=0.1241)
  Batch 350/508 | Loss: 0.1111 (bce=0.0045 aux_ce=0.2664)
  Batch 360/508 | Loss: 0.1976 (bce=0.0267 aux_ce=0.4272)
  Batch 370/508 | Loss: 0.0457 (bce=0.0065 aux_ce=0.0980)
  Batch 380/508 | Loss: 0.0524 (bce=0.0192 aux_ce=0.0831)
  Batch 390/508 | Loss: 0.1282 (bce=0.0187 aux_ce=0.2737)
  Batch 400/508 | Loss: 0.0661 (bce=0.0058 aux_ce=0.1508)
  Batch 410/508 | Loss: 0.0434 (bce=0.0053 aux_ce=0.0951)
  Batch 420/508 | Loss: 0.3073 (bce=0.2505 aux_ce=0.1420)
  Batch 430/508 | Loss: 0.2197 (bce=0.0015 aux_ce=0.5457)
  Batch 440/508 | Loss: 0.0497 (bce=0.0262 aux_ce=0.0587)
  Batch 450/508 | Loss: 0.0830 (bce=0.0175 aux_ce=0.1637)
  Batch 460/508 | Loss: 0.0685 (bce=0.0091 aux_ce=0.1484)
  Batch 470/508 | Loss: 0.1417 (bce=0.0151 aux_ce=0.3165)
  Batch 480/508 | Loss: 0.0250 (bce=0.0044 aux_ce=0.0513)
  Batch 490/508 | Loss: 0.0400 (bce=0.0153 aux_ce=0.0615)
  Batch 500/508 | Loss: 0.1641 (bce=0.0904 aux_ce=0.1841)
Epoch 5 | Train Loss: 0.2091 | Train Acc: 0.9776 | Val AUC: 0.9937
Saved checkpoint: models\stageA_checkpoint_epoch5.pth
  New best val AUC: 0.9937 - saved stageA_best_model.pth
  Batch 10/508 | Loss: 0.0398 (bce=0.0052 aux_ce=0.0866)
  Batch 20/508 | Loss: 0.1185 (bce=0.0043 aux_ce=0.2855)
  Batch 30/508 | Loss: 0.0554 (bce=0.0062 aux_ce=0.1228)
  Batch 40/508 | Loss: 0.2761 (bce=0.0947 aux_ce=0.4535)
  Batch 50/508 | Loss: 0.1355 (bce=0.0182 aux_ce=0.2931)
  Batch 60/508 | Loss: 0.0753 (bce=0.0082 aux_ce=0.1676)
  Batch 70/508 | Loss: 0.1949 (bce=0.0158 aux_ce=0.4477)
  Batch 80/508 | Loss: 0.0969 (bce=0.0058 aux_ce=0.2279)
  Batch 90/508 | Loss: 0.1498 (bce=0.0133 aux_ce=0.3413)
  Batch 100/508 | Loss: 0.0520 (bce=0.0140 aux_ce=0.0950)
  Batch 110/508 | Loss: 0.3972 (bce=0.2518 aux_ce=0.3635)
  Batch 120/508 | Loss: 0.0385 (bce=0.0072 aux_ce=0.0783)
  Batch 130/508 | Loss: 0.2422 (bce=0.0225 aux_ce=0.5493)
  Batch 140/508 | Loss: 0.2946 (bce=0.1993 aux_ce=0.2381)
  Batch 150/508 | Loss: 0.0359 (bce=0.0254 aux_ce=0.0261)
  Batch 160/508 | Loss: 0.0835 (bce=0.0049 aux_ce=0.1967)
  Batch 170/508 | Loss: 0.0593 (bce=0.0188 aux_ce=0.1013)
  Batch 180/508 | Loss: 0.1033 (bce=0.0592 aux_ce=0.1104)
  Batch 190/508 | Loss: 0.0189 (bce=0.0049 aux_ce=0.0348)
  Batch 200/508 | Loss: 0.0816 (bce=0.0083 aux_ce=0.1833)
  Batch 210/508 | Loss: 0.1731 (bce=0.0523 aux_ce=0.3019)
  Batch 220/508 | Loss: 0.1485 (bce=0.0348 aux_ce=0.2840)
  Batch 230/508 | Loss: 0.0993 (bce=0.0064 aux_ce=0.2323)
  Batch 240/508 | Loss: 0.0247 (bce=0.0056 aux_ce=0.0476)
  Batch 250/508 | Loss: 0.0832 (bce=0.0686 aux_ce=0.0366)
  Batch 260/508 | Loss: 0.1797 (bce=0.0374 aux_ce=0.3556)
  Batch 270/508 | Loss: 0.1691 (bce=0.0022 aux_ce=0.4172)
  Batch 280/508 | Loss: 0.0383 (bce=0.0252 aux_ce=0.0328)
  Batch 290/508 | Loss: 0.1829 (bce=0.0032 aux_ce=0.4492)
  Batch 300/508 | Loss: 0.1321 (bce=0.0487 aux_ce=0.2086)
  Batch 310/508 | Loss: 0.0756 (bce=0.0110 aux_ce=0.1613)
  Batch 320/508 | Loss: 0.0505 (bce=0.0092 aux_ce=0.1033)
  Batch 330/508 | Loss: 0.0477 (bce=0.0021 aux_ce=0.1141)
  Batch 340/508 | Loss: 0.0336 (bce=0.0045 aux_ce=0.0728)
  Batch 350/508 | Loss: 0.1112 (bce=0.0078 aux_ce=0.2584)
  Batch 360/508 | Loss: 0.1746 (bce=0.0188 aux_ce=0.3895)
  Batch 370/508 | Loss: 0.0136 (bce=0.0079 aux_ce=0.0143)
  Batch 380/508 | Loss: 0.1050 (bce=0.0078 aux_ce=0.2432)
  Batch 390/508 | Loss: 0.0657 (bce=0.0080 aux_ce=0.1443)
  Batch 400/508 | Loss: 0.0613 (bce=0.0156 aux_ce=0.1144)
  Batch 410/508 | Loss: 0.0095 (bce=0.0084 aux_ce=0.0028)
  Batch 420/508 | Loss: 0.0230 (bce=0.0125 aux_ce=0.0263)
  Batch 430/508 | Loss: 0.1715 (bce=0.0634 aux_ce=0.2704)
  Batch 440/508 | Loss: 0.0732 (bce=0.0023 aux_ce=0.1772)
  Batch 450/508 | Loss: 0.0554 (bce=0.0049 aux_ce=0.1263)
  Batch 460/508 | Loss: 1.8079 (bce=1.3641 aux_ce=1.1096)
  Batch 470/508 | Loss: 0.0311 (bce=0.0058 aux_ce=0.0633)
  Batch 480/508 | Loss: 0.1380 (bce=0.0830 aux_ce=0.1375)
  Batch 490/508 | Loss: 0.1201 (bce=0.0208 aux_ce=0.2482)
  Batch 500/508 | Loss: 0.0502 (bce=0.0373 aux_ce=0.0323)
Epoch 6 | Train Loss: 0.1810 | Train Acc: 0.9808 | Val AUC: 0.9927
Saved checkpoint: models\stageA_checkpoint_epoch6.pth
  No improvement for 1/5 epochs
  Batch 10/508 | Loss: 0.0384 (bce=0.0156 aux_ce=0.0572)
  Batch 20/508 | Loss: 0.0866 (bce=0.0053 aux_ce=0.2031)
  Batch 30/508 | Loss: 0.0802 (bce=0.0131 aux_ce=0.1678)
  Batch 40/508 | Loss: 0.2087 (bce=0.1283 aux_ce=0.2010)
  Batch 50/508 | Loss: 0.0762 (bce=0.0159 aux_ce=0.1508)
  Batch 60/508 | Loss: 0.0699 (bce=0.0037 aux_ce=0.1654)
  Batch 70/508 | Loss: 0.3527 (bce=0.2169 aux_ce=0.3396)
  Batch 80/508 | Loss: 1.0318 (bce=0.7518 aux_ce=0.7000)
  Batch 90/508 | Loss: 0.0830 (bce=0.0010 aux_ce=0.2051)
  Batch 100/508 | Loss: 0.1082 (bce=0.0177 aux_ce=0.2262)
  Batch 110/508 | Loss: 0.0054 (bce=0.0011 aux_ce=0.0108)
  Batch 120/508 | Loss: 0.1062 (bce=0.0592 aux_ce=0.1175)
  Batch 130/508 | Loss: 0.1939 (bce=0.0051 aux_ce=0.4720)
  Batch 140/508 | Loss: 0.0453 (bce=0.0116 aux_ce=0.0842)
  Batch 150/508 | Loss: 0.8357 (bce=0.6377 aux_ce=0.4951)
  Batch 160/508 | Loss: 0.1161 (bce=0.0367 aux_ce=0.1983)
  Batch 170/508 | Loss: 0.1646 (bce=0.0046 aux_ce=0.4000)
  Batch 180/508 | Loss: 0.0302 (bce=0.0227 aux_ce=0.0186)
  Batch 190/508 | Loss: 0.0585 (bce=0.0475 aux_ce=0.0276)
  Batch 200/508 | Loss: 0.4786 (bce=0.1992 aux_ce=0.6986)
  Batch 210/508 | Loss: 0.0519 (bce=0.0409 aux_ce=0.0274)
  Batch 220/508 | Loss: 0.0675 (bce=0.0067 aux_ce=0.1520)
  Batch 230/508 | Loss: 0.2072 (bce=0.0358 aux_ce=0.4284)
  Batch 240/508 | Loss: 0.0083 (bce=0.0051 aux_ce=0.0080)
  Batch 250/508 | Loss: 0.0594 (bce=0.0030 aux_ce=0.1408)
  Batch 260/508 | Loss: 0.0506 (bce=0.0016 aux_ce=0.1226)
  Batch 270/508 | Loss: 0.0222 (bce=0.0030 aux_ce=0.0479)
  Batch 280/508 | Loss: 0.1010 (bce=0.0198 aux_ce=0.2029)
  Batch 290/508 | Loss: 0.0855 (bce=0.0028 aux_ce=0.2068)
  Batch 300/508 | Loss: 0.0075 (bce=0.0018 aux_ce=0.0141)
  Batch 310/508 | Loss: 0.0264 (bce=0.0167 aux_ce=0.0243)
  Batch 320/508 | Loss: 0.1528 (bce=0.0801 aux_ce=0.1817)
  Batch 330/508 | Loss: 0.3251 (bce=0.1170 aux_ce=0.5202)
  Batch 340/508 | Loss: 0.0070 (bce=0.0027 aux_ce=0.0108)
  Batch 350/508 | Loss: 0.1767 (bce=0.0006 aux_ce=0.4403)
  Batch 360/508 | Loss: 0.0795 (bce=0.0007 aux_ce=0.1969)
  Batch 370/508 | Loss: 0.0924 (bce=0.0127 aux_ce=0.1993)
  Batch 380/508 | Loss: 0.0182 (bce=0.0123 aux_ce=0.0147)
  Batch 390/508 | Loss: 0.2154 (bce=0.0872 aux_ce=0.3205)
  Batch 400/508 | Loss: 0.0582 (bce=0.0359 aux_ce=0.0556)
  Batch 410/508 | Loss: 0.0961 (bce=0.0019 aux_ce=0.2355)
  Batch 420/508 | Loss: 0.5840 (bce=0.3635 aux_ce=0.5513)
  Batch 430/508 | Loss: 0.4155 (bce=0.3470 aux_ce=0.1713)
  Batch 440/508 | Loss: 0.2585 (bce=0.0023 aux_ce=0.6405)
  Batch 450/508 | Loss: 0.0944 (bce=0.0752 aux_ce=0.0480)
  Batch 460/508 | Loss: 0.0380 (bce=0.0313 aux_ce=0.0168)
  Batch 470/508 | Loss: 0.0427 (bce=0.0143 aux_ce=0.0709)
  Batch 480/508 | Loss: 0.0066 (bce=0.0017 aux_ce=0.0122)
  Batch 490/508 | Loss: 0.1616 (bce=0.0462 aux_ce=0.2883)
  Batch 500/508 | Loss: 0.0712 (bce=0.0086 aux_ce=0.1565)
Epoch 7 | Train Loss: 0.1514 | Train Acc: 0.9850 | Val AUC: 0.9945
Saved checkpoint: models\stageA_checkpoint_epoch7.pth
  New best val AUC: 0.9945 - saved stageA_best_model.pth
  Batch 10/508 | Loss: 0.1464 (bce=0.0179 aux_ce=0.3213)
  Batch 20/508 | Loss: 0.0234 (bce=0.0054 aux_ce=0.0450)
  Batch 30/508 | Loss: 0.1712 (bce=0.0017 aux_ce=0.4236)
  Batch 40/508 | Loss: 0.0553 (bce=0.0166 aux_ce=0.0965)
  Batch 50/508 | Loss: 0.0206 (bce=0.0100 aux_ce=0.0264)
  Batch 60/508 | Loss: 0.0967 (bce=0.0102 aux_ce=0.2162)
  Batch 70/508 | Loss: 0.0297 (bce=0.0075 aux_ce=0.0555)
  Batch 80/508 | Loss: 0.3124 (bce=0.2140 aux_ce=0.2461)
  Batch 90/508 | Loss: 0.0965 (bce=0.0015 aux_ce=0.2373)
  Batch 100/508 | Loss: 0.0596 (bce=0.0009 aux_ce=0.1465)
  Batch 110/508 | Loss: 0.1784 (bce=0.1308 aux_ce=0.1191)
  Batch 120/508 | Loss: 0.0148 (bce=0.0093 aux_ce=0.0136)
  Batch 130/508 | Loss: 0.0720 (bce=0.0620 aux_ce=0.0252)
  Batch 140/508 | Loss: 0.0162 (bce=0.0032 aux_ce=0.0325)
  Batch 150/508 | Loss: 0.0327 (bce=0.0078 aux_ce=0.0623)
  Batch 160/508 | Loss: 0.0340 (bce=0.0121 aux_ce=0.0549)
  Batch 170/508 | Loss: 0.1626 (bce=0.0077 aux_ce=0.3874)
  Batch 180/508 | Loss: 0.0308 (bce=0.0188 aux_ce=0.0300)
  Batch 190/508 | Loss: 0.0856 (bce=0.0552 aux_ce=0.0761)
  Batch 200/508 | Loss: 0.0327 (bce=0.0034 aux_ce=0.0733)
  Batch 210/508 | Loss: 0.0401 (bce=0.0115 aux_ce=0.0715)
  Batch 220/508 | Loss: 0.2872 (bce=0.0057 aux_ce=0.7036)
  Batch 230/508 | Loss: 0.0666 (bce=0.0215 aux_ce=0.1127)
  Batch 240/508 | Loss: 0.0246 (bce=0.0048 aux_ce=0.0497)
  Batch 250/508 | Loss: 0.0120 (bce=0.0046 aux_ce=0.0185)
  Batch 260/508 | Loss: 0.0113 (bce=0.0014 aux_ce=0.0248)
  Batch 270/508 | Loss: 0.0161 (bce=0.0111 aux_ce=0.0126)
  Batch 280/508 | Loss: 0.1187 (bce=0.0261 aux_ce=0.2315)
  Batch 290/508 | Loss: 0.1002 (bce=0.0752 aux_ce=0.0625)
  Batch 300/508 | Loss: 0.1358 (bce=0.0935 aux_ce=0.1056)
  Batch 310/508 | Loss: 0.5503 (bce=0.3879 aux_ce=0.4060)
  Batch 320/508 | Loss: 0.0479 (bce=0.0063 aux_ce=0.1041)
  Batch 330/508 | Loss: 0.0471 (bce=0.0024 aux_ce=0.1119)
  Batch 340/508 | Loss: 0.0165 (bce=0.0099 aux_ce=0.0164)
  Batch 350/508 | Loss: 0.1719 (bce=0.0011 aux_ce=0.4272)
  Batch 360/508 | Loss: 0.0334 (bce=0.0017 aux_ce=0.0793)
  Batch 370/508 | Loss: 0.0737 (bce=0.0234 aux_ce=0.1256)
  Batch 380/508 | Loss: 0.0448 (bce=0.0123 aux_ce=0.0813)
  Batch 390/508 | Loss: 0.0043 (bce=0.0032 aux_ce=0.0029)
  Batch 400/508 | Loss: 0.0105 (bce=0.0006 aux_ce=0.0246)
  Batch 410/508 | Loss: 0.0136 (bce=0.0067 aux_ce=0.0173)
  Batch 420/508 | Loss: 0.0156 (bce=0.0085 aux_ce=0.0178)
  Batch 430/508 | Loss: 0.1595 (bce=0.0137 aux_ce=0.3644)
  Batch 440/508 | Loss: 0.0067 (bce=0.0028 aux_ce=0.0097)
  Batch 450/508 | Loss: 0.0672 (bce=0.0014 aux_ce=0.1646)
  Batch 460/508 | Loss: 0.0466 (bce=0.0185 aux_ce=0.0703)
  Batch 470/508 | Loss: 0.0380 (bce=0.0102 aux_ce=0.0695)
  Batch 480/508 | Loss: 0.0118 (bce=0.0081 aux_ce=0.0092)
  Batch 490/508 | Loss: 0.1669 (bce=0.1037 aux_ce=0.1580)
  Batch 500/508 | Loss: 0.0284 (bce=0.0215 aux_ce=0.0174)
Epoch 8 | Train Loss: 0.1322 | Train Acc: 0.9875 | Val AUC: 0.9918
Saved checkpoint: models\stageA_checkpoint_epoch8.pth
  No improvement for 1/5 epochs
  Batch 10/508 | Loss: 0.0599 (bce=0.0010 aux_ce=0.1474)
  Batch 20/508 | Loss: 0.1464 (bce=0.0288 aux_ce=0.2939)
  Batch 30/508 | Loss: 0.3430 (bce=0.1765 aux_ce=0.4162)
  Batch 40/508 | Loss: 0.0644 (bce=0.0475 aux_ce=0.0424)
  Batch 50/508 | Loss: 0.0035 (bce=0.0017 aux_ce=0.0046)
  Batch 60/508 | Loss: 0.2743 (bce=0.0228 aux_ce=0.6286)
  Batch 70/508 | Loss: 0.1045 (bce=0.0626 aux_ce=0.1047)
  Batch 80/508 | Loss: 0.1726 (bce=0.1509 aux_ce=0.0543)
  Batch 90/508 | Loss: 0.0305 (bce=0.0061 aux_ce=0.0609)
  Batch 100/508 | Loss: 0.0603 (bce=0.0011 aux_ce=0.1481)
  Batch 110/508 | Loss: 0.0267 (bce=0.0041 aux_ce=0.0565)
  Batch 120/508 | Loss: 0.0351 (bce=0.0095 aux_ce=0.0639)
  Batch 130/508 | Loss: 0.0199 (bce=0.0062 aux_ce=0.0343)
  Batch 140/508 | Loss: 0.0195 (bce=0.0076 aux_ce=0.0296)
  Batch 150/508 | Loss: 0.0745 (bce=0.0480 aux_ce=0.0662)
  Batch 160/508 | Loss: 0.0200 (bce=0.0011 aux_ce=0.0472)
  Batch 170/508 | Loss: 1.6978 (bce=1.4969 aux_ce=0.5022)
  Batch 180/508 | Loss: 0.0028 (bce=0.0019 aux_ce=0.0023)
  Batch 190/508 | Loss: 0.0311 (bce=0.0260 aux_ce=0.0128)
  Batch 200/508 | Loss: 0.0376 (bce=0.0033 aux_ce=0.0858)
  Batch 210/508 | Loss: 0.0110 (bce=0.0073 aux_ce=0.0093)
  Batch 220/508 | Loss: 0.2394 (bce=0.1578 aux_ce=0.2042)
  Batch 230/508 | Loss: 0.0680 (bce=0.0277 aux_ce=0.1007)
  Batch 240/508 | Loss: 0.1859 (bce=0.1556 aux_ce=0.0757)
  Batch 250/508 | Loss: 0.0109 (bce=0.0033 aux_ce=0.0190)
  Batch 260/508 | Loss: 0.2058 (bce=0.1686 aux_ce=0.0930)
  Batch 270/508 | Loss: 0.2609 (bce=0.1410 aux_ce=0.2999)
  Batch 280/508 | Loss: 0.2013 (bce=0.0024 aux_ce=0.4972)
  Batch 290/508 | Loss: 0.4211 (bce=0.2924 aux_ce=0.3218)
  Batch 300/508 | Loss: 0.0045 (bce=0.0033 aux_ce=0.0031)
  Batch 310/508 | Loss: 0.0254 (bce=0.0136 aux_ce=0.0294)
  Batch 320/508 | Loss: 0.2268 (bce=0.0035 aux_ce=0.5582)
  Batch 330/508 | Loss: 1.4865 (bce=1.1571 aux_ce=0.8235)
  Batch 340/508 | Loss: 0.1220 (bce=0.0046 aux_ce=0.2935)
  Batch 350/508 | Loss: 0.2383 (bce=0.0799 aux_ce=0.3960)
  Batch 360/508 | Loss: 0.0903 (bce=0.0117 aux_ce=0.1967)
  Batch 370/508 | Loss: 0.0236 (bce=0.0080 aux_ce=0.0391)
  Batch 380/508 | Loss: 0.1077 (bce=0.0404 aux_ce=0.1683)
  Batch 390/508 | Loss: 0.0306 (bce=0.0049 aux_ce=0.0643)
  Batch 400/508 | Loss: 0.0362 (bce=0.0305 aux_ce=0.0143)
  Batch 410/508 | Loss: 0.0182 (bce=0.0139 aux_ce=0.0109)
  Batch 420/508 | Loss: 0.3601 (bce=0.3116 aux_ce=0.1213)
  Batch 430/508 | Loss: 0.0118 (bce=0.0027 aux_ce=0.0228)
  Batch 440/508 | Loss: 0.0090 (bce=0.0077 aux_ce=0.0032)
  Batch 450/508 | Loss: 0.1104 (bce=0.0127 aux_ce=0.2444)
  Batch 460/508 | Loss: 0.4507 (bce=0.3088 aux_ce=0.3546)
  Batch 470/508 | Loss: 0.0103 (bce=0.0016 aux_ce=0.0216)
  Batch 480/508 | Loss: 0.1242 (bce=0.0978 aux_ce=0.0660)
  Batch 490/508 | Loss: 0.0130 (bce=0.0022 aux_ce=0.0270)
  Batch 500/508 | Loss: 0.0150 (bce=0.0025 aux_ce=0.0311)
Epoch 9 | Train Loss: 0.1265 | Train Acc: 0.9875 | Val AUC: 0.9962
Saved checkpoint: models\stageA_checkpoint_epoch9.pth
  New best val AUC: 0.9962 - saved stageA_best_model.pth
  Batch 10/508 | Loss: 0.0256 (bce=0.0041 aux_ce=0.0539)
  Batch 20/508 | Loss: 0.0812 (bce=0.0007 aux_ce=0.2014)
  Batch 30/508 | Loss: 0.0025 (bce=0.0021 aux_ce=0.0010)
  Batch 40/508 | Loss: 0.0047 (bce=0.0041 aux_ce=0.0015)
  Batch 50/508 | Loss: 0.0742 (bce=0.0020 aux_ce=0.1807)
  Batch 60/508 | Loss: 0.0076 (bce=0.0017 aux_ce=0.0147)
  Batch 70/508 | Loss: 0.0531 (bce=0.0111 aux_ce=0.1050)
  Batch 80/508 | Loss: 0.0537 (bce=0.0020 aux_ce=0.1294)
  Batch 90/508 | Loss: 0.0051 (bce=0.0010 aux_ce=0.0102)
  Batch 100/508 | Loss: 0.0501 (bce=0.0014 aux_ce=0.1218)
  Batch 110/508 | Loss: 0.0266 (bce=0.0096 aux_ce=0.0425)
  Batch 120/508 | Loss: 0.0031 (bce=0.0014 aux_ce=0.0040)
  Batch 130/508 | Loss: 0.0498 (bce=0.0016 aux_ce=0.1205)
  Batch 140/508 | Loss: 0.0353 (bce=0.0007 aux_ce=0.0865)
  Batch 150/508 | Loss: 0.0673 (bce=0.0012 aux_ce=0.1652)
  Batch 160/508 | Loss: 0.1712 (bce=0.1311 aux_ce=0.1002)
  Batch 170/508 | Loss: 0.0011 (bce=0.0008 aux_ce=0.0009)
  Batch 180/508 | Loss: 0.0186 (bce=0.0011 aux_ce=0.0437)
  Batch 190/508 | Loss: 0.0492 (bce=0.0102 aux_ce=0.0977)
  Batch 200/508 | Loss: 0.0439 (bce=0.0031 aux_ce=0.1018)
  Batch 210/508 | Loss: 0.0171 (bce=0.0039 aux_ce=0.0328)
  Batch 220/508 | Loss: 0.0112 (bce=0.0041 aux_ce=0.0179)
  Batch 230/508 | Loss: 0.0122 (bce=0.0051 aux_ce=0.0178)
  Batch 240/508 | Loss: 0.0565 (bce=0.0008 aux_ce=0.1392)
  Batch 250/508 | Loss: 0.0030 (bce=0.0011 aux_ce=0.0048)
  Batch 260/508 | Loss: 0.0078 (bce=0.0009 aux_ce=0.0172)
  Batch 270/508 | Loss: 0.0342 (bce=0.0048 aux_ce=0.0734)
  Batch 280/508 | Loss: 0.0183 (bce=0.0031 aux_ce=0.0381)
  Batch 290/508 | Loss: 0.0227 (bce=0.0016 aux_ce=0.0529)
  Batch 300/508 | Loss: 0.0240 (bce=0.0019 aux_ce=0.0552)
  Batch 310/508 | Loss: 0.0364 (bce=0.0006 aux_ce=0.0894)
  Batch 320/508 | Loss: 0.0981 (bce=0.0072 aux_ce=0.2272)
  Batch 330/508 | Loss: 0.0178 (bce=0.0084 aux_ce=0.0235)
  Batch 340/508 | Loss: 0.0515 (bce=0.0006 aux_ce=0.1273)
  Batch 350/508 | Loss: 0.0550 (bce=0.0034 aux_ce=0.1290)
  Batch 360/508 | Loss: 0.0071 (bce=0.0003 aux_ce=0.0171)
  Batch 370/508 | Loss: 0.2154 (bce=0.1306 aux_ce=0.2122)
  Batch 380/508 | Loss: 0.0107 (bce=0.0012 aux_ce=0.0237)
  Batch 390/508 | Loss: 0.1782 (bce=0.0011 aux_ce=0.4428)
  Batch 400/508 | Loss: 0.0261 (bce=0.0003 aux_ce=0.0646)
  Batch 410/508 | Loss: 0.0012 (bce=0.0007 aux_ce=0.0012)
  Batch 420/508 | Loss: 0.0205 (bce=0.0161 aux_ce=0.0110)
  Batch 430/508 | Loss: 0.1381 (bce=0.0023 aux_ce=0.3393)
  Batch 440/508 | Loss: 0.0114 (bce=0.0021 aux_ce=0.0231)
  Batch 450/508 | Loss: 1.0359 (bce=0.7105 aux_ce=0.8136)
  Batch 460/508 | Loss: 0.1193 (bce=0.0876 aux_ce=0.0794)
  Batch 470/508 | Loss: 0.0207 (bce=0.0169 aux_ce=0.0096)
  Batch 480/508 | Loss: 0.0043 (bce=0.0005 aux_ce=0.0095)
  Batch 490/508 | Loss: 0.1079 (bce=0.0766 aux_ce=0.0782)
  Batch 500/508 | Loss: 0.0092 (bce=0.0018 aux_ce=0.0184)
Epoch 10 | Train Loss: 0.0749 | Train Acc: 0.9953 | Val AUC: 0.9966
Saved checkpoint: models\stageA_checkpoint_epoch10.pth
  New best val AUC: 0.9966 - saved stageA_best_model.pth
  Batch 10/508 | Loss: 0.1384 (bce=0.1094 aux_ce=0.0724)
  Batch 20/508 | Loss: 0.1012 (bce=0.0021 aux_ce=0.2479)
  Batch 30/508 | Loss: 0.1453 (bce=0.0322 aux_ce=0.2829)
  Batch 40/508 | Loss: 2.6681 (bce=2.3238 aux_ce=0.8607)
  Batch 50/508 | Loss: 1.1205 (bce=0.7583 aux_ce=0.9056)
  Batch 60/508 | Loss: 0.0864 (bce=0.0021 aux_ce=0.2107)
  Batch 70/508 | Loss: 0.0352 (bce=0.0054 aux_ce=0.0745)
  Batch 80/508 | Loss: 0.2713 (bce=0.0034 aux_ce=0.6697)
  Batch 90/508 | Loss: 0.0296 (bce=0.0041 aux_ce=0.0638)
  Batch 100/508 | Loss: 0.0207 (bce=0.0041 aux_ce=0.0415)
  Batch 110/508 | Loss: 0.1136 (bce=0.0081 aux_ce=0.2638)
  Batch 120/508 | Loss: 0.0160 (bce=0.0017 aux_ce=0.0359)
  Batch 130/508 | Loss: 0.0666 (bce=0.0557 aux_ce=0.0271)
  Batch 140/508 | Loss: 0.0022 (bce=0.0014 aux_ce=0.0022)
  Batch 150/508 | Loss: 0.0453 (bce=0.0369 aux_ce=0.0211)
  Batch 160/508 | Loss: 0.0199 (bce=0.0015 aux_ce=0.0458)
  Batch 170/508 | Loss: 0.0744 (bce=0.0248 aux_ce=0.1240)
  Batch 180/508 | Loss: 0.0035 (bce=0.0032 aux_ce=0.0007)
  Batch 190/508 | Loss: 0.0359 (bce=0.0136 aux_ce=0.0558)
  Batch 200/508 | Loss: 0.0414 (bce=0.0126 aux_ce=0.0720)
  Batch 210/508 | Loss: 0.0231 (bce=0.0031 aux_ce=0.0501)
  Batch 220/508 | Loss: 0.0549 (bce=0.0238 aux_ce=0.0777)
  Batch 230/508 | Loss: 0.1717 (bce=0.0040 aux_ce=0.4192)
  Batch 240/508 | Loss: 0.0136 (bce=0.0079 aux_ce=0.0142)
  Batch 250/508 | Loss: 0.0253 (bce=0.0180 aux_ce=0.0182)
  Batch 260/508 | Loss: 0.0485 (bce=0.0010 aux_ce=0.1186)
  Batch 270/508 | Loss: 0.0368 (bce=0.0024 aux_ce=0.0860)
  Batch 280/508 | Loss: 0.0865 (bce=0.0116 aux_ce=0.1873)
  Batch 290/508 | Loss: 0.0187 (bce=0.0017 aux_ce=0.0425)
  Batch 300/508 | Loss: 0.0331 (bce=0.0066 aux_ce=0.0662)
  Batch 310/508 | Loss: 0.0112 (bce=0.0062 aux_ce=0.0124)
  Batch 320/508 | Loss: 0.3543 (bce=0.2930 aux_ce=0.1532)
  Batch 330/508 | Loss: 0.0337 (bce=0.0026 aux_ce=0.0778)
  Batch 340/508 | Loss: 0.0107 (bce=0.0027 aux_ce=0.0199)
  Batch 350/508 | Loss: 0.0369 (bce=0.0241 aux_ce=0.0320)
  Batch 360/508 | Loss: 0.0122 (bce=0.0015 aux_ce=0.0267)
  Batch 370/508 | Loss: 0.0482 (bce=0.0011 aux_ce=0.1178)
  Batch 380/508 | Loss: 0.0345 (bce=0.0068 aux_ce=0.0693)
  Batch 390/508 | Loss: 0.0514 (bce=0.0302 aux_ce=0.0529)
  Batch 400/508 | Loss: 0.0225 (bce=0.0032 aux_ce=0.0482)
  Batch 410/508 | Loss: 0.0068 (bce=0.0012 aux_ce=0.0141)
  Batch 420/508 | Loss: 0.0321 (bce=0.0011 aux_ce=0.0774)
  Batch 430/508 | Loss: 0.0264 (bce=0.0012 aux_ce=0.0631)
  Batch 440/508 | Loss: 0.0045 (bce=0.0027 aux_ce=0.0045)
  Batch 450/508 | Loss: 0.0168 (bce=0.0007 aux_ce=0.0402)
  Batch 460/508 | Loss: 0.0024 (bce=0.0014 aux_ce=0.0025)
  Batch 470/508 | Loss: 0.1831 (bce=0.0016 aux_ce=0.4538)
  Batch 480/508 | Loss: 0.0106 (bce=0.0066 aux_ce=0.0099)
  Batch 490/508 | Loss: 0.1674 (bce=0.0004 aux_ce=0.4175)
  Batch 500/508 | Loss: 0.3056 (bce=0.0008 aux_ce=0.7620)
Epoch 11 | Train Loss: 0.0906 | Train Acc: 0.9916 | Val AUC: 0.9958
Saved checkpoint: models\stageA_checkpoint_epoch11.pth
  No improvement for 1/5 epochs
  Batch 10/508 | Loss: 0.0589 (bce=0.0012 aux_ce=0.1441)
  Batch 20/508 | Loss: 0.0440 (bce=0.0105 aux_ce=0.0837)
  Batch 30/508 | Loss: 0.0366 (bce=0.0026 aux_ce=0.0850)
  Batch 40/508 | Loss: 0.0304 (bce=0.0005 aux_ce=0.0747)
  Batch 50/508 | Loss: 0.1827 (bce=0.0015 aux_ce=0.4529)
  Batch 60/508 | Loss: 0.0224 (bce=0.0015 aux_ce=0.0522)
  Batch 70/508 | Loss: 0.0024 (bce=0.0006 aux_ce=0.0047)
  Batch 80/508 | Loss: 0.0681 (bce=0.0373 aux_ce=0.0770)
  Batch 90/508 | Loss: 0.0422 (bce=0.0006 aux_ce=0.1041)
  Batch 100/508 | Loss: 0.0433 (bce=0.0002 aux_ce=0.1076)
  Batch 110/508 | Loss: 0.0183 (bce=0.0005 aux_ce=0.0444)
  Batch 120/508 | Loss: 0.0036 (bce=0.0019 aux_ce=0.0043)
  Batch 130/508 | Loss: 0.0476 (bce=0.0100 aux_ce=0.0939)
  Batch 140/508 | Loss: 0.0927 (bce=0.0009 aux_ce=0.2295)
  Batch 150/508 | Loss: 0.0020 (bce=0.0004 aux_ce=0.0039)
  Batch 160/508 | Loss: 0.0173 (bce=0.0002 aux_ce=0.0426)
  Batch 170/508 | Loss: 0.0059 (bce=0.0019 aux_ce=0.0100)
  Batch 180/508 | Loss: 0.0033 (bce=0.0008 aux_ce=0.0063)
  Batch 190/508 | Loss: 0.0459 (bce=0.0002 aux_ce=0.1143)
  Batch 200/508 | Loss: 0.1082 (bce=0.0002 aux_ce=0.2700)
  Batch 210/508 | Loss: 0.2559 (bce=0.0004 aux_ce=0.6388)
  Batch 220/508 | Loss: 0.0064 (bce=0.0005 aux_ce=0.0148)
  Batch 230/508 | Loss: 0.0072 (bce=0.0013 aux_ce=0.0148)
  Batch 240/508 | Loss: 0.0085 (bce=0.0023 aux_ce=0.0155)
  Batch 250/508 | Loss: 0.0464 (bce=0.0016 aux_ce=0.1120)
  Batch 260/508 | Loss: 0.0055 (bce=0.0017 aux_ce=0.0096)
  Batch 270/508 | Loss: 0.0078 (bce=0.0010 aux_ce=0.0171)
  Batch 280/508 | Loss: 0.1851 (bce=0.0695 aux_ce=0.2890)
  Batch 290/508 | Loss: 0.0139 (bce=0.0017 aux_ce=0.0305)
  Batch 300/508 | Loss: 0.0062 (bce=0.0008 aux_ce=0.0134)
  Batch 310/508 | Loss: 0.0039 (bce=0.0008 aux_ce=0.0077)
  Batch 320/508 | Loss: 0.0637 (bce=0.0010 aux_ce=0.1567)
  Batch 330/508 | Loss: 0.0064 (bce=0.0048 aux_ce=0.0039)
  Batch 340/508 | Loss: 0.1085 (bce=0.0005 aux_ce=0.2701)
  Batch 350/508 | Loss: 0.2081 (bce=0.0016 aux_ce=0.5161)
  Batch 360/508 | Loss: 0.3719 (bce=0.2748 aux_ce=0.2427)
  Batch 370/508 | Loss: 0.0353 (bce=0.0008 aux_ce=0.0862)
  Batch 380/508 | Loss: 0.0019 (bce=0.0004 aux_ce=0.0039)
  Batch 390/508 | Loss: 0.0014 (bce=0.0005 aux_ce=0.0022)
  Batch 400/508 | Loss: 0.0168 (bce=0.0005 aux_ce=0.0408)
  Batch 410/508 | Loss: 0.0148 (bce=0.0009 aux_ce=0.0347)
  Batch 420/508 | Loss: 0.0407 (bce=0.0006 aux_ce=0.1003)
  Batch 430/508 | Loss: 0.0922 (bce=0.0017 aux_ce=0.2263)
  Batch 440/508 | Loss: 0.0212 (bce=0.0163 aux_ce=0.0122)
  Batch 450/508 | Loss: 0.0380 (bce=0.0009 aux_ce=0.0928)
  Batch 460/508 | Loss: 0.0317 (bce=0.0279 aux_ce=0.0093)
  Batch 470/508 | Loss: 0.0643 (bce=0.0578 aux_ce=0.0163)
  Batch 480/508 | Loss: 0.3715 (bce=0.2605 aux_ce=0.2775)
  Batch 490/508 | Loss: 0.0200 (bce=0.0092 aux_ce=0.0272)
  Batch 500/508 | Loss: 0.0735 (bce=0.0276 aux_ce=0.1146)
Epoch 12 | Train Loss: 0.0710 | Train Acc: 0.9956 | Val AUC: 0.9974
Saved checkpoint: models\stageA_checkpoint_epoch12.pth
  New best val AUC: 0.9974 - saved stageA_best_model.pth
  Batch 10/508 | Loss: 0.0533 (bce=0.0168 aux_ce=0.0912)
  Batch 20/508 | Loss: 0.0228 (bce=0.0047 aux_ce=0.0453)
  Batch 30/508 | Loss: 0.0144 (bce=0.0116 aux_ce=0.0070)
  Batch 40/508 | Loss: 0.2631 (bce=0.0027 aux_ce=0.6511)
  Batch 50/508 | Loss: 0.1872 (bce=0.1564 aux_ce=0.0769)
  Batch 60/508 | Loss: 0.0083 (bce=0.0061 aux_ce=0.0053)
  Batch 70/508 | Loss: 0.0352 (bce=0.0025 aux_ce=0.0818)
  Batch 80/508 | Loss: 0.0028 (bce=0.0007 aux_ce=0.0051)
  Batch 90/508 | Loss: 0.0704 (bce=0.0009 aux_ce=0.1740)
  Batch 100/508 | Loss: 0.0584 (bce=0.0009 aux_ce=0.1439)
  Batch 110/508 | Loss: 0.0900 (bce=0.0078 aux_ce=0.2056)
  Batch 120/508 | Loss: 0.0323 (bce=0.0156 aux_ce=0.0418)
  Batch 130/508 | Loss: 0.1126 (bce=0.0942 aux_ce=0.0462)
  Batch 140/508 | Loss: 0.0835 (bce=0.0010 aux_ce=0.2064)
  Batch 150/508 | Loss: 0.0078 (bce=0.0042 aux_ce=0.0090)
  Batch 160/508 | Loss: 0.0766 (bce=0.0022 aux_ce=0.1860)
  Batch 170/508 | Loss: 0.0161 (bce=0.0005 aux_ce=0.0390)
  Batch 180/508 | Loss: 0.0038 (bce=0.0014 aux_ce=0.0060)
  Batch 190/508 | Loss: 0.0346 (bce=0.0007 aux_ce=0.0850)
  Batch 200/508 | Loss: 0.0097 (bce=0.0007 aux_ce=0.0224)
  Batch 210/508 | Loss: 0.0165 (bce=0.0057 aux_ce=0.0270)
  Batch 220/508 | Loss: 0.1584 (bce=0.0006 aux_ce=0.3945)
  Batch 230/508 | Loss: 0.0513 (bce=0.0004 aux_ce=0.1272)
  Batch 240/508 | Loss: 0.1503 (bce=0.0692 aux_ce=0.2026)
  Batch 250/508 | Loss: 0.1491 (bce=0.0031 aux_ce=0.3649)
  Batch 260/508 | Loss: 0.0127 (bce=0.0011 aux_ce=0.0290)
  Batch 270/508 | Loss: 0.0573 (bce=0.0004 aux_ce=0.1422)
  Batch 280/508 | Loss: 0.0138 (bce=0.0003 aux_ce=0.0337)
  Batch 290/508 | Loss: 0.0461 (bce=0.0003 aux_ce=0.1145)
  Batch 300/508 | Loss: 0.0418 (bce=0.0018 aux_ce=0.1000)
  Batch 310/508 | Loss: 0.0015 (bce=0.0009 aux_ce=0.0014)
  Batch 320/508 | Loss: 0.0011 (bce=0.0007 aux_ce=0.0010)
  Batch 330/508 | Loss: 0.0381 (bce=0.0015 aux_ce=0.0915)
  Batch 340/508 | Loss: 0.0129 (bce=0.0093 aux_ce=0.0091)
  Batch 350/508 | Loss: 0.8340 (bce=0.6465 aux_ce=0.4688)
  Batch 360/508 | Loss: 0.2838 (bce=0.1683 aux_ce=0.2887)
  Batch 370/508 | Loss: 0.0626 (bce=0.0027 aux_ce=0.1495)
  Batch 380/508 | Loss: 0.0773 (bce=0.0024 aux_ce=0.1872)
  Batch 390/508 | Loss: 0.0863 (bce=0.0703 aux_ce=0.0400)
  Batch 400/508 | Loss: 0.3041 (bce=0.1162 aux_ce=0.4697)
  Batch 410/508 | Loss: 0.0520 (bce=0.0118 aux_ce=0.1007)
  Batch 420/508 | Loss: 0.0867 (bce=0.0057 aux_ce=0.2025)
  Batch 430/508 | Loss: 0.0400 (bce=0.0078 aux_ce=0.0807)
  Batch 440/508 | Loss: 0.0482 (bce=0.0165 aux_ce=0.0794)
  Batch 450/508 | Loss: 0.0124 (bce=0.0034 aux_ce=0.0225)
  Batch 460/508 | Loss: 0.0877 (bce=0.0605 aux_ce=0.0680)
  Batch 470/508 | Loss: 0.0210 (bce=0.0021 aux_ce=0.0471)
  Batch 480/508 | Loss: 0.0168 (bce=0.0060 aux_ce=0.0270)
  Batch 490/508 | Loss: 0.0073 (bce=0.0055 aux_ce=0.0044)
  Batch 500/508 | Loss: 0.0280 (bce=0.0047 aux_ce=0.0583)
Epoch 13 | Train Loss: 0.0980 | Train Acc: 0.9887 | Val AUC: 0.9965
Saved checkpoint: models\stageA_checkpoint_epoch13.pth
  No improvement for 1/5 epochs
  Batch 10/508 | Loss: 0.0037 (bce=0.0018 aux_ce=0.0049)
  Batch 20/508 | Loss: 0.0728 (bce=0.0055 aux_ce=0.1683)
  Batch 30/508 | Loss: 0.0045 (bce=0.0029 aux_ce=0.0041)
  Batch 40/508 | Loss: 0.0039 (bce=0.0006 aux_ce=0.0082)
  Batch 50/508 | Loss: 0.0076 (bce=0.0020 aux_ce=0.0140)
  Batch 60/508 | Loss: 0.0172 (bce=0.0015 aux_ce=0.0394)
  Batch 70/508 | Loss: 0.0056 (bce=0.0004 aux_ce=0.0130)
  Batch 80/508 | Loss: 0.0103 (bce=0.0004 aux_ce=0.0248)
  Batch 90/508 | Loss: 0.0304 (bce=0.0248 aux_ce=0.0140)
  Batch 100/508 | Loss: 0.1500 (bce=0.0081 aux_ce=0.3547)
  Batch 110/508 | Loss: 0.0086 (bce=0.0016 aux_ce=0.0175)
  Batch 120/508 | Loss: 0.0112 (bce=0.0038 aux_ce=0.0186)
  Batch 130/508 | Loss: 0.0140 (bce=0.0103 aux_ce=0.0094)
  Batch 140/508 | Loss: 0.0485 (bce=0.0014 aux_ce=0.1177)
  Batch 150/508 | Loss: 0.0045 (bce=0.0011 aux_ce=0.0086)
  Batch 160/508 | Loss: 0.0188 (bce=0.0005 aux_ce=0.0457)
  Batch 170/508 | Loss: 0.0555 (bce=0.0038 aux_ce=0.1293)
  Batch 180/508 | Loss: 0.0047 (bce=0.0037 aux_ce=0.0027)
  Batch 190/508 | Loss: 0.1272 (bce=0.1040 aux_ce=0.0579)
  Batch 200/508 | Loss: 0.0395 (bce=0.0027 aux_ce=0.0919)
  Batch 210/508 | Loss: 0.0228 (bce=0.0016 aux_ce=0.0531)
  Batch 220/508 | Loss: 0.1346 (bce=0.0016 aux_ce=0.3324)
  Batch 230/508 | Loss: 0.0051 (bce=0.0023 aux_ce=0.0069)
  Batch 240/508 | Loss: 0.1028 (bce=0.0865 aux_ce=0.0407)
  Batch 250/508 | Loss: 0.1809 (bce=0.1488 aux_ce=0.0803)
  Batch 260/508 | Loss: 0.1042 (bce=0.0099 aux_ce=0.2358)
  Batch 270/508 | Loss: 0.1329 (bce=0.0061 aux_ce=0.3170)
  Batch 280/508 | Loss: 0.2003 (bce=0.0035 aux_ce=0.4921)
  Batch 290/508 | Loss: 0.1859 (bce=0.0034 aux_ce=0.4563)
  Batch 300/508 | Loss: 0.0086 (bce=0.0004 aux_ce=0.0206)
  Batch 310/508 | Loss: 0.0059 (bce=0.0004 aux_ce=0.0139)
  Batch 320/508 | Loss: 0.0033 (bce=0.0018 aux_ce=0.0039)
  Batch 330/508 | Loss: 0.0034 (bce=0.0020 aux_ce=0.0036)
  Batch 340/508 | Loss: 0.0139 (bce=0.0007 aux_ce=0.0329)
  Batch 350/508 | Loss: 0.0332 (bce=0.0020 aux_ce=0.0779)
  Batch 360/508 | Loss: 0.0075 (bce=0.0054 aux_ce=0.0052)
  Batch 370/508 | Loss: 0.0175 (bce=0.0021 aux_ce=0.0385)
  Batch 380/508 | Loss: 0.0182 (bce=0.0029 aux_ce=0.0383)
  Batch 390/508 | Loss: 0.0135 (bce=0.0006 aux_ce=0.0322)
  Batch 400/508 | Loss: 0.0019 (bce=0.0004 aux_ce=0.0036)
  Batch 410/508 | Loss: 0.2499 (bce=0.0007 aux_ce=0.6231)
  Batch 420/508 | Loss: 0.0081 (bce=0.0005 aux_ce=0.0190)
  Batch 430/508 | Loss: 0.0572 (bce=0.0399 aux_ce=0.0433)
  Batch 440/508 | Loss: 0.0123 (bce=0.0041 aux_ce=0.0205)
  Batch 450/508 | Loss: 0.0028 (bce=0.0004 aux_ce=0.0061)
  Batch 460/508 | Loss: 0.0181 (bce=0.0112 aux_ce=0.0172)
  Batch 470/508 | Loss: 0.1034 (bce=0.0002 aux_ce=0.2579)
  Batch 480/508 | Loss: 0.3337 (bce=0.0044 aux_ce=0.8232)
  Batch 490/508 | Loss: 0.0011 (bce=0.0002 aux_ce=0.0022)
  Batch 500/508 | Loss: 0.1887 (bce=0.0016 aux_ce=0.4677)
Epoch 14 | Train Loss: 0.0706 | Train Acc: 0.9946 | Val AUC: 0.9940
Saved checkpoint: models\stageA_checkpoint_epoch14.pth
  No improvement for 2/5 epochs
  Batch 10/508 | Loss: 0.0058 (bce=0.0016 aux_ce=0.0107)
  Batch 20/508 | Loss: 0.0380 (bce=0.0250 aux_ce=0.0325)
  Batch 30/508 | Loss: 0.0118 (bce=0.0069 aux_ce=0.0122)
  Batch 40/508 | Loss: 0.0494 (bce=0.0055 aux_ce=0.1097)
  Batch 50/508 | Loss: 0.2188 (bce=0.0183 aux_ce=0.5014)
  Batch 60/508 | Loss: 0.0088 (bce=0.0045 aux_ce=0.0108)
  Batch 70/508 | Loss: 0.0289 (bce=0.0018 aux_ce=0.0677)
  Batch 80/508 | Loss: 0.0029 (bce=0.0005 aux_ce=0.0060)
  Batch 90/508 | Loss: 0.0710 (bce=0.0010 aux_ce=0.1749)
  Batch 100/508 | Loss: 0.2567 (bce=0.1330 aux_ce=0.3092)
  Batch 110/508 | Loss: 0.0347 (bce=0.0013 aux_ce=0.0834)
  Batch 120/508 | Loss: 0.0491 (bce=0.0110 aux_ce=0.0952)
  Batch 130/508 | Loss: 0.2544 (bce=0.0399 aux_ce=0.5362)
  Batch 140/508 | Loss: 0.1915 (bce=0.0055 aux_ce=0.4650)
  Batch 150/508 | Loss: 0.0082 (bce=0.0061 aux_ce=0.0052)
  Batch 160/508 | Loss: 0.0488 (bce=0.0043 aux_ce=0.1112)
  Batch 170/508 | Loss: 0.1174 (bce=0.0981 aux_ce=0.0484)
  Batch 180/508 | Loss: 0.3231 (bce=0.1972 aux_ce=0.3147)
  Batch 190/508 | Loss: 0.0586 (bce=0.0318 aux_ce=0.0669)
  Batch 200/508 | Loss: 0.0491 (bce=0.0358 aux_ce=0.0334)
  Batch 210/508 | Loss: 0.0587 (bce=0.0024 aux_ce=0.1407)
  Batch 220/508 | Loss: 0.0260 (bce=0.0013 aux_ce=0.0616)
  Batch 230/508 | Loss: 0.0245 (bce=0.0006 aux_ce=0.0598)
  Batch 240/508 | Loss: 0.0050 (bce=0.0015 aux_ce=0.0087)
  Batch 250/508 | Loss: 0.0254 (bce=0.0018 aux_ce=0.0588)
  Batch 260/508 | Loss: 0.0104 (bce=0.0031 aux_ce=0.0182)
  Batch 270/508 | Loss: 0.1027 (bce=0.0014 aux_ce=0.2532)
  Batch 280/508 | Loss: 0.0158 (bce=0.0113 aux_ce=0.0112)
  Batch 290/508 | Loss: 0.0094 (bce=0.0074 aux_ce=0.0049)
  Batch 300/508 | Loss: 0.0151 (bce=0.0038 aux_ce=0.0283)
  Batch 310/508 | Loss: 0.0389 (bce=0.0015 aux_ce=0.0935)
  Batch 320/508 | Loss: 0.0322 (bce=0.0007 aux_ce=0.0787)
  Batch 330/508 | Loss: 0.0425 (bce=0.0021 aux_ce=0.1009)
  Batch 340/508 | Loss: 0.0494 (bce=0.0068 aux_ce=0.1065)
  Batch 350/508 | Loss: 0.0976 (bce=0.0231 aux_ce=0.1862)
  Batch 360/508 | Loss: 0.0036 (bce=0.0012 aux_ce=0.0059)
  Batch 370/508 | Loss: 0.0032 (bce=0.0019 aux_ce=0.0033)
  Batch 380/508 | Loss: 0.0018 (bce=0.0006 aux_ce=0.0029)
  Batch 390/508 | Loss: 0.0018 (bce=0.0010 aux_ce=0.0021)
  Batch 400/508 | Loss: 0.4650 (bce=0.0014 aux_ce=1.1589)
  Batch 410/508 | Loss: 0.0677 (bce=0.0026 aux_ce=0.1627)
  Batch 420/508 | Loss: 0.0018 (bce=0.0007 aux_ce=0.0026)
  Batch 430/508 | Loss: 0.0842 (bce=0.0603 aux_ce=0.0597)
  Batch 440/508 | Loss: 0.0035 (bce=0.0022 aux_ce=0.0032)
  Batch 450/508 | Loss: 0.0149 (bce=0.0004 aux_ce=0.0363)
  Batch 460/508 | Loss: 0.0462 (bce=0.0004 aux_ce=0.1146)
  Batch 470/508 | Loss: 0.1075 (bce=0.0004 aux_ce=0.2676)
  Batch 480/508 | Loss: 0.0701 (bce=0.0014 aux_ce=0.1717)
  Batch 490/508 | Loss: 0.0074 (bce=0.0012 aux_ce=0.0156)
  Batch 500/508 | Loss: 0.0017 (bce=0.0006 aux_ce=0.0027)
Epoch 15 | Train Loss: 0.0810 | Train Acc: 0.9929 | Val AUC: 0.9983
Saved checkpoint: models\stageA_checkpoint_epoch15.pth
  New best val AUC: 0.9983 - saved stageA_best_model.pth
  Batch 10/508 | Loss: 0.0244 (bce=0.0008 aux_ce=0.0590)
  Batch 20/508 | Loss: 0.0074 (bce=0.0027 aux_ce=0.0118)
  Batch 30/508 | Loss: 0.0074 (bce=0.0011 aux_ce=0.0157)
  Batch 40/508 | Loss: 0.0046 (bce=0.0002 aux_ce=0.0108)
  Batch 50/508 | Loss: 0.0161 (bce=0.0005 aux_ce=0.0388)
  Batch 60/508 | Loss: 0.0024 (bce=0.0010 aux_ce=0.0035)
  Batch 70/508 | Loss: 0.0170 (bce=0.0019 aux_ce=0.0378)
  Batch 80/508 | Loss: 0.0144 (bce=0.0023 aux_ce=0.0302)
  Batch 90/508 | Loss: 0.3556 (bce=0.2570 aux_ce=0.2465)
  Batch 100/508 | Loss: 2.0488 (bce=1.8031 aux_ce=0.6144)
  Batch 110/508 | Loss: 0.0043 (bce=0.0022 aux_ce=0.0052)
  Batch 120/508 | Loss: 0.0172 (bce=0.0031 aux_ce=0.0352)
  Batch 130/508 | Loss: 0.2107 (bce=0.1654 aux_ce=0.1131)
  Batch 140/508 | Loss: 0.0030 (bce=0.0008 aux_ce=0.0053)
  Batch 150/508 | Loss: 0.0504 (bce=0.0013 aux_ce=0.1228)
  Batch 160/508 | Loss: 0.1908 (bce=0.0093 aux_ce=0.4537)
  Batch 170/508 | Loss: 0.0227 (bce=0.0072 aux_ce=0.0387)
  Batch 180/508 | Loss: 0.0020 (bce=0.0016 aux_ce=0.0011)
  Batch 190/508 | Loss: 0.0144 (bce=0.0039 aux_ce=0.0263)
  Batch 200/508 | Loss: 0.0887 (bce=0.0042 aux_ce=0.2112)
  Batch 210/508 | Loss: 0.0094 (bce=0.0018 aux_ce=0.0188)
  Batch 220/508 | Loss: 0.0179 (bce=0.0010 aux_ce=0.0424)
  Batch 230/508 | Loss: 0.0850 (bce=0.0004 aux_ce=0.2116)
  Batch 240/508 | Loss: 0.0256 (bce=0.0020 aux_ce=0.0590)
  Batch 250/508 | Loss: 0.0739 (bce=0.0031 aux_ce=0.1769)
  Batch 260/508 | Loss: 0.0097 (bce=0.0074 aux_ce=0.0059)
  Batch 270/508 | Loss: 0.0109 (bce=0.0005 aux_ce=0.0259)
  Batch 280/508 | Loss: 0.0103 (bce=0.0026 aux_ce=0.0194)
  Batch 290/508 | Loss: 0.0049 (bce=0.0004 aux_ce=0.0112)
  Batch 300/508 | Loss: 0.0796 (bce=0.0009 aux_ce=0.1966)
  Batch 310/508 | Loss: 0.0074 (bce=0.0016 aux_ce=0.0146)
  Batch 320/508 | Loss: 0.0015 (bce=0.0008 aux_ce=0.0017)
  Batch 330/508 | Loss: 0.0229 (bce=0.0004 aux_ce=0.0563)
  Batch 340/508 | Loss: 0.0057 (bce=0.0030 aux_ce=0.0066)
  Batch 350/508 | Loss: 0.0107 (bce=0.0066 aux_ce=0.0103)
  Batch 360/508 | Loss: 0.0034 (bce=0.0011 aux_ce=0.0057)
  Batch 370/508 | Loss: 0.0025 (bce=0.0016 aux_ce=0.0022)
  Batch 380/508 | Loss: 0.0016 (bce=0.0004 aux_ce=0.0030)
  Batch 390/508 | Loss: 0.0064 (bce=0.0059 aux_ce=0.0013)
  Batch 400/508 | Loss: 0.0772 (bce=0.0006 aux_ce=0.1916)
  Batch 410/508 | Loss: 0.0104 (bce=0.0037 aux_ce=0.0167)
  Batch 420/508 | Loss: 0.0026 (bce=0.0022 aux_ce=0.0011)
  Batch 430/508 | Loss: 0.0017 (bce=0.0003 aux_ce=0.0035)
  Batch 440/508 | Loss: 0.0027 (bce=0.0005 aux_ce=0.0055)
  Batch 450/508 | Loss: 0.0015 (bce=0.0002 aux_ce=0.0031)
  Batch 460/508 | Loss: 0.0028 (bce=0.0010 aux_ce=0.0046)
  Batch 470/508 | Loss: 0.0425 (bce=0.0003 aux_ce=0.1055)
  Batch 480/508 | Loss: 0.0115 (bce=0.0018 aux_ce=0.0243)
  Batch 490/508 | Loss: 0.0972 (bce=0.0004 aux_ce=0.2422)
  Batch 500/508 | Loss: 0.0013 (bce=0.0006 aux_ce=0.0017)
Epoch 16 | Train Loss: 0.0472 | Train Acc: 0.9968 | Val AUC: 0.9977
Saved checkpoint: models\stageA_checkpoint_epoch16.pth
  No improvement for 1/5 epochs
  Batch 10/508 | Loss: 0.0011 (bce=0.0005 aux_ce=0.0016)
  Batch 20/508 | Loss: 0.0037 (bce=0.0032 aux_ce=0.0015)
  Batch 30/508 | Loss: 0.1484 (bce=0.0002 aux_ce=0.3706)
  Batch 40/508 | Loss: 0.0021 (bce=0.0007 aux_ce=0.0034)
  Batch 50/508 | Loss: 0.0086 (bce=0.0002 aux_ce=0.0209)
  Batch 60/508 | Loss: 0.0083 (bce=0.0004 aux_ce=0.0198)
  Batch 70/508 | Loss: 0.0054 (bce=0.0012 aux_ce=0.0104)
  Batch 80/508 | Loss: 0.0079 (bce=0.0003 aux_ce=0.0190)
  Batch 90/508 | Loss: 0.0014 (bce=0.0009 aux_ce=0.0011)
  Batch 100/508 | Loss: 0.0025 (bce=0.0017 aux_ce=0.0020)
  Batch 110/508 | Loss: 0.0019 (bce=0.0017 aux_ce=0.0005)
  Batch 120/508 | Loss: 0.1549 (bce=0.0123 aux_ce=0.3565)
  Batch 130/508 | Loss: 0.0081 (bce=0.0042 aux_ce=0.0098)
  Batch 140/508 | Loss: 0.0073 (bce=0.0028 aux_ce=0.0113)
  Batch 150/508 | Loss: 0.0088 (bce=0.0067 aux_ce=0.0053)
  Batch 160/508 | Loss: 0.0420 (bce=0.0056 aux_ce=0.0908)
  Batch 170/508 | Loss: 0.0171 (bce=0.0068 aux_ce=0.0258)
  Batch 180/508 | Loss: 0.0223 (bce=0.0044 aux_ce=0.0446)
  Batch 190/508 | Loss: 0.0596 (bce=0.0527 aux_ce=0.0173)
  Batch 200/508 | Loss: 0.0036 (bce=0.0030 aux_ce=0.0015)
  Batch 210/508 | Loss: 0.0678 (bce=0.0062 aux_ce=0.1541)
  Batch 220/508 | Loss: 0.0028 (bce=0.0005 aux_ce=0.0058)
  Batch 230/508 | Loss: 0.0165 (bce=0.0044 aux_ce=0.0303)
  Batch 240/508 | Loss: 0.1740 (bce=0.1625 aux_ce=0.0286)
  Batch 250/508 | Loss: 0.0082 (bce=0.0023 aux_ce=0.0147)
  Batch 260/508 | Loss: 0.0213 (bce=0.0040 aux_ce=0.0431)
  Batch 270/508 | Loss: 0.1852 (bce=0.0053 aux_ce=0.4496)
  Batch 280/508 | Loss: 0.0885 (bce=0.0016 aux_ce=0.2173)
  Batch 290/508 | Loss: 0.0207 (bce=0.0029 aux_ce=0.0443)
  Batch 300/508 | Loss: 0.8202 (bce=0.6374 aux_ce=0.4570)
  Batch 310/508 | Loss: 0.1820 (bce=0.0016 aux_ce=0.4510)
  Batch 320/508 | Loss: 0.0045 (bce=0.0004 aux_ce=0.0102)
  Batch 330/508 | Loss: 0.0098 (bce=0.0005 aux_ce=0.0233)
  Batch 340/508 | Loss: 0.0153 (bce=0.0074 aux_ce=0.0196)
  Batch 350/508 | Loss: 0.0026 (bce=0.0013 aux_ce=0.0030)
  Batch 360/508 | Loss: 0.0121 (bce=0.0082 aux_ce=0.0099)
  Batch 370/508 | Loss: 0.0056 (bce=0.0027 aux_ce=0.0075)
  Batch 380/508 | Loss: 0.0056 (bce=0.0044 aux_ce=0.0029)
  Batch 390/508 | Loss: 0.0135 (bce=0.0078 aux_ce=0.0142)
  Batch 400/508 | Loss: 0.0050 (bce=0.0009 aux_ce=0.0101)
  Batch 410/508 | Loss: 0.0123 (bce=0.0079 aux_ce=0.0111)
  Batch 420/508 | Loss: 0.0080 (bce=0.0010 aux_ce=0.0175)
  Batch 430/508 | Loss: 0.0045 (bce=0.0020 aux_ce=0.0063)
  Batch 440/508 | Loss: 0.0205 (bce=0.0007 aux_ce=0.0497)
  Batch 450/508 | Loss: 0.0086 (bce=0.0008 aux_ce=0.0194)
  Batch 460/508 | Loss: 0.0074 (bce=0.0004 aux_ce=0.0174)
  Batch 470/508 | Loss: 0.0049 (bce=0.0037 aux_ce=0.0030)
  Batch 480/508 | Loss: 0.0025 (bce=0.0021 aux_ce=0.0009)
  Batch 490/508 | Loss: 0.0901 (bce=0.0003 aux_ce=0.2245)
  Batch 500/508 | Loss: 0.0070 (bce=0.0002 aux_ce=0.0170)
Epoch 17 | Train Loss: 0.0685 | Train Acc: 0.9924 | Val AUC: 0.9966
Saved checkpoint: models\stageA_checkpoint_epoch17.pth
  No improvement for 2/5 epochs
  Batch 10/508 | Loss: 0.2402 (bce=0.0038 aux_ce=0.5909)
  Batch 20/508 | Loss: 0.0175 (bce=0.0016 aux_ce=0.0397)
  Batch 30/508 | Loss: 0.0050 (bce=0.0002 aux_ce=0.0121)
  Batch 40/508 | Loss: 0.0124 (bce=0.0075 aux_ce=0.0123)
  Batch 50/508 | Loss: 0.1147 (bce=0.0029 aux_ce=0.2797)
  Batch 60/508 | Loss: 0.0093 (bce=0.0005 aux_ce=0.0220)
  Batch 70/508 | Loss: 0.0021 (bce=0.0009 aux_ce=0.0028)
  Batch 80/508 | Loss: 0.0084 (bce=0.0028 aux_ce=0.0139)
  Batch 90/508 | Loss: 0.0025 (bce=0.0017 aux_ce=0.0022)
  Batch 100/508 | Loss: 0.0016 (bce=0.0008 aux_ce=0.0020)
  Batch 110/508 | Loss: 0.0559 (bce=0.0022 aux_ce=0.1344)
  Batch 120/508 | Loss: 0.0033 (bce=0.0019 aux_ce=0.0035)
  Batch 130/508 | Loss: 0.0093 (bce=0.0058 aux_ce=0.0089)
  Batch 140/508 | Loss: 0.0011 (bce=0.0004 aux_ce=0.0019)
  Batch 150/508 | Loss: 0.0008 (bce=0.0007 aux_ce=0.0003)
  Batch 160/508 | Loss: 0.0177 (bce=0.0013 aux_ce=0.0410)
  Batch 170/508 | Loss: 0.0514 (bce=0.0003 aux_ce=0.1279)
  Batch 180/508 | Loss: 0.0027 (bce=0.0010 aux_ce=0.0045)
  Batch 190/508 | Loss: 0.0113 (bce=0.0020 aux_ce=0.0232)
  Batch 200/508 | Loss: 0.0028 (bce=0.0012 aux_ce=0.0040)
  Batch 210/508 | Loss: 0.0980 (bce=0.0002 aux_ce=0.2446)
  Batch 220/508 | Loss: 0.0010 (bce=0.0003 aux_ce=0.0018)
  Batch 230/508 | Loss: 0.1567 (bce=0.0036 aux_ce=0.3828)
  Batch 240/508 | Loss: 0.0059 (bce=0.0033 aux_ce=0.0067)
  Batch 250/508 | Loss: 0.1468 (bce=0.0008 aux_ce=0.3650)
  Batch 260/508 | Loss: 0.2159 (bce=0.0060 aux_ce=0.5248)
  Batch 270/508 | Loss: 0.0129 (bce=0.0016 aux_ce=0.0283)
  Batch 280/508 | Loss: 0.0162 (bce=0.0004 aux_ce=0.0394)
  Batch 290/508 | Loss: 0.0077 (bce=0.0007 aux_ce=0.0175)
  Batch 300/508 | Loss: 0.0276 (bce=0.0002 aux_ce=0.0686)
  Batch 310/508 | Loss: 0.0068 (bce=0.0006 aux_ce=0.0155)
  Batch 320/508 | Loss: 0.0028 (bce=0.0008 aux_ce=0.0050)
  Batch 330/508 | Loss: 0.0121 (bce=0.0003 aux_ce=0.0295)
  Batch 340/508 | Loss: 0.0068 (bce=0.0003 aux_ce=0.0164)
  Batch 350/508 | Loss: 0.0298 (bce=0.0005 aux_ce=0.0731)
  Batch 360/508 | Loss: 0.0026 (bce=0.0007 aux_ce=0.0048)
  Batch 370/508 | Loss: 0.0029 (bce=0.0012 aux_ce=0.0042)
  Batch 380/508 | Loss: 0.0096 (bce=0.0003 aux_ce=0.0233)
  Batch 390/508 | Loss: 0.0062 (bce=0.0002 aux_ce=0.0148)
  Batch 400/508 | Loss: 0.0014 (bce=0.0007 aux_ce=0.0017)
  Batch 410/508 | Loss: 0.0047 (bce=0.0034 aux_ce=0.0035)
  Batch 420/508 | Loss: 0.0028 (bce=0.0004 aux_ce=0.0060)
  Batch 430/508 | Loss: 0.0006 (bce=0.0001 aux_ce=0.0011)
  Batch 440/508 | Loss: 0.0036 (bce=0.0013 aux_ce=0.0056)
  Batch 450/508 | Loss: 0.0101 (bce=0.0065 aux_ce=0.0090)
  Batch 460/508 | Loss: 0.0070 (bce=0.0008 aux_ce=0.0156)
  Batch 470/508 | Loss: 0.0240 (bce=0.0003 aux_ce=0.0593)
  Batch 480/508 | Loss: 0.0012 (bce=0.0003 aux_ce=0.0022)
  Batch 490/508 | Loss: 0.0253 (bce=0.0004 aux_ce=0.0621)
  Batch 500/508 | Loss: 0.0014 (bce=0.0004 aux_ce=0.0024)
Epoch 18 | Train Loss: 0.0298 | Train Acc: 0.9985 | Val AUC: 0.9980
Saved checkpoint: models\stageA_checkpoint_epoch18.pth
  No improvement for 3/5 epochs
  Batch 10/508 | Loss: 0.0174 (bce=0.0154 aux_ce=0.0052)
  Batch 20/508 | Loss: 0.0045 (bce=0.0007 aux_ce=0.0095)
  Batch 30/508 | Loss: 0.0119 (bce=0.0099 aux_ce=0.0049)
  Batch 40/508 | Loss: 0.0615 (bce=0.0007 aux_ce=0.1520)
  Batch 50/508 | Loss: 0.0420 (bce=0.0002 aux_ce=0.1045)
  Batch 60/508 | Loss: 0.0028 (bce=0.0003 aux_ce=0.0064)
  Batch 70/508 | Loss: 0.0003 (bce=0.0001 aux_ce=0.0005)
  Batch 80/508 | Loss: 0.0321 (bce=0.0006 aux_ce=0.0789)
  Batch 90/508 | Loss: 0.0019 (bce=0.0002 aux_ce=0.0042)
  Batch 100/508 | Loss: 0.0018 (bce=0.0003 aux_ce=0.0039)
  Batch 110/508 | Loss: 0.0743 (bce=0.0008 aux_ce=0.1839)
  Batch 120/508 | Loss: 0.0015 (bce=0.0007 aux_ce=0.0020)
  Batch 130/508 | Loss: 0.0018 (bce=0.0004 aux_ce=0.0036)
  Batch 140/508 | Loss: 0.0180 (bce=0.0007 aux_ce=0.0432)
  Batch 150/508 | Loss: 0.0028 (bce=0.0002 aux_ce=0.0066)
  Batch 160/508 | Loss: 0.0068 (bce=0.0000 aux_ce=0.0168)
  Batch 170/508 | Loss: 0.0004 (bce=0.0002 aux_ce=0.0007)
  Batch 180/508 | Loss: 0.0006 (bce=0.0004 aux_ce=0.0004)
  Batch 190/508 | Loss: 0.0009 (bce=0.0002 aux_ce=0.0018)
  Batch 200/508 | Loss: 0.0024 (bce=0.0009 aux_ce=0.0039)
  Batch 210/508 | Loss: 0.0145 (bce=0.0001 aux_ce=0.0362)
  Batch 220/508 | Loss: 0.0045 (bce=0.0002 aux_ce=0.0109)
  Batch 230/508 | Loss: 0.0039 (bce=0.0001 aux_ce=0.0094)
  Batch 240/508 | Loss: 0.0010 (bce=0.0004 aux_ce=0.0017)
  Batch 250/508 | Loss: 0.0567 (bce=0.0004 aux_ce=0.1408)
  Batch 260/508 | Loss: 0.0067 (bce=0.0015 aux_ce=0.0131)
  Batch 270/508 | Loss: 0.0094 (bce=0.0006 aux_ce=0.0221)
  Batch 280/508 | Loss: 0.0021 (bce=0.0007 aux_ce=0.0035)
  Batch 290/508 | Loss: 0.1813 (bce=0.0003 aux_ce=0.4526)
  Batch 300/508 | Loss: 0.0007 (bce=0.0002 aux_ce=0.0011)
  Batch 310/508 | Loss: 0.0055 (bce=0.0001 aux_ce=0.0133)
  Batch 320/508 | Loss: 1.3397 (bce=1.0019 aux_ce=0.8443)
  Batch 330/508 | Loss: 0.0970 (bce=0.0028 aux_ce=0.2356)
  Batch 340/508 | Loss: 0.0754 (bce=0.0158 aux_ce=0.1492)
  Batch 350/508 | Loss: 0.1803 (bce=0.0004 aux_ce=0.4496)
  Batch 360/508 | Loss: 0.0544 (bce=0.0006 aux_ce=0.1344)
  Batch 370/508 | Loss: 0.0643 (bce=0.0002 aux_ce=0.1602)
  Batch 380/508 | Loss: 0.0133 (bce=0.0005 aux_ce=0.0320)
  Batch 390/508 | Loss: 0.0029 (bce=0.0025 aux_ce=0.0011)
  Batch 400/508 | Loss: 0.0336 (bce=0.0003 aux_ce=0.0834)
  Batch 410/508 | Loss: 0.0270 (bce=0.0147 aux_ce=0.0308)
  Batch 420/508 | Loss: 0.0073 (bce=0.0034 aux_ce=0.0099)
  Batch 430/508 | Loss: 0.0434 (bce=0.0267 aux_ce=0.0418)
  Batch 440/508 | Loss: 0.0160 (bce=0.0151 aux_ce=0.0023)
  Batch 450/508 | Loss: 0.0063 (bce=0.0009 aux_ce=0.0137)
  Batch 460/508 | Loss: 0.1205 (bce=0.1083 aux_ce=0.0303)
  Batch 470/508 | Loss: 0.2206 (bce=0.0011 aux_ce=0.5488)
  Batch 480/508 | Loss: 0.2193 (bce=0.1623 aux_ce=0.1427)
  Batch 490/508 | Loss: 0.0968 (bce=0.0005 aux_ce=0.2407)
  Batch 500/508 | Loss: 0.0136 (bce=0.0018 aux_ce=0.0295)
Epoch 19 | Train Loss: 0.0676 | Train Acc: 0.9946 | Val AUC: 0.9950
Saved checkpoint: models\stageA_checkpoint_epoch19.pth
  No improvement for 4/5 epochs
  Batch 10/508 | Loss: 0.0457 (bce=0.0025 aux_ce=0.1079)
  Batch 20/508 | Loss: 0.0105 (bce=0.0012 aux_ce=0.0233)
  Batch 30/508 | Loss: 0.0139 (bce=0.0075 aux_ce=0.0159)
  Batch 40/508 | Loss: 0.0434 (bce=0.0007 aux_ce=0.1067)
  Batch 50/508 | Loss: 0.0131 (bce=0.0011 aux_ce=0.0302)
  Batch 60/508 | Loss: 0.0612 (bce=0.0459 aux_ce=0.0383)
  Batch 70/508 | Loss: 0.0013 (bce=0.0004 aux_ce=0.0021)
  Batch 80/508 | Loss: 0.0028 (bce=0.0022 aux_ce=0.0015)
  Batch 90/508 | Loss: 0.0203 (bce=0.0033 aux_ce=0.0423)
  Batch 100/508 | Loss: 0.0414 (bce=0.0007 aux_ce=0.1016)
  Batch 110/508 | Loss: 0.0885 (bce=0.0128 aux_ce=0.1892)
  Batch 120/508 | Loss: 0.2109 (bce=0.0876 aux_ce=0.3082)
  Batch 130/508 | Loss: 0.1428 (bce=0.0017 aux_ce=0.3528)
  Batch 140/508 | Loss: 0.0528 (bce=0.0006 aux_ce=0.1304)
  Batch 150/508 | Loss: 0.1152 (bce=0.0505 aux_ce=0.1617)
  Batch 160/508 | Loss: 0.0079 (bce=0.0002 aux_ce=0.0192)
  Batch 170/508 | Loss: 0.0608 (bce=0.0007 aux_ce=0.1502)
  Batch 180/508 | Loss: 0.0181 (bce=0.0003 aux_ce=0.0445)
  Batch 190/508 | Loss: 0.0058 (bce=0.0039 aux_ce=0.0050)
  Batch 200/508 | Loss: 0.0809 (bce=0.0005 aux_ce=0.2008)
  Batch 210/508 | Loss: 0.0090 (bce=0.0015 aux_ce=0.0189)
  Batch 220/508 | Loss: 0.0013 (bce=0.0004 aux_ce=0.0022)
  Batch 230/508 | Loss: 0.0965 (bce=0.0006 aux_ce=0.2397)
  Batch 240/508 | Loss: 0.0049 (bce=0.0005 aux_ce=0.0112)
  Batch 250/508 | Loss: 0.0107 (bce=0.0031 aux_ce=0.0191)
  Batch 260/508 | Loss: 0.0235 (bce=0.0172 aux_ce=0.0157)
  Batch 270/508 | Loss: 0.0169 (bce=0.0004 aux_ce=0.0412)
  Batch 280/508 | Loss: 0.0185 (bce=0.0034 aux_ce=0.0377)
  Batch 290/508 | Loss: 0.0617 (bce=0.0008 aux_ce=0.1522)
  Batch 300/508 | Loss: 0.0806 (bce=0.0703 aux_ce=0.0257)
  Batch 310/508 | Loss: 0.0948 (bce=0.0833 aux_ce=0.0287)
  Batch 320/508 | Loss: 0.0329 (bce=0.0010 aux_ce=0.0796)
  Batch 330/508 | Loss: 0.0060 (bce=0.0011 aux_ce=0.0121)
  Batch 340/508 | Loss: 0.0096 (bce=0.0065 aux_ce=0.0078)
  Batch 350/508 | Loss: 0.0081 (bce=0.0043 aux_ce=0.0095)
  Batch 360/508 | Loss: 0.0142 (bce=0.0029 aux_ce=0.0282)
  Batch 370/508 | Loss: 0.0226 (bce=0.0106 aux_ce=0.0299)
  Batch 380/508 | Loss: 0.0407 (bce=0.0030 aux_ce=0.0943)
  Batch 390/508 | Loss: 0.8818 (bce=0.6507 aux_ce=0.5776)
  Batch 400/508 | Loss: 0.3407 (bce=0.0171 aux_ce=0.8089)
  Batch 410/508 | Loss: 0.0207 (bce=0.0065 aux_ce=0.0357)
  Batch 420/508 | Loss: 0.0318 (bce=0.0043 aux_ce=0.0687)
  Batch 430/508 | Loss: 0.0120 (bce=0.0103 aux_ce=0.0043)
  Batch 440/508 | Loss: 0.0831 (bce=0.0614 aux_ce=0.0541)
  Batch 450/508 | Loss: 0.0057 (bce=0.0007 aux_ce=0.0124)
  Batch 460/508 | Loss: 0.0258 (bce=0.0042 aux_ce=0.0540)
  Batch 470/508 | Loss: 0.0096 (bce=0.0002 aux_ce=0.0235)
  Batch 480/508 | Loss: 0.0267 (bce=0.0039 aux_ce=0.0570)
  Batch 490/508 | Loss: 0.0022 (bce=0.0015 aux_ce=0.0018)
  Batch 500/508 | Loss: 0.0233 (bce=0.0008 aux_ce=0.0565)
Epoch 20 | Train Loss: 0.0655 | Train Acc: 0.9931 | Val AUC: 0.9964
Saved checkpoint: models\stageA_checkpoint_epoch20.pth
  No improvement for 5/5 epochs
Early stopping at epoch 20 (best val AUC: 0.9983)
Stage A Training Complete! Best model: models/stageA_best_model.pth (val AUC 0.9983)
