Using device: cuda
Loading DINOv2 ViT-S/14 with LoRA on last 4 blocks...
Using cache found in C:\Users\srees/.cache\torch\hub\facebookresearch_dinov2_main
C:\Users\srees/.cache\torch\hub\facebookresearch_dinov2_main\dinov2\layers\swiglu_ffn.py:51: UserWarning: xFormers is not available (SwiGLU)
  warnings.warn("xFormers is not available (SwiGLU)")
C:\Users\srees/.cache\torch\hub\facebookresearch_dinov2_main\dinov2\layers\attention.py:33: UserWarning: xFormers is not available (Attention)
  warnings.warn("xFormers is not available (Attention)")
C:\Users\srees/.cache\torch\hub\facebookresearch_dinov2_main\dinov2\layers\block.py:40: UserWarning: xFormers is not available (Block)
  warnings.warn("xFormers is not available (Block)")
trainable params: 196,608 || all params: 22,253,184 || trainable%: 0.8835
Loading Whisper-tiny encoder with LoRA on last block...
trainable params: 55,296 || all params: 7,687,680 || trainable%: 0.7193
Loading Stage A weights from models\stageA_best_model.pth

[Data Distribution] Real: 2558  Fake: 7674  Total: 10232
[Val set] 6100 videos

[DataLoader] physical_batch=2 grad_accum=8 (effective batch=16) num_workers=4
Starting Stage B Training (LoRA fine-tune, raw crops/audio)...
  Batch 40/5116 | Loss: 0.0038
  Batch 80/5116 | Loss: 0.0330
  Batch 120/5116 | Loss: 0.0274
  Batch 160/5116 | Loss: 0.1812
  Batch 200/5116 | Loss: 0.0047
  Batch 240/5116 | Loss: 0.3850
  Batch 280/5116 | Loss: 0.6083
  Batch 320/5116 | Loss: 0.0008
  Batch 360/5116 | Loss: 0.0422
  Batch 400/5116 | Loss: 0.0181
  Batch 440/5116 | Loss: 0.0149
  Batch 480/5116 | Loss: 0.0052
  Batch 520/5116 | Loss: 0.0852
  Batch 560/5116 | Loss: 0.0139
  Batch 600/5116 | Loss: 0.0030
  Batch 640/5116 | Loss: 0.0045
  Batch 680/5116 | Loss: 0.0050
  Batch 720/5116 | Loss: 0.5536
  Batch 760/5116 | Loss: 0.0194
  Batch 800/5116 | Loss: 0.0053
  Batch 840/5116 | Loss: 0.0061
  Batch 880/5116 | Loss: 6.4127
  Batch 920/5116 | Loss: 0.0016
  Batch 960/5116 | Loss: 0.0171
  Batch 1000/5116 | Loss: 0.0555
  Batch 1040/5116 | Loss: 0.0072
  Batch 1080/5116 | Loss: 2.0942
  Batch 1120/5116 | Loss: 0.0172
  Batch 1160/5116 | Loss: 6.8160
  Batch 1200/5116 | Loss: 0.0017
  Batch 1240/5116 | Loss: 0.0016
  Batch 1280/5116 | Loss: 0.1198
  Batch 1320/5116 | Loss: 0.0031
  Batch 1360/5116 | Loss: 0.0028
  Batch 1400/5116 | Loss: 0.0464
  Batch 1440/5116 | Loss: 0.0136
  Batch 1480/5116 | Loss: 0.0050
  Batch 1520/5116 | Loss: 0.1643
  Batch 1560/5116 | Loss: 0.0023
  Batch 1600/5116 | Loss: 0.0043
  Batch 1640/5116 | Loss: 0.0329
  Batch 1680/5116 | Loss: 0.0681
  Batch 1720/5116 | Loss: 0.1321
  Batch 1760/5116 | Loss: 0.0222
  Batch 1800/5116 | Loss: 0.0439
  Batch 1840/5116 | Loss: 0.1294
  Batch 1880/5116 | Loss: 0.0470
  Batch 1920/5116 | Loss: 0.0052
  Batch 1960/5116 | Loss: 0.0022
  Batch 2000/5116 | Loss: 0.1667
  Batch 2040/5116 | Loss: 1.2342
  Batch 2080/5116 | Loss: 0.0196
  Batch 2120/5116 | Loss: 0.0068
  Batch 2160/5116 | Loss: 0.0215
  Batch 2200/5116 | Loss: 0.4918
  Batch 2240/5116 | Loss: 0.0736
  Batch 2280/5116 | Loss: 0.0817
  Batch 2320/5116 | Loss: 0.0816
  Batch 2360/5116 | Loss: 0.1343
  Batch 2400/5116 | Loss: 0.8214
  Batch 2440/5116 | Loss: 0.4218
  Batch 2480/5116 | Loss: 0.0399
  Batch 2520/5116 | Loss: 0.0005
  Batch 2560/5116 | Loss: 0.0074
  Batch 2600/5116 | Loss: 0.1228
  Batch 2640/5116 | Loss: 0.0623
  Batch 2680/5116 | Loss: 0.0043
  Batch 2720/5116 | Loss: 0.0007
  Batch 2760/5116 | Loss: 0.0059
  Batch 2800/5116 | Loss: 0.7555
  Batch 2840/5116 | Loss: 0.0069
  Batch 2880/5116 | Loss: 0.0128
  Batch 2920/5116 | Loss: 0.0542
  Batch 2960/5116 | Loss: 0.2088
  Batch 3000/5116 | Loss: 0.0151
  Batch 3040/5116 | Loss: 0.0220
  Batch 3080/5116 | Loss: 0.0078
  Batch 3120/5116 | Loss: 0.0338
  Batch 3160/5116 | Loss: 0.2245
  Batch 3200/5116 | Loss: 0.0111
  Batch 3240/5116 | Loss: 0.0057
  Batch 3280/5116 | Loss: 0.0285
  Batch 3320/5116 | Loss: 0.0251
  Batch 3360/5116 | Loss: 0.0048
  Batch 3400/5116 | Loss: 0.0383
  Batch 3440/5116 | Loss: 0.0049
  Batch 3480/5116 | Loss: 0.3377
  Batch 3520/5116 | Loss: 0.0210
  Batch 3560/5116 | Loss: 0.0414
  Batch 3600/5116 | Loss: 0.0390
  Batch 3640/5116 | Loss: 0.0568
  Batch 3680/5116 | Loss: 0.5460
  Batch 3720/5116 | Loss: 0.0355
  Batch 3760/5116 | Loss: 0.0181
  Batch 3800/5116 | Loss: 0.0082
  Batch 3840/5116 | Loss: 2.5267
  Batch 3880/5116 | Loss: 0.0071
  Batch 3920/5116 | Loss: 0.2539
  Batch 3960/5116 | Loss: 0.0644
  Batch 4000/5116 | Loss: 0.0380
  Batch 4040/5116 | Loss: 0.0917
  Batch 4080/5116 | Loss: 0.0115
  Batch 4120/5116 | Loss: 0.0147
  Batch 4160/5116 | Loss: 0.2200
  Batch 4200/5116 | Loss: 0.3275
  Batch 4240/5116 | Loss: 0.1942
  Batch 4280/5116 | Loss: 0.0162
  Batch 4320/5116 | Loss: 0.0107
  Batch 4360/5116 | Loss: 0.0041
  Batch 4400/5116 | Loss: 0.0116
  Batch 4440/5116 | Loss: 0.1801
  Batch 4480/5116 | Loss: 0.0650
  Batch 4520/5116 | Loss: 0.0450
  Batch 4560/5116 | Loss: 0.0217
  Batch 4600/5116 | Loss: 0.0044
  Batch 4640/5116 | Loss: 0.6073
  Batch 4680/5116 | Loss: 0.7954
  Batch 4720/5116 | Loss: 0.0028
  Batch 4760/5116 | Loss: 0.0230
  Batch 4800/5116 | Loss: 5.1072
  Batch 4840/5116 | Loss: 0.2948
  Batch 4880/5116 | Loss: 0.0698
  Batch 4920/5116 | Loss: 0.0368
  Batch 4960/5116 | Loss: 0.0350
  Batch 5000/5116 | Loss: 1.1753
  Batch 5040/5116 | Loss: 2.5817
  Batch 5080/5116 | Loss: 0.0496
Epoch 1 | Train Loss: 0.2697 | Train Acc: 0.9573 | Val AUC: 0.9946
Saved checkpoint: models\stageB_checkpoint_epoch1.pth
  New best val AUC: 0.9946 - saved stageB_best_* artifacts
  Batch 40/5116 | Loss: 0.0164
  Batch 80/5116 | Loss: 0.0004
  Batch 120/5116 | Loss: 0.0053
  Batch 160/5116 | Loss: 1.2820
  Batch 200/5116 | Loss: 0.0151
  Batch 240/5116 | Loss: 0.2312
  Batch 280/5116 | Loss: 0.0207
  Batch 320/5116 | Loss: 0.1761
  Batch 360/5116 | Loss: 0.0630
  Batch 400/5116 | Loss: 4.0283
  Batch 440/5116 | Loss: 0.6384
  Batch 480/5116 | Loss: 0.1549
  Batch 520/5116 | Loss: 0.0263
  Batch 560/5116 | Loss: 0.0625
  Batch 600/5116 | Loss: 0.2140
  Batch 640/5116 | Loss: 0.0546
  Batch 680/5116 | Loss: 0.9438
  Batch 720/5116 | Loss: 1.0602
  Batch 760/5116 | Loss: 0.0443
  Batch 800/5116 | Loss: 0.0307
  Batch 840/5116 | Loss: 0.0034
  Batch 880/5116 | Loss: 0.0499
  Batch 920/5116 | Loss: 0.1649
  Batch 960/5116 | Loss: 0.2754
  Batch 1000/5116 | Loss: 1.1833
  Batch 1040/5116 | Loss: 0.1594
  Batch 1080/5116 | Loss: 0.2607
  Batch 1120/5116 | Loss: 0.0709
  Batch 1160/5116 | Loss: 0.5008
  Batch 1200/5116 | Loss: 0.0287
  Batch 1240/5116 | Loss: 0.1582
  Batch 1280/5116 | Loss: 0.0854
  Batch 1320/5116 | Loss: 1.1440
  Batch 1360/5116 | Loss: 0.0877
  Batch 1400/5116 | Loss: 0.1926
  Batch 1440/5116 | Loss: 0.0027
  Batch 1480/5116 | Loss: 0.0037
  Batch 1520/5116 | Loss: 0.4395
  Batch 1560/5116 | Loss: 0.0524
  Batch 1600/5116 | Loss: 0.4033
  Batch 1640/5116 | Loss: 0.0053
  Batch 1680/5116 | Loss: 0.0037
  Batch 1720/5116 | Loss: 0.0036
  Batch 1760/5116 | Loss: 0.0836
  Batch 1800/5116 | Loss: 0.0285
  Batch 1840/5116 | Loss: 0.1314
  Batch 1880/5116 | Loss: 0.0724
  Batch 1920/5116 | Loss: 0.0203
  Batch 1960/5116 | Loss: 0.7604
  Batch 2000/5116 | Loss: 0.0725
  Batch 2040/5116 | Loss: 0.0027
  Batch 2080/5116 | Loss: 0.0283
  Batch 2120/5116 | Loss: 1.3277
  Batch 2160/5116 | Loss: 0.0012
  Batch 2200/5116 | Loss: 0.0088
  Batch 2240/5116 | Loss: 0.0604
  Batch 2280/5116 | Loss: 0.6836
  Batch 2320/5116 | Loss: 0.0217
  Batch 2360/5116 | Loss: 0.0743
  Batch 2400/5116 | Loss: 0.0208
  Batch 2440/5116 | Loss: 0.0017
  Batch 2480/5116 | Loss: 0.0006
  Batch 2520/5116 | Loss: 0.0023
  Batch 2560/5116 | Loss: 0.0076
  Batch 2600/5116 | Loss: 0.1528
  Batch 2640/5116 | Loss: 0.0189
  Batch 2680/5116 | Loss: 2.1274
  Batch 2720/5116 | Loss: 0.4256
  Batch 2760/5116 | Loss: 0.0403
  Batch 2800/5116 | Loss: 0.1482
  Batch 2840/5116 | Loss: 0.0625
  Batch 2880/5116 | Loss: 0.0055
  Batch 2920/5116 | Loss: 0.0064
  Batch 2960/5116 | Loss: 0.0348
  Batch 3000/5116 | Loss: 0.0014
  Batch 3040/5116 | Loss: 0.0598
  Batch 3080/5116 | Loss: 0.0172
  Batch 3120/5116 | Loss: 0.3902
  Batch 3160/5116 | Loss: 0.0250
  Batch 3200/5116 | Loss: 0.0021
  Batch 3240/5116 | Loss: 0.0162
  Batch 3280/5116 | Loss: 0.0244
  Batch 3320/5116 | Loss: 0.0168
  Batch 3360/5116 | Loss: 0.0707
  Batch 3400/5116 | Loss: 0.0232
  Batch 3440/5116 | Loss: 0.0037
  Batch 3480/5116 | Loss: 0.0088
  Batch 3520/5116 | Loss: 0.0658
  Batch 3560/5116 | Loss: 0.1127
  Batch 3600/5116 | Loss: 0.0047
  Batch 3640/5116 | Loss: 0.0124
  Batch 3680/5116 | Loss: 0.0876
  Batch 3720/5116 | Loss: 0.0056
  Batch 3760/5116 | Loss: 0.0146
  Batch 3800/5116 | Loss: 0.0047
  Batch 3840/5116 | Loss: 0.0439
  Batch 3880/5116 | Loss: 0.5128
  Batch 3920/5116 | Loss: 0.0027
  Batch 3960/5116 | Loss: 0.0104
  Batch 4000/5116 | Loss: 0.1632
  Batch 4040/5116 | Loss: 0.0402
  Batch 4080/5116 | Loss: 0.1503
  Batch 4120/5116 | Loss: 0.0128
  Batch 4160/5116 | Loss: 0.1482
  Batch 4200/5116 | Loss: 0.0051
  Batch 4240/5116 | Loss: 0.0035
  Batch 4280/5116 | Loss: 0.0710
  Batch 4320/5116 | Loss: 0.3153
  Batch 4360/5116 | Loss: 0.0579
  Batch 4400/5116 | Loss: 0.0096
  Batch 4440/5116 | Loss: 0.0693
  Batch 4480/5116 | Loss: 0.8199
  Batch 4520/5116 | Loss: 0.0056
  Batch 4560/5116 | Loss: 0.6072
  Batch 4600/5116 | Loss: 0.0080
  Batch 4640/5116 | Loss: 0.1270
  Batch 4680/5116 | Loss: 0.0903
  Batch 4720/5116 | Loss: 0.0096
  Batch 4760/5116 | Loss: 0.0052
  Batch 4800/5116 | Loss: 0.0300
  Batch 4840/5116 | Loss: 0.0074
  Batch 4880/5116 | Loss: 0.0555
  Batch 4920/5116 | Loss: 0.0050
  Batch 4960/5116 | Loss: 0.0166
  Batch 5000/5116 | Loss: 0.2499
  Batch 5040/5116 | Loss: 0.0016
  Batch 5080/5116 | Loss: 2.6636
Epoch 2 | Train Loss: 0.2135 | Train Acc: 0.9648 | Val AUC: 0.9951
Saved checkpoint: models\stageB_checkpoint_epoch2.pth
  New best val AUC: 0.9951 - saved stageB_best_* artifacts
  Batch 40/5116 | Loss: 0.0651
  Batch 80/5116 | Loss: 0.2020
  Batch 120/5116 | Loss: 0.0526
  Batch 160/5116 | Loss: 0.0037
  Batch 200/5116 | Loss: 0.1129
  Batch 240/5116 | Loss: 0.3254
  Batch 280/5116 | Loss: 0.0727
  Batch 320/5116 | Loss: 0.1387
  Batch 360/5116 | Loss: 0.0363
  Batch 400/5116 | Loss: 0.0486
  Batch 440/5116 | Loss: 0.0038
  Batch 480/5116 | Loss: 0.0696
  Batch 520/5116 | Loss: 0.0119
  Batch 560/5116 | Loss: 0.0017
  Batch 600/5116 | Loss: 0.9548
  Batch 640/5116 | Loss: 0.0032
  Batch 680/5116 | Loss: 2.0641
  Batch 720/5116 | Loss: 0.0746
  Batch 760/5116 | Loss: 0.0604
  Batch 800/5116 | Loss: 0.0186
  Batch 840/5116 | Loss: 0.0082
  Batch 880/5116 | Loss: 0.0016
  Batch 920/5116 | Loss: 0.0033
  Batch 960/5116 | Loss: 0.2911
  Batch 1000/5116 | Loss: 0.0019
  Batch 1040/5116 | Loss: 0.1331
  Batch 1080/5116 | Loss: 0.0006
  Batch 1120/5116 | Loss: 0.0055
  Batch 1160/5116 | Loss: 0.0223
  Batch 1200/5116 | Loss: 0.0008
  Batch 1240/5116 | Loss: 0.0782
  Batch 1280/5116 | Loss: 0.0032
  Batch 1320/5116 | Loss: 0.0039
  Batch 1360/5116 | Loss: 0.2220
  Batch 1400/5116 | Loss: 0.0055
  Batch 1440/5116 | Loss: 0.0212
  Batch 1480/5116 | Loss: 0.0023
  Batch 1520/5116 | Loss: 0.0080
  Batch 1560/5116 | Loss: 0.2223
  Batch 1600/5116 | Loss: 0.0815
  Batch 1640/5116 | Loss: 1.4593
  Batch 1680/5116 | Loss: 0.0232
  Batch 1720/5116 | Loss: 0.0769
  Batch 1760/5116 | Loss: 0.0501
  Batch 1800/5116 | Loss: 0.0012
  Batch 1840/5116 | Loss: 0.0185
  Batch 1880/5116 | Loss: 0.0025
  Batch 1920/5116 | Loss: 0.0264
  Batch 1960/5116 | Loss: 0.0018
  Batch 2000/5116 | Loss: 0.2827
  Batch 2040/5116 | Loss: 9.1477
  Batch 2080/5116 | Loss: 0.0242
  Batch 2120/5116 | Loss: 0.0503
  Batch 2160/5116 | Loss: 0.5660
  Batch 2200/5116 | Loss: 0.0961
  Batch 2240/5116 | Loss: 0.3023
  Batch 2280/5116 | Loss: 1.3426
  Batch 2320/5116 | Loss: 0.0025
  Batch 2360/5116 | Loss: 0.0065
  Batch 2400/5116 | Loss: 0.0268
  Batch 2440/5116 | Loss: 0.0056
  Batch 2480/5116 | Loss: 0.0069
  Batch 2520/5116 | Loss: 0.0738
  Batch 2560/5116 | Loss: 0.0085
  Batch 2600/5116 | Loss: 0.0159
  Batch 2640/5116 | Loss: 0.0144
  Batch 2680/5116 | Loss: 0.0018
  Batch 2720/5116 | Loss: 0.4077
  Batch 2760/5116 | Loss: 0.0094
  Batch 2800/5116 | Loss: 0.0016
  Batch 2840/5116 | Loss: 0.0360
  Batch 2880/5116 | Loss: 0.1702
  Batch 2920/5116 | Loss: 0.9404
  Batch 2960/5116 | Loss: 0.0260
  Batch 3000/5116 | Loss: 0.0119
  Batch 3040/5116 | Loss: 0.0013
  Batch 3080/5116 | Loss: 0.2203
  Batch 3120/5116 | Loss: 0.1922
  Batch 3160/5116 | Loss: 0.0094
  Batch 3200/5116 | Loss: 0.0008
  Batch 3240/5116 | Loss: 0.9267
  Batch 3280/5116 | Loss: 0.0028
  Batch 3320/5116 | Loss: 1.1873
  Batch 3360/5116 | Loss: 0.0212
  Batch 3400/5116 | Loss: 0.0010
  Batch 3440/5116 | Loss: 0.0063
  Batch 3480/5116 | Loss: 0.0480
  Batch 3520/5116 | Loss: 0.0024
  Batch 3560/5116 | Loss: 0.0081
  Batch 3600/5116 | Loss: 0.0021
  Batch 3640/5116 | Loss: 0.0112
  Batch 3680/5116 | Loss: 0.0890
  Batch 3720/5116 | Loss: 0.0097
  Batch 3760/5116 | Loss: 0.0056
  Batch 3800/5116 | Loss: 0.0113
  Batch 3840/5116 | Loss: 0.2035
  Batch 3880/5116 | Loss: 0.1292
  Batch 3920/5116 | Loss: 0.0863
  Batch 3960/5116 | Loss: 0.0086
  Batch 4000/5116 | Loss: 0.0007
  Batch 4040/5116 | Loss: 0.0022
  Batch 4080/5116 | Loss: 0.0175
  Batch 4120/5116 | Loss: 0.0102
  Batch 4160/5116 | Loss: 0.0032
  Batch 4200/5116 | Loss: 0.0429
  Batch 4240/5116 | Loss: 0.0608
  Batch 4280/5116 | Loss: 0.0417
  Batch 4320/5116 | Loss: 0.0235
  Batch 4360/5116 | Loss: 0.0497
  Batch 4400/5116 | Loss: 0.3483
  Batch 4440/5116 | Loss: 0.0227
  Batch 4480/5116 | Loss: 0.0177
  Batch 4520/5116 | Loss: 0.0037
  Batch 4560/5116 | Loss: 0.4546
  Batch 4600/5116 | Loss: 0.0015
  Batch 4640/5116 | Loss: 0.0299
  Batch 4680/5116 | Loss: 0.0023
  Batch 4720/5116 | Loss: 0.0165
  Batch 4760/5116 | Loss: 0.0409
  Batch 4800/5116 | Loss: 0.0251
  Batch 4840/5116 | Loss: 0.0052
  Batch 4880/5116 | Loss: 0.0017
  Batch 4920/5116 | Loss: 0.0128
  Batch 4960/5116 | Loss: 0.0058
  Batch 5000/5116 | Loss: 0.0032
  Batch 5040/5116 | Loss: 0.0040
  Batch 5080/5116 | Loss: 0.0019
Epoch 3 | Train Loss: 0.1761 | Train Acc: 0.9727 | Val AUC: 0.9943
Saved checkpoint: models\stageB_checkpoint_epoch3.pth
  No improvement for 1/4 epochs
  Batch 40/5116 | Loss: 0.0019
  Batch 80/5116 | Loss: 0.0038
  Batch 120/5116 | Loss: 0.0045
  Batch 160/5116 | Loss: 0.0028
  Batch 200/5116 | Loss: 0.0046
  Batch 240/5116 | Loss: 0.0042
  Batch 280/5116 | Loss: 0.0641
  Batch 320/5116 | Loss: 0.2341
  Batch 360/5116 | Loss: 0.0074
  Batch 400/5116 | Loss: 0.1642
  Batch 440/5116 | Loss: 0.0074
  Batch 480/5116 | Loss: 0.0061
  Batch 520/5116 | Loss: 0.0011
  Batch 560/5116 | Loss: 0.0055
  Batch 600/5116 | Loss: 0.5910
  Batch 640/5116 | Loss: 0.0020
  Batch 680/5116 | Loss: 0.0308
  Batch 720/5116 | Loss: 0.0050
  Batch 760/5116 | Loss: 0.0016
  Batch 800/5116 | Loss: 0.0244
  Batch 840/5116 | Loss: 0.0074
  Batch 880/5116 | Loss: 0.0408
  Batch 920/5116 | Loss: 1.3644
  Batch 960/5116 | Loss: 0.2073
  Batch 1000/5116 | Loss: 0.0005
  Batch 1040/5116 | Loss: 0.0060
  Batch 1080/5116 | Loss: 0.0213
  Batch 1120/5116 | Loss: 0.2054
  Batch 1160/5116 | Loss: 0.0135
  Batch 1200/5116 | Loss: 0.0097
  Batch 1240/5116 | Loss: 0.0061
  Batch 1280/5116 | Loss: 0.0014
  Batch 1320/5116 | Loss: 0.0141
  Batch 1360/5116 | Loss: 0.0914
  Batch 1400/5116 | Loss: 0.2391
  Batch 1440/5116 | Loss: 0.0003
  Batch 1480/5116 | Loss: 0.0163
  Batch 1520/5116 | Loss: 0.8873
  Batch 1560/5116 | Loss: 0.0563
  Batch 1600/5116 | Loss: 2.6519
  Batch 1640/5116 | Loss: 0.2650
  Batch 1680/5116 | Loss: 0.0059
  Batch 1720/5116 | Loss: 0.0152
  Batch 1760/5116 | Loss: 0.0005
  Batch 1800/5116 | Loss: 0.0225
  Batch 1840/5116 | Loss: 0.1152
  Batch 1880/5116 | Loss: 0.0229
  Batch 1920/5116 | Loss: 0.4537
  Batch 1960/5116 | Loss: 0.0040
  Batch 2000/5116 | Loss: 0.0730
  Batch 2040/5116 | Loss: 0.1828
  Batch 2080/5116 | Loss: 0.0021
  Batch 2120/5116 | Loss: 0.0065
  Batch 2160/5116 | Loss: 0.0023
  Batch 2200/5116 | Loss: 0.0011
  Batch 2240/5116 | Loss: 0.0073
  Batch 2280/5116 | Loss: 0.0059
  Batch 2320/5116 | Loss: 0.0448
  Batch 2360/5116 | Loss: 1.0105
  Batch 2400/5116 | Loss: 0.2780
  Batch 2440/5116 | Loss: 0.1437
  Batch 2480/5116 | Loss: 0.1898
  Batch 2520/5116 | Loss: 0.3048
  Batch 2560/5116 | Loss: 0.2147
  Batch 2600/5116 | Loss: 0.0062
  Batch 2640/5116 | Loss: 0.0137
  Batch 2680/5116 | Loss: 0.0098
  Batch 2720/5116 | Loss: 0.1082
  Batch 2760/5116 | Loss: 0.0067
  Batch 2800/5116 | Loss: 0.0104
  Batch 2840/5116 | Loss: 0.1009
  Batch 2880/5116 | Loss: 0.0026
  Batch 2920/5116 | Loss: 0.0230
  Batch 2960/5116 | Loss: 0.0046
  Batch 3000/5116 | Loss: 0.0283
  Batch 3040/5116 | Loss: 0.0039
  Batch 3080/5116 | Loss: 0.0791
  Batch 3120/5116 | Loss: 2.2452
  Batch 3160/5116 | Loss: 0.0161
  Batch 3200/5116 | Loss: 0.0044
  Batch 3240/5116 | Loss: 0.0868
  Batch 3280/5116 | Loss: 0.0064
  Batch 3320/5116 | Loss: 0.0141
  Batch 3360/5116 | Loss: 0.0585
  Batch 3400/5116 | Loss: 0.0064
  Batch 3440/5116 | Loss: 0.0043
  Batch 3480/5116 | Loss: 0.0006
  Batch 3520/5116 | Loss: 0.0654
  Batch 3560/5116 | Loss: 0.0030
  Batch 3600/5116 | Loss: 1.4884
  Batch 3640/5116 | Loss: 0.0823
  Batch 3680/5116 | Loss: 0.0048
  Batch 3720/5116 | Loss: 0.0008
  Batch 3760/5116 | Loss: 0.0131
  Batch 3800/5116 | Loss: 6.3363
  Batch 3840/5116 | Loss: 0.0118
  Batch 3880/5116 | Loss: 0.0043
  Batch 3920/5116 | Loss: 0.0153
  Batch 3960/5116 | Loss: 4.6443
  Batch 4000/5116 | Loss: 0.0426
  Batch 4040/5116 | Loss: 0.2474
  Batch 4080/5116 | Loss: 0.0132
  Batch 4120/5116 | Loss: 0.0155
  Batch 4160/5116 | Loss: 0.0039
  Batch 4200/5116 | Loss: 0.0844
  Batch 4240/5116 | Loss: 0.0078
  Batch 4280/5116 | Loss: 0.0784
  Batch 4320/5116 | Loss: 2.0748
  Batch 4360/5116 | Loss: 0.0107
  Batch 4400/5116 | Loss: 0.0020
  Batch 4440/5116 | Loss: 0.0105
  Batch 4480/5116 | Loss: 0.0129
  Batch 4520/5116 | Loss: 0.0461
  Batch 4560/5116 | Loss: 0.0686
  Batch 4600/5116 | Loss: 0.0390
  Batch 4640/5116 | Loss: 0.0624
  Batch 4680/5116 | Loss: 0.0017
  Batch 4720/5116 | Loss: 0.0080
  Batch 4760/5116 | Loss: 0.0078
  Batch 4800/5116 | Loss: 2.3640
  Batch 4840/5116 | Loss: 0.0062
  Batch 4880/5116 | Loss: 0.0075
  Batch 4920/5116 | Loss: 0.0131
  Batch 4960/5116 | Loss: 0.0006
  Batch 5000/5116 | Loss: 0.0123
  Batch 5040/5116 | Loss: 0.0232
  Batch 5080/5116 | Loss: 0.0377
Epoch 4 | Train Loss: 0.1678 | Train Acc: 0.9734 | Val AUC: 0.9941
Saved checkpoint: models\stageB_checkpoint_epoch4.pth
  No improvement for 2/4 epochs
  Batch 40/5116 | Loss: 0.0881
  Batch 80/5116 | Loss: 3.9247
  Batch 120/5116 | Loss: 0.0040
  Batch 160/5116 | Loss: 0.0518
  Batch 200/5116 | Loss: 0.0053
  Batch 240/5116 | Loss: 0.0280
  Batch 280/5116 | Loss: 0.0381
  Batch 320/5116 | Loss: 0.0142
  Batch 360/5116 | Loss: 0.0607
  Batch 400/5116 | Loss: 0.0103
  Batch 440/5116 | Loss: 0.0006
  Batch 480/5116 | Loss: 0.0482
  Batch 520/5116 | Loss: 0.0098
  Batch 560/5116 | Loss: 0.0053
  Batch 600/5116 | Loss: 0.0054
  Batch 640/5116 | Loss: 0.0104
  Batch 680/5116 | Loss: 0.0006
  Batch 720/5116 | Loss: 0.0019
  Batch 760/5116 | Loss: 0.0106
  Batch 800/5116 | Loss: 0.0012
  Batch 840/5116 | Loss: 0.0286
  Batch 880/5116 | Loss: 0.0017
  Batch 920/5116 | Loss: 0.0137
  Batch 960/5116 | Loss: 0.0042
  Batch 1000/5116 | Loss: 0.0326
  Batch 1040/5116 | Loss: 0.0154
  Batch 1080/5116 | Loss: 0.0026
  Batch 1120/5116 | Loss: 0.0005
  Batch 1160/5116 | Loss: 0.0450
  Batch 1200/5116 | Loss: 0.0097
  Batch 1240/5116 | Loss: 0.0091
  Batch 1280/5116 | Loss: 0.0006
  Batch 1320/5116 | Loss: 0.0004
  Batch 1360/5116 | Loss: 0.3104
  Batch 1400/5116 | Loss: 0.0683
  Batch 1440/5116 | Loss: 0.0015
  Batch 1480/5116 | Loss: 0.0067
  Batch 1520/5116 | Loss: 0.0290
  Batch 1560/5116 | Loss: 0.0024
  Batch 1600/5116 | Loss: 0.0004
  Batch 1640/5116 | Loss: 0.0019
  Batch 1680/5116 | Loss: 0.0279
  Batch 1720/5116 | Loss: 0.0439
  Batch 1760/5116 | Loss: 0.0003
  Batch 1800/5116 | Loss: 0.0130
  Batch 1840/5116 | Loss: 0.0086
  Batch 1880/5116 | Loss: 0.1294
  Batch 1920/5116 | Loss: 0.0086
  Batch 1960/5116 | Loss: 0.0620
  Batch 2000/5116 | Loss: 0.0166
  Batch 2040/5116 | Loss: 0.0058
  Batch 2080/5116 | Loss: 0.0113
  Batch 2120/5116 | Loss: 0.0194
  Batch 2160/5116 | Loss: 0.0028
  Batch 2200/5116 | Loss: 0.0008
  Batch 2240/5116 | Loss: 0.0133
  Batch 2280/5116 | Loss: 0.0014
  Batch 2320/5116 | Loss: 0.0022
  Batch 2360/5116 | Loss: 0.0240
  Batch 2400/5116 | Loss: 0.0030
  Batch 2440/5116 | Loss: 0.0003
  Batch 2480/5116 | Loss: 0.0033
  Batch 2520/5116 | Loss: 0.0004
  Batch 2560/5116 | Loss: 0.0069
  Batch 2600/5116 | Loss: 0.0259
  Batch 2640/5116 | Loss: 0.0016
  Batch 2680/5116 | Loss: 0.0096
  Batch 2720/5116 | Loss: 0.0034
  Batch 2760/5116 | Loss: 0.3152
  Batch 2800/5116 | Loss: 0.0835
  Batch 2840/5116 | Loss: 0.0028
  Batch 2880/5116 | Loss: 0.0109
  Batch 2920/5116 | Loss: 0.6860
  Batch 2960/5116 | Loss: 1.4804
  Batch 3000/5116 | Loss: 0.0390
  Batch 3040/5116 | Loss: 0.0087
  Batch 3080/5116 | Loss: 0.0089
  Batch 3120/5116 | Loss: 0.0325
  Batch 3160/5116 | Loss: 0.0006
  Batch 3200/5116 | Loss: 0.9894
  Batch 3240/5116 | Loss: 0.0006
  Batch 3280/5116 | Loss: 0.0021
  Batch 3320/5116 | Loss: 0.0010
  Batch 3360/5116 | Loss: 0.0074
  Batch 3400/5116 | Loss: 0.0067
  Batch 3440/5116 | Loss: 0.0011
  Batch 3480/5116 | Loss: 0.0729
  Batch 3520/5116 | Loss: 0.0071
  Batch 3560/5116 | Loss: 0.0053
  Batch 3600/5116 | Loss: 0.0032
  Batch 3640/5116 | Loss: 0.0118
  Batch 3680/5116 | Loss: 0.0232
  Batch 3720/5116 | Loss: 0.0087
  Batch 3760/5116 | Loss: 0.0591
  Batch 3800/5116 | Loss: 0.0047
  Batch 3840/5116 | Loss: 0.0003
  Batch 3880/5116 | Loss: 1.2632
  Batch 3920/5116 | Loss: 0.0027
  Batch 3960/5116 | Loss: 0.0115
  Batch 4000/5116 | Loss: 0.0184
  Batch 4040/5116 | Loss: 0.0075
  Batch 4080/5116 | Loss: 0.0024
  Batch 4120/5116 | Loss: 3.8816
  Batch 4160/5116 | Loss: 0.5269
  Batch 4200/5116 | Loss: 0.0010
  Batch 4240/5116 | Loss: 0.0144
  Batch 4280/5116 | Loss: 0.0199
  Batch 4320/5116 | Loss: 0.0119
  Batch 4360/5116 | Loss: 1.6068
  Batch 4400/5116 | Loss: 0.0119
  Batch 4440/5116 | Loss: 0.0062
  Batch 4480/5116 | Loss: 0.0720
  Batch 4520/5116 | Loss: 0.0065
  Batch 4560/5116 | Loss: 0.0017
  Batch 4600/5116 | Loss: 0.0038
  Batch 4640/5116 | Loss: 0.0009
  Batch 4680/5116 | Loss: 0.0117
  Batch 4720/5116 | Loss: 0.0098
  Batch 4760/5116 | Loss: 0.0277
  Batch 4800/5116 | Loss: 0.0573
  Batch 4840/5116 | Loss: 0.1795
  Batch 4880/5116 | Loss: 0.0423
  Batch 4920/5116 | Loss: 0.0035
  Batch 4960/5116 | Loss: 0.0431
  Batch 5000/5116 | Loss: 0.0059
  Batch 5040/5116 | Loss: 0.0171
  Batch 5080/5116 | Loss: 0.0032
Epoch 5 | Train Loss: 0.1414 | Train Acc: 0.9777 | Val AUC: 0.9912
Saved checkpoint: models\stageB_checkpoint_epoch5.pth
  No improvement for 3/4 epochs
  Batch 40/5116 | Loss: 0.0529
  Batch 80/5116 | Loss: 0.0023
  Batch 120/5116 | Loss: 0.0095
  Batch 160/5116 | Loss: 0.0007
  Batch 200/5116 | Loss: 0.0101
  Batch 240/5116 | Loss: 0.0074
  Batch 280/5116 | Loss: 1.8686
  Batch 320/5116 | Loss: 0.0010
  Batch 360/5116 | Loss: 0.0052
  Batch 400/5116 | Loss: 0.1606
  Batch 440/5116 | Loss: 0.0824
  Batch 480/5116 | Loss: 0.0324
  Batch 520/5116 | Loss: 0.0033
  Batch 560/5116 | Loss: 0.6086
  Batch 600/5116 | Loss: 1.7852
  Batch 640/5116 | Loss: 0.0015
  Batch 680/5116 | Loss: 0.0923
  Batch 720/5116 | Loss: 0.0248
  Batch 760/5116 | Loss: 0.2818
  Batch 800/5116 | Loss: 0.3001
  Batch 840/5116 | Loss: 0.0440
  Batch 880/5116 | Loss: 0.2422
  Batch 920/5116 | Loss: 0.0110
  Batch 960/5116 | Loss: 0.0007
  Batch 1000/5116 | Loss: 0.0087
  Batch 1040/5116 | Loss: 0.2556
  Batch 1080/5116 | Loss: 0.0237
  Batch 1120/5116 | Loss: 0.0068
  Batch 1160/5116 | Loss: 0.0752
  Batch 1200/5116 | Loss: 0.0012
  Batch 1240/5116 | Loss: 0.0006
  Batch 1280/5116 | Loss: 0.0387
  Batch 1320/5116 | Loss: 0.0065
  Batch 1360/5116 | Loss: 0.0027
  Batch 1400/5116 | Loss: 0.0006
  Batch 1440/5116 | Loss: 0.0020
  Batch 1480/5116 | Loss: 0.0060
  Batch 1520/5116 | Loss: 0.0011
  Batch 1560/5116 | Loss: 2.6867
  Batch 1600/5116 | Loss: 0.0428
  Batch 1640/5116 | Loss: 0.4769
  Batch 1680/5116 | Loss: 0.0264
  Batch 1720/5116 | Loss: 0.0043
  Batch 1760/5116 | Loss: 0.0123
  Batch 1800/5116 | Loss: 0.0341
  Batch 1840/5116 | Loss: 0.0177
  Batch 1880/5116 | Loss: 0.0162
  Batch 1920/5116 | Loss: 0.0062
  Batch 1960/5116 | Loss: 0.5015
  Batch 2000/5116 | Loss: 0.0205
  Batch 2040/5116 | Loss: 1.6883
  Batch 2080/5116 | Loss: 0.0457
  Batch 2120/5116 | Loss: 0.9676
  Batch 2160/5116 | Loss: 0.5226
  Batch 2200/5116 | Loss: 0.0253
  Batch 2240/5116 | Loss: 0.0019
  Batch 2280/5116 | Loss: 0.0041
  Batch 2320/5116 | Loss: 0.0611
  Batch 2360/5116 | Loss: 0.0128
  Batch 2400/5116 | Loss: 0.0127
  Batch 2440/5116 | Loss: 0.0005
  Batch 2480/5116 | Loss: 0.0106
  Batch 2520/5116 | Loss: 0.0002
  Batch 2560/5116 | Loss: 0.2484
  Batch 2600/5116 | Loss: 0.0210
  Batch 2640/5116 | Loss: 0.0097
  Batch 2680/5116 | Loss: 0.0026
  Batch 2720/5116 | Loss: 0.0082
  Batch 2760/5116 | Loss: 0.1527
  Batch 2800/5116 | Loss: 0.1587
  Batch 2840/5116 | Loss: 0.1613
  Batch 2880/5116 | Loss: 0.0019
  Batch 2920/5116 | Loss: 0.0173
  Batch 2960/5116 | Loss: 0.0049
  Batch 3000/5116 | Loss: 0.0463
  Batch 3040/5116 | Loss: 0.0018
  Batch 3080/5116 | Loss: 0.0130
  Batch 3120/5116 | Loss: 0.0037
  Batch 3160/5116 | Loss: 0.3663
  Batch 3200/5116 | Loss: 1.8915
  Batch 3240/5116 | Loss: 0.2463
  Batch 3280/5116 | Loss: 0.0062
  Batch 3320/5116 | Loss: 0.0030
  Batch 3360/5116 | Loss: 0.0029
  Batch 3400/5116 | Loss: 0.0032
  Batch 3440/5116 | Loss: 0.0048
  Batch 3480/5116 | Loss: 0.4721
  Batch 3520/5116 | Loss: 0.2105
  Batch 3560/5116 | Loss: 0.0236
  Batch 3600/5116 | Loss: 0.0021
  Batch 3640/5116 | Loss: 0.0017
  Batch 3680/5116 | Loss: 0.2388
  Batch 3720/5116 | Loss: 0.3832
  Batch 3760/5116 | Loss: 0.0005
  Batch 3800/5116 | Loss: 10.1438
  Batch 3840/5116 | Loss: 0.0332
  Batch 3880/5116 | Loss: 0.1425
  Batch 3920/5116 | Loss: 1.4447
  Batch 3960/5116 | Loss: 0.0388
  Batch 4000/5116 | Loss: 0.0291
  Batch 4040/5116 | Loss: 0.0055
  Batch 4080/5116 | Loss: 0.0294
  Batch 4120/5116 | Loss: 0.0096
  Batch 4160/5116 | Loss: 0.0071
  Batch 4200/5116 | Loss: 0.0156
  Batch 4240/5116 | Loss: 0.0852
  Batch 4280/5116 | Loss: 0.0003
  Batch 4320/5116 | Loss: 0.0022
  Batch 4360/5116 | Loss: 0.0117
  Batch 4400/5116 | Loss: 0.1369
  Batch 4440/5116 | Loss: 0.0076
  Batch 4480/5116 | Loss: 0.0524
  Batch 4520/5116 | Loss: 0.0123
  Batch 4560/5116 | Loss: 0.0060
  Batch 4600/5116 | Loss: 0.0736
  Batch 4640/5116 | Loss: 0.0034
  Batch 4680/5116 | Loss: 0.5275
  Batch 4720/5116 | Loss: 0.0028
  Batch 4760/5116 | Loss: 0.0017
  Batch 4800/5116 | Loss: 0.0021
  Batch 4840/5116 | Loss: 0.0054
  Batch 4880/5116 | Loss: 0.0261
  Batch 4920/5116 | Loss: 3.2947
  Batch 4960/5116 | Loss: 0.0055
  Batch 5000/5116 | Loss: 0.0032
  Batch 5040/5116 | Loss: 0.0029
  Batch 5080/5116 | Loss: 0.1411
Epoch 6 | Train Loss: 0.1435 | Train Acc: 0.9781 | Val AUC: 0.9946
Saved checkpoint: models\stageB_checkpoint_epoch6.pth
  No improvement for 4/4 epochs
Early stopping at epoch 6 (best val AUC: 0.9951)
Stage B Training Complete! Best val AUC: 0.9951
