Using device: cuda
Loading DINOv2 ViT-S/14 with LoRA on last 4 blocks...
Using cache found in C:\Users\srees/.cache\torch\hub\facebookresearch_dinov2_main
C:\Users\srees/.cache\torch\hub\facebookresearch_dinov2_main\dinov2\layers\swiglu_ffn.py:51: UserWarning: xFormers is not available (SwiGLU)
  warnings.warn("xFormers is not available (SwiGLU)")
C:\Users\srees/.cache\torch\hub\facebookresearch_dinov2_main\dinov2\layers\attention.py:33: UserWarning: xFormers is not available (Attention)
  warnings.warn("xFormers is not available (Attention)")
C:\Users\srees/.cache\torch\hub\facebookresearch_dinov2_main\dinov2\layers\block.py:40: UserWarning: xFormers is not available (Block)
  warnings.warn("xFormers is not available (Block)")
trainable params: 196,608 || all params: 22,253,184 || trainable%: 0.8835
Loading Whisper-tiny encoder with LoRA on last block...
trainable params: 55,296 || all params: 7,687,680 || trainable%: 0.7193
Loading Stage A weights from models\stageA_best_model.pth

[Data Distribution] Real: 2558  Fake: 7674  Total: 10232
[Val set] 6100 videos

[DataLoader] physical_batch=2 grad_accum=8 (effective batch=16) num_workers=4
Resuming from in-progress checkpoint at epoch 1 (batch 1180)
Starting Stage B Training (LoRA fine-tune, raw crops/audio)...
  Batch 40/5116 | Loss: 0.0044
  Batch 80/5116 | Loss: 0.0049
  Batch 120/5116 | Loss: 0.0031
  Batch 160/5116 | Loss: 0.1448
  Batch 200/5116 | Loss: 0.0816
  Batch 240/5116 | Loss: 0.2000
  Batch 280/5116 | Loss: 0.0005
  Batch 320/5116 | Loss: 0.0061
  Batch 360/5116 | Loss: 0.0032
  Batch 400/5116 | Loss: 0.0072
  Batch 440/5116 | Loss: 0.0003
  Batch 480/5116 | Loss: 0.0409
  Batch 520/5116 | Loss: 0.0046
  Batch 560/5116 | Loss: 0.0005
  Batch 600/5116 | Loss: 0.0003
  Batch 640/5116 | Loss: 0.0045
  Batch 680/5116 | Loss: 0.0128
  Batch 720/5116 | Loss: 0.0126
  Batch 760/5116 | Loss: 0.0308
  Batch 800/5116 | Loss: 0.1392
  Batch 840/5116 | Loss: 0.0005
  Batch 880/5116 | Loss: 0.0794
  Batch 920/5116 | Loss: 0.0025
  Batch 960/5116 | Loss: 2.0457
  Batch 1000/5116 | Loss: 0.0097
  Batch 1040/5116 | Loss: 0.0007
  Batch 1080/5116 | Loss: 0.2551
  Batch 1120/5116 | Loss: 0.0027
  Batch 1160/5116 | Loss: 0.0108
  Batch 1200/5116 | Loss: 0.0008
  Batch 1240/5116 | Loss: 0.0019
  Batch 1280/5116 | Loss: 0.0071
  Batch 1320/5116 | Loss: 0.0200
  Batch 1360/5116 | Loss: 0.0013
  Batch 1400/5116 | Loss: 0.0050
  Batch 1440/5116 | Loss: 0.0189
  Batch 1480/5116 | Loss: 0.0155
  Batch 1520/5116 | Loss: 0.0016
  Batch 1560/5116 | Loss: 0.0009
  Batch 1600/5116 | Loss: 3.2115
  Batch 1640/5116 | Loss: 0.0041
  Batch 1680/5116 | Loss: 0.0023
  Batch 1720/5116 | Loss: 0.0385
  Batch 1760/5116 | Loss: 0.0108
  Batch 1800/5116 | Loss: 0.0150
  Batch 1840/5116 | Loss: 0.0041
  Batch 1880/5116 | Loss: 0.0054
  Batch 1920/5116 | Loss: 0.0058
  Batch 1960/5116 | Loss: 0.1750
  Batch 2000/5116 | Loss: 0.2869
  Batch 2040/5116 | Loss: 0.0048
  Batch 2080/5116 | Loss: 0.0014
  Batch 2120/5116 | Loss: 0.2791
  Batch 2160/5116 | Loss: 0.4489
  Batch 2200/5116 | Loss: 0.0237
  Batch 2240/5116 | Loss: 0.0024
  Batch 2280/5116 | Loss: 1.2956
  Batch 2320/5116 | Loss: 0.0679
  Batch 2360/5116 | Loss: 0.0178
  Batch 2400/5116 | Loss: 0.0491
  Batch 2440/5116 | Loss: 0.0886
  Batch 2480/5116 | Loss: 0.0348
  Batch 2520/5116 | Loss: 0.0003
  Batch 2560/5116 | Loss: 0.0324
  Batch 2600/5116 | Loss: 0.1210
  Batch 2640/5116 | Loss: 0.0215
  Batch 2680/5116 | Loss: 0.0011
  Batch 2720/5116 | Loss: 0.0165
  Batch 2760/5116 | Loss: 0.0749
  Batch 2800/5116 | Loss: 0.0051
  Batch 2840/5116 | Loss: 4.2127
  Batch 2880/5116 | Loss: 0.0002
  Batch 2920/5116 | Loss: 0.0011
  Batch 2960/5116 | Loss: 0.0023
  Batch 3000/5116 | Loss: 0.0072
  Batch 3040/5116 | Loss: 0.0101
  Batch 3080/5116 | Loss: 0.0605
  Batch 3120/5116 | Loss: 0.0311
  Batch 3160/5116 | Loss: 0.0006
  Batch 3200/5116 | Loss: 0.6656
  Batch 3240/5116 | Loss: 0.3311
  Batch 3280/5116 | Loss: 0.1604
  Batch 3320/5116 | Loss: 0.0017
  Batch 3360/5116 | Loss: 0.0064
  Batch 3400/5116 | Loss: 0.0004
  Batch 3440/5116 | Loss: 0.0066
  Batch 3480/5116 | Loss: 0.0010
  Batch 3520/5116 | Loss: 0.0041
  Batch 3560/5116 | Loss: 0.0036
  Batch 3600/5116 | Loss: 0.1480
  Batch 3640/5116 | Loss: 0.0131
  Batch 3680/5116 | Loss: 0.0019
  Batch 3720/5116 | Loss: 0.0013
  Batch 3760/5116 | Loss: 0.0026
  Batch 3800/5116 | Loss: 0.0294
  Batch 3840/5116 | Loss: 0.0019
  Batch 3880/5116 | Loss: 0.0209
  Batch 3920/5116 | Loss: 0.2026
  Batch 3960/5116 | Loss: 0.0005
  Batch 4000/5116 | Loss: 1.5517
  Batch 4040/5116 | Loss: 0.0054
  Batch 4080/5116 | Loss: 0.0018
  Batch 4120/5116 | Loss: 0.0013
  Batch 4160/5116 | Loss: 0.0014
  Batch 4200/5116 | Loss: 0.0012
  Batch 4240/5116 | Loss: 0.0261
  Batch 4280/5116 | Loss: 0.0030
  Batch 4320/5116 | Loss: 0.0024
  Batch 4360/5116 | Loss: 0.1638
  Batch 4400/5116 | Loss: 0.0054
  Batch 4440/5116 | Loss: 0.0031
  Batch 4480/5116 | Loss: 0.0374
  Batch 4520/5116 | Loss: 0.0002
  Batch 4560/5116 | Loss: 0.0012
  Batch 4600/5116 | Loss: 0.0007
  Batch 4640/5116 | Loss: 0.0020
  Batch 4680/5116 | Loss: 0.0855
  Batch 4720/5116 | Loss: 0.0036
  Batch 4760/5116 | Loss: 0.0010
  Batch 4800/5116 | Loss: 0.0106
  Batch 4840/5116 | Loss: 0.0025
  Batch 4880/5116 | Loss: 0.0013
  Batch 4920/5116 | Loss: 0.0062
  Batch 4960/5116 | Loss: 0.0133
  Batch 5000/5116 | Loss: 0.0028
  Batch 5040/5116 | Loss: 0.0037
  Batch 5080/5116 | Loss: 0.0199
Epoch 1 | Train Loss: 0.1111 | Train Acc: 0.9844 | Val AUC: 0.9946
Saved checkpoint: models\stageB_checkpoint_epoch1.pth
  New best val AUC: 0.9946 - saved stageB_best_* artifacts
  Batch 40/5116 | Loss: 0.0045
  Batch 80/5116 | Loss: 0.0330
  Batch 120/5116 | Loss: 0.0009
  Batch 160/5116 | Loss: 0.0305
  Batch 200/5116 | Loss: 0.0011
  Batch 240/5116 | Loss: 0.0018
  Batch 280/5116 | Loss: 0.0014
  Batch 320/5116 | Loss: 0.0016
  Batch 360/5116 | Loss: 0.0084
  Batch 400/5116 | Loss: 0.1130
  Batch 440/5116 | Loss: 0.0020
  Batch 480/5116 | Loss: 0.0095
  Batch 520/5116 | Loss: 0.0298
  Batch 560/5116 | Loss: 0.0021
  Batch 600/5116 | Loss: 0.0043
  Batch 640/5116 | Loss: 0.0505
  Batch 680/5116 | Loss: 0.6244
  Batch 720/5116 | Loss: 0.0024
  Batch 760/5116 | Loss: 0.0143
  Batch 800/5116 | Loss: 0.0131
  Batch 840/5116 | Loss: 0.0044
  Batch 880/5116 | Loss: 0.0079
  Batch 920/5116 | Loss: 0.0987
  Batch 960/5116 | Loss: 0.0081
  Batch 1000/5116 | Loss: 0.0021
  Batch 1040/5116 | Loss: 0.0008
  Batch 1080/5116 | Loss: 0.0151
  Batch 1120/5116 | Loss: 0.0019
  Batch 1160/5116 | Loss: 0.0060
  Batch 1200/5116 | Loss: 0.0023
  Batch 1240/5116 | Loss: 0.0244
  Batch 1280/5116 | Loss: 0.5988
  Batch 1320/5116 | Loss: 0.0018
  Batch 1360/5116 | Loss: 0.0030
  Batch 1400/5116 | Loss: 0.0040
  Batch 1440/5116 | Loss: 0.0676
  Batch 1480/5116 | Loss: 0.0056
  Batch 1520/5116 | Loss: 0.0091
  Batch 1560/5116 | Loss: 0.0094
  Batch 1600/5116 | Loss: 0.0062
  Batch 1640/5116 | Loss: 0.0165
  Batch 1680/5116 | Loss: 0.1068
  Batch 1720/5116 | Loss: 0.0042
  Batch 1760/5116 | Loss: 0.0107
  Batch 1800/5116 | Loss: 0.0083
  Batch 1840/5116 | Loss: 0.0042
  Batch 1880/5116 | Loss: 0.0018
  Batch 1920/5116 | Loss: 0.0117
  Batch 1960/5116 | Loss: 0.0021
  Batch 2000/5116 | Loss: 5.5192
  Batch 2040/5116 | Loss: 0.0005
  Batch 2080/5116 | Loss: 0.0094
  Batch 2120/5116 | Loss: 0.7044
  Batch 2160/5116 | Loss: 0.0041
  Batch 2200/5116 | Loss: 0.3369
  Batch 2240/5116 | Loss: 0.0123
  Batch 2280/5116 | Loss: 0.0121
  Batch 2320/5116 | Loss: 0.0094
  Batch 2360/5116 | Loss: 4.7163
  Batch 2400/5116 | Loss: 0.0026
  Batch 2440/5116 | Loss: 0.0404
  Batch 2480/5116 | Loss: 0.0476
  Batch 2520/5116 | Loss: 0.0017
  Batch 2560/5116 | Loss: 0.0417
  Batch 2600/5116 | Loss: 0.0054
  Batch 2640/5116 | Loss: 0.0255
  Batch 2680/5116 | Loss: 0.0738
  Batch 2720/5116 | Loss: 0.0056
  Batch 2760/5116 | Loss: 0.0004
  Batch 2800/5116 | Loss: 0.0025
  Batch 2840/5116 | Loss: 0.0034
  Batch 2880/5116 | Loss: 0.0014
  Batch 2920/5116 | Loss: 0.0022
  Batch 2960/5116 | Loss: 0.0008
  Batch 3000/5116 | Loss: 0.0306
  Batch 3040/5116 | Loss: 0.0071
  Batch 3080/5116 | Loss: 0.0414
  Batch 3120/5116 | Loss: 0.0058
  Batch 3160/5116 | Loss: 0.0008
  Batch 3200/5116 | Loss: 0.0059
  Batch 3240/5116 | Loss: 0.0101
  Batch 3280/5116 | Loss: 0.0020
  Batch 3320/5116 | Loss: 0.0224
  Batch 3360/5116 | Loss: 0.0067
  Batch 3400/5116 | Loss: 1.2728
  Batch 3440/5116 | Loss: 0.0086
  Batch 3480/5116 | Loss: 0.0146
  Batch 3520/5116 | Loss: 0.0029
  Batch 3560/5116 | Loss: 5.6684
  Batch 3600/5116 | Loss: 0.0030
  Batch 3640/5116 | Loss: 0.0111
  Batch 3680/5116 | Loss: 0.0063
  Batch 3720/5116 | Loss: 0.0601
  Batch 3760/5116 | Loss: 0.0041
  Batch 3800/5116 | Loss: 0.0052
  Batch 3840/5116 | Loss: 0.0010
  Batch 3880/5116 | Loss: 0.0015
  Batch 3920/5116 | Loss: 0.0516
  Batch 3960/5116 | Loss: 0.0017
  Batch 4000/5116 | Loss: 0.0018
  Batch 4040/5116 | Loss: 0.0138
  Batch 4080/5116 | Loss: 0.0086
  Batch 4120/5116 | Loss: 0.0008
  Batch 4160/5116 | Loss: 0.0068
  Batch 4200/5116 | Loss: 0.0003
  Batch 4240/5116 | Loss: 0.0364
  Batch 4280/5116 | Loss: 0.0075
  Batch 4320/5116 | Loss: 0.0003
  Batch 4360/5116 | Loss: 0.0036
  Batch 4400/5116 | Loss: 0.0098
  Batch 4440/5116 | Loss: 0.0013
  Batch 4480/5116 | Loss: 0.0035
  Batch 4520/5116 | Loss: 0.0666
  Batch 4560/5116 | Loss: 0.0002
  Batch 4600/5116 | Loss: 0.0013
  Batch 4640/5116 | Loss: 0.0294
  Batch 4680/5116 | Loss: 2.0389
  Batch 4720/5116 | Loss: 0.0005
  Batch 4760/5116 | Loss: 0.0038
  Batch 4800/5116 | Loss: 0.0033
  Batch 4840/5116 | Loss: 0.0003
  Batch 4880/5116 | Loss: 0.0329
  Batch 4920/5116 | Loss: 0.0486
  Batch 4960/5116 | Loss: 0.0117
  Batch 5000/5116 | Loss: 0.0017
  Batch 5040/5116 | Loss: 0.0109
  Batch 5080/5116 | Loss: 0.0032
Epoch 2 | Train Loss: 0.1031 | Train Acc: 0.9860 | Val AUC: 0.9956
Saved checkpoint: models\stageB_checkpoint_epoch2.pth
  New best val AUC: 0.9956 - saved stageB_best_* artifacts
  Batch 40/5116 | Loss: 0.0024
  Batch 80/5116 | Loss: 0.0004
  Batch 120/5116 | Loss: 0.0095
  Batch 160/5116 | Loss: 0.0711
  Batch 200/5116 | Loss: 0.0031
  Batch 240/5116 | Loss: 0.0183
  Batch 280/5116 | Loss: 0.0035
  Batch 320/5116 | Loss: 0.0066
  Batch 360/5116 | Loss: 6.8312
  Batch 400/5116 | Loss: 0.0654
  Batch 440/5116 | Loss: 0.0475
  Batch 480/5116 | Loss: 0.0113
  Batch 520/5116 | Loss: 0.0493
  Batch 560/5116 | Loss: 0.0897
  Batch 600/5116 | Loss: 0.0025
  Batch 640/5116 | Loss: 0.0003
  Batch 680/5116 | Loss: 0.0015
  Batch 720/5116 | Loss: 0.0039
  Batch 760/5116 | Loss: 0.0008
  Batch 800/5116 | Loss: 0.0008
  Batch 840/5116 | Loss: 0.0061
  Batch 880/5116 | Loss: 0.0015
  Batch 920/5116 | Loss: 0.0040
  Batch 960/5116 | Loss: 0.0163
  Batch 1000/5116 | Loss: 0.1483
  Batch 1040/5116 | Loss: 0.0041
  Batch 1080/5116 | Loss: 0.0008
  Batch 1120/5116 | Loss: 0.0787
  Batch 1160/5116 | Loss: 0.0129
  Batch 1200/5116 | Loss: 0.1699
  Batch 1240/5116 | Loss: 0.0031
  Batch 1280/5116 | Loss: 0.1252
  Batch 1320/5116 | Loss: 0.0028
  Batch 1360/5116 | Loss: 0.0191
  Batch 1400/5116 | Loss: 3.0318
  Batch 1440/5116 | Loss: 0.0785
  Batch 1480/5116 | Loss: 0.0556
  Batch 1520/5116 | Loss: 0.0307
  Batch 1560/5116 | Loss: 0.0006
  Batch 1600/5116 | Loss: 0.0109
  Batch 1640/5116 | Loss: 0.0025
  Batch 1680/5116 | Loss: 0.0354
  Batch 1720/5116 | Loss: 0.0014
  Batch 1760/5116 | Loss: 0.0007
  Batch 1800/5116 | Loss: 0.1968
  Batch 1840/5116 | Loss: 0.0015
  Batch 1880/5116 | Loss: 0.0515
  Batch 1920/5116 | Loss: 0.0035
  Batch 1960/5116 | Loss: 0.0059
  Batch 2000/5116 | Loss: 0.0021
  Batch 2040/5116 | Loss: 0.0079
  Batch 2080/5116 | Loss: 0.1847
  Batch 2120/5116 | Loss: 0.0172
  Batch 2160/5116 | Loss: 0.0294
  Batch 2200/5116 | Loss: 0.0044
  Batch 2240/5116 | Loss: 0.0121
  Batch 2280/5116 | Loss: 0.0034
  Batch 2320/5116 | Loss: 0.0290
  Batch 2360/5116 | Loss: 0.0284
  Batch 2400/5116 | Loss: 0.0185
  Batch 2440/5116 | Loss: 0.0084
  Batch 2480/5116 | Loss: 0.1367
  Batch 2520/5116 | Loss: 0.0354
  Batch 2560/5116 | Loss: 0.0093
  Batch 2600/5116 | Loss: 0.0260
  Batch 2640/5116 | Loss: 0.0012
  Batch 2680/5116 | Loss: 0.0063
  Batch 2720/5116 | Loss: 0.0258
  Batch 2760/5116 | Loss: 0.0563
  Batch 2800/5116 | Loss: 0.1745
  Batch 2840/5116 | Loss: 0.0145
  Batch 2880/5116 | Loss: 0.1375
  Batch 2920/5116 | Loss: 0.0074
  Batch 2960/5116 | Loss: 0.0255
  Batch 3000/5116 | Loss: 0.0032
  Batch 3040/5116 | Loss: 0.0008
  Batch 3080/5116 | Loss: 0.0001
  Batch 3120/5116 | Loss: 0.0019
  Batch 3160/5116 | Loss: 0.0084
  Batch 3200/5116 | Loss: 0.0106
  Batch 3240/5116 | Loss: 0.0015
  Batch 3280/5116 | Loss: 0.0042
  Batch 3320/5116 | Loss: 0.0003
  Batch 3360/5116 | Loss: 0.0164
  Batch 3400/5116 | Loss: 0.0036
  Batch 3440/5116 | Loss: 0.0074
  Batch 3480/5116 | Loss: 0.0042
  Batch 3520/5116 | Loss: 0.0020
  Batch 3560/5116 | Loss: 0.0377
  Batch 3600/5116 | Loss: 0.0320
  Batch 3640/5116 | Loss: 0.3011
  Batch 3680/5116 | Loss: 0.0010
  Batch 3720/5116 | Loss: 0.0073
  Batch 3760/5116 | Loss: 0.0003
  Batch 3800/5116 | Loss: 0.0030
  Batch 3840/5116 | Loss: 0.0039
  Batch 3880/5116 | Loss: 0.0125
  Batch 3920/5116 | Loss: 0.0697
  Batch 3960/5116 | Loss: 0.0246
  Batch 4000/5116 | Loss: 0.0071
  Batch 4040/5116 | Loss: 0.0244
  Batch 4080/5116 | Loss: 0.0011
  Batch 4120/5116 | Loss: 0.0004
  Batch 4160/5116 | Loss: 0.0145
  Batch 4200/5116 | Loss: 0.0015
  Batch 4240/5116 | Loss: 0.0031
  Batch 4280/5116 | Loss: 0.0191
  Batch 4320/5116 | Loss: 0.0001
  Batch 4360/5116 | Loss: 0.0013
  Batch 4400/5116 | Loss: 0.7827
  Batch 4440/5116 | Loss: 0.0051
  Batch 4480/5116 | Loss: 0.0072
  Batch 4520/5116 | Loss: 0.0080
  Batch 4560/5116 | Loss: 0.0030
  Batch 4600/5116 | Loss: 0.0024
  Batch 4640/5116 | Loss: 0.0046
  Batch 4680/5116 | Loss: 0.0025
  Batch 4720/5116 | Loss: 0.0019
  Batch 4760/5116 | Loss: 0.1080
  Batch 4800/5116 | Loss: 0.2339
  Batch 4840/5116 | Loss: 0.0107
  Batch 4880/5116 | Loss: 0.0461
  Batch 4920/5116 | Loss: 0.0011
  Batch 4960/5116 | Loss: 0.0430
  Batch 5000/5116 | Loss: 0.0204
  Batch 5040/5116 | Loss: 0.0057
  Batch 5080/5116 | Loss: 0.1835
