Using cache found in C:\Users\srees/.cache\torch\hub\facebookresearch_dinov2_main
C:\Users\srees/.cache\torch\hub\facebookresearch_dinov2_main\dinov2\layers\swiglu_ffn.py:51: UserWarning: xFormers is not available (SwiGLU)
  warnings.warn("xFormers is not available (SwiGLU)")
C:\Users\srees/.cache\torch\hub\facebookresearch_dinov2_main\dinov2\layers\attention.py:33: UserWarning: xFormers is not available (Attention)
  warnings.warn("xFormers is not available (Attention)")
C:\Users\srees/.cache\torch\hub\facebookresearch_dinov2_main\dinov2\layers\block.py:40: UserWarning: xFormers is not available (Block)
  warnings.warn("xFormers is not available (Block)")
Using device: cuda
Loading DINOv2 ViT-S/14 with LoRA on last 4 blocks...
trainable params: 196,608 || all params: 22,253,184 || trainable%: 0.8835
Loading Whisper-tiny encoder with LoRA on last block...
trainable params: 55,296 || all params: 7,687,680 || trainable%: 0.7193
Loading Stage A weights from models\stageA_best_model.pth

[Data Distribution] Real: 2558  Fake: 10232 (of which SBI: 2558)  Total: 12790
[SBI Augmentation] ENABLED
[Val set] 6100 videos

[DataLoader] physical_batch=2 grad_accum=8 (effective batch=16) num_workers=4
Starting Stage B Training (LoRA fine-tune, raw crops/audio)...
  Batch 40/6395 | Loss: 0.9089
  Batch 80/6395 | Loss: 0.4137
  Batch 120/6395 | Loss: 0.1431
  Batch 160/6395 | Loss: 0.7745
  Batch 200/6395 | Loss: 3.2342
  Batch 240/6395 | Loss: 0.0843
  Batch 280/6395 | Loss: 1.9771
  Batch 320/6395 | Loss: 0.5835
  Batch 360/6395 | Loss: 0.9100
  Batch 400/6395 | Loss: 0.7230
  Batch 440/6395 | Loss: 0.0540
  Batch 480/6395 | Loss: 1.0393
  Batch 520/6395 | Loss: 0.4930
  Batch 560/6395 | Loss: 0.2231
  Batch 600/6395 | Loss: 1.9556
  Batch 640/6395 | Loss: 1.9111
  Batch 680/6395 | Loss: 0.2336
  Batch 720/6395 | Loss: 0.2323
  Batch 760/6395 | Loss: 0.1312
  Batch 800/6395 | Loss: 0.0797
  Batch 840/6395 | Loss: 0.2388
  Batch 880/6395 | Loss: 0.0169
  Batch 920/6395 | Loss: 1.3345
  Batch 960/6395 | Loss: 0.4207
  Batch 1000/6395 | Loss: 0.3015
  Batch 1040/6395 | Loss: 0.1690
  Batch 1080/6395 | Loss: 0.6664
  Batch 1120/6395 | Loss: 0.0136
  Batch 1160/6395 | Loss: 0.0174
  Batch 1200/6395 | Loss: 0.8062
  Batch 1240/6395 | Loss: 0.2599
  Batch 1280/6395 | Loss: 0.0022
  Batch 1320/6395 | Loss: 0.0208
  Batch 1360/6395 | Loss: 0.1631
  Batch 1400/6395 | Loss: 0.6508
  Batch 1440/6395 | Loss: 0.0069
  Batch 1480/6395 | Loss: 0.4432
  Batch 1520/6395 | Loss: 0.1636
  Batch 1560/6395 | Loss: 0.1465
  Batch 1600/6395 | Loss: 0.4110
  Batch 1640/6395 | Loss: 0.1799
  Batch 1680/6395 | Loss: 0.0950
  Batch 1720/6395 | Loss: 0.0485
  Batch 1760/6395 | Loss: 0.0093
  Batch 1800/6395 | Loss: 0.0759
  Batch 1840/6395 | Loss: 0.6834
  Batch 1880/6395 | Loss: 0.0192
  Batch 1920/6395 | Loss: 1.5726
  Batch 1960/6395 | Loss: 0.6231
  Batch 2000/6395 | Loss: 0.1540
  Batch 2040/6395 | Loss: 0.7123
  Batch 2080/6395 | Loss: 0.3799
  Batch 2120/6395 | Loss: 0.0507
  Batch 2160/6395 | Loss: 0.2847
  Batch 2200/6395 | Loss: 0.0190
  Batch 2240/6395 | Loss: 0.0493
  Batch 2280/6395 | Loss: 0.0512
  Batch 2320/6395 | Loss: 0.0417
  Batch 2360/6395 | Loss: 0.0776
  Batch 2400/6395 | Loss: 0.0039
  Batch 2440/6395 | Loss: 1.1456
  Batch 2480/6395 | Loss: 0.0269
  Batch 2520/6395 | Loss: 0.0192
  Batch 2560/6395 | Loss: 0.0103
  Batch 2600/6395 | Loss: 0.0116
  Batch 2640/6395 | Loss: 0.5021
  Batch 2680/6395 | Loss: 0.0498
  Batch 2720/6395 | Loss: 0.2422
  Batch 2760/6395 | Loss: 0.1044
  Batch 2800/6395 | Loss: 0.3681
  Batch 2840/6395 | Loss: 0.0280
  Batch 2880/6395 | Loss: 0.2288
  Batch 2920/6395 | Loss: 0.9575
  Batch 2960/6395 | Loss: 0.0065
  Batch 3000/6395 | Loss: 0.3424
  Batch 3040/6395 | Loss: 0.0094
  Batch 3080/6395 | Loss: 0.0205
  Batch 3120/6395 | Loss: 2.3750
  Batch 3160/6395 | Loss: 0.0203
  Batch 3200/6395 | Loss: 0.0034
  Batch 3240/6395 | Loss: 1.0603
  Batch 3280/6395 | Loss: 4.9336
  Batch 3320/6395 | Loss: 0.0228
  Batch 3360/6395 | Loss: 0.3129
  Batch 3400/6395 | Loss: 0.1674
  Batch 3440/6395 | Loss: 0.3756
  Batch 3480/6395 | Loss: 0.4026
  Batch 3520/6395 | Loss: 0.1082
  Batch 3560/6395 | Loss: 0.1062
  Batch 3600/6395 | Loss: 0.2195
  Batch 3640/6395 | Loss: 0.0313
  Batch 3680/6395 | Loss: 0.1787
  Batch 3720/6395 | Loss: 0.0063
  Batch 3760/6395 | Loss: 0.0173
  Batch 3800/6395 | Loss: 0.1236
  Batch 3840/6395 | Loss: 0.0130
  Batch 3880/6395 | Loss: 0.0420
  Batch 3920/6395 | Loss: 0.0285
  Batch 3960/6395 | Loss: 1.6909
  Batch 4000/6395 | Loss: 0.0807
  Batch 4040/6395 | Loss: 0.4417
  Batch 4080/6395 | Loss: 0.0859
  Batch 4120/6395 | Loss: 0.0302
  Batch 4160/6395 | Loss: 0.6261
  Batch 4200/6395 | Loss: 0.0329
  Batch 4240/6395 | Loss: 0.0118
  Batch 4280/6395 | Loss: 0.0292
  Batch 4320/6395 | Loss: 0.0176
  Batch 4360/6395 | Loss: 0.0105
  Batch 4400/6395 | Loss: 0.2181
  Batch 4440/6395 | Loss: 0.0250
  Batch 4480/6395 | Loss: 0.0163
  Batch 4520/6395 | Loss: 0.0149
  Batch 4560/6395 | Loss: 0.0485
  Batch 4600/6395 | Loss: 0.0627
  Batch 4640/6395 | Loss: 0.4846
  Batch 4680/6395 | Loss: 0.0228
  Batch 4720/6395 | Loss: 0.0117
  Batch 4760/6395 | Loss: 0.1852
  Batch 4800/6395 | Loss: 0.2005
  Batch 4840/6395 | Loss: 0.0511
  Batch 4880/6395 | Loss: 0.0316
  Batch 4920/6395 | Loss: 0.0051
  Batch 4960/6395 | Loss: 0.0058
  Batch 5000/6395 | Loss: 9.8891
  Batch 5040/6395 | Loss: 0.0158
  Batch 5080/6395 | Loss: 0.0372
  Batch 5120/6395 | Loss: 0.1230
  Batch 5160/6395 | Loss: 0.3232
  Batch 5200/6395 | Loss: 0.0909
  Batch 5240/6395 | Loss: 0.0263
  Batch 5280/6395 | Loss: 0.0591
  Batch 5320/6395 | Loss: 0.1058
  Batch 5360/6395 | Loss: 0.9108
  Batch 5400/6395 | Loss: 0.1215
  Batch 5440/6395 | Loss: 0.0034
  Batch 5480/6395 | Loss: 0.0267
  Batch 5520/6395 | Loss: 0.0162
  Batch 5560/6395 | Loss: 0.2271
  Batch 5600/6395 | Loss: 0.6572
  Batch 5640/6395 | Loss: 0.5877
  Batch 5680/6395 | Loss: 0.0053
  Batch 5720/6395 | Loss: 0.0127
  Batch 5760/6395 | Loss: 0.0665
  Batch 5800/6395 | Loss: 0.1005
  Batch 5840/6395 | Loss: 0.2236
  Batch 5880/6395 | Loss: 0.0092
  Batch 5920/6395 | Loss: 0.0152
  Batch 5960/6395 | Loss: 0.0599
  Batch 6000/6395 | Loss: 0.1087
  Batch 6040/6395 | Loss: 0.0569
  Batch 6080/6395 | Loss: 1.2737
  Batch 6120/6395 | Loss: 0.5270
  Batch 6160/6395 | Loss: 0.0409
  Batch 6200/6395 | Loss: 0.0092
  Batch 6240/6395 | Loss: 0.0974
  Batch 6280/6395 | Loss: 0.0039
  Batch 6320/6395 | Loss: 0.1776
  Batch 6360/6395 | Loss: 0.4132
Epoch 1 | Train Loss: 0.4440 | Train Acc: 0.9250 | Val AUC: 0.9913
Saved checkpoint: models\stageB_checkpoint_epoch1.pth
  New best val AUC: 0.9913 - saved stageB_best_* artifacts
  Batch 40/6395 | Loss: 1.9697
  Batch 80/6395 | Loss: 2.4764
  Batch 120/6395 | Loss: 0.0049
  Batch 160/6395 | Loss: 0.0084
  Batch 200/6395 | Loss: 0.0543
  Batch 240/6395 | Loss: 3.6766
  Batch 280/6395 | Loss: 1.5470
  Batch 320/6395 | Loss: 0.0788
  Batch 360/6395 | Loss: 3.1162
  Batch 400/6395 | Loss: 0.0545
  Batch 440/6395 | Loss: 0.1219
  Batch 480/6395 | Loss: 0.0500
  Batch 520/6395 | Loss: 0.0336
  Batch 560/6395 | Loss: 0.0317
  Batch 600/6395 | Loss: 7.3271
  Batch 640/6395 | Loss: 0.1680
  Batch 680/6395 | Loss: 0.0468
  Batch 720/6395 | Loss: 0.1330
  Batch 760/6395 | Loss: 0.1630
  Batch 800/6395 | Loss: 0.1074
  Batch 840/6395 | Loss: 0.0310
  Batch 880/6395 | Loss: 0.0302
  Batch 920/6395 | Loss: 0.1884
  Batch 960/6395 | Loss: 0.0952
  Batch 1000/6395 | Loss: 0.0035
  Batch 1040/6395 | Loss: 0.9786
  Batch 1080/6395 | Loss: 0.0594
  Batch 1120/6395 | Loss: 0.1602
  Batch 1160/6395 | Loss: 0.2579
  Batch 1200/6395 | Loss: 0.0387
  Batch 1240/6395 | Loss: 0.3320
  Batch 1280/6395 | Loss: 0.0240
  Batch 1320/6395 | Loss: 0.2433
  Batch 1360/6395 | Loss: 0.0088
  Batch 1400/6395 | Loss: 0.0114
  Batch 1440/6395 | Loss: 0.0671
  Batch 1480/6395 | Loss: 0.0055
  Batch 1520/6395 | Loss: 0.0096
  Batch 1560/6395 | Loss: 0.0325
  Batch 1600/6395 | Loss: 0.0474
  Batch 1640/6395 | Loss: 0.0053
  Batch 1680/6395 | Loss: 1.1654
  Batch 1720/6395 | Loss: 0.1607
  Batch 1760/6395 | Loss: 0.2033
  Batch 1800/6395 | Loss: 0.0105
  Batch 1840/6395 | Loss: 0.0143
  Batch 1880/6395 | Loss: 6.8070
  Batch 1920/6395 | Loss: 1.6546
  Batch 1960/6395 | Loss: 0.0724
  Batch 2000/6395 | Loss: 0.0045
  Batch 2040/6395 | Loss: 0.0152
  Batch 2080/6395 | Loss: 0.0069
  Batch 2120/6395 | Loss: 0.0115
  Batch 2160/6395 | Loss: 0.0018
  Batch 2200/6395 | Loss: 0.0074
  Batch 2240/6395 | Loss: 0.2127
  Batch 2280/6395 | Loss: 0.3384
  Batch 2320/6395 | Loss: 0.2472
  Batch 2360/6395 | Loss: 0.1582
  Batch 2400/6395 | Loss: 0.1787
  Batch 2440/6395 | Loss: 0.1932
  Batch 2480/6395 | Loss: 0.0183
  Batch 2520/6395 | Loss: 0.5383
  Batch 2560/6395 | Loss: 0.0089
  Batch 2600/6395 | Loss: 0.0086
  Batch 2640/6395 | Loss: 0.1880
  Batch 2680/6395 | Loss: 0.0130
  Batch 2720/6395 | Loss: 2.3340
  Batch 2760/6395 | Loss: 0.3854
  Batch 2800/6395 | Loss: 0.0030
  Batch 2840/6395 | Loss: 0.1629
  Batch 2880/6395 | Loss: 0.0035
  Batch 2920/6395 | Loss: 0.0281
  Batch 2960/6395 | Loss: 1.4104
  Batch 3000/6395 | Loss: 0.0117
  Batch 3040/6395 | Loss: 0.0663
  Batch 3080/6395 | Loss: 0.0032
  Batch 3120/6395 | Loss: 0.1210
  Batch 3160/6395 | Loss: 0.0222
  Batch 3200/6395 | Loss: 2.2005
  Batch 3240/6395 | Loss: 0.0073
  Batch 3280/6395 | Loss: 0.0584
  Batch 3320/6395 | Loss: 0.0286
  Batch 3360/6395 | Loss: 0.0856
  Batch 3400/6395 | Loss: 0.0009
  Batch 3440/6395 | Loss: 0.6058
  Batch 3480/6395 | Loss: 0.0165
  Batch 3520/6395 | Loss: 0.0145
  Batch 3560/6395 | Loss: 0.0271
  Batch 3600/6395 | Loss: 0.1694
  Batch 3640/6395 | Loss: 0.2414
  Batch 3680/6395 | Loss: 0.0625
  Batch 3720/6395 | Loss: 0.1084
  Batch 3760/6395 | Loss: 0.0166
  Batch 3800/6395 | Loss: 0.0296
  Batch 3840/6395 | Loss: 0.0046
  Batch 3880/6395 | Loss: 0.0072
  Batch 3920/6395 | Loss: 0.0146
  Batch 3960/6395 | Loss: 0.0084
  Batch 4000/6395 | Loss: 0.1525
  Batch 4040/6395 | Loss: 0.0047
  Batch 4080/6395 | Loss: 1.2779
  Batch 4120/6395 | Loss: 0.7605
  Batch 4160/6395 | Loss: 0.1472
  Batch 4200/6395 | Loss: 0.0126
  Batch 4240/6395 | Loss: 0.0157
  Batch 4280/6395 | Loss: 0.0437
  Batch 4320/6395 | Loss: 0.0079
  Batch 4360/6395 | Loss: 0.0005
  Batch 4400/6395 | Loss: 0.0160
  Batch 4440/6395 | Loss: 0.0214
  Batch 4480/6395 | Loss: 0.0060
  Batch 4520/6395 | Loss: 0.0153
  Batch 4560/6395 | Loss: 0.0860
  Batch 4600/6395 | Loss: 0.0038
  Batch 4640/6395 | Loss: 0.0030
  Batch 4680/6395 | Loss: 0.0126
  Batch 4720/6395 | Loss: 0.4804
  Batch 4760/6395 | Loss: 0.0832
  Batch 4800/6395 | Loss: 0.0597
  Batch 4840/6395 | Loss: 0.0143
  Batch 4880/6395 | Loss: 0.0169
  Batch 4920/6395 | Loss: 0.3752
  Batch 4960/6395 | Loss: 0.0226
  Batch 5000/6395 | Loss: 4.8641
  Batch 5040/6395 | Loss: 0.0022
  Batch 5080/6395 | Loss: 0.9994
  Batch 5120/6395 | Loss: 0.7517
  Batch 5160/6395 | Loss: 0.0066
  Batch 5200/6395 | Loss: 0.0174
  Batch 5240/6395 | Loss: 0.0096
  Batch 5280/6395 | Loss: 0.0225
  Batch 5320/6395 | Loss: 0.0040
  Batch 5360/6395 | Loss: 0.0176
  Batch 5400/6395 | Loss: 0.0371
  Batch 5440/6395 | Loss: 0.2275
  Batch 5480/6395 | Loss: 0.3972
  Batch 5520/6395 | Loss: 0.0066
  Batch 5560/6395 | Loss: 0.1226
  Batch 5600/6395 | Loss: 0.0407
  Batch 5640/6395 | Loss: 0.4335
  Batch 5680/6395 | Loss: 0.0011
  Batch 5720/6395 | Loss: 0.4109
  Batch 5760/6395 | Loss: 0.0204
  Batch 5800/6395 | Loss: 0.0530
  Batch 5840/6395 | Loss: 0.0205
  Batch 5880/6395 | Loss: 0.0309
  Batch 5920/6395 | Loss: 0.0085
  Batch 5960/6395 | Loss: 0.0890
  Batch 6000/6395 | Loss: 0.0404
  Batch 6040/6395 | Loss: 0.0135
  Batch 6080/6395 | Loss: 0.0269
  Batch 6120/6395 | Loss: 0.0143
  Batch 6160/6395 | Loss: 0.0039
  Batch 6200/6395 | Loss: 3.5326
  Batch 6240/6395 | Loss: 0.0068
  Batch 6280/6395 | Loss: 0.3540
  Batch 6320/6395 | Loss: 0.0099
  Batch 6360/6395 | Loss: 0.0191
Epoch 2 | Train Loss: 0.2586 | Train Acc: 0.9575 | Val AUC: 0.9941
Saved checkpoint: models\stageB_checkpoint_epoch2.pth
  New best val AUC: 0.9941 - saved stageB_best_* artifacts
  Batch 40/6395 | Loss: 0.0275
  Batch 80/6395 | Loss: 0.1271
  Batch 120/6395 | Loss: 0.0090
  Batch 160/6395 | Loss: 0.0646
  Batch 200/6395 | Loss: 0.0097
  Batch 240/6395 | Loss: 0.2520
  Batch 280/6395 | Loss: 4.4218
  Batch 320/6395 | Loss: 0.0447
  Batch 360/6395 | Loss: 0.1192
  Batch 400/6395 | Loss: 0.0257
  Batch 440/6395 | Loss: 0.0680
  Batch 480/6395 | Loss: 9.7195
  Batch 520/6395 | Loss: 0.1046
  Batch 560/6395 | Loss: 0.0016
  Batch 600/6395 | Loss: 0.0421
  Batch 640/6395 | Loss: 0.1060
  Batch 680/6395 | Loss: 0.0495
  Batch 720/6395 | Loss: 0.0199
  Batch 760/6395 | Loss: 0.1486
  Batch 800/6395 | Loss: 3.5103
  Batch 840/6395 | Loss: 0.0034
  Batch 880/6395 | Loss: 0.0222
  Batch 920/6395 | Loss: 0.0555
  Batch 960/6395 | Loss: 0.0872
  Batch 1000/6395 | Loss: 0.0265
  Batch 1040/6395 | Loss: 0.3002
  Batch 1080/6395 | Loss: 0.0319
  Batch 1120/6395 | Loss: 0.0010
  Batch 1160/6395 | Loss: 0.0098
  Batch 1200/6395 | Loss: 0.6820
  Batch 1240/6395 | Loss: 0.0269
  Batch 1280/6395 | Loss: 0.0101
  Batch 1320/6395 | Loss: 0.0061
  Batch 1360/6395 | Loss: 0.0298
  Batch 1400/6395 | Loss: 0.0007
  Batch 1440/6395 | Loss: 0.0376
  Batch 1480/6395 | Loss: 0.6963
  Batch 1520/6395 | Loss: 0.0866
  Batch 1560/6395 | Loss: 0.0190
  Batch 1600/6395 | Loss: 0.0816
  Batch 1640/6395 | Loss: 0.1550
  Batch 1680/6395 | Loss: 0.1433
  Batch 1720/6395 | Loss: 1.8455
  Batch 1760/6395 | Loss: 0.0265
  Batch 1800/6395 | Loss: 0.1494
  Batch 1840/6395 | Loss: 0.0152
  Batch 1880/6395 | Loss: 0.0092
  Batch 1920/6395 | Loss: 0.3792
  Batch 1960/6395 | Loss: 0.0736
  Batch 2000/6395 | Loss: 0.0192
  Batch 2040/6395 | Loss: 0.0277
  Batch 2080/6395 | Loss: 0.5895
  Batch 2120/6395 | Loss: 0.2368
  Batch 2160/6395 | Loss: 0.0394
  Batch 2200/6395 | Loss: 0.0023
  Batch 2240/6395 | Loss: 0.4021
  Batch 2280/6395 | Loss: 0.0179
  Batch 2320/6395 | Loss: 0.1100
  Batch 2360/6395 | Loss: 0.7744
  Batch 2400/6395 | Loss: 0.2330
  Batch 2440/6395 | Loss: 0.0032
  Batch 2480/6395 | Loss: 0.0195
  Batch 2520/6395 | Loss: 0.0166
  Batch 2560/6395 | Loss: 0.0205
  Batch 2600/6395 | Loss: 0.0102
  Batch 2640/6395 | Loss: 0.0103
  Batch 2680/6395 | Loss: 0.0056
  Batch 2720/6395 | Loss: 0.0624
  Batch 2760/6395 | Loss: 0.0029
  Batch 2800/6395 | Loss: 0.0020
  Batch 2840/6395 | Loss: 0.0049
  Batch 2880/6395 | Loss: 0.0180
  Batch 2920/6395 | Loss: 0.0041
  Batch 2960/6395 | Loss: 0.0035
  Batch 3000/6395 | Loss: 0.3818
  Batch 3040/6395 | Loss: 0.0043
  Batch 3080/6395 | Loss: 0.0145
  Batch 3120/6395 | Loss: 0.0428
  Batch 3160/6395 | Loss: 0.7047
  Batch 3200/6395 | Loss: 0.2196
  Batch 3240/6395 | Loss: 0.0030
  Batch 3280/6395 | Loss: 0.0047
  Batch 3320/6395 | Loss: 0.2664
  Batch 3360/6395 | Loss: 0.0149
  Batch 3400/6395 | Loss: 0.0518
  Batch 3440/6395 | Loss: 0.0750
  Batch 3480/6395 | Loss: 0.3552
  Batch 3520/6395 | Loss: 0.0307
  Batch 3560/6395 | Loss: 0.0223
  Batch 3600/6395 | Loss: 0.1329
  Batch 3640/6395 | Loss: 0.0135
  Batch 3680/6395 | Loss: 0.0308
  Batch 3720/6395 | Loss: 0.0169
  Batch 3760/6395 | Loss: 0.0326
  Batch 3800/6395 | Loss: 0.2400
  Batch 3840/6395 | Loss: 0.0062
  Batch 3880/6395 | Loss: 0.2982
  Batch 3920/6395 | Loss: 0.0391
  Batch 3960/6395 | Loss: 0.0075
  Batch 4000/6395 | Loss: 0.0146
  Batch 4040/6395 | Loss: 0.0549
  Batch 4080/6395 | Loss: 0.0088
  Batch 4120/6395 | Loss: 0.0182
  Batch 4160/6395 | Loss: 0.0039
  Batch 4200/6395 | Loss: 0.0307
  Batch 4240/6395 | Loss: 0.0247
  Batch 4280/6395 | Loss: 0.0011
  Batch 4320/6395 | Loss: 1.3347
  Batch 4360/6395 | Loss: 0.0082
  Batch 4400/6395 | Loss: 0.1854
  Batch 4440/6395 | Loss: 0.0064
  Batch 4480/6395 | Loss: 0.0133
  Batch 4520/6395 | Loss: 0.2052
  Batch 4560/6395 | Loss: 0.0367
  Batch 4600/6395 | Loss: 0.5930
  Batch 4640/6395 | Loss: 1.0294
  Batch 4680/6395 | Loss: 0.0041
  Batch 4720/6395 | Loss: 0.0223
  Batch 4760/6395 | Loss: 0.0211
  Batch 4800/6395 | Loss: 0.0135
  Batch 4840/6395 | Loss: 0.0074
  Batch 4880/6395 | Loss: 0.0051
  Batch 4920/6395 | Loss: 0.0129
  Batch 4960/6395 | Loss: 0.0743
  Batch 5000/6395 | Loss: 0.0043
  Batch 5040/6395 | Loss: 0.0013
  Batch 5080/6395 | Loss: 0.0130
  Batch 5120/6395 | Loss: 0.2517
  Batch 5160/6395 | Loss: 0.0068
  Batch 5200/6395 | Loss: 0.1496
  Batch 5240/6395 | Loss: 0.0111
  Batch 5280/6395 | Loss: 0.1591
  Batch 5320/6395 | Loss: 0.0017
  Batch 5360/6395 | Loss: 0.0139
  Batch 5400/6395 | Loss: 0.0032
  Batch 5440/6395 | Loss: 0.0711
  Batch 5480/6395 | Loss: 0.0021
  Batch 5520/6395 | Loss: 0.0285
  Batch 5560/6395 | Loss: 0.2728
  Batch 5600/6395 | Loss: 0.1795
  Batch 5640/6395 | Loss: 0.0022
  Batch 5680/6395 | Loss: 0.1613
  Batch 5720/6395 | Loss: 0.0004
  Batch 5760/6395 | Loss: 0.0084
  Batch 5800/6395 | Loss: 0.0079
  Batch 5840/6395 | Loss: 0.6662
  Batch 5880/6395 | Loss: 0.0402
  Batch 5920/6395 | Loss: 0.0122
  Batch 5960/6395 | Loss: 0.0439
  Batch 6000/6395 | Loss: 0.0081
  Batch 6040/6395 | Loss: 0.4143
  Batch 6080/6395 | Loss: 0.0145
  Batch 6120/6395 | Loss: 0.0195
  Batch 6160/6395 | Loss: 0.0651
  Batch 6200/6395 | Loss: 0.0379
  Batch 6240/6395 | Loss: 0.0028
  Batch 6280/6395 | Loss: 0.0093
  Batch 6320/6395 | Loss: 0.0039
  Batch 6360/6395 | Loss: 0.0501
Epoch 3 | Train Loss: 0.2071 | Train Acc: 0.9681 | Val AUC: 0.9950
Saved checkpoint: models\stageB_checkpoint_epoch3.pth
  New best val AUC: 0.9950 - saved stageB_best_* artifacts
  Batch 40/6395 | Loss: 0.0646
  Batch 80/6395 | Loss: 0.0423
  Batch 120/6395 | Loss: 0.0503
  Batch 160/6395 | Loss: 0.0069
  Batch 200/6395 | Loss: 0.0336
  Batch 240/6395 | Loss: 0.0014
  Batch 280/6395 | Loss: 0.0475
  Batch 320/6395 | Loss: 0.0059
  Batch 360/6395 | Loss: 0.0062
  Batch 400/6395 | Loss: 0.1449
  Batch 440/6395 | Loss: 0.0958
  Batch 480/6395 | Loss: 0.0029
  Batch 520/6395 | Loss: 0.0293
  Batch 560/6395 | Loss: 0.0219
  Batch 600/6395 | Loss: 0.0247
  Batch 640/6395 | Loss: 0.0322
  Batch 680/6395 | Loss: 0.0464
  Batch 720/6395 | Loss: 0.0134
  Batch 760/6395 | Loss: 0.0020
  Batch 800/6395 | Loss: 0.4131
  Batch 840/6395 | Loss: 0.0040
  Batch 880/6395 | Loss: 0.0265
  Batch 920/6395 | Loss: 0.0643
  Batch 960/6395 | Loss: 0.2259
  Batch 1000/6395 | Loss: 0.9168
  Batch 1040/6395 | Loss: 0.0122
  Batch 1080/6395 | Loss: 0.8125
  Batch 1120/6395 | Loss: 0.0059
  Batch 1160/6395 | Loss: 0.0096
  Batch 1200/6395 | Loss: 0.0030
  Batch 1240/6395 | Loss: 0.1946
  Batch 1280/6395 | Loss: 0.0757
  Batch 1320/6395 | Loss: 0.0429
  Batch 1360/6395 | Loss: 0.0059
  Batch 1400/6395 | Loss: 0.0158
  Batch 1440/6395 | Loss: 0.7450
  Batch 1480/6395 | Loss: 0.0070
  Batch 1520/6395 | Loss: 0.0313
  Batch 1560/6395 | Loss: 0.0193
  Batch 1600/6395 | Loss: 0.7237
  Batch 1640/6395 | Loss: 0.1467
  Batch 1680/6395 | Loss: 0.0079
  Batch 1720/6395 | Loss: 0.0055
  Batch 1760/6395 | Loss: 0.0284
  Batch 1800/6395 | Loss: 0.0072
  Batch 1840/6395 | Loss: 0.0195
  Batch 1880/6395 | Loss: 0.0010
  Batch 1920/6395 | Loss: 0.0026
  Batch 1960/6395 | Loss: 0.0323
  Batch 2000/6395 | Loss: 0.0029
  Batch 2040/6395 | Loss: 0.0096
  Batch 2080/6395 | Loss: 0.0383
  Batch 2120/6395 | Loss: 0.0026
  Batch 2160/6395 | Loss: 0.0218
  Batch 2200/6395 | Loss: 0.0084
  Batch 2240/6395 | Loss: 0.0133
  Batch 2280/6395 | Loss: 0.0078
  Batch 2320/6395 | Loss: 0.0019
  Batch 2360/6395 | Loss: 0.0092
  Batch 2400/6395 | Loss: 0.0086
  Batch 2440/6395 | Loss: 0.0051
  Batch 2480/6395 | Loss: 0.3339
  Batch 2520/6395 | Loss: 0.0009
  Batch 2560/6395 | Loss: 0.2577
  Batch 2600/6395 | Loss: 4.5419
  Batch 2640/6395 | Loss: 1.1182
  Batch 2680/6395 | Loss: 0.0089
  Batch 2720/6395 | Loss: 0.0012
  Batch 2760/6395 | Loss: 0.0023
  Batch 2800/6395 | Loss: 0.0045
  Batch 2840/6395 | Loss: 0.0022
  Batch 2880/6395 | Loss: 0.0047
  Batch 2920/6395 | Loss: 0.0149
  Batch 2960/6395 | Loss: 0.2939
  Batch 3000/6395 | Loss: 0.0033
  Batch 3040/6395 | Loss: 0.6891
  Batch 3080/6395 | Loss: 0.0159
  Batch 3120/6395 | Loss: 0.0184
  Batch 3160/6395 | Loss: 0.0272
  Batch 3200/6395 | Loss: 0.0497
  Batch 3240/6395 | Loss: 0.0635
  Batch 3280/6395 | Loss: 0.0046
  Batch 3320/6395 | Loss: 0.3253
  Batch 3360/6395 | Loss: 0.0168
  Batch 3400/6395 | Loss: 0.0020
  Batch 3440/6395 | Loss: 0.0715
  Batch 3480/6395 | Loss: 0.0023
  Batch 3520/6395 | Loss: 0.0347
  Batch 3560/6395 | Loss: 0.1147
  Batch 3600/6395 | Loss: 0.0538
  Batch 3640/6395 | Loss: 0.0117
  Batch 3680/6395 | Loss: 0.0056
  Batch 3720/6395 | Loss: 0.0565
  Batch 3760/6395 | Loss: 0.0101
  Batch 3800/6395 | Loss: 0.0215
  Batch 3840/6395 | Loss: 0.0009
  Batch 3880/6395 | Loss: 0.0026
  Batch 3920/6395 | Loss: 0.0080
  Batch 3960/6395 | Loss: 0.0018
  Batch 4000/6395 | Loss: 0.1067
  Batch 4040/6395 | Loss: 0.2839
  Batch 4080/6395 | Loss: 0.0026
  Batch 4120/6395 | Loss: 0.0156
  Batch 4160/6395 | Loss: 0.0423
  Batch 4200/6395 | Loss: 0.0433
  Batch 4240/6395 | Loss: 0.0216
  Batch 4280/6395 | Loss: 0.0614
  Batch 4320/6395 | Loss: 0.0246
  Batch 4360/6395 | Loss: 0.0119
  Batch 4400/6395 | Loss: 0.0778
  Batch 4440/6395 | Loss: 0.0613
  Batch 4480/6395 | Loss: 0.1544
  Batch 4520/6395 | Loss: 0.0113
  Batch 4560/6395 | Loss: 0.0837
  Batch 4600/6395 | Loss: 0.0345
  Batch 4640/6395 | Loss: 0.0019
  Batch 4680/6395 | Loss: 0.0045
  Batch 4720/6395 | Loss: 0.0055
  Batch 4760/6395 | Loss: 0.0209
  Batch 4800/6395 | Loss: 1.1041
  Batch 4840/6395 | Loss: 0.0040
  Batch 4880/6395 | Loss: 0.2144
  Batch 4920/6395 | Loss: 0.0062
  Batch 4960/6395 | Loss: 0.0044
  Batch 5000/6395 | Loss: 0.0468
  Batch 5040/6395 | Loss: 0.0470
  Batch 5080/6395 | Loss: 0.0286
  Batch 5120/6395 | Loss: 0.0587
  Batch 5160/6395 | Loss: 0.0025
  Batch 5200/6395 | Loss: 0.1318
  Batch 5240/6395 | Loss: 0.0665
  Batch 5280/6395 | Loss: 0.0025
  Batch 5320/6395 | Loss: 0.0038
  Batch 5360/6395 | Loss: 0.0063
  Batch 5400/6395 | Loss: 0.2982
  Batch 5440/6395 | Loss: 0.0020
  Batch 5480/6395 | Loss: 0.0826
  Batch 5520/6395 | Loss: 0.0914
  Batch 5560/6395 | Loss: 0.0962
  Batch 5600/6395 | Loss: 0.0334
  Batch 5640/6395 | Loss: 0.0166
  Batch 5680/6395 | Loss: 0.1954
  Batch 5720/6395 | Loss: 0.5282
  Batch 5760/6395 | Loss: 0.4840
  Batch 5800/6395 | Loss: 0.0026
  Batch 5840/6395 | Loss: 0.0014
  Batch 5880/6395 | Loss: 0.0050
  Batch 5920/6395 | Loss: 0.0023
  Batch 5960/6395 | Loss: 0.7046
  Batch 6000/6395 | Loss: 0.0036
  Batch 6040/6395 | Loss: 0.0171
  Batch 6080/6395 | Loss: 0.1718
  Batch 6120/6395 | Loss: 0.0016
  Batch 6160/6395 | Loss: 0.0041
  Batch 6200/6395 | Loss: 0.0366
  Batch 6240/6395 | Loss: 0.0462
  Batch 6280/6395 | Loss: 0.0246
  Batch 6320/6395 | Loss: 0.0486
  Batch 6360/6395 | Loss: 0.0103
Epoch 4 | Train Loss: 0.1936 | Train Acc: 0.9672 | Val AUC: 0.9946
Saved checkpoint: models\stageB_checkpoint_epoch4.pth
  No improvement for 1/4 epochs
  Batch 40/6395 | Loss: 14.6833
  Batch 80/6395 | Loss: 0.0344
  Batch 120/6395 | Loss: 0.3405
  Batch 160/6395 | Loss: 0.0369
  Batch 200/6395 | Loss: 0.0029
  Batch 240/6395 | Loss: 0.0004
  Batch 280/6395 | Loss: 0.0003
  Batch 320/6395 | Loss: 0.0511
  Batch 360/6395 | Loss: 0.0062
  Batch 400/6395 | Loss: 0.1248
  Batch 440/6395 | Loss: 0.0359
  Batch 480/6395 | Loss: 4.9958
  Batch 520/6395 | Loss: 0.0021
  Batch 560/6395 | Loss: 0.0020
  Batch 600/6395 | Loss: 0.0010
  Batch 640/6395 | Loss: 0.0079
  Batch 680/6395 | Loss: 0.0096
  Batch 720/6395 | Loss: 0.0236
  Batch 760/6395 | Loss: 0.0036
  Batch 800/6395 | Loss: 0.0140
  Batch 840/6395 | Loss: 0.1180
  Batch 880/6395 | Loss: 0.0039
  Batch 920/6395 | Loss: 1.1322
  Batch 960/6395 | Loss: 0.0334
  Batch 1000/6395 | Loss: 0.0821
  Batch 1040/6395 | Loss: 0.0318
  Batch 1080/6395 | Loss: 0.0039
  Batch 1120/6395 | Loss: 0.0041
  Batch 1160/6395 | Loss: 0.0811
  Batch 1200/6395 | Loss: 0.0102
  Batch 1240/6395 | Loss: 0.0066
  Batch 1280/6395 | Loss: 0.0298
  Batch 1320/6395 | Loss: 0.0881
  Batch 1360/6395 | Loss: 0.0030
  Batch 1400/6395 | Loss: 0.4411
  Batch 1440/6395 | Loss: 0.0030
  Batch 1480/6395 | Loss: 0.0288
  Batch 1520/6395 | Loss: 0.0133
  Batch 1560/6395 | Loss: 0.0454
  Batch 1600/6395 | Loss: 0.2203
  Batch 1640/6395 | Loss: 0.0144
  Batch 1680/6395 | Loss: 0.0595
  Batch 1720/6395 | Loss: 0.0094
  Batch 1760/6395 | Loss: 0.5124
  Batch 1800/6395 | Loss: 0.0344
  Batch 1840/6395 | Loss: 0.5056
  Batch 1880/6395 | Loss: 0.0571
  Batch 1920/6395 | Loss: 0.0352
  Batch 1960/6395 | Loss: 0.0611
  Batch 2000/6395 | Loss: 0.1332
  Batch 2040/6395 | Loss: 0.0018
  Batch 2080/6395 | Loss: 0.0089
  Batch 2120/6395 | Loss: 0.0236
  Batch 2160/6395 | Loss: 0.0126
  Batch 2200/6395 | Loss: 0.0014
  Batch 2240/6395 | Loss: 0.0101
  Batch 2280/6395 | Loss: 0.0396
  Batch 2320/6395 | Loss: 0.0104
  Batch 2360/6395 | Loss: 0.0624
  Batch 2400/6395 | Loss: 0.0069
  Batch 2440/6395 | Loss: 0.0118
  Batch 2480/6395 | Loss: 0.1671
  Batch 2520/6395 | Loss: 0.0105
  Batch 2560/6395 | Loss: 0.0011
  Batch 2600/6395 | Loss: 0.0033
  Batch 2640/6395 | Loss: 0.0034
  Batch 2680/6395 | Loss: 0.0561
  Batch 2720/6395 | Loss: 0.0165
  Batch 2760/6395 | Loss: 0.0062
  Batch 2800/6395 | Loss: 2.7419
  Batch 2840/6395 | Loss: 0.0140
  Batch 2880/6395 | Loss: 0.2229
  Batch 2920/6395 | Loss: 0.0017
  Batch 2960/6395 | Loss: 0.0029
  Batch 3000/6395 | Loss: 0.0144
  Batch 3040/6395 | Loss: 0.0036
  Batch 3080/6395 | Loss: 0.0269
  Batch 3120/6395 | Loss: 0.0062
  Batch 3160/6395 | Loss: 0.5694
  Batch 3200/6395 | Loss: 0.0707
  Batch 3240/6395 | Loss: 0.0011
  Batch 3280/6395 | Loss: 0.0047
  Batch 3320/6395 | Loss: 0.0057
  Batch 3360/6395 | Loss: 0.0121
  Batch 3400/6395 | Loss: 0.0012
  Batch 3440/6395 | Loss: 0.0028
  Batch 3480/6395 | Loss: 0.0025
  Batch 3520/6395 | Loss: 0.0732
  Batch 3560/6395 | Loss: 0.0037
  Batch 3600/6395 | Loss: 0.3146
  Batch 3640/6395 | Loss: 0.0214
  Batch 3680/6395 | Loss: 0.0009
  Batch 3720/6395 | Loss: 0.0011
  Batch 3760/6395 | Loss: 0.0652
  Batch 3800/6395 | Loss: 0.0654
  Batch 3840/6395 | Loss: 0.0087
  Batch 3880/6395 | Loss: 0.0005
  Batch 3920/6395 | Loss: 0.0020
  Batch 3960/6395 | Loss: 0.5780
  Batch 4000/6395 | Loss: 0.0016
  Batch 4040/6395 | Loss: 1.1001
  Batch 4080/6395 | Loss: 0.1824
  Batch 4120/6395 | Loss: 0.1293
  Batch 4160/6395 | Loss: 0.0006
  Batch 4200/6395 | Loss: 0.0128
  Batch 4240/6395 | Loss: 0.0020
  Batch 4280/6395 | Loss: 0.0021
  Batch 4320/6395 | Loss: 0.0080
  Batch 4360/6395 | Loss: 0.0496
  Batch 4400/6395 | Loss: 0.0063
  Batch 4440/6395 | Loss: 0.0201
  Batch 4480/6395 | Loss: 1.7948
  Batch 4520/6395 | Loss: 0.0006
  Batch 4560/6395 | Loss: 0.0034
  Batch 4600/6395 | Loss: 0.0047
  Batch 4640/6395 | Loss: 0.1325
  Batch 4680/6395 | Loss: 0.0174
  Batch 4720/6395 | Loss: 0.0025
  Batch 4760/6395 | Loss: 0.0041
  Batch 4800/6395 | Loss: 2.5748
  Batch 4840/6395 | Loss: 0.0053
  Batch 4880/6395 | Loss: 0.0128
  Batch 4920/6395 | Loss: 0.0054
  Batch 4960/6395 | Loss: 0.0012
  Batch 5000/6395 | Loss: 0.0117
  Batch 5040/6395 | Loss: 0.0476
  Batch 5080/6395 | Loss: 0.0071
  Batch 5120/6395 | Loss: 5.8372
  Batch 5160/6395 | Loss: 0.0212
  Batch 5200/6395 | Loss: 0.0084
  Batch 5240/6395 | Loss: 0.0032
  Batch 5280/6395 | Loss: 0.0020
  Batch 5320/6395 | Loss: 0.0272
  Batch 5360/6395 | Loss: 0.0018
  Batch 5400/6395 | Loss: 0.0017
  Batch 5440/6395 | Loss: 0.0024
  Batch 5480/6395 | Loss: 0.4281
  Batch 5520/6395 | Loss: 0.4117
  Batch 5560/6395 | Loss: 0.0123
  Batch 5600/6395 | Loss: 0.0112
  Batch 5640/6395 | Loss: 0.0777
  Batch 5680/6395 | Loss: 0.0341
  Batch 5720/6395 | Loss: 0.0479
  Batch 5760/6395 | Loss: 0.0073
  Batch 5800/6395 | Loss: 0.2230
  Batch 5840/6395 | Loss: 0.0012
  Batch 5880/6395 | Loss: 0.0004
  Batch 5920/6395 | Loss: 0.0070
  Batch 5960/6395 | Loss: 0.0352
  Batch 6000/6395 | Loss: 0.4499
  Batch 6040/6395 | Loss: 1.5395
  Batch 6080/6395 | Loss: 0.0040
  Batch 6120/6395 | Loss: 0.0347
  Batch 6160/6395 | Loss: 0.3542
  Batch 6200/6395 | Loss: 0.0059
  Batch 6240/6395 | Loss: 0.0042
  Batch 6280/6395 | Loss: 0.0087
  Batch 6320/6395 | Loss: 0.0043
  Batch 6360/6395 | Loss: 0.0826
Epoch 5 | Train Loss: 0.1567 | Train Acc: 0.9750 | Val AUC: 0.9949
Saved checkpoint: models\stageB_checkpoint_epoch5.pth
  No improvement for 2/4 epochs
  Batch 40/6395 | Loss: 0.0030
  Batch 80/6395 | Loss: 0.1977
  Batch 120/6395 | Loss: 0.0058
  Batch 160/6395 | Loss: 0.0033
  Batch 200/6395 | Loss: 0.0080
  Batch 240/6395 | Loss: 0.0026
  Batch 280/6395 | Loss: 0.0011
  Batch 320/6395 | Loss: 0.0095
  Batch 360/6395 | Loss: 0.0358
  Batch 400/6395 | Loss: 0.0200
  Batch 440/6395 | Loss: 0.0281
  Batch 480/6395 | Loss: 0.0034
  Batch 520/6395 | Loss: 0.9114
  Batch 560/6395 | Loss: 0.0528
  Batch 600/6395 | Loss: 0.0424
  Batch 640/6395 | Loss: 0.0048
  Batch 680/6395 | Loss: 0.0033
  Batch 720/6395 | Loss: 0.2346
  Batch 760/6395 | Loss: 0.1271
  Batch 800/6395 | Loss: 0.0385
  Batch 840/6395 | Loss: 0.0006
  Batch 880/6395 | Loss: 0.0004
  Batch 920/6395 | Loss: 0.3399
  Batch 960/6395 | Loss: 0.1522
  Batch 1000/6395 | Loss: 0.0742
  Batch 1040/6395 | Loss: 0.0069
  Batch 1080/6395 | Loss: 0.2656
  Batch 1120/6395 | Loss: 0.0166
  Batch 1160/6395 | Loss: 0.0019
  Batch 1200/6395 | Loss: 0.0071
  Batch 1240/6395 | Loss: 0.5500
  Batch 1280/6395 | Loss: 0.0023
  Batch 1320/6395 | Loss: 0.1357
  Batch 1360/6395 | Loss: 0.0594
  Batch 1400/6395 | Loss: 0.0042
  Batch 1440/6395 | Loss: 0.6216
  Batch 1480/6395 | Loss: 0.0388
  Batch 1520/6395 | Loss: 3.3189
  Batch 1560/6395 | Loss: 0.0060
  Batch 1600/6395 | Loss: 0.0980
  Batch 1640/6395 | Loss: 0.0108
  Batch 1680/6395 | Loss: 0.0494
  Batch 1720/6395 | Loss: 0.0852
  Batch 1760/6395 | Loss: 0.0054
  Batch 1800/6395 | Loss: 0.0174
  Batch 1840/6395 | Loss: 0.0120
  Batch 1880/6395 | Loss: 0.0015
  Batch 1920/6395 | Loss: 0.0007
  Batch 1960/6395 | Loss: 0.0079
  Batch 2000/6395 | Loss: 0.0020
  Batch 2040/6395 | Loss: 0.0071
  Batch 2080/6395 | Loss: 0.0262
  Batch 2120/6395 | Loss: 0.0011
  Batch 2160/6395 | Loss: 0.0036
  Batch 2200/6395 | Loss: 0.0835
  Batch 2240/6395 | Loss: 0.0102
  Batch 2280/6395 | Loss: 0.0015
  Batch 2320/6395 | Loss: 0.0018
  Batch 2360/6395 | Loss: 0.0054
  Batch 2400/6395 | Loss: 0.0110
  Batch 2440/6395 | Loss: 0.0008
  Batch 2480/6395 | Loss: 0.0086
  Batch 2520/6395 | Loss: 0.0017
  Batch 2560/6395 | Loss: 0.0001
  Batch 2600/6395 | Loss: 0.0141
  Batch 2640/6395 | Loss: 0.0133
  Batch 2680/6395 | Loss: 0.2254
  Batch 2720/6395 | Loss: 0.4596
  Batch 2760/6395 | Loss: 0.0016
  Batch 2800/6395 | Loss: 0.0022
  Batch 2840/6395 | Loss: 0.0020
  Batch 2880/6395 | Loss: 0.0026
  Batch 2920/6395 | Loss: 0.1544
  Batch 2960/6395 | Loss: 0.0011
  Batch 3000/6395 | Loss: 0.0033
  Batch 3040/6395 | Loss: 0.0096
  Batch 3080/6395 | Loss: 0.0033
  Batch 3120/6395 | Loss: 0.0111
  Batch 3160/6395 | Loss: 0.0117
  Batch 3200/6395 | Loss: 0.0074
  Batch 3240/6395 | Loss: 0.0005
  Batch 3280/6395 | Loss: 0.0063
  Batch 3320/6395 | Loss: 0.0015
  Batch 3360/6395 | Loss: 0.0478
  Batch 3400/6395 | Loss: 0.0251
  Batch 3440/6395 | Loss: 0.0030
  Batch 3480/6395 | Loss: 0.0176
  Batch 3520/6395 | Loss: 0.0052
  Batch 3560/6395 | Loss: 0.0055
  Batch 3600/6395 | Loss: 0.5541
  Batch 3640/6395 | Loss: 0.0020
  Batch 3680/6395 | Loss: 0.0027
  Batch 3720/6395 | Loss: 0.0019
  Batch 3760/6395 | Loss: 0.0481
  Batch 3800/6395 | Loss: 0.6291
  Batch 3840/6395 | Loss: 0.6092
  Batch 3880/6395 | Loss: 0.0205
  Batch 3920/6395 | Loss: 0.0021
  Batch 3960/6395 | Loss: 0.0047
  Batch 4000/6395 | Loss: 0.0093
  Batch 4040/6395 | Loss: 0.0103
  Batch 4080/6395 | Loss: 0.0048
  Batch 4120/6395 | Loss: 0.0017
  Batch 4160/6395 | Loss: 0.5649
  Batch 4200/6395 | Loss: 0.0126
  Batch 4240/6395 | Loss: 0.0029
  Batch 4280/6395 | Loss: 0.0509
  Batch 4320/6395 | Loss: 0.0039
  Batch 4360/6395 | Loss: 0.7349
  Batch 4400/6395 | Loss: 0.0911
  Batch 4440/6395 | Loss: 0.0035
  Batch 4480/6395 | Loss: 0.0230
  Batch 4520/6395 | Loss: 0.0174
  Batch 4560/6395 | Loss: 0.0113
  Batch 4600/6395 | Loss: 0.0573
  Batch 4640/6395 | Loss: 0.0021
  Batch 4680/6395 | Loss: 0.0008
  Batch 4720/6395 | Loss: 0.0022
  Batch 4760/6395 | Loss: 0.0213
  Batch 4800/6395 | Loss: 0.0030
  Batch 4840/6395 | Loss: 0.0237
  Batch 4880/6395 | Loss: 0.0018
  Batch 4920/6395 | Loss: 0.0021
  Batch 4960/6395 | Loss: 0.0088
  Batch 5000/6395 | Loss: 0.0029
  Batch 5040/6395 | Loss: 0.0310
  Batch 5080/6395 | Loss: 0.0794
  Batch 5120/6395 | Loss: 0.0012
  Batch 5160/6395 | Loss: 0.0047
  Batch 5200/6395 | Loss: 0.0168
  Batch 5240/6395 | Loss: 0.0033
  Batch 5280/6395 | Loss: 0.0018
  Batch 5320/6395 | Loss: 0.0816
  Batch 5360/6395 | Loss: 0.0120
  Batch 5400/6395 | Loss: 0.0015
  Batch 5440/6395 | Loss: 0.0102
  Batch 5480/6395 | Loss: 0.0032
  Batch 5520/6395 | Loss: 3.7734
  Batch 5560/6395 | Loss: 0.0024
  Batch 5600/6395 | Loss: 0.0016
  Batch 5640/6395 | Loss: 0.0109
  Batch 5680/6395 | Loss: 0.0196
  Batch 5720/6395 | Loss: 0.0020
  Batch 5760/6395 | Loss: 0.0010
  Batch 5800/6395 | Loss: 0.0168
  Batch 5840/6395 | Loss: 0.0057
  Batch 5880/6395 | Loss: 0.0018
  Batch 5920/6395 | Loss: 0.0781
  Batch 5960/6395 | Loss: 0.0026
  Batch 6000/6395 | Loss: 0.1987
  Batch 6040/6395 | Loss: 0.0217
  Batch 6080/6395 | Loss: 0.0775
  Batch 6120/6395 | Loss: 0.1493
  Batch 6160/6395 | Loss: 0.0010
  Batch 6200/6395 | Loss: 0.0063
  Batch 6240/6395 | Loss: 0.0012
  Batch 6280/6395 | Loss: 0.1824
  Batch 6320/6395 | Loss: 0.1150
  Batch 6360/6395 | Loss: 0.1504
Epoch 6 | Train Loss: 0.1457 | Train Acc: 0.9768 | Val AUC: 0.9929
Saved checkpoint: models\stageB_checkpoint_epoch6.pth
  No improvement for 3/4 epochs
  Batch 40/6395 | Loss: 2.5369
  Batch 80/6395 | Loss: 0.2782
  Batch 120/6395 | Loss: 0.0012
  Batch 160/6395 | Loss: 0.0057
  Batch 200/6395 | Loss: 0.0113
  Batch 240/6395 | Loss: 0.0113
  Batch 280/6395 | Loss: 0.0057
  Batch 320/6395 | Loss: 0.1065
  Batch 360/6395 | Loss: 0.0053
  Batch 400/6395 | Loss: 0.0003
  Batch 440/6395 | Loss: 0.0037
  Batch 480/6395 | Loss: 0.0167
  Batch 520/6395 | Loss: 0.0013
  Batch 560/6395 | Loss: 0.0030
  Batch 600/6395 | Loss: 0.0007
  Batch 640/6395 | Loss: 0.0684
  Batch 680/6395 | Loss: 0.0088
  Batch 720/6395 | Loss: 0.0005
  Batch 760/6395 | Loss: 0.0031
  Batch 800/6395 | Loss: 0.0015
  Batch 840/6395 | Loss: 0.0019
  Batch 880/6395 | Loss: 0.0011
  Batch 920/6395 | Loss: 0.0567
  Batch 960/6395 | Loss: 0.0277
  Batch 1000/6395 | Loss: 0.0062
  Batch 1040/6395 | Loss: 0.0011
  Batch 1080/6395 | Loss: 0.3006
  Batch 1120/6395 | Loss: 0.0019
  Batch 1160/6395 | Loss: 0.0008
  Batch 1200/6395 | Loss: 0.0386
  Batch 1240/6395 | Loss: 0.0057
  Batch 1280/6395 | Loss: 0.0184
  Batch 1320/6395 | Loss: 0.0019
  Batch 1360/6395 | Loss: 0.0539
  Batch 1400/6395 | Loss: 0.0008
  Batch 1440/6395 | Loss: 0.0075
  Batch 1480/6395 | Loss: 0.0013
  Batch 1520/6395 | Loss: 0.0025
  Batch 1560/6395 | Loss: 0.0006
  Batch 1600/6395 | Loss: 0.0299
  Batch 1640/6395 | Loss: 0.0507
  Batch 1680/6395 | Loss: 0.0014
  Batch 1720/6395 | Loss: 0.0045
  Batch 1760/6395 | Loss: 0.0012
  Batch 1800/6395 | Loss: 0.0030
  Batch 1840/6395 | Loss: 0.0145
  Batch 1880/6395 | Loss: 0.0015
  Batch 1920/6395 | Loss: 0.5026
  Batch 1960/6395 | Loss: 0.0054
  Batch 2000/6395 | Loss: 0.0021
  Batch 2040/6395 | Loss: 0.0009
  Batch 2080/6395 | Loss: 0.0255
  Batch 2120/6395 | Loss: 0.1293
  Batch 2160/6395 | Loss: 0.0263
  Batch 2200/6395 | Loss: 0.0142
  Batch 2240/6395 | Loss: 0.2035
  Batch 2280/6395 | Loss: 0.0597
  Batch 2320/6395 | Loss: 0.0521
  Batch 2360/6395 | Loss: 0.0340
  Batch 2400/6395 | Loss: 0.0022
  Batch 2440/6395 | Loss: 0.0029
  Batch 2480/6395 | Loss: 0.1213
  Batch 2520/6395 | Loss: 0.0018
  Batch 2560/6395 | Loss: 0.0019
  Batch 2600/6395 | Loss: 0.0058
  Batch 2640/6395 | Loss: 0.0012
  Batch 2680/6395 | Loss: 0.0093
  Batch 2720/6395 | Loss: 0.0056
  Batch 2760/6395 | Loss: 0.0069
  Batch 2800/6395 | Loss: 0.0053
  Batch 2840/6395 | Loss: 0.0060
  Batch 2880/6395 | Loss: 0.0366
  Batch 2920/6395 | Loss: 0.0048
  Batch 2960/6395 | Loss: 0.1453
  Batch 3000/6395 | Loss: 0.0019
  Batch 3040/6395 | Loss: 0.0636
  Batch 3080/6395 | Loss: 0.0057
  Batch 3120/6395 | Loss: 0.0063
  Batch 3160/6395 | Loss: 0.0546
  Batch 3200/6395 | Loss: 0.0115
  Batch 3240/6395 | Loss: 0.0029
  Batch 3280/6395 | Loss: 2.5745
  Batch 3320/6395 | Loss: 0.0056
  Batch 3360/6395 | Loss: 0.0040
  Batch 3400/6395 | Loss: 0.0130
  Batch 3440/6395 | Loss: 0.9722
  Batch 3480/6395 | Loss: 0.0076
  Batch 3520/6395 | Loss: 0.0279
  Batch 3560/6395 | Loss: 0.0065
  Batch 3600/6395 | Loss: 0.0021
  Batch 3640/6395 | Loss: 0.0029
  Batch 3680/6395 | Loss: 0.0080
  Batch 3720/6395 | Loss: 0.0017
  Batch 3760/6395 | Loss: 0.0118
  Batch 3800/6395 | Loss: 0.0128
  Batch 3840/6395 | Loss: 0.0056
  Batch 3880/6395 | Loss: 0.0010
  Batch 3920/6395 | Loss: 0.0064
  Batch 3960/6395 | Loss: 0.0099
  Batch 4000/6395 | Loss: 0.0574
  Batch 4040/6395 | Loss: 0.0108
  Batch 4080/6395 | Loss: 0.5202
  Batch 4120/6395 | Loss: 0.4240
  Batch 4160/6395 | Loss: 0.0149
  Batch 4200/6395 | Loss: 0.1474
  Batch 4240/6395 | Loss: 0.0661
  Batch 4280/6395 | Loss: 0.0022
  Batch 4320/6395 | Loss: 0.2889
  Batch 4360/6395 | Loss: 0.0018
  Batch 4400/6395 | Loss: 0.0023
  Batch 4440/6395 | Loss: 0.0039
  Batch 4480/6395 | Loss: 0.0013
  Batch 4520/6395 | Loss: 0.0330
  Batch 4560/6395 | Loss: 0.0027
  Batch 4600/6395 | Loss: 0.2474
  Batch 4640/6395 | Loss: 0.0042
  Batch 4680/6395 | Loss: 0.0054
  Batch 4720/6395 | Loss: 0.0048
  Batch 4760/6395 | Loss: 0.0249
  Batch 4800/6395 | Loss: 0.0022
  Batch 4840/6395 | Loss: 0.0037
  Batch 4880/6395 | Loss: 0.0020
  Batch 4920/6395 | Loss: 0.0037
  Batch 4960/6395 | Loss: 0.0612
  Batch 5000/6395 | Loss: 0.0627
  Batch 5040/6395 | Loss: 0.0230
  Batch 5080/6395 | Loss: 1.0625
  Batch 5120/6395 | Loss: 0.0020
  Batch 5160/6395 | Loss: 0.2588
  Batch 5200/6395 | Loss: 0.0051
  Batch 5240/6395 | Loss: 0.6435
  Batch 5280/6395 | Loss: 0.0179
  Batch 5320/6395 | Loss: 0.0220
  Batch 5360/6395 | Loss: 0.0025
  Batch 5400/6395 | Loss: 0.0019
  Batch 5440/6395 | Loss: 0.0011
  Batch 5480/6395 | Loss: 0.0016
  Batch 5520/6395 | Loss: 0.0008
  Batch 5560/6395 | Loss: 0.0479
  Batch 5600/6395 | Loss: 0.0106
  Batch 5640/6395 | Loss: 0.0149
  Batch 5680/6395 | Loss: 0.0158
  Batch 5720/6395 | Loss: 0.0360
  Batch 5760/6395 | Loss: 0.0202
  Batch 5800/6395 | Loss: 0.0006
  Batch 5840/6395 | Loss: 0.0061
  Batch 5880/6395 | Loss: 0.0136
  Batch 5920/6395 | Loss: 0.0157
  Batch 5960/6395 | Loss: 0.2883
  Batch 6000/6395 | Loss: 0.0008
  Batch 6040/6395 | Loss: 0.7030
  Batch 6080/6395 | Loss: 0.0715
  Batch 6120/6395 | Loss: 0.0037
  Batch 6160/6395 | Loss: 0.0125
  Batch 6200/6395 | Loss: 0.0006
  Batch 6240/6395 | Loss: 0.0016
  Batch 6280/6395 | Loss: 0.0132
  Batch 6320/6395 | Loss: 0.0008
  Batch 6360/6395 | Loss: 0.0014
Epoch 7 | Train Loss: 0.1306 | Train Acc: 0.9800 | Val AUC: 0.9957
Saved checkpoint: models\stageB_checkpoint_epoch7.pth
  New best val AUC: 0.9957 - saved stageB_best_* artifacts
  Batch 40/6395 | Loss: 0.0021
  Batch 80/6395 | Loss: 0.0007
  Batch 120/6395 | Loss: 0.3155
  Batch 160/6395 | Loss: 0.0012
  Batch 200/6395 | Loss: 0.0941
  Batch 240/6395 | Loss: 0.0124
  Batch 280/6395 | Loss: 0.0014
  Batch 320/6395 | Loss: 0.2143
  Batch 360/6395 | Loss: 0.0105
  Batch 400/6395 | Loss: 0.1888
  Batch 440/6395 | Loss: 0.2146
  Batch 480/6395 | Loss: 0.0407
  Batch 520/6395 | Loss: 0.0013
  Batch 560/6395 | Loss: 0.0080
  Batch 600/6395 | Loss: 0.0033
  Batch 640/6395 | Loss: 0.0586
  Batch 680/6395 | Loss: 0.0026
  Batch 720/6395 | Loss: 0.2938
  Batch 760/6395 | Loss: 0.0122
  Batch 800/6395 | Loss: 0.0210
  Batch 840/6395 | Loss: 0.0038
  Batch 880/6395 | Loss: 0.0035
  Batch 920/6395 | Loss: 0.0184
  Batch 960/6395 | Loss: 0.0069
  Batch 1000/6395 | Loss: 0.0426
  Batch 1040/6395 | Loss: 0.5256
  Batch 1080/6395 | Loss: 0.1023
  Batch 1120/6395 | Loss: 0.0152
  Batch 1160/6395 | Loss: 0.0019
  Batch 1200/6395 | Loss: 0.1991
  Batch 1240/6395 | Loss: 0.0035
  Batch 1280/6395 | Loss: 0.0050
  Batch 1320/6395 | Loss: 0.0293
  Batch 1360/6395 | Loss: 0.6046
  Batch 1400/6395 | Loss: 0.0176
  Batch 1440/6395 | Loss: 0.0008
  Batch 1480/6395 | Loss: 0.0008
  Batch 1520/6395 | Loss: 0.0444
  Batch 1560/6395 | Loss: 0.0024
  Batch 1600/6395 | Loss: 0.0005
  Batch 1640/6395 | Loss: 0.0030
  Batch 1680/6395 | Loss: 0.1494
  Batch 1720/6395 | Loss: 0.0027
  Batch 1760/6395 | Loss: 0.0093
  Batch 1800/6395 | Loss: 0.1618
  Batch 1840/6395 | Loss: 0.0007
  Batch 1880/6395 | Loss: 0.2524
  Batch 1920/6395 | Loss: 0.1376
  Batch 1960/6395 | Loss: 0.0095
  Batch 2000/6395 | Loss: 0.0003
  Batch 2040/6395 | Loss: 0.0011
  Batch 2080/6395 | Loss: 0.0018
  Batch 2120/6395 | Loss: 0.0005
  Batch 2160/6395 | Loss: 0.7385
  Batch 2200/6395 | Loss: 0.0011
  Batch 2240/6395 | Loss: 0.0029
  Batch 2280/6395 | Loss: 0.0455
  Batch 2320/6395 | Loss: 0.0074
  Batch 2360/6395 | Loss: 0.0005
  Batch 2400/6395 | Loss: 0.0019
  Batch 2440/6395 | Loss: 0.0030
  Batch 2480/6395 | Loss: 0.0011
  Batch 2520/6395 | Loss: 0.0755
  Batch 2560/6395 | Loss: 0.0014
  Batch 2600/6395 | Loss: 0.0009
  Batch 2640/6395 | Loss: 0.0153
  Batch 2680/6395 | Loss: 0.0024
  Batch 2720/6395 | Loss: 0.0451
  Batch 2760/6395 | Loss: 0.0017
  Batch 2800/6395 | Loss: 0.0038
  Batch 2840/6395 | Loss: 0.0142
  Batch 2880/6395 | Loss: 0.0298
  Batch 2920/6395 | Loss: 0.0422
  Batch 2960/6395 | Loss: 0.0002
  Batch 3000/6395 | Loss: 0.0061
  Batch 3040/6395 | Loss: 2.0522
  Batch 3080/6395 | Loss: 2.8889
  Batch 3120/6395 | Loss: 0.0007
  Batch 3160/6395 | Loss: 0.0025
  Batch 3200/6395 | Loss: 0.0054
  Batch 3240/6395 | Loss: 0.0054
  Batch 3280/6395 | Loss: 0.1779
  Batch 3320/6395 | Loss: 0.1284
  Batch 3360/6395 | Loss: 0.0108
  Batch 3400/6395 | Loss: 0.0010
  Batch 3440/6395 | Loss: 0.0003
  Batch 3480/6395 | Loss: 0.0010
  Batch 3520/6395 | Loss: 0.0014
  Batch 3560/6395 | Loss: 0.0545
  Batch 3600/6395 | Loss: 0.0025
  Batch 3640/6395 | Loss: 0.0129
  Batch 3680/6395 | Loss: 0.0092
  Batch 3720/6395 | Loss: 0.0026
  Batch 3760/6395 | Loss: 0.1066
  Batch 3800/6395 | Loss: 0.0198
  Batch 3840/6395 | Loss: 0.0075
  Batch 3880/6395 | Loss: 0.0026
  Batch 3920/6395 | Loss: 0.0009
  Batch 3960/6395 | Loss: 0.0260
  Batch 4000/6395 | Loss: 0.0067
  Batch 4040/6395 | Loss: 0.1598
  Batch 4080/6395 | Loss: 0.4750
  Batch 4120/6395 | Loss: 0.0164
  Batch 4160/6395 | Loss: 0.0031
  Batch 4200/6395 | Loss: 0.0021
  Batch 4240/6395 | Loss: 0.0023
  Batch 4280/6395 | Loss: 0.0084
  Batch 4320/6395 | Loss: 0.0078
  Batch 4360/6395 | Loss: 0.0024
  Batch 4400/6395 | Loss: 0.0263
  Batch 4440/6395 | Loss: 0.0681
  Batch 4480/6395 | Loss: 0.0032
  Batch 4520/6395 | Loss: 0.0219
  Batch 4560/6395 | Loss: 0.0403
  Batch 4600/6395 | Loss: 0.0012
  Batch 4640/6395 | Loss: 0.0070
  Batch 4680/6395 | Loss: 0.0025
  Batch 4720/6395 | Loss: 0.0237
  Batch 4760/6395 | Loss: 0.0272
  Batch 4800/6395 | Loss: 0.0373
  Batch 4840/6395 | Loss: 0.6208
  Batch 4880/6395 | Loss: 0.0012
  Batch 4920/6395 | Loss: 0.0018
  Batch 4960/6395 | Loss: 0.0059
  Batch 5000/6395 | Loss: 0.0826
  Batch 5040/6395 | Loss: 0.0074
  Batch 5080/6395 | Loss: 0.0084
  Batch 5120/6395 | Loss: 0.0034
  Batch 5160/6395 | Loss: 0.0080
  Batch 5200/6395 | Loss: 0.0057
  Batch 5240/6395 | Loss: 0.0039
  Batch 5280/6395 | Loss: 0.0011
  Batch 5320/6395 | Loss: 0.1161
  Batch 5360/6395 | Loss: 0.0764
  Batch 5400/6395 | Loss: 0.0624
  Batch 5440/6395 | Loss: 0.0238
  Batch 5480/6395 | Loss: 0.0024
  Batch 5520/6395 | Loss: 0.0183
  Batch 5560/6395 | Loss: 0.1857
  Batch 5600/6395 | Loss: 0.0055
  Batch 5640/6395 | Loss: 0.0491
  Batch 5680/6395 | Loss: 0.0112
  Batch 5720/6395 | Loss: 0.0073
  Batch 5760/6395 | Loss: 0.0019
  Batch 5800/6395 | Loss: 0.0042
  Batch 5840/6395 | Loss: 0.0408
  Batch 5880/6395 | Loss: 0.0131
  Batch 5920/6395 | Loss: 0.1503
  Batch 5960/6395 | Loss: 0.1223
  Batch 6000/6395 | Loss: 0.0072
  Batch 6040/6395 | Loss: 0.0498
  Batch 6080/6395 | Loss: 0.0003
  Batch 6120/6395 | Loss: 0.0050
  Batch 6160/6395 | Loss: 1.4882
  Batch 6200/6395 | Loss: 0.0009
  Batch 6240/6395 | Loss: 0.0068
  Batch 6280/6395 | Loss: 0.0077
  Batch 6320/6395 | Loss: 0.0018
  Batch 6360/6395 | Loss: 0.0011
Epoch 8 | Train Loss: 0.1153 | Train Acc: 0.9826 | Val AUC: 0.9931
Saved checkpoint: models\stageB_checkpoint_epoch8.pth
  No improvement for 1/4 epochs
  Batch 40/6395 | Loss: 0.0079
  Batch 80/6395 | Loss: 0.5061
  Batch 120/6395 | Loss: 0.0084
  Batch 160/6395 | Loss: 0.0086
  Batch 200/6395 | Loss: 0.0358
  Batch 240/6395 | Loss: 0.8568
  Batch 280/6395 | Loss: 0.0164
  Batch 320/6395 | Loss: 0.2727
  Batch 360/6395 | Loss: 0.0409
  Batch 400/6395 | Loss: 0.0066
  Batch 440/6395 | Loss: 0.6605
  Batch 480/6395 | Loss: 0.0357
  Batch 520/6395 | Loss: 0.0025
  Batch 560/6395 | Loss: 0.0092
  Batch 600/6395 | Loss: 0.0879
  Batch 640/6395 | Loss: 0.0180
  Batch 680/6395 | Loss: 0.0897
  Batch 720/6395 | Loss: 0.0545
  Batch 760/6395 | Loss: 0.0012
  Batch 800/6395 | Loss: 0.0012
  Batch 840/6395 | Loss: 0.0048
  Batch 880/6395 | Loss: 0.3241
  Batch 920/6395 | Loss: 0.0008
  Batch 960/6395 | Loss: 0.0369
  Batch 1000/6395 | Loss: 0.0122
  Batch 1040/6395 | Loss: 0.0223
  Batch 1080/6395 | Loss: 0.0009
  Batch 1120/6395 | Loss: 0.0028
  Batch 1160/6395 | Loss: 0.0033
  Batch 1200/6395 | Loss: 0.0024
  Batch 1240/6395 | Loss: 0.0062
  Batch 1280/6395 | Loss: 0.0074
  Batch 1320/6395 | Loss: 0.0021
  Batch 1360/6395 | Loss: 0.0058
  Batch 1400/6395 | Loss: 0.0017
  Batch 1440/6395 | Loss: 0.0717
  Batch 1480/6395 | Loss: 0.0026
  Batch 1520/6395 | Loss: 0.0239
  Batch 1560/6395 | Loss: 0.0803
  Batch 1600/6395 | Loss: 0.0119
  Batch 1640/6395 | Loss: 0.1855
  Batch 1680/6395 | Loss: 0.0028
  Batch 1720/6395 | Loss: 0.0290
  Batch 1760/6395 | Loss: 0.0025
  Batch 1800/6395 | Loss: 0.0107
  Batch 1840/6395 | Loss: 0.0126
  Batch 1880/6395 | Loss: 0.0032
  Batch 1920/6395 | Loss: 0.0013
  Batch 1960/6395 | Loss: 0.0019
  Batch 2000/6395 | Loss: 0.0013
  Batch 2040/6395 | Loss: 0.0052
  Batch 2080/6395 | Loss: 0.0213
  Batch 2120/6395 | Loss: 0.0022
  Batch 2160/6395 | Loss: 0.0140
  Batch 2200/6395 | Loss: 0.0025
  Batch 2240/6395 | Loss: 0.0028
  Batch 2280/6395 | Loss: 0.0189
  Batch 2320/6395 | Loss: 0.0054
  Batch 2360/6395 | Loss: 0.0200
  Batch 2400/6395 | Loss: 0.0495
  Batch 2440/6395 | Loss: 0.0299
  Batch 2480/6395 | Loss: 0.0119
  Batch 2520/6395 | Loss: 0.0019
  Batch 2560/6395 | Loss: 0.0021
  Batch 2600/6395 | Loss: 0.0081
  Batch 2640/6395 | Loss: 2.3226
  Batch 2680/6395 | Loss: 0.0012
  Batch 2720/6395 | Loss: 0.1093
  Batch 2760/6395 | Loss: 0.0015
  Batch 2800/6395 | Loss: 0.0010
  Batch 2840/6395 | Loss: 0.0025
  Batch 2880/6395 | Loss: 0.0044
  Batch 2920/6395 | Loss: 0.0467
  Batch 2960/6395 | Loss: 0.0060
  Batch 3000/6395 | Loss: 0.0127
  Batch 3040/6395 | Loss: 0.0007
  Batch 3080/6395 | Loss: 0.0015
  Batch 3120/6395 | Loss: 0.0221
  Batch 3160/6395 | Loss: 0.0019
  Batch 3200/6395 | Loss: 0.8130
  Batch 3240/6395 | Loss: 0.0163
  Batch 3280/6395 | Loss: 0.0056
  Batch 3320/6395 | Loss: 0.0004
  Batch 3360/6395 | Loss: 0.0137
  Batch 3400/6395 | Loss: 0.0003
  Batch 3440/6395 | Loss: 0.0048
  Batch 3480/6395 | Loss: 0.0018
  Batch 3520/6395 | Loss: 0.0017
  Batch 3560/6395 | Loss: 0.0035
  Batch 3600/6395 | Loss: 0.0451
  Batch 3640/6395 | Loss: 0.0014
  Batch 3680/6395 | Loss: 0.7518
  Batch 3720/6395 | Loss: 0.0263
  Batch 3760/6395 | Loss: 0.0051
  Batch 3800/6395 | Loss: 0.0533
  Batch 3840/6395 | Loss: 0.0104
  Batch 3880/6395 | Loss: 0.0015
  Batch 3920/6395 | Loss: 0.0638
  Batch 3960/6395 | Loss: 0.0075
  Batch 4000/6395 | Loss: 0.0096
  Batch 4040/6395 | Loss: 0.0123
  Batch 4080/6395 | Loss: 0.1310
  Batch 4120/6395 | Loss: 0.0097
  Batch 4160/6395 | Loss: 0.0957
  Batch 4200/6395 | Loss: 0.0160
  Batch 4240/6395 | Loss: 1.1099
  Batch 4280/6395 | Loss: 0.0409
  Batch 4320/6395 | Loss: 0.1263
  Batch 4360/6395 | Loss: 0.0382
  Batch 4400/6395 | Loss: 0.0051
  Batch 4440/6395 | Loss: 0.1155
  Batch 4480/6395 | Loss: 0.0838
  Batch 4520/6395 | Loss: 0.3328
  Batch 4560/6395 | Loss: 0.0066
  Batch 4600/6395 | Loss: 0.0065
  Batch 4640/6395 | Loss: 0.0029
  Batch 4680/6395 | Loss: 0.0063
  Batch 4720/6395 | Loss: 0.0434
  Batch 4760/6395 | Loss: 0.0040
  Batch 4800/6395 | Loss: 0.0015
  Batch 4840/6395 | Loss: 0.0010
  Batch 4880/6395 | Loss: 0.0031
  Batch 4920/6395 | Loss: 0.0010
  Batch 4960/6395 | Loss: 0.0067
  Batch 5000/6395 | Loss: 0.0012
  Batch 5040/6395 | Loss: 0.0004
  Batch 5080/6395 | Loss: 0.0140
  Batch 5120/6395 | Loss: 0.0033
  Batch 5160/6395 | Loss: 0.1770
  Batch 5200/6395 | Loss: 0.0015
  Batch 5240/6395 | Loss: 0.0025
  Batch 5280/6395 | Loss: 0.0060
  Batch 5320/6395 | Loss: 0.0036
  Batch 5360/6395 | Loss: 0.0174
  Batch 5400/6395 | Loss: 0.0007
  Batch 5440/6395 | Loss: 0.0025
  Batch 5480/6395 | Loss: 0.0129
  Batch 5520/6395 | Loss: 0.0014
  Batch 5560/6395 | Loss: 0.0007
  Batch 5600/6395 | Loss: 0.0005
  Batch 5640/6395 | Loss: 0.0011
  Batch 5680/6395 | Loss: 0.0023
  Batch 5720/6395 | Loss: 0.0060
  Batch 5760/6395 | Loss: 0.0008
  Batch 5800/6395 | Loss: 0.0117
  Batch 5840/6395 | Loss: 0.0352
  Batch 5880/6395 | Loss: 0.0010
  Batch 5920/6395 | Loss: 0.0016
  Batch 5960/6395 | Loss: 0.0313
  Batch 6000/6395 | Loss: 0.0007
  Batch 6040/6395 | Loss: 0.1858
  Batch 6080/6395 | Loss: 0.0018
  Batch 6120/6395 | Loss: 0.0004
  Batch 6160/6395 | Loss: 0.0013
  Batch 6200/6395 | Loss: 0.0019
  Batch 6240/6395 | Loss: 0.0016
  Batch 6280/6395 | Loss: 0.0028
  Batch 6320/6395 | Loss: 0.0036
  Batch 6360/6395 | Loss: 0.0298
Epoch 9 | Train Loss: 0.1237 | Train Acc: 0.9815 | Val AUC: 0.9953
Saved checkpoint: models\stageB_checkpoint_epoch9.pth
  No improvement for 2/4 epochs
  Batch 40/6395 | Loss: 0.0042
  Batch 80/6395 | Loss: 0.0024
  Batch 120/6395 | Loss: 0.0007
  Batch 160/6395 | Loss: 0.3816
  Batch 200/6395 | Loss: 0.0009
  Batch 240/6395 | Loss: 0.0021
  Batch 280/6395 | Loss: 0.0030
  Batch 320/6395 | Loss: 0.0046
  Batch 360/6395 | Loss: 0.2481
  Batch 400/6395 | Loss: 0.1579
  Batch 440/6395 | Loss: 0.4476
  Batch 480/6395 | Loss: 0.0090
  Batch 520/6395 | Loss: 0.0016
  Batch 560/6395 | Loss: 0.0023
  Batch 600/6395 | Loss: 0.0011
  Batch 640/6395 | Loss: 0.0486
  Batch 680/6395 | Loss: 0.2441
  Batch 720/6395 | Loss: 0.0137
  Batch 760/6395 | Loss: 0.0359
  Batch 800/6395 | Loss: 0.0055
  Batch 840/6395 | Loss: 0.0132
  Batch 880/6395 | Loss: 0.0589
  Batch 920/6395 | Loss: 0.0194
  Batch 960/6395 | Loss: 0.0125
  Batch 1000/6395 | Loss: 0.0152
  Batch 1040/6395 | Loss: 0.0238
  Batch 1080/6395 | Loss: 0.2100
  Batch 1120/6395 | Loss: 0.0138
  Batch 1160/6395 | Loss: 0.0087
  Batch 1200/6395 | Loss: 0.0006
  Batch 1240/6395 | Loss: 0.0054
  Batch 1280/6395 | Loss: 1.9200
  Batch 1320/6395 | Loss: 0.3018
  Batch 1360/6395 | Loss: 0.2872
  Batch 1400/6395 | Loss: 0.0008
  Batch 1440/6395 | Loss: 0.0290
  Batch 1480/6395 | Loss: 0.0109
  Batch 1520/6395 | Loss: 0.4360
  Batch 1560/6395 | Loss: 0.4512
  Batch 1600/6395 | Loss: 0.0014
  Batch 1640/6395 | Loss: 0.0032
  Batch 1680/6395 | Loss: 0.0016
  Batch 1720/6395 | Loss: 0.0020
  Batch 1760/6395 | Loss: 0.0040
  Batch 1800/6395 | Loss: 0.0005
  Batch 1840/6395 | Loss: 0.4032
  Batch 1880/6395 | Loss: 0.0014
  Batch 1920/6395 | Loss: 0.0091
  Batch 1960/6395 | Loss: 0.0296
  Batch 2000/6395 | Loss: 0.0016
  Batch 2040/6395 | Loss: 0.0010
  Batch 2080/6395 | Loss: 0.0014
  Batch 2120/6395 | Loss: 0.0063
  Batch 2160/6395 | Loss: 0.0014
  Batch 2200/6395 | Loss: 0.1817
  Batch 2240/6395 | Loss: 0.0037
  Batch 2280/6395 | Loss: 0.0017
  Batch 2320/6395 | Loss: 0.7392
  Batch 2360/6395 | Loss: 0.0009
  Batch 2400/6395 | Loss: 0.0734
  Batch 2440/6395 | Loss: 0.0017
  Batch 2480/6395 | Loss: 1.8677
  Batch 2520/6395 | Loss: 0.0009
  Batch 2560/6395 | Loss: 0.5722
  Batch 2600/6395 | Loss: 1.0550
  Batch 2640/6395 | Loss: 0.0020
  Batch 2680/6395 | Loss: 0.1445
  Batch 2720/6395 | Loss: 0.0004
  Batch 2760/6395 | Loss: 0.0011
  Batch 2800/6395 | Loss: 3.8231
  Batch 2840/6395 | Loss: 1.1315
  Batch 2880/6395 | Loss: 0.0117
  Batch 2920/6395 | Loss: 0.0199
  Batch 2960/6395 | Loss: 0.0752
  Batch 3000/6395 | Loss: 0.0016
  Batch 3040/6395 | Loss: 0.0028
  Batch 3080/6395 | Loss: 0.0039
  Batch 3120/6395 | Loss: 0.0106
  Batch 3160/6395 | Loss: 0.0029
  Batch 3200/6395 | Loss: 0.0011
  Batch 3240/6395 | Loss: 0.0026
  Batch 3280/6395 | Loss: 0.0031
  Batch 3320/6395 | Loss: 0.0032
  Batch 3360/6395 | Loss: 0.0014
  Batch 3400/6395 | Loss: 0.0053
  Batch 3440/6395 | Loss: 0.0197
  Batch 3480/6395 | Loss: 0.0044
  Batch 3520/6395 | Loss: 0.0016
  Batch 3560/6395 | Loss: 0.0016
  Batch 3600/6395 | Loss: 0.0051
  Batch 3640/6395 | Loss: 0.0214
  Batch 3680/6395 | Loss: 0.0019
  Batch 3720/6395 | Loss: 0.0212
  Batch 3760/6395 | Loss: 0.0016
  Batch 3800/6395 | Loss: 0.0012
  Batch 3840/6395 | Loss: 0.0125
  Batch 3880/6395 | Loss: 0.0121
  Batch 3920/6395 | Loss: 0.0008
  Batch 3960/6395 | Loss: 0.1157
  Batch 4000/6395 | Loss: 0.0017
  Batch 4040/6395 | Loss: 0.0017
  Batch 4080/6395 | Loss: 0.4548
  Batch 4120/6395 | Loss: 0.0014
  Batch 4160/6395 | Loss: 0.0002
  Batch 4200/6395 | Loss: 0.0018
  Batch 4240/6395 | Loss: 0.9308
  Batch 4280/6395 | Loss: 0.0114
  Batch 4320/6395 | Loss: 0.8224
  Batch 4360/6395 | Loss: 0.0013
  Batch 4400/6395 | Loss: 0.4300
  Batch 4440/6395 | Loss: 0.0266
  Batch 4480/6395 | Loss: 0.0043
  Batch 4520/6395 | Loss: 0.0046
  Batch 4560/6395 | Loss: 0.0118
  Batch 4600/6395 | Loss: 0.0046
  Batch 4640/6395 | Loss: 0.0025
  Batch 4680/6395 | Loss: 0.0066
  Batch 4720/6395 | Loss: 0.0018
  Batch 4760/6395 | Loss: 0.0170
  Batch 4800/6395 | Loss: 0.0276
  Batch 4840/6395 | Loss: 0.0013
  Batch 4880/6395 | Loss: 0.0024
  Batch 4920/6395 | Loss: 0.0042
  Batch 4960/6395 | Loss: 0.0164
  Batch 5000/6395 | Loss: 0.0581
  Batch 5040/6395 | Loss: 1.8416
  Batch 5080/6395 | Loss: 0.1085
  Batch 5120/6395 | Loss: 0.0011
  Batch 5160/6395 | Loss: 0.0011
  Batch 5200/6395 | Loss: 0.0009
  Batch 5240/6395 | Loss: 0.0349
  Batch 5280/6395 | Loss: 0.0021
  Batch 5320/6395 | Loss: 2.4452
  Batch 5360/6395 | Loss: 0.0349
  Batch 5400/6395 | Loss: 0.0088
  Batch 5440/6395 | Loss: 0.0018
  Batch 5480/6395 | Loss: 0.0010
  Batch 5520/6395 | Loss: 0.0004
  Batch 5560/6395 | Loss: 0.0670
  Batch 5600/6395 | Loss: 0.0440
  Batch 5640/6395 | Loss: 0.3133
  Batch 5680/6395 | Loss: 0.0071
  Batch 5720/6395 | Loss: 0.0821
  Batch 5760/6395 | Loss: 0.0233
  Batch 5800/6395 | Loss: 0.4785
  Batch 5840/6395 | Loss: 0.0093
  Batch 5880/6395 | Loss: 0.0015
  Batch 5920/6395 | Loss: 0.0039
  Batch 5960/6395 | Loss: 1.4169
  Batch 6000/6395 | Loss: 0.0075
  Batch 6040/6395 | Loss: 0.0341
  Batch 6080/6395 | Loss: 0.0009
  Batch 6120/6395 | Loss: 0.0018
  Batch 6160/6395 | Loss: 0.0016
  Batch 6200/6395 | Loss: 0.0109
  Batch 6240/6395 | Loss: 0.0102
  Batch 6280/6395 | Loss: 0.0032
  Batch 6320/6395 | Loss: 0.0098
  Batch 6360/6395 | Loss: 0.0006
Epoch 10 | Train Loss: 0.1154 | Train Acc: 0.9819 | Val AUC: 0.9945
Saved checkpoint: models\stageB_checkpoint_epoch10.pth
  No improvement for 3/4 epochs
  Batch 40/6395 | Loss: 0.0008
  Batch 80/6395 | Loss: 0.0670
  Batch 120/6395 | Loss: 0.0765
  Batch 160/6395 | Loss: 0.4604
  Batch 200/6395 | Loss: 0.2981
  Batch 240/6395 | Loss: 0.0090
  Batch 280/6395 | Loss: 0.0425
  Batch 320/6395 | Loss: 0.0559
  Batch 360/6395 | Loss: 0.0132
  Batch 400/6395 | Loss: 0.0071
  Batch 440/6395 | Loss: 0.0004
  Batch 480/6395 | Loss: 0.0382
  Batch 520/6395 | Loss: 0.0003
  Batch 560/6395 | Loss: 0.0009
  Batch 600/6395 | Loss: 0.1156
  Batch 640/6395 | Loss: 0.0027
  Batch 680/6395 | Loss: 0.0009
  Batch 720/6395 | Loss: 0.0752
  Batch 760/6395 | Loss: 0.0951
  Batch 800/6395 | Loss: 0.0726
  Batch 840/6395 | Loss: 0.0694
  Batch 880/6395 | Loss: 0.0009
  Batch 920/6395 | Loss: 0.0353
  Batch 960/6395 | Loss: 0.0791
  Batch 1000/6395 | Loss: 0.0035
  Batch 1040/6395 | Loss: 0.0011
  Batch 1080/6395 | Loss: 0.0006
  Batch 1120/6395 | Loss: 0.0212
  Batch 1160/6395 | Loss: 0.0073
  Batch 1200/6395 | Loss: 0.0070
  Batch 1240/6395 | Loss: 0.0152
  Batch 1280/6395 | Loss: 0.0043
  Batch 1320/6395 | Loss: 0.0034
  Batch 1360/6395 | Loss: 0.0136
  Batch 1400/6395 | Loss: 0.0005
  Batch 1440/6395 | Loss: 0.0042
  Batch 1480/6395 | Loss: 0.1816
  Batch 1520/6395 | Loss: 0.0525
  Batch 1560/6395 | Loss: 0.5616
  Batch 1600/6395 | Loss: 0.0055
  Batch 1640/6395 | Loss: 0.0021
  Batch 1680/6395 | Loss: 0.0048
  Batch 1720/6395 | Loss: 0.0211
  Batch 1760/6395 | Loss: 0.0020
  Batch 1800/6395 | Loss: 0.0004
  Batch 1840/6395 | Loss: 0.0022
  Batch 1880/6395 | Loss: 0.1526
  Batch 1920/6395 | Loss: 0.0029
  Batch 1960/6395 | Loss: 0.0022
  Batch 2000/6395 | Loss: 0.0158
  Batch 2040/6395 | Loss: 0.0786
  Batch 2080/6395 | Loss: 0.0011
  Batch 2120/6395 | Loss: 0.0025
  Batch 2160/6395 | Loss: 0.0004
  Batch 2200/6395 | Loss: 0.0014
  Batch 2240/6395 | Loss: 0.0024
  Batch 2280/6395 | Loss: 0.0007
  Batch 2320/6395 | Loss: 1.2136
  Batch 2360/6395 | Loss: 0.0087
  Batch 2400/6395 | Loss: 0.0198
  Batch 2440/6395 | Loss: 0.0037
  Batch 2480/6395 | Loss: 0.0752
  Batch 2520/6395 | Loss: 0.0081
  Batch 2560/6395 | Loss: 0.0004
  Batch 2600/6395 | Loss: 3.1103
  Batch 2640/6395 | Loss: 0.0335
  Batch 2680/6395 | Loss: 0.0003
  Batch 2720/6395 | Loss: 0.0014
  Batch 2760/6395 | Loss: 0.0050
  Batch 2800/6395 | Loss: 0.0019
  Batch 2840/6395 | Loss: 0.6006
  Batch 2880/6395 | Loss: 0.0090
  Batch 2920/6395 | Loss: 0.1154
  Batch 2960/6395 | Loss: 0.0015
  Batch 3000/6395 | Loss: 0.1047
  Batch 3040/6395 | Loss: 0.0167
  Batch 3080/6395 | Loss: 0.0041
  Batch 3120/6395 | Loss: 0.0018
  Batch 3160/6395 | Loss: 0.0011
  Batch 3200/6395 | Loss: 0.0125
  Batch 3240/6395 | Loss: 0.0005
  Batch 3280/6395 | Loss: 0.0099
  Batch 3320/6395 | Loss: 0.0005
  Batch 3360/6395 | Loss: 0.0052
  Batch 3400/6395 | Loss: 0.0013
  Batch 3440/6395 | Loss: 0.0006
  Batch 3480/6395 | Loss: 0.0012
  Batch 3520/6395 | Loss: 0.0016
  Batch 3560/6395 | Loss: 0.0076
  Batch 3600/6395 | Loss: 0.0051
  Batch 3640/6395 | Loss: 0.0074
  Batch 3680/6395 | Loss: 0.0016
  Batch 3720/6395 | Loss: 0.0010
  Batch 3760/6395 | Loss: 0.0042
  Batch 3800/6395 | Loss: 0.7359
  Batch 3840/6395 | Loss: 0.0009
  Batch 3880/6395 | Loss: 0.1191
  Batch 3920/6395 | Loss: 0.0308
  Batch 3960/6395 | Loss: 0.0005
  Batch 4000/6395 | Loss: 0.0016
  Batch 4040/6395 | Loss: 0.0239
  Batch 4080/6395 | Loss: 0.0008
  Batch 4120/6395 | Loss: 0.0064
  Batch 4160/6395 | Loss: 0.0012
  Batch 4200/6395 | Loss: 0.0009
  Batch 4240/6395 | Loss: 0.0008
  Batch 4280/6395 | Loss: 0.0224
  Batch 4320/6395 | Loss: 0.0095
  Batch 4360/6395 | Loss: 0.0078
  Batch 4400/6395 | Loss: 0.0149
  Batch 4440/6395 | Loss: 0.0055
  Batch 4480/6395 | Loss: 0.0010
  Batch 4520/6395 | Loss: 0.0005
  Batch 4560/6395 | Loss: 0.0036
  Batch 4600/6395 | Loss: 0.0023
  Batch 4640/6395 | Loss: 0.0005
  Batch 4680/6395 | Loss: 0.0046
  Batch 4720/6395 | Loss: 0.0218
  Batch 4760/6395 | Loss: 0.0009
  Batch 4800/6395 | Loss: 0.0144
  Batch 4840/6395 | Loss: 0.0063
  Batch 4880/6395 | Loss: 0.0006
  Batch 4920/6395 | Loss: 0.0013
  Batch 4960/6395 | Loss: 0.0007
  Batch 5000/6395 | Loss: 0.0006
  Batch 5040/6395 | Loss: 0.0007
  Batch 5080/6395 | Loss: 0.0016
  Batch 5120/6395 | Loss: 0.0068
  Batch 5160/6395 | Loss: 0.0325
  Batch 5200/6395 | Loss: 0.1714
  Batch 5240/6395 | Loss: 0.0176
  Batch 5280/6395 | Loss: 0.0048
  Batch 5320/6395 | Loss: 0.0032
  Batch 5360/6395 | Loss: 0.0013
  Batch 5400/6395 | Loss: 0.0020
  Batch 5440/6395 | Loss: 0.0042
  Batch 5480/6395 | Loss: 0.0008
  Batch 5520/6395 | Loss: 0.0009
  Batch 5560/6395 | Loss: 0.0224
  Batch 5600/6395 | Loss: 0.0012
  Batch 5640/6395 | Loss: 0.0077
  Batch 5680/6395 | Loss: 0.0036
  Batch 5720/6395 | Loss: 0.0198
  Batch 5760/6395 | Loss: 0.0096
  Batch 5800/6395 | Loss: 0.1186
  Batch 5840/6395 | Loss: 0.0138
  Batch 5880/6395 | Loss: 0.0015
  Batch 5920/6395 | Loss: 0.0117
  Batch 5960/6395 | Loss: 2.3087
  Batch 6000/6395 | Loss: 0.1436
  Batch 6040/6395 | Loss: 0.0032
  Batch 6080/6395 | Loss: 0.0040
  Batch 6120/6395 | Loss: 0.0033
  Batch 6160/6395 | Loss: 0.0162
  Batch 6200/6395 | Loss: 0.0064
  Batch 6240/6395 | Loss: 0.0049
  Batch 6280/6395 | Loss: 0.0095
  Batch 6320/6395 | Loss: 0.0204
  Batch 6360/6395 | Loss: 0.0009
Epoch 11 | Train Loss: 0.1084 | Train Acc: 0.9843 | Val AUC: 0.9953
Saved checkpoint: models\stageB_checkpoint_epoch11.pth
  No improvement for 4/4 epochs
Early stopping at epoch 11 (best val AUC: 0.9957)
Stage B Training Complete! Best val AUC: 0.9957
