Using device: cuda
Loading DINOv2 ViT-S/14 with LoRA on last 4 blocks...
Using cache found in C:\Users\srees/.cache\torch\hub\facebookresearch_dinov2_main
C:\Users\srees/.cache\torch\hub\facebookresearch_dinov2_main\dinov2\layers\swiglu_ffn.py:51: UserWarning: xFormers is not available (SwiGLU)
  warnings.warn("xFormers is not available (SwiGLU)")
C:\Users\srees/.cache\torch\hub\facebookresearch_dinov2_main\dinov2\layers\attention.py:33: UserWarning: xFormers is not available (Attention)
  warnings.warn("xFormers is not available (Attention)")
C:\Users\srees/.cache\torch\hub\facebookresearch_dinov2_main\dinov2\layers\block.py:40: UserWarning: xFormers is not available (Block)
  warnings.warn("xFormers is not available (Block)")
trainable params: 196,608 || all params: 22,253,184 || trainable%: 0.8835
Loading Whisper-tiny encoder with LoRA on last block...
trainable params: 55,296 || all params: 7,687,680 || trainable%: 0.7193
Loading Stage A weights from models\stageA_best_model.pth

[Data Distribution] Real: 1016  Fake: 3048  Total: 4064
[Val set] 5472 videos

[DataLoader] physical_batch=2 grad_accum=8 (effective batch=16) num_workers=4
Starting Stage B Training (LoRA fine-tune, raw crops/audio)...
  Batch 40/2032 | Loss: 0.0027
  Batch 80/2032 | Loss: 0.7386
  Batch 120/2032 | Loss: 0.0009
  Batch 160/2032 | Loss: 0.0012
  Batch 200/2032 | Loss: 0.0028
  Batch 240/2032 | Loss: 0.0008
  Batch 280/2032 | Loss: 0.0004
  Batch 320/2032 | Loss: 0.0057
  Batch 360/2032 | Loss: 0.0041
  Batch 400/2032 | Loss: 0.0003
  Batch 440/2032 | Loss: 0.0152
  Batch 480/2032 | Loss: 0.0010
  Batch 520/2032 | Loss: 0.0004
  Batch 560/2032 | Loss: 0.0011
  Batch 600/2032 | Loss: 0.0158
  Batch 640/2032 | Loss: 0.0022
  Batch 680/2032 | Loss: 0.1494
  Batch 720/2032 | Loss: 0.0577
  Batch 760/2032 | Loss: 0.0339
  Batch 800/2032 | Loss: 0.0079
  Batch 840/2032 | Loss: 0.0791
  Batch 880/2032 | Loss: 0.0052
  Batch 920/2032 | Loss: 0.0537
  Batch 960/2032 | Loss: 0.2305
  Batch 1000/2032 | Loss: 0.0063
  Batch 1040/2032 | Loss: 0.0006
  Batch 1080/2032 | Loss: 0.0045
  Batch 1120/2032 | Loss: 0.2621
  Batch 1160/2032 | Loss: 0.0005
  Batch 1200/2032 | Loss: 0.0272
  Batch 1240/2032 | Loss: 0.0232
  Batch 1280/2032 | Loss: 0.0009
  Batch 1320/2032 | Loss: 0.0082
  Batch 1360/2032 | Loss: 0.0021
  Batch 1400/2032 | Loss: 0.0787
  Batch 1440/2032 | Loss: 0.0279
  Batch 1480/2032 | Loss: 0.0006
  Batch 1520/2032 | Loss: 0.0017
  Batch 1560/2032 | Loss: 3.4687
  Batch 1600/2032 | Loss: 0.0041
  Batch 1640/2032 | Loss: 0.0209
  Batch 1680/2032 | Loss: 0.0428
  Batch 1720/2032 | Loss: 0.0092
  Batch 1760/2032 | Loss: 0.0087
  Batch 1800/2032 | Loss: 0.2119
  Batch 1840/2032 | Loss: 0.0007
  Batch 1880/2032 | Loss: 0.0134
  Batch 1920/2032 | Loss: 0.0418
  Batch 1960/2032 | Loss: 0.0005
  Batch 2000/2032 | Loss: 0.0285
Epoch 1 | Train Loss: 0.1124 | Train Acc: 0.9906 | Val AUC: 0.9961
Saved checkpoint: models\stageB_checkpoint_epoch1.pth
  New best val AUC: 0.9961 - saved stageB_best_* artifacts
  Batch 40/2032 | Loss: 0.0101
  Batch 80/2032 | Loss: 0.0402
  Batch 120/2032 | Loss: 0.0023
  Batch 160/2032 | Loss: 0.0012
  Batch 200/2032 | Loss: 0.1488
  Batch 240/2032 | Loss: 0.0154
  Batch 280/2032 | Loss: 0.0160
  Batch 320/2032 | Loss: 0.0089
  Batch 360/2032 | Loss: 0.0087
  Batch 400/2032 | Loss: 0.0028
  Batch 440/2032 | Loss: 0.0082
  Batch 480/2032 | Loss: 0.0249
  Batch 520/2032 | Loss: 0.0017
  Batch 560/2032 | Loss: 0.0120
  Batch 600/2032 | Loss: 0.0011
  Batch 640/2032 | Loss: 0.0030
  Batch 680/2032 | Loss: 0.0012
  Batch 720/2032 | Loss: 0.0019
  Batch 760/2032 | Loss: 0.0033
  Batch 800/2032 | Loss: 0.0482
  Batch 840/2032 | Loss: 0.0218
  Batch 880/2032 | Loss: 0.0059
  Batch 920/2032 | Loss: 0.0071
  Batch 960/2032 | Loss: 0.0087
  Batch 1000/2032 | Loss: 0.0046
  Batch 1040/2032 | Loss: 0.0068
  Batch 1080/2032 | Loss: 0.0052
  Batch 1120/2032 | Loss: 0.5312
  Batch 1160/2032 | Loss: 0.0072
  Batch 1200/2032 | Loss: 0.0043
  Batch 1240/2032 | Loss: 0.0055
  Batch 1280/2032 | Loss: 0.0007
  Batch 1320/2032 | Loss: 0.0379
  Batch 1360/2032 | Loss: 0.0003
  Batch 1400/2032 | Loss: 0.0514
  Batch 1440/2032 | Loss: 0.0932
  Batch 1480/2032 | Loss: 0.0048
  Batch 1520/2032 | Loss: 0.0057
  Batch 1560/2032 | Loss: 0.0004
  Batch 1600/2032 | Loss: 0.0009
  Batch 1640/2032 | Loss: 0.0011
  Batch 1680/2032 | Loss: 0.0008
  Batch 1720/2032 | Loss: 0.0037
  Batch 1760/2032 | Loss: 0.0038
  Batch 1800/2032 | Loss: 0.0666
  Batch 1840/2032 | Loss: 0.0061
  Batch 1880/2032 | Loss: 0.0330
  Batch 1920/2032 | Loss: 0.0017
  Batch 1960/2032 | Loss: 0.0004
  Batch 2000/2032 | Loss: 0.1531
Epoch 2 | Train Loss: 0.0590 | Train Acc: 0.9970 | Val AUC: 0.9973
Saved checkpoint: models\stageB_checkpoint_epoch2.pth
  New best val AUC: 0.9973 - saved stageB_best_* artifacts
  Batch 40/2032 | Loss: 0.0025
  Batch 80/2032 | Loss: 0.0072
  Batch 120/2032 | Loss: 0.0023
  Batch 160/2032 | Loss: 0.0006
  Batch 200/2032 | Loss: 0.0004
  Batch 240/2032 | Loss: 0.0034
  Batch 280/2032 | Loss: 0.0012
  Batch 320/2032 | Loss: 0.0041
  Batch 360/2032 | Loss: 0.0002
  Batch 400/2032 | Loss: 0.0016
  Batch 440/2032 | Loss: 0.0007
  Batch 480/2032 | Loss: 0.0134
  Batch 520/2032 | Loss: 0.0014
  Batch 560/2032 | Loss: 0.0003
  Batch 600/2032 | Loss: 0.3738
  Batch 640/2032 | Loss: 0.0029
  Batch 680/2032 | Loss: 0.0037
  Batch 720/2032 | Loss: 0.0008
  Batch 760/2032 | Loss: 0.2559
  Batch 800/2032 | Loss: 0.0026
  Batch 840/2032 | Loss: 0.0014
  Batch 880/2032 | Loss: 0.0002
  Batch 920/2032 | Loss: 0.0468
  Batch 960/2032 | Loss: 0.0707
  Batch 1000/2032 | Loss: 0.0088
  Batch 1040/2032 | Loss: 0.5013
  Batch 1080/2032 | Loss: 0.1392
  Batch 1120/2032 | Loss: 0.1124
  Batch 1160/2032 | Loss: 0.0015
  Batch 1200/2032 | Loss: 0.3732
  Batch 1240/2032 | Loss: 0.0038
  Batch 1280/2032 | Loss: 0.0158
  Batch 1320/2032 | Loss: 0.0041
  Batch 1360/2032 | Loss: 0.0006
  Batch 1400/2032 | Loss: 0.0240
  Batch 1440/2032 | Loss: 0.0020
  Batch 1480/2032 | Loss: 0.0023
  Batch 1520/2032 | Loss: 0.0043
  Batch 1560/2032 | Loss: 0.0037
  Batch 1600/2032 | Loss: 0.0046
  Batch 1640/2032 | Loss: 0.0382
  Batch 1680/2032 | Loss: 0.0065
  Batch 1720/2032 | Loss: 0.4462
  Batch 1760/2032 | Loss: 0.0010
  Batch 1800/2032 | Loss: 0.0483
  Batch 1840/2032 | Loss: 0.0007
  Batch 1880/2032 | Loss: 0.4610
  Batch 1920/2032 | Loss: 0.3039
  Batch 1960/2032 | Loss: 0.0024
  Batch 2000/2032 | Loss: 0.0024
Epoch 3 | Train Loss: 0.0705 | Train Acc: 0.9921 | Val AUC: 0.9977
Saved checkpoint: models\stageB_checkpoint_epoch3.pth
  New best val AUC: 0.9977 - saved stageB_best_* artifacts
  Batch 40/2032 | Loss: 0.0004
  Batch 80/2032 | Loss: 0.0086
  Batch 120/2032 | Loss: 0.0028
  Batch 160/2032 | Loss: 0.0016
  Batch 200/2032 | Loss: 0.0011
  Batch 240/2032 | Loss: 0.4523
  Batch 280/2032 | Loss: 0.0005
  Batch 320/2032 | Loss: 0.0034
  Batch 360/2032 | Loss: 0.0020
  Batch 400/2032 | Loss: 0.0234
  Batch 440/2032 | Loss: 0.6409
  Batch 480/2032 | Loss: 0.0134
  Batch 520/2032 | Loss: 0.0023
  Batch 560/2032 | Loss: 0.0373
  Batch 600/2032 | Loss: 0.0030
  Batch 640/2032 | Loss: 0.0025
  Batch 680/2032 | Loss: 0.0239
  Batch 720/2032 | Loss: 0.4023
  Batch 760/2032 | Loss: 0.0669
  Batch 800/2032 | Loss: 0.0018
  Batch 840/2032 | Loss: 0.0565
  Batch 880/2032 | Loss: 0.0035
  Batch 920/2032 | Loss: 0.0027
  Batch 960/2032 | Loss: 0.0303
  Batch 1000/2032 | Loss: 0.0028
  Batch 1040/2032 | Loss: 0.0021
  Batch 1080/2032 | Loss: 0.0069
  Batch 1120/2032 | Loss: 0.0068
  Batch 1160/2032 | Loss: 0.0072
  Batch 1200/2032 | Loss: 0.0385
  Batch 1240/2032 | Loss: 0.0037
  Batch 1280/2032 | Loss: 0.0015
  Batch 1320/2032 | Loss: 0.0029
  Batch 1360/2032 | Loss: 0.0229
  Batch 1400/2032 | Loss: 0.0002
  Batch 1440/2032 | Loss: 0.8381
  Batch 1480/2032 | Loss: 0.0012
  Batch 1520/2032 | Loss: 0.0053
  Batch 1560/2032 | Loss: 0.0882
  Batch 1600/2032 | Loss: 0.0005
  Batch 1640/2032 | Loss: 0.0028
  Batch 1680/2032 | Loss: 0.0481
  Batch 1720/2032 | Loss: 0.5033
  Batch 1760/2032 | Loss: 0.0031
  Batch 1800/2032 | Loss: 0.0022
  Batch 1840/2032 | Loss: 0.0004
  Batch 1880/2032 | Loss: 0.0002
  Batch 1920/2032 | Loss: 0.0004
  Batch 1960/2032 | Loss: 0.0014
  Batch 2000/2032 | Loss: 0.0278
Epoch 4 | Train Loss: 0.0705 | Train Acc: 0.9941 | Val AUC: 0.9976
Saved checkpoint: models\stageB_checkpoint_epoch4.pth
  No improvement for 1/4 epochs
  Batch 40/2032 | Loss: 0.0045
  Batch 80/2032 | Loss: 0.0197
  Batch 120/2032 | Loss: 0.0012
  Batch 160/2032 | Loss: 0.0019
  Batch 200/2032 | Loss: 0.0003
  Batch 240/2032 | Loss: 0.0013
  Batch 280/2032 | Loss: 0.0053
  Batch 320/2032 | Loss: 0.0005
  Batch 360/2032 | Loss: 0.0216
  Batch 400/2032 | Loss: 0.0188
  Batch 440/2032 | Loss: 0.0009
  Batch 480/2032 | Loss: 0.0151
  Batch 520/2032 | Loss: 0.0033
  Batch 560/2032 | Loss: 0.0013
  Batch 600/2032 | Loss: 0.0014
  Batch 640/2032 | Loss: 0.0084
  Batch 680/2032 | Loss: 1.1479
  Batch 720/2032 | Loss: 0.0006
  Batch 760/2032 | Loss: 0.0179
  Batch 800/2032 | Loss: 0.0142
  Batch 840/2032 | Loss: 0.0020
  Batch 880/2032 | Loss: 0.0007
  Batch 920/2032 | Loss: 0.0121
  Batch 960/2032 | Loss: 0.0013
  Batch 1000/2032 | Loss: 0.0002
  Batch 1040/2032 | Loss: 0.0023
  Batch 1080/2032 | Loss: 0.0600
  Batch 1120/2032 | Loss: 0.0686
  Batch 1160/2032 | Loss: 0.0005
  Batch 1200/2032 | Loss: 0.0037
  Batch 1240/2032 | Loss: 0.0004
  Batch 1280/2032 | Loss: 0.0001
  Batch 1320/2032 | Loss: 0.0496
  Batch 1360/2032 | Loss: 0.2303
  Batch 1400/2032 | Loss: 0.0007
  Batch 1440/2032 | Loss: 0.0001
  Batch 1480/2032 | Loss: 0.0110
  Batch 1520/2032 | Loss: 0.0071
  Batch 1560/2032 | Loss: 0.0492
  Batch 1600/2032 | Loss: 0.3533
  Batch 1640/2032 | Loss: 0.0029
  Batch 1680/2032 | Loss: 0.0015
  Batch 1720/2032 | Loss: 0.0009
  Batch 1760/2032 | Loss: 0.0234
  Batch 1800/2032 | Loss: 0.0238
  Batch 1840/2032 | Loss: 0.0189
  Batch 1880/2032 | Loss: 0.0006
  Batch 1920/2032 | Loss: 0.0026
  Batch 1960/2032 | Loss: 0.0054
  Batch 2000/2032 | Loss: 0.0111
Epoch 5 | Train Loss: 0.0466 | Train Acc: 0.9956 | Val AUC: 0.9974
Saved checkpoint: models\stageB_checkpoint_epoch5.pth
  No improvement for 2/4 epochs
  Batch 40/2032 | Loss: 0.0034
  Batch 80/2032 | Loss: 0.0016
  Batch 120/2032 | Loss: 0.0004
  Batch 160/2032 | Loss: 0.0008
  Batch 200/2032 | Loss: 0.0063
  Batch 240/2032 | Loss: 0.0004
  Batch 280/2032 | Loss: 0.0020
  Batch 320/2032 | Loss: 0.0024
  Batch 360/2032 | Loss: 0.0005
  Batch 400/2032 | Loss: 0.0091
  Batch 440/2032 | Loss: 0.0121
  Batch 480/2032 | Loss: 0.3836
  Batch 520/2032 | Loss: 0.0004
  Batch 560/2032 | Loss: 0.0037
  Batch 600/2032 | Loss: 0.0023
  Batch 640/2032 | Loss: 0.0021
  Batch 680/2032 | Loss: 0.0060
  Batch 720/2032 | Loss: 0.0007
  Batch 760/2032 | Loss: 0.0006
  Batch 800/2032 | Loss: 0.0004
  Batch 840/2032 | Loss: 0.0043
  Batch 880/2032 | Loss: 0.0005
  Batch 920/2032 | Loss: 0.0056
  Batch 960/2032 | Loss: 0.0008
  Batch 1000/2032 | Loss: 0.0017
  Batch 1040/2032 | Loss: 0.0010
  Batch 1080/2032 | Loss: 0.0003
  Batch 1120/2032 | Loss: 0.0019
  Batch 1160/2032 | Loss: 0.0009
  Batch 1200/2032 | Loss: 0.0223
  Batch 1240/2032 | Loss: 0.0004
  Batch 1280/2032 | Loss: 0.0036
  Batch 1320/2032 | Loss: 0.0015
  Batch 1360/2032 | Loss: 0.0058
  Batch 1400/2032 | Loss: 0.0004
  Batch 1440/2032 | Loss: 0.0022
  Batch 1480/2032 | Loss: 0.0005
  Batch 1520/2032 | Loss: 0.0021
  Batch 1560/2032 | Loss: 0.0006
  Batch 1600/2032 | Loss: 0.0002
  Batch 1640/2032 | Loss: 0.0005
  Batch 1680/2032 | Loss: 0.0001
  Batch 1720/2032 | Loss: 0.0001
  Batch 1760/2032 | Loss: 0.0001
  Batch 1800/2032 | Loss: 0.0001
  Batch 1840/2032 | Loss: 0.0018
  Batch 1880/2032 | Loss: 0.0001
  Batch 1920/2032 | Loss: 0.0015
  Batch 1960/2032 | Loss: 0.0196
  Batch 2000/2032 | Loss: 0.0002
Epoch 6 | Train Loss: 0.0311 | Train Acc: 0.9975 | Val AUC: 0.9985
Saved checkpoint: models\stageB_checkpoint_epoch6.pth
  New best val AUC: 0.9985 - saved stageB_best_* artifacts
  Batch 40/2032 | Loss: 0.0004
  Batch 80/2032 | Loss: 0.0572
  Batch 120/2032 | Loss: 0.0006
  Batch 160/2032 | Loss: 0.0049
  Batch 200/2032 | Loss: 0.0002
  Batch 240/2032 | Loss: 0.0002
  Batch 280/2032 | Loss: 0.0011
  Batch 320/2032 | Loss: 0.0027
  Batch 360/2032 | Loss: 0.0218
  Batch 400/2032 | Loss: 0.0002
  Batch 440/2032 | Loss: 0.0002
  Batch 480/2032 | Loss: 0.0018
  Batch 520/2032 | Loss: 0.0004
  Batch 560/2032 | Loss: 0.0954
  Batch 600/2032 | Loss: 0.0008
  Batch 640/2032 | Loss: 0.0002
  Batch 680/2032 | Loss: 0.0184
  Batch 720/2032 | Loss: 0.0003
  Batch 760/2032 | Loss: 0.0006
  Batch 800/2032 | Loss: 0.0004
  Batch 840/2032 | Loss: 0.0035
  Batch 880/2032 | Loss: 0.0015
  Batch 920/2032 | Loss: 0.0016
  Batch 960/2032 | Loss: 0.0001
  Batch 1000/2032 | Loss: 0.0007
  Batch 1040/2032 | Loss: 0.0006
  Batch 1080/2032 | Loss: 0.0063
  Batch 1120/2032 | Loss: 0.0003
  Batch 1160/2032 | Loss: 0.0002
  Batch 1200/2032 | Loss: 0.0001
  Batch 1240/2032 | Loss: 0.0001
  Batch 1280/2032 | Loss: 0.0013
  Batch 1320/2032 | Loss: 0.0001
  Batch 1360/2032 | Loss: 0.0150
  Batch 1400/2032 | Loss: 0.0004
  Batch 1440/2032 | Loss: 0.0003
  Batch 1480/2032 | Loss: 0.0051
  Batch 1520/2032 | Loss: 0.0013
  Batch 1560/2032 | Loss: 0.0004
  Batch 1600/2032 | Loss: 0.0002
  Batch 1640/2032 | Loss: 0.0003
  Batch 1680/2032 | Loss: 0.0004
  Batch 1720/2032 | Loss: 0.0003
  Batch 1760/2032 | Loss: 0.0094
  Batch 1800/2032 | Loss: 0.0247
  Batch 1840/2032 | Loss: 0.0002
  Batch 1880/2032 | Loss: 0.0005
  Batch 1920/2032 | Loss: 0.0585
  Batch 1960/2032 | Loss: 0.0001
  Batch 2000/2032 | Loss: 0.0004
Epoch 7 | Train Loss: 0.0150 | Train Acc: 0.9990 | Val AUC: 0.9987
Saved checkpoint: models\stageB_checkpoint_epoch7.pth
  New best val AUC: 0.9987 - saved stageB_best_* artifacts
  Batch 40/2032 | Loss: 1.2821
  Batch 80/2032 | Loss: 0.0004
  Batch 120/2032 | Loss: 0.0001
  Batch 160/2032 | Loss: 0.0019
  Batch 200/2032 | Loss: 0.0021
  Batch 240/2032 | Loss: 0.0158
  Batch 280/2032 | Loss: 0.0014
  Batch 320/2032 | Loss: 0.0017
  Batch 360/2032 | Loss: 0.0014
  Batch 400/2032 | Loss: 0.0007
  Batch 440/2032 | Loss: 0.0002
  Batch 480/2032 | Loss: 0.0092
  Batch 520/2032 | Loss: 0.0029
  Batch 560/2032 | Loss: 0.0004
  Batch 600/2032 | Loss: 0.0006
  Batch 640/2032 | Loss: 0.0003
  Batch 680/2032 | Loss: 0.0003
  Batch 720/2032 | Loss: 0.0040
  Batch 760/2032 | Loss: 0.0041
  Batch 800/2032 | Loss: 0.0001
  Batch 840/2032 | Loss: 0.0005
  Batch 880/2032 | Loss: 0.0017
  Batch 920/2032 | Loss: 0.0097
  Batch 960/2032 | Loss: 0.0004
  Batch 1000/2032 | Loss: 0.1019
  Batch 1040/2032 | Loss: 0.0005
  Batch 1080/2032 | Loss: 0.0005
  Batch 1120/2032 | Loss: 0.4970
  Batch 1160/2032 | Loss: 0.0007
  Batch 1200/2032 | Loss: 0.0004
  Batch 1240/2032 | Loss: 0.0003
  Batch 1280/2032 | Loss: 0.0050
  Batch 1320/2032 | Loss: 0.0244
  Batch 1360/2032 | Loss: 0.0128
  Batch 1400/2032 | Loss: 0.0002
  Batch 1440/2032 | Loss: 0.0037
  Batch 1480/2032 | Loss: 0.0001
  Batch 1520/2032 | Loss: 0.0006
  Batch 1560/2032 | Loss: 0.0001
  Batch 1600/2032 | Loss: 0.0002
  Batch 1640/2032 | Loss: 0.0002
  Batch 1680/2032 | Loss: 0.0001
  Batch 1720/2032 | Loss: 0.0006
  Batch 1760/2032 | Loss: 0.0028
  Batch 1800/2032 | Loss: 0.0065
  Batch 1840/2032 | Loss: 0.0012
  Batch 1880/2032 | Loss: 0.0009
  Batch 1920/2032 | Loss: 0.0002
  Batch 1960/2032 | Loss: 0.0001
  Batch 2000/2032 | Loss: 0.0030
Epoch 8 | Train Loss: 0.0147 | Train Acc: 0.9993 | Val AUC: 0.9987
Saved checkpoint: models\stageB_checkpoint_epoch8.pth
  New best val AUC: 0.9987 - saved stageB_best_* artifacts
  Batch 40/2032 | Loss: 0.0002
  Batch 80/2032 | Loss: 0.0002
  Batch 120/2032 | Loss: 0.0018
  Batch 160/2032 | Loss: 0.0004
  Batch 200/2032 | Loss: 0.0006
  Batch 240/2032 | Loss: 0.0001
  Batch 280/2032 | Loss: 0.0007
  Batch 320/2032 | Loss: 0.0005
  Batch 360/2032 | Loss: 0.0005
  Batch 400/2032 | Loss: 0.0001
  Batch 440/2032 | Loss: 0.0334
  Batch 480/2032 | Loss: 0.0001
  Batch 520/2032 | Loss: 0.0001
  Batch 560/2032 | Loss: 0.0001
  Batch 600/2032 | Loss: 0.0027
  Batch 640/2032 | Loss: 0.0003
  Batch 680/2032 | Loss: 0.0001
  Batch 720/2032 | Loss: 0.0002
  Batch 760/2032 | Loss: 0.0384
  Batch 800/2032 | Loss: 0.0003
  Batch 840/2032 | Loss: 0.0001
  Batch 880/2032 | Loss: 0.0033
  Batch 920/2032 | Loss: 0.0002
  Batch 960/2032 | Loss: 0.0007
  Batch 1000/2032 | Loss: 0.0001
  Batch 1040/2032 | Loss: 0.0002
  Batch 1080/2032 | Loss: 0.0001
  Batch 1120/2032 | Loss: 0.0007
  Batch 1160/2032 | Loss: 0.0028
  Batch 1200/2032 | Loss: 0.0002
  Batch 1240/2032 | Loss: 0.0002
  Batch 1280/2032 | Loss: 0.0013
  Batch 1320/2032 | Loss: 0.0002
  Batch 1360/2032 | Loss: 0.0701
  Batch 1400/2032 | Loss: 0.0001
  Batch 1440/2032 | Loss: 0.0003
  Batch 1480/2032 | Loss: 0.0050
  Batch 1520/2032 | Loss: 0.1172
  Batch 1560/2032 | Loss: 0.0005
  Batch 1600/2032 | Loss: 0.0071
  Batch 1640/2032 | Loss: 0.0003
  Batch 1680/2032 | Loss: 0.0001
  Batch 1720/2032 | Loss: 0.0004
  Batch 1760/2032 | Loss: 0.0006
  Batch 1800/2032 | Loss: 0.0010
  Batch 1840/2032 | Loss: 0.0005
  Batch 1880/2032 | Loss: 0.0001
  Batch 1920/2032 | Loss: 0.0031
  Batch 1960/2032 | Loss: 0.0266
  Batch 2000/2032 | Loss: 0.0001
Epoch 9 | Train Loss: 0.0228 | Train Acc: 0.9978 | Val AUC: 0.9938
Saved checkpoint: models\stageB_checkpoint_epoch9.pth
  No improvement for 1/4 epochs
  Batch 40/2032 | Loss: 0.0004
  Batch 80/2032 | Loss: 0.0021
  Batch 120/2032 | Loss: 5.6605
  Batch 160/2032 | Loss: 0.0005
  Batch 200/2032 | Loss: 0.0006
  Batch 240/2032 | Loss: 0.0713
  Batch 280/2032 | Loss: 0.0001
  Batch 320/2032 | Loss: 0.5959
  Batch 360/2032 | Loss: 0.0072
  Batch 400/2032 | Loss: 0.2907
  Batch 440/2032 | Loss: 0.0007
  Batch 480/2032 | Loss: 0.1685
  Batch 520/2032 | Loss: 0.0513
  Batch 560/2032 | Loss: 0.1895
  Batch 600/2032 | Loss: 0.0083
  Batch 640/2032 | Loss: 0.0022
  Batch 680/2032 | Loss: 0.3847
  Batch 720/2032 | Loss: 0.7135
  Batch 760/2032 | Loss: 0.0015
  Batch 800/2032 | Loss: 0.0011
  Batch 840/2032 | Loss: 0.0010
  Batch 880/2032 | Loss: 0.0315
  Batch 920/2032 | Loss: 0.0012
  Batch 960/2032 | Loss: 0.0034
  Batch 1000/2032 | Loss: 0.0002
  Batch 1040/2032 | Loss: 0.0011
  Batch 1080/2032 | Loss: 0.0015
  Batch 1120/2032 | Loss: 0.1077
  Batch 1160/2032 | Loss: 0.0033
  Batch 1200/2032 | Loss: 0.0212
  Batch 1240/2032 | Loss: 0.0038
  Batch 1280/2032 | Loss: 0.0032
  Batch 1320/2032 | Loss: 0.0003
  Batch 1360/2032 | Loss: 0.2288
  Batch 1400/2032 | Loss: 0.0307
  Batch 1440/2032 | Loss: 0.6096
  Batch 1480/2032 | Loss: 0.0097
  Batch 1520/2032 | Loss: 0.0031
  Batch 1560/2032 | Loss: 0.0006
  Batch 1600/2032 | Loss: 0.0021
  Batch 1640/2032 | Loss: 0.0089
  Batch 1680/2032 | Loss: 0.0062
  Batch 1720/2032 | Loss: 0.0082
  Batch 1760/2032 | Loss: 0.0444
  Batch 1800/2032 | Loss: 0.0057
  Batch 1840/2032 | Loss: 0.1931
  Batch 1880/2032 | Loss: 0.0056
  Batch 1920/2032 | Loss: 0.0007
  Batch 1960/2032 | Loss: 0.0003
  Batch 2000/2032 | Loss: 0.0004
Epoch 10 | Train Loss: 0.0886 | Train Acc: 0.9929 | Val AUC: 0.9973
Saved checkpoint: models\stageB_checkpoint_epoch10.pth
  No improvement for 2/4 epochs
  Batch 40/2032 | Loss: 0.0009
  Batch 80/2032 | Loss: 0.0052
  Batch 120/2032 | Loss: 0.0049
  Batch 160/2032 | Loss: 0.0021
  Batch 200/2032 | Loss: 0.0009
  Batch 240/2032 | Loss: 0.0005
  Batch 280/2032 | Loss: 0.0007
  Batch 320/2032 | Loss: 0.0013
  Batch 360/2032 | Loss: 0.0007
  Batch 400/2032 | Loss: 0.0003
  Batch 440/2032 | Loss: 0.0047
  Batch 480/2032 | Loss: 0.0010
  Batch 520/2032 | Loss: 0.0020
  Batch 560/2032 | Loss: 0.0002
  Batch 600/2032 | Loss: 0.0014
  Batch 640/2032 | Loss: 0.0008
  Batch 680/2032 | Loss: 0.0010
  Batch 720/2032 | Loss: 0.0019
  Batch 760/2032 | Loss: 0.0029
  Batch 800/2032 | Loss: 0.0064
  Batch 840/2032 | Loss: 0.0048
  Batch 880/2032 | Loss: 0.0029
  Batch 920/2032 | Loss: 0.0034
  Batch 960/2032 | Loss: 0.0024
  Batch 1000/2032 | Loss: 0.0013
  Batch 1040/2032 | Loss: 0.0008
  Batch 1080/2032 | Loss: 0.0004
  Batch 1120/2032 | Loss: 0.0040
  Batch 1160/2032 | Loss: 0.0385
  Batch 1200/2032 | Loss: 0.0022
  Batch 1240/2032 | Loss: 0.0081
  Batch 1280/2032 | Loss: 0.0189
  Batch 1320/2032 | Loss: 0.0094
  Batch 1360/2032 | Loss: 0.0017
  Batch 1400/2032 | Loss: 0.0094
  Batch 1440/2032 | Loss: 0.0241
  Batch 1480/2032 | Loss: 0.0004
  Batch 1520/2032 | Loss: 0.0004
  Batch 1560/2032 | Loss: 0.3523
  Batch 1600/2032 | Loss: 0.0037
  Batch 1640/2032 | Loss: 0.0004
  Batch 1680/2032 | Loss: 0.0011
  Batch 1720/2032 | Loss: 0.0340
  Batch 1760/2032 | Loss: 0.0763
  Batch 1800/2032 | Loss: 0.0512
  Batch 1840/2032 | Loss: 0.0049
  Batch 1880/2032 | Loss: 0.0477
  Batch 1920/2032 | Loss: 0.0010
  Batch 1960/2032 | Loss: 0.0038
  Batch 2000/2032 | Loss: 0.0007
Epoch 11 | Train Loss: 0.0412 | Train Acc: 0.9948 | Val AUC: 0.9982
Saved checkpoint: models\stageB_checkpoint_epoch11.pth
  No improvement for 3/4 epochs
  Batch 40/2032 | Loss: 0.2542
  Batch 80/2032 | Loss: 0.0005
  Batch 120/2032 | Loss: 0.0004
  Batch 160/2032 | Loss: 0.0623
  Batch 200/2032 | Loss: 0.0106
  Batch 240/2032 | Loss: 0.0006
  Batch 280/2032 | Loss: 0.0051
  Batch 320/2032 | Loss: 0.0006
  Batch 360/2032 | Loss: 0.0006
  Batch 400/2032 | Loss: 0.0006
  Batch 440/2032 | Loss: 0.0016
  Batch 480/2032 | Loss: 0.0023
  Batch 520/2032 | Loss: 0.0008
  Batch 560/2032 | Loss: 0.0035
  Batch 600/2032 | Loss: 0.0042
  Batch 640/2032 | Loss: 0.0004
  Batch 680/2032 | Loss: 0.0002
  Batch 720/2032 | Loss: 0.0006
  Batch 760/2032 | Loss: 0.0110
  Batch 800/2032 | Loss: 0.0003
  Batch 840/2032 | Loss: 0.0005
  Batch 880/2032 | Loss: 0.0008
  Batch 920/2032 | Loss: 0.4668
  Batch 960/2032 | Loss: 0.0003
  Batch 1000/2032 | Loss: 0.0002
  Batch 1040/2032 | Loss: 0.0004
  Batch 1080/2032 | Loss: 0.0026
  Batch 1120/2032 | Loss: 0.0011
  Batch 1160/2032 | Loss: 0.0006
  Batch 1200/2032 | Loss: 0.0014
  Batch 1240/2032 | Loss: 0.0105
  Batch 1280/2032 | Loss: 0.0053
  Batch 1320/2032 | Loss: 0.0013
  Batch 1360/2032 | Loss: 0.0130
  Batch 1400/2032 | Loss: 0.0440
  Batch 1440/2032 | Loss: 0.0003
  Batch 1480/2032 | Loss: 0.0002
  Batch 1520/2032 | Loss: 0.0031
  Batch 1560/2032 | Loss: 0.0002
  Batch 1600/2032 | Loss: 0.0004
  Batch 1640/2032 | Loss: 0.0033
  Batch 1680/2032 | Loss: 0.0062
  Batch 1720/2032 | Loss: 0.0007
  Batch 1760/2032 | Loss: 0.0002
  Batch 1800/2032 | Loss: 0.0009
  Batch 1840/2032 | Loss: 0.6401
  Batch 1880/2032 | Loss: 0.0027
  Batch 1920/2032 | Loss: 0.0002
  Batch 1960/2032 | Loss: 0.0002
  Batch 2000/2032 | Loss: 0.0028
Epoch 12 | Train Loss: 0.0149 | Train Acc: 0.9985 | Val AUC: 0.9979
Saved checkpoint: models\stageB_checkpoint_epoch12.pth
  No improvement for 4/4 epochs
Early stopping at epoch 12 (best val AUC: 0.9987)
Stage B Training Complete! Best val AUC: 0.9987
