Using cache found in C:\Users\srees/.cache\torch\hub\facebookresearch_dinov2_main
C:\Users\srees/.cache\torch\hub\facebookresearch_dinov2_main\dinov2\layers\swiglu_ffn.py:51: UserWarning: xFormers is not available (SwiGLU)
  warnings.warn("xFormers is not available (SwiGLU)")
C:\Users\srees/.cache\torch\hub\facebookresearch_dinov2_main\dinov2\layers\attention.py:33: UserWarning: xFormers is not available (Attention)
  warnings.warn("xFormers is not available (Attention)")
C:\Users\srees/.cache\torch\hub\facebookresearch_dinov2_main\dinov2\layers\block.py:40: UserWarning: xFormers is not available (Block)
  warnings.warn("xFormers is not available (Block)")
Using device: cuda
Loading DINOv2 ViT-S/14 with LoRA on last 4 blocks...
trainable params: 196,608 || all params: 22,253,184 || trainable%: 0.8835
Loading Whisper-tiny encoder with LoRA on last block...
trainable params: 55,296 || all params: 7,687,680 || trainable%: 0.7193
Loading Stage A weights from models\stageA_best_model.pth

[Data Distribution] Real: 2558  Fake: 7674 (of which SBI: 0)  Total: 10232
[SBI Augmentation] disabled
[Val set] 6100 videos

[DataLoader] physical_batch=2 grad_accum=8 (effective batch=16) num_workers=4
Starting Stage B Training (LoRA fine-tune, raw crops/audio)...
  Batch 40/5116 | Loss: 0.0284
  Batch 80/5116 | Loss: 0.0099
  Batch 120/5116 | Loss: 0.1697
  Batch 160/5116 | Loss: 0.0067
  Batch 200/5116 | Loss: 0.0478
  Batch 240/5116 | Loss: 0.0172
  Batch 280/5116 | Loss: 1.9565
  Batch 320/5116 | Loss: 0.0036
  Batch 360/5116 | Loss: 0.0130
  Batch 400/5116 | Loss: 0.0507
  Batch 440/5116 | Loss: 0.1024
  Batch 480/5116 | Loss: 0.0336
  Batch 520/5116 | Loss: 0.6408
  Batch 560/5116 | Loss: 0.0277
  Batch 600/5116 | Loss: 1.7704
  Batch 640/5116 | Loss: 0.0164
  Batch 680/5116 | Loss: 0.8109
  Batch 720/5116 | Loss: 0.0271
  Batch 760/5116 | Loss: 0.0076
  Batch 800/5116 | Loss: 0.0971
  Batch 840/5116 | Loss: 0.0038
  Batch 880/5116 | Loss: 3.2958
  Batch 920/5116 | Loss: 0.0264
  Batch 960/5116 | Loss: 1.5175
  Batch 1000/5116 | Loss: 0.2594
  Batch 1040/5116 | Loss: 0.1195
  Batch 1080/5116 | Loss: 0.0538
  Batch 1120/5116 | Loss: 0.0685
  Batch 1160/5116 | Loss: 0.4859
  Batch 1200/5116 | Loss: 0.0209
  Batch 1240/5116 | Loss: 0.0779
  Batch 1280/5116 | Loss: 0.3732
  Batch 1320/5116 | Loss: 0.4873
  Batch 1360/5116 | Loss: 0.0779
  Batch 1400/5116 | Loss: 1.0836
  Batch 1440/5116 | Loss: 0.2978
  Batch 1480/5116 | Loss: 0.2049
  Batch 1520/5116 | Loss: 0.0296
  Batch 1560/5116 | Loss: 0.0761
  Batch 1600/5116 | Loss: 0.0902
  Batch 1640/5116 | Loss: 0.0177
  Batch 1680/5116 | Loss: 0.5765
  Batch 1720/5116 | Loss: 0.0163
  Batch 1760/5116 | Loss: 0.0051
  Batch 1800/5116 | Loss: 0.1234
  Batch 1840/5116 | Loss: 0.0207
  Batch 1880/5116 | Loss: 0.0286
  Batch 1920/5116 | Loss: 0.0067
  Batch 1960/5116 | Loss: 0.1007
  Batch 2000/5116 | Loss: 0.0570
  Batch 2040/5116 | Loss: 0.2906
  Batch 2080/5116 | Loss: 0.1078
  Batch 2120/5116 | Loss: 0.0410
  Batch 2160/5116 | Loss: 0.0337
  Batch 2200/5116 | Loss: 0.0191
  Batch 2240/5116 | Loss: 1.8559
  Batch 2280/5116 | Loss: 0.1056
  Batch 2320/5116 | Loss: 0.0178
  Batch 2360/5116 | Loss: 0.0340
  Batch 2400/5116 | Loss: 0.8060
  Batch 2440/5116 | Loss: 0.0048
  Batch 2480/5116 | Loss: 0.0702
  Batch 2520/5116 | Loss: 0.0254
  Batch 2560/5116 | Loss: 0.0092
  Batch 2600/5116 | Loss: 0.0304
  Batch 2640/5116 | Loss: 0.0056
  Batch 2680/5116 | Loss: 0.0038
  Batch 2720/5116 | Loss: 0.2566
  Batch 2760/5116 | Loss: 0.3206
  Batch 2800/5116 | Loss: 0.0032
  Batch 2840/5116 | Loss: 0.0682
  Batch 2880/5116 | Loss: 0.1176
  Batch 2920/5116 | Loss: 0.2394
  Batch 2960/5116 | Loss: 0.1413
  Batch 3000/5116 | Loss: 0.1059
  Batch 3040/5116 | Loss: 0.0595
  Batch 3080/5116 | Loss: 0.4968
  Batch 3120/5116 | Loss: 0.0080
  Batch 3160/5116 | Loss: 0.0097
  Batch 3200/5116 | Loss: 0.4717
  Batch 3240/5116 | Loss: 0.0087
  Batch 3280/5116 | Loss: 0.9476
  Batch 3320/5116 | Loss: 0.0053
  Batch 3360/5116 | Loss: 0.0519
  Batch 3400/5116 | Loss: 1.4543
  Batch 3440/5116 | Loss: 0.0528
  Batch 3480/5116 | Loss: 0.5775
  Batch 3520/5116 | Loss: 0.1949
  Batch 3560/5116 | Loss: 0.3563
  Batch 3600/5116 | Loss: 0.1476
  Batch 3640/5116 | Loss: 0.0346
  Batch 3680/5116 | Loss: 0.0637
  Batch 3720/5116 | Loss: 0.3519
  Batch 3760/5116 | Loss: 0.0733
  Batch 3800/5116 | Loss: 0.0241
  Batch 3840/5116 | Loss: 0.2599
  Batch 3880/5116 | Loss: 2.5181
  Batch 3920/5116 | Loss: 3.0331
  Batch 3960/5116 | Loss: 0.1260
  Batch 4000/5116 | Loss: 0.4034
  Batch 4040/5116 | Loss: 2.9504
  Batch 4080/5116 | Loss: 0.0995
  Batch 4120/5116 | Loss: 0.0182
  Batch 4160/5116 | Loss: 0.0156
  Batch 4200/5116 | Loss: 0.0322
  Batch 4240/5116 | Loss: 0.0399
  Batch 4280/5116 | Loss: 0.0317
  Batch 4320/5116 | Loss: 0.8371
  Batch 4360/5116 | Loss: 2.1898
  Batch 4400/5116 | Loss: 0.0480
  Batch 4440/5116 | Loss: 0.2356
  Batch 4480/5116 | Loss: 0.0068
  Batch 4520/5116 | Loss: 0.0698
  Batch 4560/5116 | Loss: 0.0153
  Batch 4600/5116 | Loss: 0.0133
  Batch 4640/5116 | Loss: 0.0698
  Batch 4680/5116 | Loss: 0.0206
  Batch 4720/5116 | Loss: 0.5305
  Batch 4760/5116 | Loss: 0.0134
  Batch 4800/5116 | Loss: 0.0537
  Batch 4840/5116 | Loss: 0.1044
  Batch 4880/5116 | Loss: 0.0193
  Batch 4920/5116 | Loss: 0.0117
  Batch 4960/5116 | Loss: 0.0209
  Batch 5000/5116 | Loss: 1.1455
  Batch 5040/5116 | Loss: 0.1577
  Batch 5080/5116 | Loss: 0.0135
Epoch 1 | Train Loss: 0.3103 | Train Acc: 0.9529 | Val AUC: 0.9908
Saved checkpoint: models\stageB_checkpoint_epoch1.pth
  New best val AUC: 0.9908 - saved stageB_best_* artifacts
  Batch 40/5116 | Loss: 0.0100
  Batch 80/5116 | Loss: 0.0574
  Batch 120/5116 | Loss: 0.1512
  Batch 160/5116 | Loss: 0.0128
  Batch 200/5116 | Loss: 0.0196
  Batch 240/5116 | Loss: 0.0246
  Batch 280/5116 | Loss: 0.4199
  Batch 320/5116 | Loss: 0.0097
  Batch 360/5116 | Loss: 0.0216
  Batch 400/5116 | Loss: 0.0204
  Batch 440/5116 | Loss: 0.0095
  Batch 480/5116 | Loss: 0.0096
  Batch 520/5116 | Loss: 0.0122
  Batch 560/5116 | Loss: 0.1918
  Batch 600/5116 | Loss: 0.0065
  Batch 640/5116 | Loss: 0.0035
  Batch 680/5116 | Loss: 0.0913
  Batch 720/5116 | Loss: 0.0056
  Batch 760/5116 | Loss: 0.0093
  Batch 800/5116 | Loss: 0.4088
  Batch 840/5116 | Loss: 0.0028
  Batch 880/5116 | Loss: 0.6976
  Batch 920/5116 | Loss: 0.0577
  Batch 960/5116 | Loss: 2.9085
  Batch 1000/5116 | Loss: 0.0117
  Batch 1040/5116 | Loss: 0.0086
  Batch 1080/5116 | Loss: 0.0906
  Batch 1120/5116 | Loss: 0.0046
  Batch 1160/5116 | Loss: 0.0109
  Batch 1200/5116 | Loss: 0.0234
  Batch 1240/5116 | Loss: 2.0976
  Batch 1280/5116 | Loss: 0.0226
  Batch 1320/5116 | Loss: 4.9322
  Batch 1360/5116 | Loss: 0.0451
  Batch 1400/5116 | Loss: 1.3937
  Batch 1440/5116 | Loss: 0.1202
  Batch 1480/5116 | Loss: 0.0708
  Batch 1520/5116 | Loss: 0.4205
  Batch 1560/5116 | Loss: 0.0255
  Batch 1600/5116 | Loss: 0.1737
  Batch 1640/5116 | Loss: 0.0036
  Batch 1680/5116 | Loss: 0.7957
  Batch 1720/5116 | Loss: 0.0090
  Batch 1760/5116 | Loss: 1.5974
  Batch 1800/5116 | Loss: 0.2056
  Batch 1840/5116 | Loss: 2.9960
  Batch 1880/5116 | Loss: 0.7597
  Batch 1920/5116 | Loss: 0.0168
  Batch 1960/5116 | Loss: 0.0157
  Batch 2000/5116 | Loss: 0.0187
  Batch 2040/5116 | Loss: 0.0156
  Batch 2080/5116 | Loss: 0.0296
  Batch 2120/5116 | Loss: 0.7040
  Batch 2160/5116 | Loss: 1.6395
  Batch 2200/5116 | Loss: 0.0083
  Batch 2240/5116 | Loss: 0.0149
  Batch 2280/5116 | Loss: 0.0454
  Batch 2320/5116 | Loss: 0.1590
  Batch 2360/5116 | Loss: 0.0082
  Batch 2400/5116 | Loss: 0.7788
  Batch 2440/5116 | Loss: 0.2705
  Batch 2480/5116 | Loss: 0.0107
  Batch 2520/5116 | Loss: 0.0734
  Batch 2560/5116 | Loss: 0.0530
  Batch 2600/5116 | Loss: 0.2361
  Batch 2640/5116 | Loss: 0.1081
  Batch 2680/5116 | Loss: 0.2988
  Batch 2720/5116 | Loss: 0.2308
  Batch 2760/5116 | Loss: 0.0258
  Batch 2800/5116 | Loss: 0.0111
  Batch 2840/5116 | Loss: 0.0123
  Batch 2880/5116 | Loss: 0.0339
  Batch 2920/5116 | Loss: 3.0068
  Batch 2960/5116 | Loss: 0.0236
  Batch 3000/5116 | Loss: 0.1719
  Batch 3040/5116 | Loss: 0.0135
  Batch 3080/5116 | Loss: 6.0828
  Batch 3120/5116 | Loss: 0.0098
  Batch 3160/5116 | Loss: 0.3036
  Batch 3200/5116 | Loss: 3.8217
  Batch 3240/5116 | Loss: 1.7243
  Batch 3280/5116 | Loss: 0.0653
  Batch 3320/5116 | Loss: 0.0238
  Batch 3360/5116 | Loss: 0.0296
  Batch 3400/5116 | Loss: 0.0119
  Batch 3440/5116 | Loss: 0.1863
  Batch 3480/5116 | Loss: 0.0024
  Batch 3520/5116 | Loss: 0.0066
  Batch 3560/5116 | Loss: 0.0138
  Batch 3600/5116 | Loss: 0.0175
  Batch 3640/5116 | Loss: 1.0795
  Batch 3680/5116 | Loss: 0.0107
  Batch 3720/5116 | Loss: 0.2725
  Batch 3760/5116 | Loss: 0.0064
  Batch 3800/5116 | Loss: 0.0204
  Batch 3840/5116 | Loss: 0.1575
  Batch 3880/5116 | Loss: 0.0043
  Batch 3920/5116 | Loss: 0.0051
  Batch 3960/5116 | Loss: 0.0987
  Batch 4000/5116 | Loss: 2.6735
  Batch 4040/5116 | Loss: 0.0119
  Batch 4080/5116 | Loss: 0.0258
  Batch 4120/5116 | Loss: 1.5837
  Batch 4160/5116 | Loss: 0.0317
  Batch 4200/5116 | Loss: 0.0022
  Batch 4240/5116 | Loss: 0.0046
  Batch 4280/5116 | Loss: 0.0230
  Batch 4320/5116 | Loss: 0.0104
  Batch 4360/5116 | Loss: 0.0083
  Batch 4400/5116 | Loss: 0.0171
  Batch 4440/5116 | Loss: 0.0251
  Batch 4480/5116 | Loss: 0.0534
  Batch 4520/5116 | Loss: 0.0931
  Batch 4560/5116 | Loss: 0.4891
  Batch 4600/5116 | Loss: 0.2728
  Batch 4640/5116 | Loss: 0.9884
  Batch 4680/5116 | Loss: 0.0020
  Batch 4720/5116 | Loss: 0.1420
  Batch 4760/5116 | Loss: 0.0197
  Batch 4800/5116 | Loss: 0.0109
  Batch 4840/5116 | Loss: 0.0069
  Batch 4880/5116 | Loss: 0.0071
  Batch 4920/5116 | Loss: 0.0317
  Batch 4960/5116 | Loss: 0.0073
  Batch 5000/5116 | Loss: 0.0637
  Batch 5040/5116 | Loss: 0.0114
  Batch 5080/5116 | Loss: 0.0207
Epoch 2 | Train Loss: 0.2316 | Train Acc: 0.9664 | Val AUC: 0.9922
Saved checkpoint: models\stageB_checkpoint_epoch2.pth
  New best val AUC: 0.9922 - saved stageB_best_* artifacts
  Batch 40/5116 | Loss: 0.0140
  Batch 80/5116 | Loss: 0.1088
  Batch 120/5116 | Loss: 0.0042
  Batch 160/5116 | Loss: 0.0324
  Batch 200/5116 | Loss: 0.0248
  Batch 240/5116 | Loss: 0.1143
  Batch 280/5116 | Loss: 0.0066
  Batch 320/5116 | Loss: 0.0633
  Batch 360/5116 | Loss: 0.0266
  Batch 400/5116 | Loss: 0.1756
  Batch 440/5116 | Loss: 0.0065
  Batch 480/5116 | Loss: 0.0127
  Batch 520/5116 | Loss: 0.0064
  Batch 560/5116 | Loss: 0.0139
  Batch 600/5116 | Loss: 0.0853
  Batch 640/5116 | Loss: 2.0869
  Batch 680/5116 | Loss: 0.0064
  Batch 720/5116 | Loss: 0.0199
  Batch 760/5116 | Loss: 0.0725
  Batch 800/5116 | Loss: 0.0029
  Batch 840/5116 | Loss: 0.0043
  Batch 880/5116 | Loss: 0.1599
  Batch 920/5116 | Loss: 0.0359
  Batch 960/5116 | Loss: 0.1300
  Batch 1000/5116 | Loss: 0.0165
  Batch 1040/5116 | Loss: 0.3719
  Batch 1080/5116 | Loss: 0.0250
  Batch 1120/5116 | Loss: 1.5707
  Batch 1160/5116 | Loss: 0.0173
  Batch 1200/5116 | Loss: 0.0192
  Batch 1240/5116 | Loss: 3.4882
  Batch 1280/5116 | Loss: 0.3045
  Batch 1320/5116 | Loss: 0.0835
  Batch 1360/5116 | Loss: 0.0198
  Batch 1400/5116 | Loss: 0.0494
  Batch 1440/5116 | Loss: 3.7782
  Batch 1480/5116 | Loss: 0.8152
  Batch 1520/5116 | Loss: 0.7851
  Batch 1560/5116 | Loss: 0.0220
  Batch 1600/5116 | Loss: 0.0345
  Batch 1640/5116 | Loss: 0.0353
  Batch 1680/5116 | Loss: 0.1279
  Batch 1720/5116 | Loss: 0.0005
  Batch 1760/5116 | Loss: 0.2783
  Batch 1800/5116 | Loss: 0.1213
  Batch 1840/5116 | Loss: 0.0378
  Batch 1880/5116 | Loss: 0.0931
  Batch 1920/5116 | Loss: 0.0168
  Batch 1960/5116 | Loss: 0.0009
  Batch 2000/5116 | Loss: 0.1985
  Batch 2040/5116 | Loss: 0.0036
  Batch 2080/5116 | Loss: 0.1438
  Batch 2120/5116 | Loss: 0.0207
  Batch 2160/5116 | Loss: 0.0083
  Batch 2200/5116 | Loss: 0.0315
  Batch 2240/5116 | Loss: 0.3193
  Batch 2280/5116 | Loss: 0.0106
  Batch 2320/5116 | Loss: 0.0100
  Batch 2360/5116 | Loss: 0.0028
  Batch 2400/5116 | Loss: 0.0253
  Batch 2440/5116 | Loss: 0.2415
  Batch 2480/5116 | Loss: 0.0209
  Batch 2520/5116 | Loss: 0.0376
  Batch 2560/5116 | Loss: 0.0102
  Batch 2600/5116 | Loss: 0.0156
  Batch 2640/5116 | Loss: 0.4885
  Batch 2680/5116 | Loss: 0.3107
  Batch 2720/5116 | Loss: 0.0018
  Batch 2760/5116 | Loss: 0.0954
  Batch 2800/5116 | Loss: 0.0118
  Batch 2840/5116 | Loss: 0.0012
  Batch 2880/5116 | Loss: 0.0026
  Batch 2920/5116 | Loss: 0.0100
  Batch 2960/5116 | Loss: 0.0308
  Batch 3000/5116 | Loss: 0.0576
  Batch 3040/5116 | Loss: 0.0359
  Batch 3080/5116 | Loss: 1.8688
  Batch 3120/5116 | Loss: 0.0555
  Batch 3160/5116 | Loss: 0.0479
  Batch 3200/5116 | Loss: 0.0070
  Batch 3240/5116 | Loss: 0.1185
  Batch 3280/5116 | Loss: 0.1076
  Batch 3320/5116 | Loss: 0.0043
  Batch 3360/5116 | Loss: 0.0214
  Batch 3400/5116 | Loss: 0.0384
  Batch 3440/5116 | Loss: 0.0108
  Batch 3480/5116 | Loss: 0.1165
  Batch 3520/5116 | Loss: 0.0142
  Batch 3560/5116 | Loss: 0.0152
  Batch 3600/5116 | Loss: 0.0104
  Batch 3640/5116 | Loss: 0.0114
  Batch 3680/5116 | Loss: 0.0025
  Batch 3720/5116 | Loss: 3.3954
  Batch 3760/5116 | Loss: 0.0017
  Batch 3800/5116 | Loss: 0.0756
  Batch 3840/5116 | Loss: 0.0041
  Batch 3880/5116 | Loss: 0.0331
  Batch 3920/5116 | Loss: 0.0081
  Batch 3960/5116 | Loss: 0.0105
  Batch 4000/5116 | Loss: 1.8403
  Batch 4040/5116 | Loss: 0.0053
  Batch 4080/5116 | Loss: 0.0026
  Batch 4120/5116 | Loss: 0.0039
  Batch 4160/5116 | Loss: 0.0385
  Batch 4200/5116 | Loss: 0.0262
  Batch 4240/5116 | Loss: 0.1647
  Batch 4280/5116 | Loss: 0.0225
  Batch 4320/5116 | Loss: 0.2199
  Batch 4360/5116 | Loss: 0.0335
  Batch 4400/5116 | Loss: 0.1123
  Batch 4440/5116 | Loss: 0.0564
  Batch 4480/5116 | Loss: 0.0260
  Batch 4520/5116 | Loss: 0.0020
  Batch 4560/5116 | Loss: 0.3260
  Batch 4600/5116 | Loss: 0.0184
  Batch 4640/5116 | Loss: 0.0121
  Batch 4680/5116 | Loss: 0.2600
  Batch 4720/5116 | Loss: 0.0061
  Batch 4760/5116 | Loss: 0.0631
  Batch 4800/5116 | Loss: 1.5595
  Batch 4840/5116 | Loss: 0.0878
  Batch 4880/5116 | Loss: 0.1225
  Batch 4920/5116 | Loss: 0.0955
  Batch 4960/5116 | Loss: 0.0037
  Batch 5000/5116 | Loss: 0.2020
  Batch 5040/5116 | Loss: 0.0550
  Batch 5080/5116 | Loss: 0.1316
Epoch 3 | Train Loss: 0.2055 | Train Acc: 0.9671 | Val AUC: 0.9932
Saved checkpoint: models\stageB_checkpoint_epoch3.pth
  New best val AUC: 0.9932 - saved stageB_best_* artifacts
  Batch 40/5116 | Loss: 0.0113
  Batch 80/5116 | Loss: 0.0066
  Batch 120/5116 | Loss: 0.0053
  Batch 160/5116 | Loss: 0.0653
  Batch 200/5116 | Loss: 0.1041
  Batch 240/5116 | Loss: 0.0024
  Batch 280/5116 | Loss: 0.0124
  Batch 320/5116 | Loss: 0.1059
  Batch 360/5116 | Loss: 0.0078
  Batch 400/5116 | Loss: 0.0034
  Batch 440/5116 | Loss: 0.0859
  Batch 480/5116 | Loss: 0.0322
  Batch 520/5116 | Loss: 0.0115
  Batch 560/5116 | Loss: 0.0045
  Batch 600/5116 | Loss: 0.0065
  Batch 640/5116 | Loss: 0.0035
  Batch 680/5116 | Loss: 0.0374
  Batch 720/5116 | Loss: 0.0072
  Batch 760/5116 | Loss: 0.0456
  Batch 800/5116 | Loss: 0.0554
  Batch 840/5116 | Loss: 0.4970
  Batch 880/5116 | Loss: 0.0265
  Batch 920/5116 | Loss: 0.0500
  Batch 960/5116 | Loss: 0.0215
  Batch 1000/5116 | Loss: 0.0608
  Batch 1040/5116 | Loss: 0.0310
  Batch 1080/5116 | Loss: 0.0107
  Batch 1120/5116 | Loss: 0.0224
  Batch 1160/5116 | Loss: 0.0180
  Batch 1200/5116 | Loss: 0.1142
  Batch 1240/5116 | Loss: 0.2890
  Batch 1280/5116 | Loss: 0.5320
  Batch 1320/5116 | Loss: 0.0030
  Batch 1360/5116 | Loss: 0.0073
  Batch 1400/5116 | Loss: 0.2592
  Batch 1440/5116 | Loss: 0.0254
  Batch 1480/5116 | Loss: 0.0047
  Batch 1520/5116 | Loss: 0.1177
  Batch 1560/5116 | Loss: 0.0727
  Batch 1600/5116 | Loss: 0.0283
  Batch 1640/5116 | Loss: 1.1499
  Batch 1680/5116 | Loss: 0.0113
  Batch 1720/5116 | Loss: 0.3575
  Batch 1760/5116 | Loss: 0.0014
  Batch 1800/5116 | Loss: 0.0121
  Batch 1840/5116 | Loss: 0.5394
  Batch 1880/5116 | Loss: 0.0156
  Batch 1920/5116 | Loss: 0.2673
  Batch 1960/5116 | Loss: 0.0212
  Batch 2000/5116 | Loss: 2.3396
  Batch 2040/5116 | Loss: 0.0518
  Batch 2080/5116 | Loss: 0.0273
  Batch 2120/5116 | Loss: 0.0125
  Batch 2160/5116 | Loss: 0.0050
  Batch 2200/5116 | Loss: 0.0949
  Batch 2240/5116 | Loss: 0.0028
  Batch 2280/5116 | Loss: 0.0053
  Batch 2320/5116 | Loss: 0.0020
  Batch 2360/5116 | Loss: 0.0068
  Batch 2400/5116 | Loss: 0.6264
  Batch 2440/5116 | Loss: 0.0664
  Batch 2480/5116 | Loss: 3.3983
  Batch 2520/5116 | Loss: 0.2087
  Batch 2560/5116 | Loss: 0.0286
  Batch 2600/5116 | Loss: 0.0020
  Batch 2640/5116 | Loss: 0.0046
  Batch 2680/5116 | Loss: 0.0441
  Batch 2720/5116 | Loss: 0.0052
  Batch 2760/5116 | Loss: 0.0371
  Batch 2800/5116 | Loss: 0.0266
  Batch 2840/5116 | Loss: 0.0048
  Batch 2880/5116 | Loss: 0.0067
  Batch 2920/5116 | Loss: 0.0044
  Batch 2960/5116 | Loss: 0.0071
  Batch 3000/5116 | Loss: 0.0355
  Batch 3040/5116 | Loss: 0.1642
  Batch 3080/5116 | Loss: 0.2449
  Batch 3120/5116 | Loss: 0.0081
  Batch 3160/5116 | Loss: 6.9876
  Batch 3200/5116 | Loss: 0.0017
  Batch 3240/5116 | Loss: 0.0018
  Batch 3280/5116 | Loss: 0.0115
  Batch 3320/5116 | Loss: 0.0032
  Batch 3360/5116 | Loss: 0.0362
  Batch 3400/5116 | Loss: 0.0203
  Batch 3440/5116 | Loss: 0.0132
  Batch 3480/5116 | Loss: 0.0046
  Batch 3520/5116 | Loss: 1.9410
  Batch 3560/5116 | Loss: 0.0133
  Batch 3600/5116 | Loss: 0.0166
  Batch 3640/5116 | Loss: 0.1280
  Batch 3680/5116 | Loss: 0.0040
  Batch 3720/5116 | Loss: 0.0375
  Batch 3760/5116 | Loss: 0.0299
  Batch 3800/5116 | Loss: 0.0069
  Batch 3840/5116 | Loss: 0.0020
  Batch 3880/5116 | Loss: 0.1878
  Batch 3920/5116 | Loss: 0.7643
  Batch 3960/5116 | Loss: 0.0390
  Batch 4000/5116 | Loss: 0.0360
  Batch 4040/5116 | Loss: 0.1337
  Batch 4080/5116 | Loss: 0.0071
  Batch 4120/5116 | Loss: 0.0854
  Batch 4160/5116 | Loss: 0.0158
  Batch 4200/5116 | Loss: 0.0229
  Batch 4240/5116 | Loss: 0.1564
  Batch 4280/5116 | Loss: 0.0040
  Batch 4320/5116 | Loss: 0.0215
  Batch 4360/5116 | Loss: 0.0145
  Batch 4400/5116 | Loss: 0.0057
  Batch 4440/5116 | Loss: 0.1331
  Batch 4480/5116 | Loss: 0.0126
  Batch 4520/5116 | Loss: 0.0285
  Batch 4560/5116 | Loss: 0.0819
  Batch 4600/5116 | Loss: 3.9078
  Batch 4640/5116 | Loss: 0.0384
  Batch 4680/5116 | Loss: 0.0351
  Batch 4720/5116 | Loss: 0.0085
  Batch 4760/5116 | Loss: 0.0888
  Batch 4800/5116 | Loss: 1.1554
  Batch 4840/5116 | Loss: 0.0200
  Batch 4880/5116 | Loss: 0.0259
  Batch 4920/5116 | Loss: 0.1444
  Batch 4960/5116 | Loss: 0.0307
  Batch 5000/5116 | Loss: 0.0047
  Batch 5040/5116 | Loss: 0.1569
  Batch 5080/5116 | Loss: 0.0027
Epoch 4 | Train Loss: 0.2008 | Train Acc: 0.9701 | Val AUC: 0.9942
Saved checkpoint: models\stageB_checkpoint_epoch4.pth
  New best val AUC: 0.9942 - saved stageB_best_* artifacts
  Batch 40/5116 | Loss: 0.0400
  Batch 80/5116 | Loss: 0.4316
  Batch 120/5116 | Loss: 0.0192
  Batch 160/5116 | Loss: 0.0107
  Batch 200/5116 | Loss: 0.0067
  Batch 240/5116 | Loss: 0.0132
  Batch 280/5116 | Loss: 0.0642
  Batch 320/5116 | Loss: 0.0029
  Batch 360/5116 | Loss: 1.1050
  Batch 400/5116 | Loss: 0.0390
  Batch 440/5116 | Loss: 0.0381
  Batch 480/5116 | Loss: 0.0112
  Batch 520/5116 | Loss: 0.0847
  Batch 560/5116 | Loss: 0.0337
  Batch 600/5116 | Loss: 0.0009
  Batch 640/5116 | Loss: 0.2520
  Batch 680/5116 | Loss: 0.0171
  Batch 720/5116 | Loss: 0.0081
  Batch 760/5116 | Loss: 0.0027
  Batch 800/5116 | Loss: 0.0055
  Batch 840/5116 | Loss: 0.0070
  Batch 880/5116 | Loss: 1.2481
  Batch 920/5116 | Loss: 0.0114
  Batch 960/5116 | Loss: 0.0060
  Batch 1000/5116 | Loss: 0.1397
  Batch 1040/5116 | Loss: 0.0052
  Batch 1080/5116 | Loss: 0.0144
  Batch 1120/5116 | Loss: 0.3175
  Batch 1160/5116 | Loss: 0.0021
  Batch 1200/5116 | Loss: 0.0094
  Batch 1240/5116 | Loss: 0.0140
  Batch 1280/5116 | Loss: 0.3127
  Batch 1320/5116 | Loss: 0.0021
  Batch 1360/5116 | Loss: 0.0077
  Batch 1400/5116 | Loss: 0.0127
  Batch 1440/5116 | Loss: 0.0470
  Batch 1480/5116 | Loss: 0.3022
  Batch 1520/5116 | Loss: 0.0160
  Batch 1560/5116 | Loss: 0.0065
  Batch 1600/5116 | Loss: 0.0103
  Batch 1640/5116 | Loss: 0.0510
  Batch 1680/5116 | Loss: 0.0983
  Batch 1720/5116 | Loss: 0.0124
  Batch 1760/5116 | Loss: 0.0724
  Batch 1800/5116 | Loss: 0.0066
  Batch 1840/5116 | Loss: 0.0451
  Batch 1880/5116 | Loss: 0.0236
  Batch 1920/5116 | Loss: 0.0023
  Batch 1960/5116 | Loss: 0.0152
  Batch 2000/5116 | Loss: 0.0157
  Batch 2040/5116 | Loss: 0.0211
  Batch 2080/5116 | Loss: 0.0073
  Batch 2120/5116 | Loss: 0.0044
  Batch 2160/5116 | Loss: 0.1228
  Batch 2200/5116 | Loss: 0.0965
  Batch 2240/5116 | Loss: 0.0047
  Batch 2280/5116 | Loss: 0.0189
  Batch 2320/5116 | Loss: 0.0079
  Batch 2360/5116 | Loss: 4.3677
  Batch 2400/5116 | Loss: 0.1057
  Batch 2440/5116 | Loss: 0.0029
  Batch 2480/5116 | Loss: 0.0229
  Batch 2520/5116 | Loss: 0.0052
  Batch 2560/5116 | Loss: 0.0081
  Batch 2600/5116 | Loss: 0.1402
  Batch 2640/5116 | Loss: 0.2798
  Batch 2680/5116 | Loss: 0.0365
  Batch 2720/5116 | Loss: 0.0225
  Batch 2760/5116 | Loss: 0.0445
  Batch 2800/5116 | Loss: 0.2330
  Batch 2840/5116 | Loss: 0.0150
  Batch 2880/5116 | Loss: 0.0921
  Batch 2920/5116 | Loss: 0.2042
  Batch 2960/5116 | Loss: 0.0248
  Batch 3000/5116 | Loss: 0.1923
  Batch 3040/5116 | Loss: 0.0545
  Batch 3080/5116 | Loss: 0.0018
  Batch 3120/5116 | Loss: 0.0041
  Batch 3160/5116 | Loss: 0.0047
  Batch 3200/5116 | Loss: 0.0083
  Batch 3240/5116 | Loss: 0.0042
  Batch 3280/5116 | Loss: 0.0154
  Batch 3320/5116 | Loss: 0.1659
  Batch 3360/5116 | Loss: 0.0550
  Batch 3400/5116 | Loss: 0.1026
  Batch 3440/5116 | Loss: 0.0861
  Batch 3480/5116 | Loss: 0.0022
  Batch 3520/5116 | Loss: 0.0139
  Batch 3560/5116 | Loss: 0.0023
  Batch 3600/5116 | Loss: 0.0332
  Batch 3640/5116 | Loss: 0.0127
  Batch 3680/5116 | Loss: 0.0495
  Batch 3720/5116 | Loss: 0.0091
  Batch 3760/5116 | Loss: 0.0135
  Batch 3800/5116 | Loss: 0.0055
  Batch 3840/5116 | Loss: 0.0216
  Batch 3880/5116 | Loss: 0.0806
  Batch 3920/5116 | Loss: 0.0261
  Batch 3960/5116 | Loss: 0.0027
  Batch 4000/5116 | Loss: 0.0040
  Batch 4040/5116 | Loss: 0.8879
  Batch 4080/5116 | Loss: 0.0021
  Batch 4120/5116 | Loss: 0.0511
  Batch 4160/5116 | Loss: 0.0595
  Batch 4200/5116 | Loss: 0.0101
  Batch 4240/5116 | Loss: 0.5514
  Batch 4280/5116 | Loss: 0.0469
  Batch 4320/5116 | Loss: 0.8541
  Batch 4360/5116 | Loss: 0.0109
  Batch 4400/5116 | Loss: 0.6321
  Batch 4440/5116 | Loss: 0.0345
  Batch 4480/5116 | Loss: 0.0080
  Batch 4520/5116 | Loss: 0.0184
  Batch 4560/5116 | Loss: 0.0097
  Batch 4600/5116 | Loss: 0.0040
  Batch 4640/5116 | Loss: 0.0129
  Batch 4680/5116 | Loss: 0.0635
  Batch 4720/5116 | Loss: 0.0018
  Batch 4760/5116 | Loss: 0.0037
  Batch 4800/5116 | Loss: 0.0381
  Batch 4840/5116 | Loss: 0.0125
  Batch 4880/5116 | Loss: 0.0065
  Batch 4920/5116 | Loss: 0.0309
  Batch 4960/5116 | Loss: 0.2523
  Batch 5000/5116 | Loss: 0.0097
  Batch 5040/5116 | Loss: 0.1448
  Batch 5080/5116 | Loss: 0.0033
Epoch 5 | Train Loss: 0.1649 | Train Acc: 0.9750 | Val AUC: 0.9936
Saved checkpoint: models\stageB_checkpoint_epoch5.pth
  No improvement for 1/4 epochs
  Batch 40/5116 | Loss: 0.0036
  Batch 80/5116 | Loss: 0.0205
  Batch 120/5116 | Loss: 0.0379
  Batch 160/5116 | Loss: 0.0212
  Batch 200/5116 | Loss: 0.0786
  Batch 240/5116 | Loss: 0.0055
  Batch 280/5116 | Loss: 0.0035
  Batch 320/5116 | Loss: 0.0027
  Batch 360/5116 | Loss: 0.2215
  Batch 400/5116 | Loss: 0.4287
  Batch 440/5116 | Loss: 0.0039
  Batch 480/5116 | Loss: 0.0358
  Batch 520/5116 | Loss: 0.0065
  Batch 560/5116 | Loss: 0.1390
  Batch 600/5116 | Loss: 0.6791
  Batch 640/5116 | Loss: 0.0332
  Batch 680/5116 | Loss: 0.8830
  Batch 720/5116 | Loss: 0.0080
  Batch 760/5116 | Loss: 0.0153
  Batch 800/5116 | Loss: 0.0618
  Batch 840/5116 | Loss: 0.0202
  Batch 880/5116 | Loss: 0.0324
  Batch 920/5116 | Loss: 0.0140
  Batch 960/5116 | Loss: 0.0076
  Batch 1000/5116 | Loss: 0.0068
  Batch 1040/5116 | Loss: 0.0342
  Batch 1080/5116 | Loss: 0.0042
  Batch 1120/5116 | Loss: 0.4123
  Batch 1160/5116 | Loss: 0.0150
  Batch 1200/5116 | Loss: 0.1766
  Batch 1240/5116 | Loss: 0.1679
  Batch 1280/5116 | Loss: 0.1699
  Batch 1320/5116 | Loss: 0.0435
  Batch 1360/5116 | Loss: 0.0105
  Batch 1400/5116 | Loss: 0.0235
  Batch 1440/5116 | Loss: 0.0444
  Batch 1480/5116 | Loss: 0.0043
  Batch 1520/5116 | Loss: 0.0204
  Batch 1560/5116 | Loss: 0.0046
  Batch 1600/5116 | Loss: 0.0062
  Batch 1640/5116 | Loss: 1.6760
  Batch 1680/5116 | Loss: 0.1701
  Batch 1720/5116 | Loss: 0.1773
  Batch 1760/5116 | Loss: 0.0131
  Batch 1800/5116 | Loss: 0.0168
  Batch 1840/5116 | Loss: 0.0375
  Batch 1880/5116 | Loss: 0.4512
  Batch 1920/5116 | Loss: 1.0998
  Batch 1960/5116 | Loss: 0.0106
  Batch 2000/5116 | Loss: 0.0094
  Batch 2040/5116 | Loss: 0.0535
  Batch 2080/5116 | Loss: 0.0098
  Batch 2120/5116 | Loss: 0.0527
  Batch 2160/5116 | Loss: 0.0218
  Batch 2200/5116 | Loss: 0.0050
  Batch 2240/5116 | Loss: 0.1704
  Batch 2280/5116 | Loss: 0.0096
  Batch 2320/5116 | Loss: 0.0017
  Batch 2360/5116 | Loss: 0.0297
  Batch 2400/5116 | Loss: 0.3120
  Batch 2440/5116 | Loss: 0.0614
  Batch 2480/5116 | Loss: 0.0062
  Batch 2520/5116 | Loss: 0.0079
  Batch 2560/5116 | Loss: 0.0093
  Batch 2600/5116 | Loss: 0.0110
  Batch 2640/5116 | Loss: 0.0063
  Batch 2680/5116 | Loss: 0.0035
  Batch 2720/5116 | Loss: 0.0285
  Batch 2760/5116 | Loss: 0.0027
  Batch 2800/5116 | Loss: 0.5416
  Batch 2840/5116 | Loss: 0.1553
  Batch 2880/5116 | Loss: 0.5047
  Batch 2920/5116 | Loss: 0.0601
  Batch 2960/5116 | Loss: 0.0159
  Batch 3000/5116 | Loss: 0.0022
  Batch 3040/5116 | Loss: 0.0105
  Batch 3080/5116 | Loss: 0.0224
  Batch 3120/5116 | Loss: 0.1158
  Batch 3160/5116 | Loss: 0.8330
  Batch 3200/5116 | Loss: 0.0166
  Batch 3240/5116 | Loss: 0.7359
  Batch 3280/5116 | Loss: 0.0021
  Batch 3320/5116 | Loss: 0.0434
  Batch 3360/5116 | Loss: 0.0019
  Batch 3400/5116 | Loss: 0.0852
  Batch 3440/5116 | Loss: 0.0117
  Batch 3480/5116 | Loss: 0.7541
  Batch 3520/5116 | Loss: 0.0511
  Batch 3560/5116 | Loss: 0.0666
  Batch 3600/5116 | Loss: 0.0286
  Batch 3640/5116 | Loss: 0.3843
  Batch 3680/5116 | Loss: 0.0154
  Batch 3720/5116 | Loss: 0.0144
  Batch 3760/5116 | Loss: 0.0228
  Batch 3800/5116 | Loss: 0.0199
  Batch 3840/5116 | Loss: 0.0014
  Batch 3880/5116 | Loss: 0.0215
  Batch 3920/5116 | Loss: 0.0248
  Batch 3960/5116 | Loss: 0.8341
  Batch 4000/5116 | Loss: 0.0112
  Batch 4040/5116 | Loss: 0.0043
  Batch 4080/5116 | Loss: 0.0107
  Batch 4120/5116 | Loss: 0.0027
  Batch 4160/5116 | Loss: 0.0081
  Batch 4200/5116 | Loss: 0.0407
  Batch 4240/5116 | Loss: 0.0236
  Batch 4280/5116 | Loss: 0.3442
  Batch 4320/5116 | Loss: 0.0041
  Batch 4360/5116 | Loss: 0.0022
  Batch 4400/5116 | Loss: 0.0462
  Batch 4440/5116 | Loss: 0.0226
  Batch 4480/5116 | Loss: 0.0247
  Batch 4520/5116 | Loss: 0.0014
  Batch 4560/5116 | Loss: 0.0048
  Batch 4600/5116 | Loss: 0.0313
  Batch 4640/5116 | Loss: 0.5608
  Batch 4680/5116 | Loss: 0.0028
  Batch 4720/5116 | Loss: 0.0025
  Batch 4760/5116 | Loss: 0.0105
  Batch 4800/5116 | Loss: 0.0112
  Batch 4840/5116 | Loss: 0.0095
  Batch 4880/5116 | Loss: 0.0408
  Batch 4920/5116 | Loss: 0.0090
  Batch 4960/5116 | Loss: 0.0072
  Batch 5000/5116 | Loss: 0.0172
  Batch 5040/5116 | Loss: 0.0050
  Batch 5080/5116 | Loss: 0.0071
Epoch 6 | Train Loss: 0.1652 | Train Acc: 0.9719 | Val AUC: 0.9918
Saved checkpoint: models\stageB_checkpoint_epoch6.pth
  No improvement for 2/4 epochs
  Batch 40/5116 | Loss: 0.0196
  Batch 80/5116 | Loss: 0.0030
  Batch 120/5116 | Loss: 0.0348
  Batch 160/5116 | Loss: 0.2678
  Batch 200/5116 | Loss: 0.1249
  Batch 240/5116 | Loss: 0.6441
  Batch 280/5116 | Loss: 0.0029
  Batch 320/5116 | Loss: 0.1926
  Batch 360/5116 | Loss: 0.0078
  Batch 400/5116 | Loss: 0.4898
  Batch 440/5116 | Loss: 0.0624
  Batch 480/5116 | Loss: 0.0026
  Batch 520/5116 | Loss: 0.0078
  Batch 560/5116 | Loss: 0.0078
  Batch 600/5116 | Loss: 0.0037
  Batch 640/5116 | Loss: 0.0068
  Batch 680/5116 | Loss: 0.0406
  Batch 720/5116 | Loss: 0.0052
  Batch 760/5116 | Loss: 0.0409
  Batch 800/5116 | Loss: 0.0089
  Batch 840/5116 | Loss: 0.0024
  Batch 880/5116 | Loss: 0.0280
  Batch 920/5116 | Loss: 0.0048
  Batch 960/5116 | Loss: 0.0528
  Batch 1000/5116 | Loss: 0.0038
  Batch 1040/5116 | Loss: 0.0055
  Batch 1080/5116 | Loss: 0.0507
  Batch 1120/5116 | Loss: 1.0541
  Batch 1160/5116 | Loss: 0.0016
  Batch 1200/5116 | Loss: 0.1036
  Batch 1240/5116 | Loss: 0.0013
  Batch 1280/5116 | Loss: 0.0134
  Batch 1320/5116 | Loss: 1.0812
  Batch 1360/5116 | Loss: 0.1635
  Batch 1400/5116 | Loss: 0.0062
  Batch 1440/5116 | Loss: 0.0204
  Batch 1480/5116 | Loss: 0.0052
  Batch 1520/5116 | Loss: 0.0997
  Batch 1560/5116 | Loss: 0.0137
  Batch 1600/5116 | Loss: 0.0050
  Batch 1640/5116 | Loss: 0.0257
  Batch 1680/5116 | Loss: 0.0239
  Batch 1720/5116 | Loss: 0.0043
  Batch 1760/5116 | Loss: 0.0016
  Batch 1800/5116 | Loss: 0.0114
  Batch 1840/5116 | Loss: 0.0017
  Batch 1880/5116 | Loss: 0.2259
  Batch 1920/5116 | Loss: 0.0033
  Batch 1960/5116 | Loss: 0.0466
  Batch 2000/5116 | Loss: 0.0067
  Batch 2040/5116 | Loss: 0.0033
  Batch 2080/5116 | Loss: 0.0354
  Batch 2120/5116 | Loss: 0.0030
  Batch 2160/5116 | Loss: 0.0048
  Batch 2200/5116 | Loss: 0.0022
  Batch 2240/5116 | Loss: 0.0218
  Batch 2280/5116 | Loss: 0.9198
  Batch 2320/5116 | Loss: 0.0025
  Batch 2360/5116 | Loss: 0.0015
  Batch 2400/5116 | Loss: 0.0042
  Batch 2440/5116 | Loss: 0.0019
  Batch 2480/5116 | Loss: 0.0012
  Batch 2520/5116 | Loss: 0.0025
  Batch 2560/5116 | Loss: 0.0245
  Batch 2600/5116 | Loss: 0.0007
  Batch 2640/5116 | Loss: 0.0040
  Batch 2680/5116 | Loss: 0.0066
  Batch 2720/5116 | Loss: 0.0043
  Batch 2760/5116 | Loss: 0.0078
  Batch 2800/5116 | Loss: 0.2918
  Batch 2840/5116 | Loss: 0.0101
  Batch 2880/5116 | Loss: 0.0267
  Batch 2920/5116 | Loss: 0.0198
  Batch 2960/5116 | Loss: 0.0019
  Batch 3000/5116 | Loss: 0.1332
  Batch 3040/5116 | Loss: 0.0136
  Batch 3080/5116 | Loss: 0.0096
  Batch 3120/5116 | Loss: 0.0022
  Batch 3160/5116 | Loss: 0.0139
  Batch 3200/5116 | Loss: 0.0064
  Batch 3240/5116 | Loss: 0.0050
  Batch 3280/5116 | Loss: 0.0087
  Batch 3320/5116 | Loss: 0.0022
  Batch 3360/5116 | Loss: 0.0241
  Batch 3400/5116 | Loss: 0.0825
  Batch 3440/5116 | Loss: 0.0026
  Batch 3480/5116 | Loss: 0.0222
  Batch 3520/5116 | Loss: 0.1356
  Batch 3560/5116 | Loss: 0.0039
  Batch 3600/5116 | Loss: 0.1235
  Batch 3640/5116 | Loss: 0.0572
  Batch 3680/5116 | Loss: 0.0026
  Batch 3720/5116 | Loss: 0.0253
  Batch 3760/5116 | Loss: 0.0014
  Batch 3800/5116 | Loss: 0.1219
  Batch 3840/5116 | Loss: 0.0009
  Batch 3880/5116 | Loss: 0.0628
  Batch 3920/5116 | Loss: 2.4985
  Batch 3960/5116 | Loss: 0.0097
  Batch 4000/5116 | Loss: 0.0151
  Batch 4040/5116 | Loss: 0.0029
  Batch 4080/5116 | Loss: 0.0096
  Batch 4120/5116 | Loss: 0.0630
  Batch 4160/5116 | Loss: 0.0044
  Batch 4200/5116 | Loss: 0.0084
  Batch 4240/5116 | Loss: 0.2910
  Batch 4280/5116 | Loss: 0.0108
  Batch 4320/5116 | Loss: 0.0030
  Batch 4360/5116 | Loss: 0.0093
  Batch 4400/5116 | Loss: 0.0024
  Batch 4440/5116 | Loss: 0.0215
  Batch 4480/5116 | Loss: 0.0097
  Batch 4520/5116 | Loss: 0.0095
  Batch 4560/5116 | Loss: 0.0038
  Batch 4600/5116 | Loss: 0.0043
  Batch 4640/5116 | Loss: 0.0217
  Batch 4680/5116 | Loss: 0.0303
  Batch 4720/5116 | Loss: 0.0221
  Batch 4760/5116 | Loss: 0.0055
  Batch 4800/5116 | Loss: 0.0021
  Batch 4840/5116 | Loss: 0.0367
  Batch 4880/5116 | Loss: 0.1041
  Batch 4920/5116 | Loss: 0.0071
  Batch 4960/5116 | Loss: 0.0005
  Batch 5000/5116 | Loss: 0.0015
  Batch 5040/5116 | Loss: 0.0011
  Batch 5080/5116 | Loss: 0.0043
Epoch 7 | Train Loss: 0.1300 | Train Acc: 0.9797 | Val AUC: 0.9942
Saved checkpoint: models\stageB_checkpoint_epoch7.pth
  New best val AUC: 0.9942 - saved stageB_best_* artifacts
  Batch 40/5116 | Loss: 0.0023
  Batch 80/5116 | Loss: 0.0034
  Batch 120/5116 | Loss: 0.0109
  Batch 160/5116 | Loss: 0.0087
  Batch 200/5116 | Loss: 0.0010
  Batch 240/5116 | Loss: 0.0065
  Batch 280/5116 | Loss: 0.0023
  Batch 320/5116 | Loss: 0.0370
  Batch 360/5116 | Loss: 0.0809
  Batch 400/5116 | Loss: 0.0130
  Batch 440/5116 | Loss: 0.0229
  Batch 480/5116 | Loss: 0.0063
  Batch 520/5116 | Loss: 0.3543
  Batch 560/5116 | Loss: 0.0768
  Batch 600/5116 | Loss: 0.0131
  Batch 640/5116 | Loss: 0.0027
  Batch 680/5116 | Loss: 0.0082
  Batch 720/5116 | Loss: 0.0043
  Batch 760/5116 | Loss: 0.0050
  Batch 800/5116 | Loss: 0.0092
  Batch 840/5116 | Loss: 0.0008
  Batch 880/5116 | Loss: 0.0007
  Batch 920/5116 | Loss: 0.0026
  Batch 960/5116 | Loss: 0.2757
  Batch 1000/5116 | Loss: 0.0127
  Batch 1040/5116 | Loss: 0.1982
  Batch 1080/5116 | Loss: 0.0158
  Batch 1120/5116 | Loss: 0.0010
  Batch 1160/5116 | Loss: 0.0012
  Batch 1200/5116 | Loss: 0.0668
  Batch 1240/5116 | Loss: 0.0386
  Batch 1280/5116 | Loss: 0.0053
  Batch 1320/5116 | Loss: 0.0203
  Batch 1360/5116 | Loss: 0.0124
  Batch 1400/5116 | Loss: 0.0057
  Batch 1440/5116 | Loss: 0.0124
  Batch 1480/5116 | Loss: 0.0060
  Batch 1520/5116 | Loss: 0.0026
  Batch 1560/5116 | Loss: 0.0140
  Batch 1600/5116 | Loss: 0.0096
  Batch 1640/5116 | Loss: 0.5087
  Batch 1680/5116 | Loss: 0.0043
  Batch 1720/5116 | Loss: 0.2747
  Batch 1760/5116 | Loss: 0.1905
  Batch 1800/5116 | Loss: 0.0031
  Batch 1840/5116 | Loss: 0.1506
  Batch 1880/5116 | Loss: 0.0032
  Batch 1920/5116 | Loss: 0.0115
  Batch 1960/5116 | Loss: 0.0050
  Batch 2000/5116 | Loss: 0.0061
  Batch 2040/5116 | Loss: 0.0019
  Batch 2080/5116 | Loss: 0.1169
  Batch 2120/5116 | Loss: 0.0027
  Batch 2160/5116 | Loss: 0.0026
  Batch 2200/5116 | Loss: 0.0112
  Batch 2240/5116 | Loss: 0.0168
  Batch 2280/5116 | Loss: 0.0042
  Batch 2320/5116 | Loss: 0.0078
  Batch 2360/5116 | Loss: 0.0117
  Batch 2400/5116 | Loss: 0.0109
  Batch 2440/5116 | Loss: 0.0111
  Batch 2480/5116 | Loss: 0.0067
  Batch 2520/5116 | Loss: 0.0225
  Batch 2560/5116 | Loss: 0.0596
  Batch 2600/5116 | Loss: 0.0040
  Batch 2640/5116 | Loss: 1.0057
  Batch 2680/5116 | Loss: 0.0015
  Batch 2720/5116 | Loss: 0.0164
  Batch 2760/5116 | Loss: 0.0017
  Batch 2800/5116 | Loss: 0.0049
  Batch 2840/5116 | Loss: 0.0008
  Batch 2880/5116 | Loss: 0.0052
  Batch 2920/5116 | Loss: 0.0049
  Batch 2960/5116 | Loss: 0.0053
  Batch 3000/5116 | Loss: 0.0185
  Batch 3040/5116 | Loss: 0.0014
  Batch 3080/5116 | Loss: 0.0019
  Batch 3120/5116 | Loss: 0.0025
  Batch 3160/5116 | Loss: 0.0062
  Batch 3200/5116 | Loss: 0.0045
  Batch 3240/5116 | Loss: 0.0048
  Batch 3280/5116 | Loss: 0.0103
  Batch 3320/5116 | Loss: 0.0024
  Batch 3360/5116 | Loss: 0.0005
  Batch 3400/5116 | Loss: 0.0726
  Batch 3440/5116 | Loss: 0.6862
  Batch 3480/5116 | Loss: 0.0030
  Batch 3520/5116 | Loss: 0.0023
  Batch 3560/5116 | Loss: 0.6436
  Batch 3600/5116 | Loss: 0.4239
  Batch 3640/5116 | Loss: 0.0220
  Batch 3680/5116 | Loss: 0.0670
  Batch 3720/5116 | Loss: 0.0564
  Batch 3760/5116 | Loss: 0.0279
  Batch 3800/5116 | Loss: 0.1275
  Batch 3840/5116 | Loss: 0.0147
  Batch 3880/5116 | Loss: 4.6154
  Batch 3920/5116 | Loss: 0.1519
  Batch 3960/5116 | Loss: 0.0016
  Batch 4000/5116 | Loss: 0.0116
  Batch 4040/5116 | Loss: 0.0169
  Batch 4080/5116 | Loss: 0.0180
  Batch 4120/5116 | Loss: 0.0078
  Batch 4160/5116 | Loss: 0.0211
  Batch 4200/5116 | Loss: 0.0500
  Batch 4240/5116 | Loss: 0.0421
  Batch 4280/5116 | Loss: 0.0778
  Batch 4320/5116 | Loss: 0.0010
  Batch 4360/5116 | Loss: 0.1309
  Batch 4400/5116 | Loss: 0.0147
  Batch 4440/5116 | Loss: 0.1409
  Batch 4480/5116 | Loss: 0.0038
  Batch 4520/5116 | Loss: 0.0027
  Batch 4560/5116 | Loss: 0.0048
  Batch 4600/5116 | Loss: 0.0020
  Batch 4640/5116 | Loss: 0.0148
  Batch 4680/5116 | Loss: 0.0053
  Batch 4720/5116 | Loss: 0.0057
  Batch 4760/5116 | Loss: 0.0050
  Batch 4800/5116 | Loss: 0.0029
  Batch 4840/5116 | Loss: 0.0028
  Batch 4880/5116 | Loss: 0.0207
  Batch 4920/5116 | Loss: 0.0916
  Batch 4960/5116 | Loss: 0.0019
  Batch 5000/5116 | Loss: 0.0028
  Batch 5040/5116 | Loss: 0.0149
  Batch 5080/5116 | Loss: 0.0055
Epoch 8 | Train Loss: 0.1469 | Train Acc: 0.9789 | Val AUC: 0.9909
Saved checkpoint: models\stageB_checkpoint_epoch8.pth
  No improvement for 1/4 epochs
  Batch 40/5116 | Loss: 0.0036
  Batch 80/5116 | Loss: 6.1081
  Batch 120/5116 | Loss: 1.1323
  Batch 160/5116 | Loss: 0.0115
  Batch 200/5116 | Loss: 0.0033
  Batch 240/5116 | Loss: 0.0011
  Batch 280/5116 | Loss: 0.0094
  Batch 320/5116 | Loss: 0.0039
  Batch 360/5116 | Loss: 0.1674
  Batch 400/5116 | Loss: 0.0046
  Batch 440/5116 | Loss: 0.0344
  Batch 480/5116 | Loss: 0.0944
  Batch 520/5116 | Loss: 0.0072
  Batch 560/5116 | Loss: 0.0008
  Batch 600/5116 | Loss: 0.0206
  Batch 640/5116 | Loss: 0.1005
  Batch 680/5116 | Loss: 0.0122
  Batch 720/5116 | Loss: 2.7602
  Batch 760/5116 | Loss: 0.0352
  Batch 800/5116 | Loss: 0.0260
  Batch 840/5116 | Loss: 0.0182
  Batch 880/5116 | Loss: 0.0005
  Batch 920/5116 | Loss: 0.0021
  Batch 960/5116 | Loss: 0.0052
  Batch 1000/5116 | Loss: 0.0060
  Batch 1040/5116 | Loss: 0.0572
  Batch 1080/5116 | Loss: 0.0079
  Batch 1120/5116 | Loss: 0.0104
  Batch 1160/5116 | Loss: 0.3745
  Batch 1200/5116 | Loss: 0.0043
  Batch 1240/5116 | Loss: 0.0156
  Batch 1280/5116 | Loss: 0.0086
  Batch 1320/5116 | Loss: 0.0220
  Batch 1360/5116 | Loss: 0.0074
  Batch 1400/5116 | Loss: 0.0069
  Batch 1440/5116 | Loss: 0.0203
  Batch 1480/5116 | Loss: 0.0090
  Batch 1520/5116 | Loss: 0.0019
  Batch 1560/5116 | Loss: 0.0073
  Batch 1600/5116 | Loss: 0.0092
  Batch 1640/5116 | Loss: 0.1062
  Batch 1680/5116 | Loss: 0.0250
  Batch 1720/5116 | Loss: 0.0014
  Batch 1760/5116 | Loss: 0.0062
  Batch 1800/5116 | Loss: 0.0012
  Batch 1840/5116 | Loss: 0.0061
  Batch 1880/5116 | Loss: 1.3921
  Batch 1920/5116 | Loss: 0.0016
  Batch 1960/5116 | Loss: 0.0058
  Batch 2000/5116 | Loss: 0.8973
  Batch 2040/5116 | Loss: 0.0144
  Batch 2080/5116 | Loss: 0.0113
  Batch 2120/5116 | Loss: 0.0099
  Batch 2160/5116 | Loss: 0.0024
  Batch 2200/5116 | Loss: 0.0315
  Batch 2240/5116 | Loss: 0.0949
  Batch 2280/5116 | Loss: 0.0065
  Batch 2320/5116 | Loss: 0.0102
  Batch 2360/5116 | Loss: 0.0142
  Batch 2400/5116 | Loss: 0.0007
  Batch 2440/5116 | Loss: 0.0162
  Batch 2480/5116 | Loss: 0.0060
  Batch 2520/5116 | Loss: 0.2978
  Batch 2560/5116 | Loss: 0.4776
  Batch 2600/5116 | Loss: 0.6487
  Batch 2640/5116 | Loss: 0.0052
  Batch 2680/5116 | Loss: 0.0191
  Batch 2720/5116 | Loss: 0.0051
  Batch 2760/5116 | Loss: 0.0038
  Batch 2800/5116 | Loss: 0.0397
  Batch 2840/5116 | Loss: 0.0068
  Batch 2880/5116 | Loss: 0.0180
  Batch 2920/5116 | Loss: 0.0012
  Batch 2960/5116 | Loss: 0.0243
  Batch 3000/5116 | Loss: 0.0256
  Batch 3040/5116 | Loss: 0.0107
  Batch 3080/5116 | Loss: 0.0015
  Batch 3120/5116 | Loss: 0.0129
  Batch 3160/5116 | Loss: 0.0051
  Batch 3200/5116 | Loss: 0.0076
  Batch 3240/5116 | Loss: 0.0294
  Batch 3280/5116 | Loss: 0.3341
  Batch 3320/5116 | Loss: 0.0018
  Batch 3360/5116 | Loss: 0.0028
  Batch 3400/5116 | Loss: 0.0109
  Batch 3440/5116 | Loss: 1.2366
  Batch 3480/5116 | Loss: 0.8441
  Batch 3520/5116 | Loss: 0.0017
  Batch 3560/5116 | Loss: 0.0078
  Batch 3600/5116 | Loss: 0.0174
  Batch 3640/5116 | Loss: 0.0598
  Batch 3680/5116 | Loss: 0.0043
  Batch 3720/5116 | Loss: 0.0082
  Batch 3760/5116 | Loss: 0.0402
  Batch 3800/5116 | Loss: 0.0028
  Batch 3840/5116 | Loss: 0.0228
  Batch 3880/5116 | Loss: 0.0053
  Batch 3920/5116 | Loss: 0.0062
  Batch 3960/5116 | Loss: 0.4919
  Batch 4000/5116 | Loss: 0.0062
  Batch 4040/5116 | Loss: 0.0104
  Batch 4080/5116 | Loss: 0.0066
  Batch 4120/5116 | Loss: 0.0223
  Batch 4160/5116 | Loss: 0.0273
  Batch 4200/5116 | Loss: 0.0079
  Batch 4240/5116 | Loss: 0.0071
  Batch 4280/5116 | Loss: 0.0051
  Batch 4320/5116 | Loss: 0.0132
  Batch 4360/5116 | Loss: 0.0360
  Batch 4400/5116 | Loss: 0.0070
  Batch 4440/5116 | Loss: 0.6830
  Batch 4480/5116 | Loss: 0.0094
  Batch 4520/5116 | Loss: 0.0017
  Batch 4560/5116 | Loss: 0.0031
  Batch 4600/5116 | Loss: 0.0612
  Batch 4640/5116 | Loss: 0.0052
  Batch 4680/5116 | Loss: 0.0027
  Batch 4720/5116 | Loss: 0.0030
  Batch 4760/5116 | Loss: 0.4466
  Batch 4800/5116 | Loss: 0.5850
  Batch 4840/5116 | Loss: 0.1729
  Batch 4880/5116 | Loss: 0.0205
  Batch 4920/5116 | Loss: 0.0403
  Batch 4960/5116 | Loss: 0.0400
  Batch 5000/5116 | Loss: 0.3685
  Batch 5040/5116 | Loss: 0.0024
  Batch 5080/5116 | Loss: 0.0048
Epoch 9 | Train Loss: 0.1317 | Train Acc: 0.9805 | Val AUC: 0.9939
Saved checkpoint: models\stageB_checkpoint_epoch9.pth
  No improvement for 2/4 epochs
  Batch 40/5116 | Loss: 0.0678
  Batch 80/5116 | Loss: 0.0114
  Batch 120/5116 | Loss: 2.1759
  Batch 160/5116 | Loss: 0.0733
  Batch 200/5116 | Loss: 0.0009
  Batch 240/5116 | Loss: 0.1359
  Batch 280/5116 | Loss: 0.0128
  Batch 320/5116 | Loss: 0.0145
  Batch 360/5116 | Loss: 0.0127
  Batch 400/5116 | Loss: 0.0645
  Batch 440/5116 | Loss: 0.0050
  Batch 480/5116 | Loss: 0.0380
  Batch 520/5116 | Loss: 0.0116
  Batch 560/5116 | Loss: 0.0034
  Batch 600/5116 | Loss: 0.0075
  Batch 640/5116 | Loss: 0.0056
  Batch 680/5116 | Loss: 0.0316
  Batch 720/5116 | Loss: 0.0118
  Batch 760/5116 | Loss: 0.0012
  Batch 800/5116 | Loss: 0.0019
  Batch 840/5116 | Loss: 0.0118
  Batch 880/5116 | Loss: 0.0019
  Batch 920/5116 | Loss: 0.0255
  Batch 960/5116 | Loss: 0.0024
  Batch 1000/5116 | Loss: 0.0089
  Batch 1040/5116 | Loss: 0.0013
  Batch 1080/5116 | Loss: 0.0018
  Batch 1120/5116 | Loss: 0.0413
  Batch 1160/5116 | Loss: 0.7312
  Batch 1200/5116 | Loss: 0.0061
  Batch 1240/5116 | Loss: 0.0192
  Batch 1280/5116 | Loss: 0.0034
  Batch 1320/5116 | Loss: 0.8424
  Batch 1360/5116 | Loss: 0.1591
  Batch 1400/5116 | Loss: 0.0167
  Batch 1440/5116 | Loss: 0.0059
  Batch 1480/5116 | Loss: 0.0090
  Batch 1520/5116 | Loss: 1.0884
  Batch 1560/5116 | Loss: 0.0085
  Batch 1600/5116 | Loss: 0.0223
  Batch 1640/5116 | Loss: 0.3128
  Batch 1680/5116 | Loss: 0.1323
  Batch 1720/5116 | Loss: 0.0047
  Batch 1760/5116 | Loss: 0.0034
  Batch 1800/5116 | Loss: 0.0058
  Batch 1840/5116 | Loss: 0.0017
  Batch 1880/5116 | Loss: 2.5226
  Batch 1920/5116 | Loss: 0.1050
  Batch 1960/5116 | Loss: 1.0840
  Batch 2000/5116 | Loss: 0.0350
  Batch 2040/5116 | Loss: 0.0220
  Batch 2080/5116 | Loss: 0.0290
  Batch 2120/5116 | Loss: 0.0084
  Batch 2160/5116 | Loss: 0.0139
  Batch 2200/5116 | Loss: 2.6434
  Batch 2240/5116 | Loss: 0.0276
  Batch 2280/5116 | Loss: 4.7288
  Batch 2320/5116 | Loss: 0.1339
  Batch 2360/5116 | Loss: 0.0678
  Batch 2400/5116 | Loss: 0.0131
  Batch 2440/5116 | Loss: 0.6279
  Batch 2480/5116 | Loss: 0.0300
  Batch 2520/5116 | Loss: 0.0036
  Batch 2560/5116 | Loss: 0.0240
  Batch 2600/5116 | Loss: 0.2614
  Batch 2640/5116 | Loss: 0.0397
  Batch 2680/5116 | Loss: 0.0015
  Batch 2720/5116 | Loss: 0.0086
  Batch 2760/5116 | Loss: 0.0090
  Batch 2800/5116 | Loss: 0.0087
  Batch 2840/5116 | Loss: 0.0025
  Batch 2880/5116 | Loss: 1.4423
  Batch 2920/5116 | Loss: 0.0304
  Batch 2960/5116 | Loss: 0.0348
  Batch 3000/5116 | Loss: 0.0031
  Batch 3040/5116 | Loss: 0.0045
  Batch 3080/5116 | Loss: 0.0096
  Batch 3120/5116 | Loss: 0.0532
  Batch 3160/5116 | Loss: 0.0147
  Batch 3200/5116 | Loss: 0.0388
  Batch 3240/5116 | Loss: 0.0184
  Batch 3280/5116 | Loss: 0.0035
  Batch 3320/5116 | Loss: 0.0072
  Batch 3360/5116 | Loss: 0.0038
  Batch 3400/5116 | Loss: 0.1805
  Batch 3440/5116 | Loss: 0.2330
  Batch 3480/5116 | Loss: 0.0308
  Batch 3520/5116 | Loss: 0.1798
  Batch 3560/5116 | Loss: 0.0522
  Batch 3600/5116 | Loss: 0.0017
  Batch 3640/5116 | Loss: 0.0779
  Batch 3680/5116 | Loss: 0.0073
  Batch 3720/5116 | Loss: 0.0130
  Batch 3760/5116 | Loss: 0.0123
  Batch 3800/5116 | Loss: 0.0069
  Batch 3840/5116 | Loss: 0.0070
  Batch 3880/5116 | Loss: 0.0275
  Batch 3920/5116 | Loss: 0.0027
  Batch 3960/5116 | Loss: 0.0787
  Batch 4000/5116 | Loss: 0.0023
  Batch 4040/5116 | Loss: 0.0239
  Batch 4080/5116 | Loss: 0.0009
  Batch 4120/5116 | Loss: 0.0071
  Batch 4160/5116 | Loss: 0.0053
  Batch 4200/5116 | Loss: 0.0024
  Batch 4240/5116 | Loss: 0.0068
  Batch 4280/5116 | Loss: 0.0270
  Batch 4320/5116 | Loss: 0.0019
  Batch 4360/5116 | Loss: 0.3528
  Batch 4400/5116 | Loss: 0.0193
  Batch 4440/5116 | Loss: 0.0191
  Batch 4480/5116 | Loss: 0.0022
  Batch 4520/5116 | Loss: 0.0071
  Batch 4560/5116 | Loss: 0.0483
  Batch 4600/5116 | Loss: 0.4737
  Batch 4640/5116 | Loss: 0.0026
  Batch 4680/5116 | Loss: 0.0008
  Batch 4720/5116 | Loss: 0.0298
  Batch 4760/5116 | Loss: 0.1548
  Batch 4800/5116 | Loss: 0.0245
  Batch 4840/5116 | Loss: 0.0044
  Batch 4880/5116 | Loss: 0.0041
  Batch 4920/5116 | Loss: 0.0515
  Batch 4960/5116 | Loss: 0.0136
  Batch 5000/5116 | Loss: 0.4157
  Batch 5040/5116 | Loss: 0.0015
  Batch 5080/5116 | Loss: 0.0037
Epoch 10 | Train Loss: 0.1250 | Train Acc: 0.9806 | Val AUC: 0.9917
Saved checkpoint: models\stageB_checkpoint_epoch10.pth
  No improvement for 3/4 epochs
  Batch 40/5116 | Loss: 0.0052
  Batch 80/5116 | Loss: 0.0016
  Batch 120/5116 | Loss: 0.0174
  Batch 160/5116 | Loss: 0.0084
  Batch 200/5116 | Loss: 0.0030
  Batch 240/5116 | Loss: 0.0120
  Batch 280/5116 | Loss: 0.0035
  Batch 320/5116 | Loss: 0.2657
  Batch 360/5116 | Loss: 0.0143
  Batch 400/5116 | Loss: 0.2082
  Batch 440/5116 | Loss: 0.0497
  Batch 480/5116 | Loss: 0.0120
  Batch 520/5116 | Loss: 0.0302
  Batch 560/5116 | Loss: 0.0014
  Batch 600/5116 | Loss: 0.0201
  Batch 640/5116 | Loss: 0.0029
  Batch 680/5116 | Loss: 0.0339
  Batch 720/5116 | Loss: 0.0077
  Batch 760/5116 | Loss: 0.0078
  Batch 800/5116 | Loss: 0.0023
  Batch 840/5116 | Loss: 0.0472
  Batch 880/5116 | Loss: 0.0153
  Batch 920/5116 | Loss: 0.0075
  Batch 960/5116 | Loss: 0.0933
  Batch 1000/5116 | Loss: 0.0024
  Batch 1040/5116 | Loss: 0.0007
  Batch 1080/5116 | Loss: 0.0882
  Batch 1120/5116 | Loss: 0.0011
  Batch 1160/5116 | Loss: 0.0127
  Batch 1200/5116 | Loss: 0.0594
  Batch 1240/5116 | Loss: 0.0024
  Batch 1280/5116 | Loss: 0.0062
  Batch 1320/5116 | Loss: 0.2529
  Batch 1360/5116 | Loss: 0.3194
  Batch 1400/5116 | Loss: 0.7147
  Batch 1440/5116 | Loss: 0.0039
  Batch 1480/5116 | Loss: 0.0056
  Batch 1520/5116 | Loss: 1.0263
  Batch 1560/5116 | Loss: 0.7522
  Batch 1600/5116 | Loss: 0.7789
  Batch 1640/5116 | Loss: 0.0086
  Batch 1680/5116 | Loss: 0.0009
  Batch 1720/5116 | Loss: 5.0622
  Batch 1760/5116 | Loss: 0.0366
  Batch 1800/5116 | Loss: 0.0038
  Batch 1840/5116 | Loss: 0.0049
  Batch 1880/5116 | Loss: 0.0019
  Batch 1920/5116 | Loss: 0.0156
  Batch 1960/5116 | Loss: 0.0016
  Batch 2000/5116 | Loss: 6.1189
  Batch 2040/5116 | Loss: 0.0020
  Batch 2080/5116 | Loss: 0.0019
  Batch 2120/5116 | Loss: 0.0069
  Batch 2160/5116 | Loss: 0.0039
  Batch 2200/5116 | Loss: 0.0007
  Batch 2240/5116 | Loss: 0.1023
  Batch 2280/5116 | Loss: 0.0016
  Batch 2320/5116 | Loss: 0.0126
  Batch 2360/5116 | Loss: 0.0026
  Batch 2400/5116 | Loss: 0.0061
  Batch 2440/5116 | Loss: 0.0177
  Batch 2480/5116 | Loss: 0.0007
  Batch 2520/5116 | Loss: 0.0155
  Batch 2560/5116 | Loss: 0.0022
  Batch 2600/5116 | Loss: 0.4212
  Batch 2640/5116 | Loss: 0.0008
  Batch 2680/5116 | Loss: 0.0045
  Batch 2720/5116 | Loss: 0.0111
  Batch 2760/5116 | Loss: 0.0067
  Batch 2800/5116 | Loss: 0.0034
  Batch 2840/5116 | Loss: 0.0199
  Batch 2880/5116 | Loss: 0.0099
  Batch 2920/5116 | Loss: 0.0049
  Batch 2960/5116 | Loss: 0.0067
  Batch 3000/5116 | Loss: 0.0089
  Batch 3040/5116 | Loss: 0.0080
  Batch 3080/5116 | Loss: 0.0016
  Batch 3120/5116 | Loss: 0.0030
  Batch 3160/5116 | Loss: 0.4148
  Batch 3200/5116 | Loss: 0.0013
  Batch 3240/5116 | Loss: 1.6993
  Batch 3280/5116 | Loss: 0.0072
  Batch 3320/5116 | Loss: 0.0011
  Batch 3360/5116 | Loss: 0.0017
  Batch 3400/5116 | Loss: 0.0029
  Batch 3440/5116 | Loss: 0.0017
  Batch 3480/5116 | Loss: 0.0360
  Batch 3520/5116 | Loss: 0.0020
  Batch 3560/5116 | Loss: 0.0027
  Batch 3600/5116 | Loss: 0.0006
  Batch 3640/5116 | Loss: 1.0188
  Batch 3680/5116 | Loss: 0.0060
  Batch 3720/5116 | Loss: 0.0208
  Batch 3760/5116 | Loss: 0.0006
  Batch 3800/5116 | Loss: 0.0006
  Batch 3840/5116 | Loss: 0.0070
  Batch 3880/5116 | Loss: 0.0012
  Batch 3920/5116 | Loss: 0.1449
  Batch 3960/5116 | Loss: 0.0010
  Batch 4000/5116 | Loss: 0.0036
  Batch 4040/5116 | Loss: 0.0054
  Batch 4080/5116 | Loss: 0.0046
  Batch 4120/5116 | Loss: 0.0011
  Batch 4160/5116 | Loss: 0.0126
  Batch 4200/5116 | Loss: 0.0082
  Batch 4240/5116 | Loss: 0.0027
  Batch 4280/5116 | Loss: 0.0007
  Batch 4320/5116 | Loss: 0.3258
  Batch 4360/5116 | Loss: 0.0006
  Batch 4400/5116 | Loss: 0.1786
  Batch 4440/5116 | Loss: 0.0060
  Batch 4480/5116 | Loss: 0.1484
  Batch 4520/5116 | Loss: 0.0161
  Batch 4560/5116 | Loss: 0.0032
  Batch 4600/5116 | Loss: 0.7192
  Batch 4640/5116 | Loss: 0.0041
  Batch 4680/5116 | Loss: 0.0010
  Batch 4720/5116 | Loss: 0.0318
  Batch 4760/5116 | Loss: 0.0629
  Batch 4800/5116 | Loss: 0.0268
  Batch 4840/5116 | Loss: 0.0306
  Batch 4880/5116 | Loss: 0.1582
  Batch 4920/5116 | Loss: 0.0049
  Batch 4960/5116 | Loss: 0.0405
  Batch 5000/5116 | Loss: 0.0084
  Batch 5040/5116 | Loss: 0.0354
  Batch 5080/5116 | Loss: 0.0082
Epoch 11 | Train Loss: 0.1153 | Train Acc: 0.9798 | Val AUC: 0.9937
Saved checkpoint: models\stageB_checkpoint_epoch11.pth
  No improvement for 4/4 epochs
Early stopping at epoch 11 (best val AUC: 0.9942)
Stage B Training Complete! Best val AUC: 0.9942
