Using device: cuda
Loading DINOv2 ViT-S/14 with LoRA on last 4 blocks...
Using cache found in C:\Users\srees/.cache\torch\hub\facebookresearch_dinov2_main
C:\Users\srees/.cache\torch\hub\facebookresearch_dinov2_main\dinov2\layers\swiglu_ffn.py:51: UserWarning: xFormers is not available (SwiGLU)
  warnings.warn("xFormers is not available (SwiGLU)")
C:\Users\srees/.cache\torch\hub\facebookresearch_dinov2_main\dinov2\layers\attention.py:33: UserWarning: xFormers is not available (Attention)
  warnings.warn("xFormers is not available (Attention)")
C:\Users\srees/.cache\torch\hub\facebookresearch_dinov2_main\dinov2\layers\block.py:40: UserWarning: xFormers is not available (Block)
  warnings.warn("xFormers is not available (Block)")
trainable params: 196,608 || all params: 22,253,184 || trainable%: 0.8835
Loading Whisper-tiny encoder with LoRA on last block...
trainable params: 55,296 || all params: 7,687,680 || trainable%: 0.7193
Loading Stage A weights from models\stageA_best_model.pth

[Data Distribution] Real: 2558  Fake: 7674  Total: 10232
[Val set] 6100 videos

[DataLoader] physical_batch=2 grad_accum=8 (effective batch=16) num_workers=4
Resuming from completed checkpoint: models\stageB_checkpoint_epoch2.pth (epoch 2)
Resuming from in-progress checkpoint at epoch 3 (batch 3120)
Starting Stage B Training (LoRA fine-tune, raw crops/audio)...
  Batch 40/5116 | Loss: 0.0027
  Batch 80/5116 | Loss: 0.0079
  Batch 120/5116 | Loss: 0.0716
  Batch 160/5116 | Loss: 0.0165
  Batch 200/5116 | Loss: 1.2605
  Batch 240/5116 | Loss: 0.0045
  Batch 280/5116 | Loss: 0.0057
  Batch 320/5116 | Loss: 0.0999
  Batch 360/5116 | Loss: 0.4715
  Batch 400/5116 | Loss: 0.0012
  Batch 440/5116 | Loss: 0.0919
  Batch 480/5116 | Loss: 0.0129
  Batch 520/5116 | Loss: 0.0116
  Batch 560/5116 | Loss: 0.3461
  Batch 600/5116 | Loss: 0.0267
  Batch 640/5116 | Loss: 0.1120
  Batch 680/5116 | Loss: 0.0453
  Batch 720/5116 | Loss: 0.0377
  Batch 760/5116 | Loss: 0.0881
  Batch 800/5116 | Loss: 1.7028
  Batch 840/5116 | Loss: 0.0012
  Batch 880/5116 | Loss: 0.0020
  Batch 920/5116 | Loss: 0.0010
  Batch 960/5116 | Loss: 0.0942
  Batch 1000/5116 | Loss: 0.0008
  Batch 1040/5116 | Loss: 0.0447
  Batch 1080/5116 | Loss: 0.0087
  Batch 1120/5116 | Loss: 0.0036
  Batch 1160/5116 | Loss: 0.0827
  Batch 1200/5116 | Loss: 0.4475
  Batch 1240/5116 | Loss: 0.0030
  Batch 1280/5116 | Loss: 0.0724
  Batch 1320/5116 | Loss: 0.0391
  Batch 1360/5116 | Loss: 0.0145
  Batch 1400/5116 | Loss: 0.0166
  Batch 1440/5116 | Loss: 0.0500
  Batch 1480/5116 | Loss: 0.0012
  Batch 1520/5116 | Loss: 0.0219
  Batch 1560/5116 | Loss: 0.3092
  Batch 1600/5116 | Loss: 0.0049
  Batch 1640/5116 | Loss: 0.0011
  Batch 1680/5116 | Loss: 1.7006
  Batch 1720/5116 | Loss: 0.0043
  Batch 1760/5116 | Loss: 0.0263
  Batch 1800/5116 | Loss: 0.0607
  Batch 1840/5116 | Loss: 0.2692
  Batch 1880/5116 | Loss: 0.2597
  Batch 1920/5116 | Loss: 0.0122
  Batch 1960/5116 | Loss: 0.0385
  Batch 2000/5116 | Loss: 0.0019
  Batch 2040/5116 | Loss: 0.0652
  Batch 2080/5116 | Loss: 0.0252
  Batch 2120/5116 | Loss: 0.1428
  Batch 2160/5116 | Loss: 0.0048
  Batch 2200/5116 | Loss: 0.0015
  Batch 2240/5116 | Loss: 0.1473
  Batch 2280/5116 | Loss: 0.0083
  Batch 2320/5116 | Loss: 0.0049
  Batch 2360/5116 | Loss: 0.0690
  Batch 2400/5116 | Loss: 0.0142
  Batch 2440/5116 | Loss: 1.1268
  Batch 2480/5116 | Loss: 0.0780
  Batch 2520/5116 | Loss: 0.4986
  Batch 2560/5116 | Loss: 0.0764
  Batch 2600/5116 | Loss: 0.0185
  Batch 2640/5116 | Loss: 0.0031
  Batch 2680/5116 | Loss: 0.0057
  Batch 2720/5116 | Loss: 0.1329
  Batch 2760/5116 | Loss: 0.1090
  Batch 2800/5116 | Loss: 0.8178
  Batch 2840/5116 | Loss: 0.0522
  Batch 2880/5116 | Loss: 0.0969
  Batch 2920/5116 | Loss: 0.0187
  Batch 2960/5116 | Loss: 0.0067
  Batch 3000/5116 | Loss: 0.0159
  Batch 3040/5116 | Loss: 0.0271
  Batch 3080/5116 | Loss: 0.0022
  Batch 3120/5116 | Loss: 0.1962
  Batch 3160/5116 | Loss: 0.0043
  Batch 3200/5116 | Loss: 7.9095
  Batch 3240/5116 | Loss: 0.9368
  Batch 3280/5116 | Loss: 0.0128
  Batch 3320/5116 | Loss: 0.0032
  Batch 3360/5116 | Loss: 0.0807
  Batch 3400/5116 | Loss: 0.0080
  Batch 3440/5116 | Loss: 0.0002
  Batch 3480/5116 | Loss: 0.0032
  Batch 3520/5116 | Loss: 0.1727
  Batch 3560/5116 | Loss: 0.0047
  Batch 3600/5116 | Loss: 0.0029
  Batch 3640/5116 | Loss: 0.4834
  Batch 3680/5116 | Loss: 0.0087
  Batch 3720/5116 | Loss: 0.0044
  Batch 3760/5116 | Loss: 0.0025
  Batch 3800/5116 | Loss: 0.0314
  Batch 3840/5116 | Loss: 0.0034
  Batch 3880/5116 | Loss: 0.0597
  Batch 3920/5116 | Loss: 1.4648
  Batch 3960/5116 | Loss: 0.0309
  Batch 4000/5116 | Loss: 0.0421
  Batch 4040/5116 | Loss: 0.0838
  Batch 4080/5116 | Loss: 0.0868
  Batch 4120/5116 | Loss: 0.0520
  Batch 4160/5116 | Loss: 0.0027
  Batch 4200/5116 | Loss: 0.0021
  Batch 4240/5116 | Loss: 0.0032
  Batch 4280/5116 | Loss: 0.3683
  Batch 4320/5116 | Loss: 0.0040
  Batch 4360/5116 | Loss: 0.0478
  Batch 4400/5116 | Loss: 0.0147
  Batch 4440/5116 | Loss: 0.0064
  Batch 4480/5116 | Loss: 0.0024
  Batch 4520/5116 | Loss: 0.1553
  Batch 4560/5116 | Loss: 0.0635
  Batch 4600/5116 | Loss: 0.2307
  Batch 4640/5116 | Loss: 0.0033
  Batch 4680/5116 | Loss: 0.0096
  Batch 4720/5116 | Loss: 0.0066
  Batch 4760/5116 | Loss: 0.0355
  Batch 4800/5116 | Loss: 0.0022
  Batch 4840/5116 | Loss: 0.2152
  Batch 4880/5116 | Loss: 0.0040
  Batch 4920/5116 | Loss: 0.0166
  Batch 4960/5116 | Loss: 0.0102
  Batch 5000/5116 | Loss: 0.1233
  Batch 5040/5116 | Loss: 0.0015
  Batch 5080/5116 | Loss: 0.0067
Epoch 3 | Train Loss: 0.1670 | Train Acc: 0.9757 | Val AUC: 0.9929
Saved checkpoint: models\stageB_checkpoint_epoch3.pth
  No improvement for 1/4 epochs
  Batch 40/5116 | Loss: 1.6336
  Batch 80/5116 | Loss: 0.0055
  Batch 120/5116 | Loss: 0.0021
  Batch 160/5116 | Loss: 0.0235
  Batch 200/5116 | Loss: 0.0748
  Batch 240/5116 | Loss: 0.1743
  Batch 280/5116 | Loss: 0.0035
  Batch 320/5116 | Loss: 0.0049
  Batch 360/5116 | Loss: 0.0221
  Batch 400/5116 | Loss: 0.0021
  Batch 440/5116 | Loss: 0.0130
  Batch 480/5116 | Loss: 0.0095
  Batch 520/5116 | Loss: 0.0100
  Batch 560/5116 | Loss: 0.0324
  Batch 600/5116 | Loss: 0.0242
  Batch 640/5116 | Loss: 0.4303
  Batch 680/5116 | Loss: 0.0015
  Batch 720/5116 | Loss: 0.0531
  Batch 760/5116 | Loss: 0.0202
  Batch 800/5116 | Loss: 0.0030
  Batch 840/5116 | Loss: 0.0058
  Batch 880/5116 | Loss: 0.0042
  Batch 920/5116 | Loss: 0.0026
  Batch 960/5116 | Loss: 0.0042
  Batch 1000/5116 | Loss: 0.0081
  Batch 1040/5116 | Loss: 0.0415
  Batch 1080/5116 | Loss: 0.0213
  Batch 1120/5116 | Loss: 0.0417
  Batch 1160/5116 | Loss: 0.0265
  Batch 1200/5116 | Loss: 0.0044
  Batch 1240/5116 | Loss: 0.0615
  Batch 1280/5116 | Loss: 0.0135
  Batch 1320/5116 | Loss: 0.0044
  Batch 1360/5116 | Loss: 1.1280
  Batch 1400/5116 | Loss: 0.0076
  Batch 1440/5116 | Loss: 0.0438
  Batch 1480/5116 | Loss: 0.0035
  Batch 1520/5116 | Loss: 0.0104
  Batch 1560/5116 | Loss: 0.1564
  Batch 1600/5116 | Loss: 0.0147
  Batch 1640/5116 | Loss: 0.0152
  Batch 1680/5116 | Loss: 0.1517
  Batch 1720/5116 | Loss: 0.0030
  Batch 1760/5116 | Loss: 5.7641
  Batch 1800/5116 | Loss: 0.0092
  Batch 1840/5116 | Loss: 0.0096
  Batch 1880/5116 | Loss: 0.0092
  Batch 1920/5116 | Loss: 0.0094
  Batch 1960/5116 | Loss: 0.0179
  Batch 2000/5116 | Loss: 0.0131
  Batch 2040/5116 | Loss: 0.0329
  Batch 2080/5116 | Loss: 0.0184
  Batch 2120/5116 | Loss: 0.0104
  Batch 2160/5116 | Loss: 0.0101
  Batch 2200/5116 | Loss: 0.0471
  Batch 2240/5116 | Loss: 0.2536
  Batch 2280/5116 | Loss: 0.9560
  Batch 2320/5116 | Loss: 0.2179
  Batch 2360/5116 | Loss: 0.0374
  Batch 2400/5116 | Loss: 0.2048
  Batch 2440/5116 | Loss: 0.0008
  Batch 2480/5116 | Loss: 1.7616
  Batch 2520/5116 | Loss: 0.0102
  Batch 2560/5116 | Loss: 0.1219
  Batch 2600/5116 | Loss: 0.0406
  Batch 2640/5116 | Loss: 0.0101
  Batch 2680/5116 | Loss: 0.2754
  Batch 2720/5116 | Loss: 0.0081
  Batch 2760/5116 | Loss: 0.1593
  Batch 2800/5116 | Loss: 0.0053
  Batch 2840/5116 | Loss: 0.1767
  Batch 2880/5116 | Loss: 0.1190
  Batch 2920/5116 | Loss: 0.1330
  Batch 2960/5116 | Loss: 0.0476
  Batch 3000/5116 | Loss: 0.0055
  Batch 3040/5116 | Loss: 0.0023
  Batch 3080/5116 | Loss: 0.0046
  Batch 3120/5116 | Loss: 0.0115
  Batch 3160/5116 | Loss: 0.0497
  Batch 3200/5116 | Loss: 0.0996
  Batch 3240/5116 | Loss: 0.0520
  Batch 3280/5116 | Loss: 0.1985
  Batch 3320/5116 | Loss: 0.0004
  Batch 3360/5116 | Loss: 0.0020
  Batch 3400/5116 | Loss: 0.0190
  Batch 3440/5116 | Loss: 0.4683
  Batch 3480/5116 | Loss: 0.0033
  Batch 3520/5116 | Loss: 0.0544
  Batch 3560/5116 | Loss: 0.0011
  Batch 3600/5116 | Loss: 0.0386
  Batch 3640/5116 | Loss: 0.0541
  Batch 3680/5116 | Loss: 0.0022
  Batch 3720/5116 | Loss: 0.0166
  Batch 3760/5116 | Loss: 0.0243
  Batch 3800/5116 | Loss: 0.0101
  Batch 3840/5116 | Loss: 0.0061
  Batch 3880/5116 | Loss: 0.2330
  Batch 3920/5116 | Loss: 0.0115
  Batch 3960/5116 | Loss: 0.0128
  Batch 4000/5116 | Loss: 0.0193
  Batch 4040/5116 | Loss: 0.0026
  Batch 4080/5116 | Loss: 0.0692
  Batch 4120/5116 | Loss: 0.0160
  Batch 4160/5116 | Loss: 0.0274
  Batch 4200/5116 | Loss: 0.0416
  Batch 4240/5116 | Loss: 0.0385
  Batch 4280/5116 | Loss: 0.4903
  Batch 4320/5116 | Loss: 0.0064
  Batch 4360/5116 | Loss: 0.0033
  Batch 4400/5116 | Loss: 0.0056
  Batch 4440/5116 | Loss: 0.0489
  Batch 4480/5116 | Loss: 0.3772
  Batch 4520/5116 | Loss: 0.0110
  Batch 4560/5116 | Loss: 0.0357
  Batch 4600/5116 | Loss: 0.0272
  Batch 4640/5116 | Loss: 0.0063
  Batch 4680/5116 | Loss: 0.0108
  Batch 4720/5116 | Loss: 0.0034
  Batch 4760/5116 | Loss: 0.1587
  Batch 4800/5116 | Loss: 0.0877
  Batch 4840/5116 | Loss: 0.0007
  Batch 4880/5116 | Loss: 0.1130
  Batch 4920/5116 | Loss: 0.0921
  Batch 4960/5116 | Loss: 0.7661
  Batch 5000/5116 | Loss: 0.0036
  Batch 5040/5116 | Loss: 0.0534
  Batch 5080/5116 | Loss: 0.0041
Epoch 4 | Train Loss: 0.1586 | Train Acc: 0.9763 | Val AUC: 0.9959
Saved checkpoint: models\stageB_checkpoint_epoch4.pth
  New best val AUC: 0.9959 - saved stageB_best_* artifacts
  Batch 40/5116 | Loss: 0.0049
  Batch 80/5116 | Loss: 0.0082
  Batch 120/5116 | Loss: 0.0030
  Batch 160/5116 | Loss: 0.0018
  Batch 200/5116 | Loss: 0.3195
  Batch 240/5116 | Loss: 0.0033
  Batch 280/5116 | Loss: 0.0075
  Batch 320/5116 | Loss: 0.0589
  Batch 360/5116 | Loss: 0.0007
  Batch 400/5116 | Loss: 0.0860
  Batch 440/5116 | Loss: 0.0071
  Batch 480/5116 | Loss: 1.0240
  Batch 520/5116 | Loss: 0.0157
  Batch 560/5116 | Loss: 0.0048
  Batch 600/5116 | Loss: 0.1790
  Batch 640/5116 | Loss: 0.0205
  Batch 680/5116 | Loss: 0.0004
  Batch 720/5116 | Loss: 0.0341
  Batch 760/5116 | Loss: 0.0572
  Batch 800/5116 | Loss: 0.1630
  Batch 840/5116 | Loss: 0.0168
  Batch 880/5116 | Loss: 0.0058
  Batch 920/5116 | Loss: 0.0185
  Batch 960/5116 | Loss: 0.3118
  Batch 1000/5116 | Loss: 0.9673
  Batch 1040/5116 | Loss: 0.0125
  Batch 1080/5116 | Loss: 0.0344
  Batch 1120/5116 | Loss: 0.6044
  Batch 1160/5116 | Loss: 0.0269
  Batch 1200/5116 | Loss: 0.0018
  Batch 1240/5116 | Loss: 0.0318
  Batch 1280/5116 | Loss: 0.0088
  Batch 1320/5116 | Loss: 0.0074
  Batch 1360/5116 | Loss: 0.0069
  Batch 1400/5116 | Loss: 0.0077
  Batch 1440/5116 | Loss: 0.0028
  Batch 1480/5116 | Loss: 0.1210
  Batch 1520/5116 | Loss: 0.0289
  Batch 1560/5116 | Loss: 0.0682
  Batch 1600/5116 | Loss: 0.0057
  Batch 1640/5116 | Loss: 0.0058
  Batch 1680/5116 | Loss: 0.0199
  Batch 1720/5116 | Loss: 0.1319
  Batch 1760/5116 | Loss: 0.0523
  Batch 1800/5116 | Loss: 0.0028
  Batch 1840/5116 | Loss: 0.0029
  Batch 1880/5116 | Loss: 0.0025
  Batch 1920/5116 | Loss: 0.0017
  Batch 1960/5116 | Loss: 0.0004
  Batch 2000/5116 | Loss: 0.0100
  Batch 2040/5116 | Loss: 0.0366
  Batch 2080/5116 | Loss: 0.1382
  Batch 2120/5116 | Loss: 0.0014
  Batch 2160/5116 | Loss: 0.0023
  Batch 2200/5116 | Loss: 0.0570
  Batch 2240/5116 | Loss: 0.0254
  Batch 2280/5116 | Loss: 0.6364
  Batch 2320/5116 | Loss: 1.6760
  Batch 2360/5116 | Loss: 0.0502
  Batch 2400/5116 | Loss: 0.0017
  Batch 2440/5116 | Loss: 0.0058
  Batch 2480/5116 | Loss: 0.0081
  Batch 2520/5116 | Loss: 0.0015
  Batch 2560/5116 | Loss: 0.4425
  Batch 2600/5116 | Loss: 0.0041
  Batch 2640/5116 | Loss: 0.0379
  Batch 2680/5116 | Loss: 1.7725
  Batch 2720/5116 | Loss: 0.0487
  Batch 2760/5116 | Loss: 0.0091
  Batch 2800/5116 | Loss: 0.0032
  Batch 2840/5116 | Loss: 0.1551
  Batch 2880/5116 | Loss: 0.0175
  Batch 2920/5116 | Loss: 0.0019
  Batch 2960/5116 | Loss: 0.0013
  Batch 3000/5116 | Loss: 0.0111
  Batch 3040/5116 | Loss: 0.0068
  Batch 3080/5116 | Loss: 0.0031
  Batch 3120/5116 | Loss: 0.0225
  Batch 3160/5116 | Loss: 0.0114
  Batch 3200/5116 | Loss: 0.0059
  Batch 3240/5116 | Loss: 0.1988
  Batch 3280/5116 | Loss: 0.0484
  Batch 3320/5116 | Loss: 0.0040
  Batch 3360/5116 | Loss: 0.0029
  Batch 3400/5116 | Loss: 0.1644
  Batch 3440/5116 | Loss: 0.0009
  Batch 3480/5116 | Loss: 1.4913
  Batch 3520/5116 | Loss: 1.6089
  Batch 3560/5116 | Loss: 0.0029
  Batch 3600/5116 | Loss: 0.0029
  Batch 3640/5116 | Loss: 0.0041
  Batch 3680/5116 | Loss: 0.0817
  Batch 3720/5116 | Loss: 0.0147
  Batch 3760/5116 | Loss: 0.0257
  Batch 3800/5116 | Loss: 0.5649
  Batch 3840/5116 | Loss: 0.0161
  Batch 3880/5116 | Loss: 0.0038
  Batch 3920/5116 | Loss: 0.0165
  Batch 3960/5116 | Loss: 0.0915
  Batch 4000/5116 | Loss: 0.0143
  Batch 4040/5116 | Loss: 0.0030
  Batch 4080/5116 | Loss: 0.0364
  Batch 4120/5116 | Loss: 0.0118
  Batch 4160/5116 | Loss: 0.0080
  Batch 4200/5116 | Loss: 0.0040
  Batch 4240/5116 | Loss: 0.0096
  Batch 4280/5116 | Loss: 0.0006
  Batch 4320/5116 | Loss: 0.0180
  Batch 4360/5116 | Loss: 0.0034
  Batch 4400/5116 | Loss: 0.0155
  Batch 4440/5116 | Loss: 0.0034
  Batch 4480/5116 | Loss: 0.0495
  Batch 4520/5116 | Loss: 0.0034
  Batch 4560/5116 | Loss: 0.0117
  Batch 4600/5116 | Loss: 0.0094
  Batch 4640/5116 | Loss: 0.0092
  Batch 4680/5116 | Loss: 0.0012
  Batch 4720/5116 | Loss: 0.0039
  Batch 4760/5116 | Loss: 0.0306
  Batch 4800/5116 | Loss: 0.0473
  Batch 4840/5116 | Loss: 0.0761
  Batch 4880/5116 | Loss: 0.0303
  Batch 4920/5116 | Loss: 0.0059
  Batch 4960/5116 | Loss: 0.0311
  Batch 5000/5116 | Loss: 0.2398
  Batch 5040/5116 | Loss: 0.0217
  Batch 5080/5116 | Loss: 0.0031
Epoch 5 | Train Loss: 0.1535 | Train Acc: 0.9755 | Val AUC: 0.9920
Saved checkpoint: models\stageB_checkpoint_epoch5.pth
  No improvement for 1/4 epochs
  Batch 40/5116 | Loss: 0.0043
  Batch 80/5116 | Loss: 0.0670
  Batch 120/5116 | Loss: 0.0068
  Batch 160/5116 | Loss: 0.0060
  Batch 200/5116 | Loss: 0.0042
  Batch 240/5116 | Loss: 0.0230
  Batch 280/5116 | Loss: 0.0832
  Batch 320/5116 | Loss: 0.0040
  Batch 360/5116 | Loss: 0.0105
  Batch 400/5116 | Loss: 0.0117
  Batch 440/5116 | Loss: 0.0058
  Batch 480/5116 | Loss: 0.0246
  Batch 520/5116 | Loss: 0.0106
  Batch 560/5116 | Loss: 0.0159
  Batch 600/5116 | Loss: 0.0045
  Batch 640/5116 | Loss: 0.1749
  Batch 680/5116 | Loss: 0.0068
  Batch 720/5116 | Loss: 0.2056
  Batch 760/5116 | Loss: 0.0014
  Batch 800/5116 | Loss: 0.0104
  Batch 840/5116 | Loss: 0.0613
  Batch 880/5116 | Loss: 0.0034
  Batch 920/5116 | Loss: 0.0318
  Batch 960/5116 | Loss: 0.0098
  Batch 1000/5116 | Loss: 0.0021
  Batch 1040/5116 | Loss: 0.0117
  Batch 1080/5116 | Loss: 0.0024
  Batch 1120/5116 | Loss: 0.0031
  Batch 1160/5116 | Loss: 0.6495
  Batch 1200/5116 | Loss: 0.2920
  Batch 1240/5116 | Loss: 0.0033
  Batch 1280/5116 | Loss: 0.1230
  Batch 1320/5116 | Loss: 0.0040
  Batch 1360/5116 | Loss: 0.0359
  Batch 1400/5116 | Loss: 0.0052
  Batch 1440/5116 | Loss: 0.0021
  Batch 1480/5116 | Loss: 0.0035
  Batch 1520/5116 | Loss: 0.0314
  Batch 1560/5116 | Loss: 0.6852
  Batch 1600/5116 | Loss: 0.0076
  Batch 1640/5116 | Loss: 0.0004
  Batch 1680/5116 | Loss: 0.0148
  Batch 1720/5116 | Loss: 0.7765
  Batch 1760/5116 | Loss: 0.0017
  Batch 1800/5116 | Loss: 0.0419
  Batch 1840/5116 | Loss: 0.0009
  Batch 1880/5116 | Loss: 0.4265
  Batch 1920/5116 | Loss: 0.0229
  Batch 1960/5116 | Loss: 0.0042
  Batch 2000/5116 | Loss: 6.4449
  Batch 2040/5116 | Loss: 5.8736
  Batch 2080/5116 | Loss: 1.1977
  Batch 2120/5116 | Loss: 0.0126
  Batch 2160/5116 | Loss: 0.1867
  Batch 2200/5116 | Loss: 0.1267
  Batch 2240/5116 | Loss: 0.0019
  Batch 2280/5116 | Loss: 0.0020
  Batch 2320/5116 | Loss: 0.0357
  Batch 2360/5116 | Loss: 0.1106
  Batch 2400/5116 | Loss: 0.5180
  Batch 2440/5116 | Loss: 0.0319
  Batch 2480/5116 | Loss: 0.0011
  Batch 2520/5116 | Loss: 0.0081
  Batch 2560/5116 | Loss: 0.0031
  Batch 2600/5116 | Loss: 0.4423
  Batch 2640/5116 | Loss: 0.0049
  Batch 2680/5116 | Loss: 3.3839
  Batch 2720/5116 | Loss: 0.1139
  Batch 2760/5116 | Loss: 0.4174
  Batch 2800/5116 | Loss: 0.0144
  Batch 2840/5116 | Loss: 0.1216
  Batch 2880/5116 | Loss: 0.1297
  Batch 2920/5116 | Loss: 0.0059
  Batch 2960/5116 | Loss: 0.0084
  Batch 3000/5116 | Loss: 0.0227
  Batch 3040/5116 | Loss: 0.3209
  Batch 3080/5116 | Loss: 0.0023
  Batch 3120/5116 | Loss: 0.0047
  Batch 3160/5116 | Loss: 0.0009
  Batch 3200/5116 | Loss: 0.2872
  Batch 3240/5116 | Loss: 0.0200
  Batch 3280/5116 | Loss: 0.0106
  Batch 3320/5116 | Loss: 0.0457
  Batch 3360/5116 | Loss: 0.4375
  Batch 3400/5116 | Loss: 0.0743
  Batch 3440/5116 | Loss: 0.0274
  Batch 3480/5116 | Loss: 0.0006
  Batch 3520/5116 | Loss: 0.5766
  Batch 3560/5116 | Loss: 0.0046
  Batch 3600/5116 | Loss: 0.2064
  Batch 3640/5116 | Loss: 0.0567
  Batch 3680/5116 | Loss: 0.0429
  Batch 3720/5116 | Loss: 0.0048
  Batch 3760/5116 | Loss: 0.0318
  Batch 3800/5116 | Loss: 0.0104
  Batch 3840/5116 | Loss: 0.0186
  Batch 3880/5116 | Loss: 0.0286
  Batch 3920/5116 | Loss: 0.0182
  Batch 3960/5116 | Loss: 0.0030
  Batch 4000/5116 | Loss: 0.0017
  Batch 4040/5116 | Loss: 0.0199
  Batch 4080/5116 | Loss: 0.0032
  Batch 4120/5116 | Loss: 0.0048
  Batch 4160/5116 | Loss: 0.0029
  Batch 4200/5116 | Loss: 0.0478
  Batch 4240/5116 | Loss: 0.0095
  Batch 4280/5116 | Loss: 0.0087
  Batch 4320/5116 | Loss: 0.0013
  Batch 4360/5116 | Loss: 0.0119
  Batch 4400/5116 | Loss: 0.0250
  Batch 4440/5116 | Loss: 0.0316
  Batch 4480/5116 | Loss: 0.3148
  Batch 4520/5116 | Loss: 0.0012
  Batch 4560/5116 | Loss: 0.0014
  Batch 4600/5116 | Loss: 0.0105
  Batch 4640/5116 | Loss: 0.0993
  Batch 4680/5116 | Loss: 0.0188
  Batch 4720/5116 | Loss: 0.0032
  Batch 4760/5116 | Loss: 0.0525
  Batch 4800/5116 | Loss: 0.0030
  Batch 4840/5116 | Loss: 0.0014
  Batch 4880/5116 | Loss: 0.0929
  Batch 4920/5116 | Loss: 0.0040
  Batch 4960/5116 | Loss: 0.0793
  Batch 5000/5116 | Loss: 0.0235
  Batch 5040/5116 | Loss: 0.0374
  Batch 5080/5116 | Loss: 0.0018
Epoch 6 | Train Loss: 0.1236 | Train Acc: 0.9796 | Val AUC: 0.9954
Saved checkpoint: models\stageB_checkpoint_epoch6.pth
  No improvement for 2/4 epochs
  Batch 40/5116 | Loss: 0.0237
  Batch 80/5116 | Loss: 0.0071
  Batch 120/5116 | Loss: 0.0006
  Batch 160/5116 | Loss: 0.0048
  Batch 200/5116 | Loss: 0.0034
  Batch 240/5116 | Loss: 0.5322
  Batch 280/5116 | Loss: 0.0142
  Batch 320/5116 | Loss: 0.1508
  Batch 360/5116 | Loss: 0.0028
  Batch 400/5116 | Loss: 1.0174
  Batch 440/5116 | Loss: 0.0038
  Batch 480/5116 | Loss: 0.0075
  Batch 520/5116 | Loss: 0.0329
  Batch 560/5116 | Loss: 0.0024
  Batch 600/5116 | Loss: 0.0130
  Batch 640/5116 | Loss: 0.0008
  Batch 680/5116 | Loss: 0.0009
  Batch 720/5116 | Loss: 0.0046
  Batch 760/5116 | Loss: 0.0070
  Batch 800/5116 | Loss: 0.0033
  Batch 840/5116 | Loss: 1.9780
  Batch 880/5116 | Loss: 0.0020
  Batch 920/5116 | Loss: 0.0034
  Batch 960/5116 | Loss: 0.0054
  Batch 1000/5116 | Loss: 0.0559
  Batch 1040/5116 | Loss: 0.0006
  Batch 1080/5116 | Loss: 0.0015
  Batch 1120/5116 | Loss: 0.7040
  Batch 1160/5116 | Loss: 0.7595
  Batch 1200/5116 | Loss: 0.0226
  Batch 1240/5116 | Loss: 0.1082
  Batch 1280/5116 | Loss: 0.5848
  Batch 1320/5116 | Loss: 0.0102
  Batch 1360/5116 | Loss: 0.1533
  Batch 1400/5116 | Loss: 0.0075
  Batch 1440/5116 | Loss: 0.0033
  Batch 1480/5116 | Loss: 0.0983
  Batch 1520/5116 | Loss: 0.0098
  Batch 1560/5116 | Loss: 0.0042
  Batch 1600/5116 | Loss: 0.0014
  Batch 1640/5116 | Loss: 0.0106
  Batch 1680/5116 | Loss: 0.0021
  Batch 1720/5116 | Loss: 0.1628
  Batch 1760/5116 | Loss: 0.0090
  Batch 1800/5116 | Loss: 0.0031
  Batch 1840/5116 | Loss: 0.1465
  Batch 1880/5116 | Loss: 0.0878
  Batch 1920/5116 | Loss: 0.0009
  Batch 1960/5116 | Loss: 0.0060
  Batch 2000/5116 | Loss: 0.2783
  Batch 2040/5116 | Loss: 0.0036
  Batch 2080/5116 | Loss: 0.1317
  Batch 2120/5116 | Loss: 0.0055
  Batch 2160/5116 | Loss: 0.0011
  Batch 2200/5116 | Loss: 0.5586
  Batch 2240/5116 | Loss: 0.0246
  Batch 2280/5116 | Loss: 0.0211
  Batch 2320/5116 | Loss: 0.0074
  Batch 2360/5116 | Loss: 5.2117
  Batch 2400/5116 | Loss: 0.0657
  Batch 2440/5116 | Loss: 0.0904
  Batch 2480/5116 | Loss: 0.0011
  Batch 2520/5116 | Loss: 0.0033
  Batch 2560/5116 | Loss: 0.1654
  Batch 2600/5116 | Loss: 0.0111
  Batch 2640/5116 | Loss: 0.0030
  Batch 2680/5116 | Loss: 0.0023
  Batch 2720/5116 | Loss: 0.0102
  Batch 2760/5116 | Loss: 0.0018
  Batch 2800/5116 | Loss: 0.0326
  Batch 2840/5116 | Loss: 7.2260
  Batch 2880/5116 | Loss: 0.0878
  Batch 2920/5116 | Loss: 0.0104
  Batch 2960/5116 | Loss: 0.0043
  Batch 3000/5116 | Loss: 0.0054
  Batch 3040/5116 | Loss: 2.3207
  Batch 3080/5116 | Loss: 0.0075
  Batch 3120/5116 | Loss: 0.0026
  Batch 3160/5116 | Loss: 0.0028
  Batch 3200/5116 | Loss: 0.0461
  Batch 3240/5116 | Loss: 0.0020
  Batch 3280/5116 | Loss: 0.0027
  Batch 3320/5116 | Loss: 0.0134
  Batch 3360/5116 | Loss: 0.0017
  Batch 3400/5116 | Loss: 0.0012
  Batch 3440/5116 | Loss: 0.0042
  Batch 3480/5116 | Loss: 0.5461
  Batch 3520/5116 | Loss: 0.0236
  Batch 3560/5116 | Loss: 0.1106
  Batch 3600/5116 | Loss: 0.1120
  Batch 3640/5116 | Loss: 0.0057
  Batch 3680/5116 | Loss: 0.0654
  Batch 3720/5116 | Loss: 0.0271
  Batch 3760/5116 | Loss: 0.0020
  Batch 3800/5116 | Loss: 0.0028
  Batch 3840/5116 | Loss: 0.0825
  Batch 3880/5116 | Loss: 0.0172
  Batch 3920/5116 | Loss: 0.0233
  Batch 3960/5116 | Loss: 0.0013
  Batch 4000/5116 | Loss: 0.0169
  Batch 4040/5116 | Loss: 0.0002
  Batch 4080/5116 | Loss: 0.0271
  Batch 4120/5116 | Loss: 0.0277
  Batch 4160/5116 | Loss: 0.0486
  Batch 4200/5116 | Loss: 0.0037
  Batch 4240/5116 | Loss: 0.0209
  Batch 4280/5116 | Loss: 0.0023
  Batch 4320/5116 | Loss: 0.0080
  Batch 4360/5116 | Loss: 0.0021
  Batch 4400/5116 | Loss: 0.0140
  Batch 4440/5116 | Loss: 0.0011
  Batch 4480/5116 | Loss: 0.0013
  Batch 4520/5116 | Loss: 0.0090
  Batch 4560/5116 | Loss: 1.5984
  Batch 4600/5116 | Loss: 0.0018
  Batch 4640/5116 | Loss: 0.0046
  Batch 4680/5116 | Loss: 0.0171
  Batch 4720/5116 | Loss: 0.0282
  Batch 4760/5116 | Loss: 0.7273
  Batch 4800/5116 | Loss: 0.0006
  Batch 4840/5116 | Loss: 0.0200
  Batch 4880/5116 | Loss: 0.0031
  Batch 4920/5116 | Loss: 0.0018
  Batch 4960/5116 | Loss: 0.0006
  Batch 5000/5116 | Loss: 0.0073
  Batch 5040/5116 | Loss: 0.0031
  Batch 5080/5116 | Loss: 0.0500
Epoch 7 | Train Loss: 0.1100 | Train Acc: 0.9843 | Val AUC: 0.9936
Saved checkpoint: models\stageB_checkpoint_epoch7.pth
  No improvement for 3/4 epochs
  Batch 40/5116 | Loss: 0.0193
  Batch 80/5116 | Loss: 0.0007
  Batch 120/5116 | Loss: 0.0003
  Batch 160/5116 | Loss: 0.4161
  Batch 200/5116 | Loss: 0.0877
  Batch 240/5116 | Loss: 0.0606
  Batch 280/5116 | Loss: 0.0066
  Batch 320/5116 | Loss: 0.0029
  Batch 360/5116 | Loss: 0.0215
  Batch 400/5116 | Loss: 0.0056
  Batch 440/5116 | Loss: 0.8525
  Batch 480/5116 | Loss: 0.0010
  Batch 520/5116 | Loss: 0.0089
  Batch 560/5116 | Loss: 0.0009
  Batch 600/5116 | Loss: 0.0017
  Batch 640/5116 | Loss: 0.0018
  Batch 680/5116 | Loss: 0.0155
  Batch 720/5116 | Loss: 0.0053
  Batch 760/5116 | Loss: 0.0106
  Batch 800/5116 | Loss: 0.2579
  Batch 840/5116 | Loss: 0.0034
  Batch 880/5116 | Loss: 0.0012
  Batch 920/5116 | Loss: 0.0032
  Batch 960/5116 | Loss: 0.0644
  Batch 1000/5116 | Loss: 0.0012
  Batch 1040/5116 | Loss: 0.0156
  Batch 1080/5116 | Loss: 0.0172
  Batch 1120/5116 | Loss: 0.0010
  Batch 1160/5116 | Loss: 0.0162
  Batch 1200/5116 | Loss: 0.0006
  Batch 1240/5116 | Loss: 0.0597
  Batch 1280/5116 | Loss: 0.0010
  Batch 1320/5116 | Loss: 0.4611
  Batch 1360/5116 | Loss: 0.0324
  Batch 1400/5116 | Loss: 0.0199
  Batch 1440/5116 | Loss: 0.0009
  Batch 1480/5116 | Loss: 0.0171
  Batch 1520/5116 | Loss: 0.0019
  Batch 1560/5116 | Loss: 0.0009
  Batch 1600/5116 | Loss: 0.0575
  Batch 1640/5116 | Loss: 0.0004
  Batch 1680/5116 | Loss: 0.0027
  Batch 1720/5116 | Loss: 0.0378
  Batch 1760/5116 | Loss: 0.0275
  Batch 1800/5116 | Loss: 0.0076
  Batch 1840/5116 | Loss: 0.0026
  Batch 1880/5116 | Loss: 0.0008
  Batch 1920/5116 | Loss: 0.0034
  Batch 1960/5116 | Loss: 0.0046
  Batch 2000/5116 | Loss: 0.0049
  Batch 2040/5116 | Loss: 0.0017
  Batch 2080/5116 | Loss: 0.0017
  Batch 2120/5116 | Loss: 0.0023
  Batch 2160/5116 | Loss: 0.0094
  Batch 2200/5116 | Loss: 0.0077
  Batch 2240/5116 | Loss: 0.0006
  Batch 2280/5116 | Loss: 0.0010
  Batch 2320/5116 | Loss: 0.0082
  Batch 2360/5116 | Loss: 0.0560
  Batch 2400/5116 | Loss: 0.0270
  Batch 2440/5116 | Loss: 0.0089
  Batch 2480/5116 | Loss: 0.0073
  Batch 2520/5116 | Loss: 0.0329
  Batch 2560/5116 | Loss: 0.0028
  Batch 2600/5116 | Loss: 0.0166
  Batch 2640/5116 | Loss: 0.0081
  Batch 2680/5116 | Loss: 0.0453
  Batch 2720/5116 | Loss: 0.0033
  Batch 2760/5116 | Loss: 0.0085
  Batch 2800/5116 | Loss: 0.0003
  Batch 2840/5116 | Loss: 0.0475
  Batch 2880/5116 | Loss: 0.0034
  Batch 2920/5116 | Loss: 0.0081
  Batch 2960/5116 | Loss: 0.0334
  Batch 3000/5116 | Loss: 0.0034
  Batch 3040/5116 | Loss: 0.0778
  Batch 3080/5116 | Loss: 0.0544
  Batch 3120/5116 | Loss: 0.0040
  Batch 3160/5116 | Loss: 0.0007
  Batch 3200/5116 | Loss: 0.7681
  Batch 3240/5116 | Loss: 0.0031
  Batch 3280/5116 | Loss: 0.0669
  Batch 3320/5116 | Loss: 0.0022
  Batch 3360/5116 | Loss: 0.0106
  Batch 3400/5116 | Loss: 0.0138
  Batch 3440/5116 | Loss: 0.0015
  Batch 3480/5116 | Loss: 0.0038
  Batch 3520/5116 | Loss: 0.0002
  Batch 3560/5116 | Loss: 0.1253
  Batch 3600/5116 | Loss: 0.0032
  Batch 3640/5116 | Loss: 0.0007
  Batch 3680/5116 | Loss: 0.0147
  Batch 3720/5116 | Loss: 0.0052
  Batch 3760/5116 | Loss: 0.0014
  Batch 3800/5116 | Loss: 1.2682
  Batch 3840/5116 | Loss: 0.0209
  Batch 3880/5116 | Loss: 0.0025
  Batch 3920/5116 | Loss: 0.0199
  Batch 3960/5116 | Loss: 0.0605
  Batch 4000/5116 | Loss: 0.0098
  Batch 4040/5116 | Loss: 0.0140
  Batch 4080/5116 | Loss: 0.0129
  Batch 4120/5116 | Loss: 0.0129
  Batch 4160/5116 | Loss: 0.0019
  Batch 4200/5116 | Loss: 0.1987
  Batch 4240/5116 | Loss: 0.4537
  Batch 4280/5116 | Loss: 0.0066
  Batch 4320/5116 | Loss: 0.0360
  Batch 4360/5116 | Loss: 0.0107
  Batch 4400/5116 | Loss: 0.0015
  Batch 4440/5116 | Loss: 0.0218
  Batch 4480/5116 | Loss: 0.0609
  Batch 4520/5116 | Loss: 0.0077
  Batch 4560/5116 | Loss: 0.0005
  Batch 4600/5116 | Loss: 0.0187
  Batch 4640/5116 | Loss: 0.0045
  Batch 4680/5116 | Loss: 0.0039
  Batch 4720/5116 | Loss: 0.0661
  Batch 4760/5116 | Loss: 0.1974
  Batch 4800/5116 | Loss: 0.0090
  Batch 4840/5116 | Loss: 0.1981
  Batch 4880/5116 | Loss: 0.0767
  Batch 4920/5116 | Loss: 0.0147
  Batch 4960/5116 | Loss: 0.0012
  Batch 5000/5116 | Loss: 0.0522
  Batch 5040/5116 | Loss: 0.0015
  Batch 5080/5116 | Loss: 0.0032
Epoch 8 | Train Loss: 0.1289 | Train Acc: 0.9798 | Val AUC: 0.9941
Saved checkpoint: models\stageB_checkpoint_epoch8.pth
  No improvement for 4/4 epochs
Early stopping at epoch 8 (best val AUC: 0.9959)
Stage B Training Complete! Best val AUC: 0.9959
