WARNING: All log messages before absl::InitializeLog() is called are written to STDERR
I0000 00:00:1783105877.730297   28856 port.cc:153] oneDNN custom operations are on. You may see slightly different numerical results due to floating-point round-off errors from different computation orders. To turn them off, set the environment variable `TF_ENABLE_ONEDNN_OPTS=0`.
WARNING: All log messages before absl::InitializeLog() is called are written to STDERR
I0000 00:00:1783105881.278279   28856 port.cc:153] oneDNN custom operations are on. You may see slightly different numerical results due to floating-point round-off errors from different computation orders. To turn them off, set the environment variable `TF_ENABLE_ONEDNN_OPTS=0`.
Using device: cuda

[Data Distribution]
  Real videos (label 0): 860
  Fake videos (label 1): 2580
  Total videos: 3440

[pos_weight] 3.000000

[DataLoader] batch_size=16 num_workers=8
Starting Training...
Epoch 1: Freezing ResNet18 backbones...
WARNING: All log messages before absl::InitializeLog() is called are written to STDERR
I0000 00:00:1783105898.770628   29076 port.cc:153] oneDNN custom operations are on. You may see slightly different numerical results due to floating-point round-off errors from different computation orders. To turn them off, set the environment variable `TF_ENABLE_ONEDNN_OPTS=0`.
WARNING: All log messages before absl::InitializeLog() is called are written to STDERR
I0000 00:00:1783105900.850574   29076 port.cc:153] oneDNN custom operations are on. You may see slightly different numerical results due to floating-point round-off errors from different computation orders. To turn them off, set the environment variable `TF_ENABLE_ONEDNN_OPTS=0`.
WARNING: All log messages before absl::InitializeLog() is called are written to STDERR
I0000 00:00:1783105906.880472   11672 port.cc:153] oneDNN custom operations are on. You may see slightly different numerical results due to floating-point round-off errors from different computation orders. To turn them off, set the environment variable `TF_ENABLE_ONEDNN_OPTS=0`.
WARNING: All log messages before absl::InitializeLog() is called are written to STDERR
I0000 00:00:1783105908.989942   11672 port.cc:153] oneDNN custom operations are on. You may see slightly different numerical results due to floating-point round-off errors from different computation orders. To turn them off, set the environment variable `TF_ENABLE_ONEDNN_OPTS=0`.
WARNING: All log messages before absl::InitializeLog() is called are written to STDERR
I0000 00:00:1783105915.217258   30632 port.cc:153] oneDNN custom operations are on. You may see slightly different numerical results due to floating-point round-off errors from different computation orders. To turn them off, set the environment variable `TF_ENABLE_ONEDNN_OPTS=0`.
WARNING: All log messages before absl::InitializeLog() is called are written to STDERR
I0000 00:00:1783105917.408985   30632 port.cc:153] oneDNN custom operations are on. You may see slightly different numerical results due to floating-point round-off errors from different computation orders. To turn them off, set the environment variable `TF_ENABLE_ONEDNN_OPTS=0`.
WARNING: All log messages before absl::InitializeLog() is called are written to STDERR
I0000 00:00:1783105923.510421    3084 port.cc:153] oneDNN custom operations are on. You may see slightly different numerical results due to floating-point round-off errors from different computation orders. To turn them off, set the environment variable `TF_ENABLE_ONEDNN_OPTS=0`.
WARNING: All log messages before absl::InitializeLog() is called are written to STDERR
I0000 00:00:1783105925.658737    3084 port.cc:153] oneDNN custom operations are on. You may see slightly different numerical results due to floating-point round-off errors from different computation orders. To turn them off, set the environment variable `TF_ENABLE_ONEDNN_OPTS=0`.
WARNING: All log messages before absl::InitializeLog() is called are written to STDERR
I0000 00:00:1783105998.702864   12132 port.cc:153] oneDNN custom operations are on. You may see slightly different numerical results due to floating-point round-off errors from different computation orders. To turn them off, set the environment variable `TF_ENABLE_ONEDNN_OPTS=0`.
WARNING: All log messages before absl::InitializeLog() is called are written to STDERR
I0000 00:00:1783106000.901172   12132 port.cc:153] oneDNN custom operations are on. You may see slightly different numerical results due to floating-point round-off errors from different computation orders. To turn them off, set the environment variable `TF_ENABLE_ONEDNN_OPTS=0`.
Using device: cuda

[Data Distribution]
  Real videos (label 0): 860
  Fake videos (label 1): 2580
  Total videos: 3440

[pos_weight] 3.000000

[DataLoader] batch_size=16 num_workers=8
Starting Training...
Epoch 1: Freezing ResNet18 backbones...
WARNING: All log messages before absl::InitializeLog() is called are written to STDERR
I0000 00:00:1783106010.642175   18996 port.cc:153] oneDNN custom operations are on. You may see slightly different numerical results due to floating-point round-off errors from different computation orders. To turn them off, set the environment variable `TF_ENABLE_ONEDNN_OPTS=0`.
WARNING: All log messages before absl::InitializeLog() is called are written to STDERR
I0000 00:00:1783106012.804985   18996 port.cc:153] oneDNN custom operations are on. You may see slightly different numerical results due to floating-point round-off errors from different computation orders. To turn them off, set the environment variable `TF_ENABLE_ONEDNN_OPTS=0`.
WARNING: All log messages before absl::InitializeLog() is called are written to STDERR
I0000 00:00:1783106018.746345   27404 port.cc:153] oneDNN custom operations are on. You may see slightly different numerical results due to floating-point round-off errors from different computation orders. To turn them off, set the environment variable `TF_ENABLE_ONEDNN_OPTS=0`.
WARNING: All log messages before absl::InitializeLog() is called are written to STDERR
I0000 00:00:1783106021.056730   27404 port.cc:153] oneDNN custom operations are on. You may see slightly different numerical results due to floating-point round-off errors from different computation orders. To turn them off, set the environment variable `TF_ENABLE_ONEDNN_OPTS=0`.
WARNING: All log messages before absl::InitializeLog() is called are written to STDERR
I0000 00:00:1783106027.018316   29504 port.cc:153] oneDNN custom operations are on. You may see slightly different numerical results due to floating-point round-off errors from different computation orders. To turn them off, set the environment variable `TF_ENABLE_ONEDNN_OPTS=0`.
WARNING: All log messages before absl::InitializeLog() is called are written to STDERR
I0000 00:00:1783106029.326509   29504 port.cc:153] oneDNN custom operations are on. You may see slightly different numerical results due to floating-point round-off errors from different computation orders. To turn them off, set the environment variable `TF_ENABLE_ONEDNN_OPTS=0`.
WARNING: All log messages before absl::InitializeLog() is called are written to STDERR
I0000 00:00:1783106035.406846   21120 port.cc:153] oneDNN custom operations are on. You may see slightly different numerical results due to floating-point round-off errors from different computation orders. To turn them off, set the environment variable `TF_ENABLE_ONEDNN_OPTS=0`.
WARNING: All log messages before absl::InitializeLog() is called are written to STDERR
I0000 00:00:1783106037.555859   21120 port.cc:153] oneDNN custom operations are on. You may see slightly different numerical results due to floating-point round-off errors from different computation orders. To turn them off, set the environment variable `TF_ENABLE_ONEDNN_OPTS=0`.
WARNING: All log messages before absl::InitializeLog() is called are written to STDERR
I0000 00:00:1783106089.871060   22904 port.cc:153] oneDNN custom operations are on. You may see slightly different numerical results due to floating-point round-off errors from different computation orders. To turn them off, set the environment variable `TF_ENABLE_ONEDNN_OPTS=0`.
WARNING: All log messages before absl::InitializeLog() is called are written to STDERR
I0000 00:00:1783106091.971236   22904 port.cc:153] oneDNN custom operations are on. You may see slightly different numerical results due to floating-point round-off errors from different computation orders. To turn them off, set the environment variable `TF_ENABLE_ONEDNN_OPTS=0`.
Using device: cuda

[Data Distribution]
  Real videos (label 0): 860
  Fake videos (label 1): 2580
  Total videos: 3440

[pos_weight] 3.000000

[DataLoader] batch_size=16 num_workers=8
Starting Training...
Epoch 1: Freezing ResNet18 backbones...
WARNING: All log messages before absl::InitializeLog() is called are written to STDERR
I0000 00:00:1783106102.025253   27144 port.cc:153] oneDNN custom operations are on. You may see slightly different numerical results due to floating-point round-off errors from different computation orders. To turn them off, set the environment variable `TF_ENABLE_ONEDNN_OPTS=0`.
WARNING: All log messages before absl::InitializeLog() is called are written to STDERR
I0000 00:00:1783106104.188491   27144 port.cc:153] oneDNN custom operations are on. You may see slightly different numerical results due to floating-point round-off errors from different computation orders. To turn them off, set the environment variable `TF_ENABLE_ONEDNN_OPTS=0`.
WARNING: All log messages before absl::InitializeLog() is called are written to STDERR
I0000 00:00:1783106110.324099   29968 port.cc:153] oneDNN custom operations are on. You may see slightly different numerical results due to floating-point round-off errors from different computation orders. To turn them off, set the environment variable `TF_ENABLE_ONEDNN_OPTS=0`.
WARNING: All log messages before absl::InitializeLog() is called are written to STDERR
I0000 00:00:1783106112.421482   29968 port.cc:153] oneDNN custom operations are on. You may see slightly different numerical results due to floating-point round-off errors from different computation orders. To turn them off, set the environment variable `TF_ENABLE_ONEDNN_OPTS=0`.
WARNING: All log messages before absl::InitializeLog() is called are written to STDERR
I0000 00:00:1783106118.536283   29032 port.cc:153] oneDNN custom operations are on. You may see slightly different numerical results due to floating-point round-off errors from different computation orders. To turn them off, set the environment variable `TF_ENABLE_ONEDNN_OPTS=0`.
WARNING: All log messages before absl::InitializeLog() is called are written to STDERR
I0000 00:00:1783106120.694217   29032 port.cc:153] oneDNN custom operations are on. You may see slightly different numerical results due to floating-point round-off errors from different computation orders. To turn them off, set the environment variable `TF_ENABLE_ONEDNN_OPTS=0`.
WARNING: All log messages before absl::InitializeLog() is called are written to STDERR
I0000 00:00:1783106127.056386   29716 port.cc:153] oneDNN custom operations are on. You may see slightly different numerical results due to floating-point round-off errors from different computation orders. To turn them off, set the environment variable `TF_ENABLE_ONEDNN_OPTS=0`.
WARNING: All log messages before absl::InitializeLog() is called are written to STDERR
I0000 00:00:1783106129.448357   29716 port.cc:153] oneDNN custom operations are on. You may see slightly different numerical results due to floating-point round-off errors from different computation orders. To turn them off, set the environment variable `TF_ENABLE_ONEDNN_OPTS=0`.
WARNING: All log messages before absl::InitializeLog() is called are written to STDERR
I0000 00:00:1783106135.629821   13440 port.cc:153] oneDNN custom operations are on. You may see slightly different numerical results due to floating-point round-off errors from different computation orders. To turn them off, set the environment variable `TF_ENABLE_ONEDNN_OPTS=0`.
WARNING: All log messages before absl::InitializeLog() is called are written to STDERR
I0000 00:00:1783106137.983260   13440 port.cc:153] oneDNN custom operations are on. You may see slightly different numerical results due to floating-point round-off errors from different computation orders. To turn them off, set the environment variable `TF_ENABLE_ONEDNN_OPTS=0`.
WARNING: All log messages before absl::InitializeLog() is called are written to STDERR
I0000 00:00:1783106144.638321   27800 port.cc:153] oneDNN custom operations are on. You may see slightly different numerical results due to floating-point round-off errors from different computation orders. To turn them off, set the environment variable `TF_ENABLE_ONEDNN_OPTS=0`.
WARNING: All log messages before absl::InitializeLog() is called are written to STDERR
I0000 00:00:1783106147.261571   27800 port.cc:153] oneDNN custom operations are on. You may see slightly different numerical results due to floating-point round-off errors from different computation orders. To turn them off, set the environment variable `TF_ENABLE_ONEDNN_OPTS=0`.
WARNING: All log messages before absl::InitializeLog() is called are written to STDERR
I0000 00:00:1783106154.511060   24744 port.cc:153] oneDNN custom operations are on. You may see slightly different numerical results due to floating-point round-off errors from different computation orders. To turn them off, set the environment variable `TF_ENABLE_ONEDNN_OPTS=0`.
WARNING: All log messages before absl::InitializeLog() is called are written to STDERR
I0000 00:00:1783106157.066690   24744 port.cc:153] oneDNN custom operations are on. You may see slightly different numerical results due to floating-point round-off errors from different computation orders. To turn them off, set the environment variable `TF_ENABLE_ONEDNN_OPTS=0`.
WARNING: All log messages before absl::InitializeLog() is called are written to STDERR
I0000 00:00:1783106164.423718   17260 port.cc:153] oneDNN custom operations are on. You may see slightly different numerical results due to floating-point round-off errors from different computation orders. To turn them off, set the environment variable `TF_ENABLE_ONEDNN_OPTS=0`.
WARNING: All log messages before absl::InitializeLog() is called are written to STDERR
I0000 00:00:1783106167.181977   17260 port.cc:153] oneDNN custom operations are on. You may see slightly different numerical results due to floating-point round-off errors from different computation orders. To turn them off, set the environment variable `TF_ENABLE_ONEDNN_OPTS=0`.
W0000 00:00:1783106170.343848   30444 face_landmarker_graph.cc:180] Sets FaceBlendshapesGraph acceleration to xnnpack by default.
W0000 00:00:1783106170.343848   16084 face_landmarker_graph.cc:180] Sets FaceBlendshapesGraph acceleration to xnnpack by default.
W0000 00:00:1783106170.343899   15756 face_landmarker_graph.cc:180] Sets FaceBlendshapesGraph acceleration to xnnpack by default.
W0000 00:00:1783106170.343903   27208 face_landmarker_graph.cc:180] Sets FaceBlendshapesGraph acceleration to xnnpack by default.
W0000 00:00:1783106170.343986   29944 face_landmarker_graph.cc:180] Sets FaceBlendshapesGraph acceleration to xnnpack by default.
W0000 00:00:1783106170.344026   14368 face_landmarker_graph.cc:180] Sets FaceBlendshapesGraph acceleration to xnnpack by default.
W0000 00:00:1783106170.344041   29560 face_landmarker_graph.cc:180] Sets FaceBlendshapesGraph acceleration to xnnpack by default.
W0000 00:00:1783106170.344195    4572 face_landmarker_graph.cc:180] Sets FaceBlendshapesGraph acceleration to xnnpack by default.
INFO: INFO: INFO: INFO: INFO: INFO: INFO: INFO: Created TensorFlow Lite XNNPACK delegate for CPU.Created TensorFlow Lite XNNPACK delegate for CPU.Created TensorFlow Lite XNNPACK delegate for CPU.Created TensorFlow Lite XNNPACK delegate for CPU.Created TensorFlow Lite XNNPACK delegate for CPU.
Created TensorFlow Lite XNNPACK delegate for CPU.Created TensorFlow Lite XNNPACK delegate for CPU.




Created TensorFlow Lite XNNPACK delegate for CPU.

W0000 00:00:1783106170.394548    9804 inference_feedback_manager.cc:121] Feedback manager requires a model with a single signature inference. Disabling support for feedback tensors.
W0000 00:00:1783106170.394583   17084 inference_feedback_manager.cc:121] Feedback manager requires a model with a single signature inference. Disabling support for feedback tensors.
W0000 00:00:1783106170.394647   30228 inference_feedback_manager.cc:121] Feedback manager requires a model with a single signature inference. Disabling support for feedback tensors.
W0000 00:00:1783106170.394712    9228 inference_feedback_manager.cc:121] Feedback manager requires a model with a single signature inference. Disabling support for feedback tensors.
W0000 00:00:1783106170.394725   12668 inference_feedback_manager.cc:121] Feedback manager requires a model with a single signature inference. Disabling support for feedback tensors.
W0000 00:00:1783106170.394888    9264 inference_feedback_manager.cc:121] Feedback manager requires a model with a single signature inference. Disabling support for feedback tensors.
W0000 00:00:1783106170.397331   28764 inference_feedback_manager.cc:121] Feedback manager requires a model with a single signature inference. Disabling support for feedback tensors.
W0000 00:00:1783106170.397835   10108 inference_feedback_manager.cc:121] Feedback manager requires a model with a single signature inference. Disabling support for feedback tensors.
W0000 00:00:1783106170.420716   30228 inference_feedback_manager.cc:121] Feedback manager requires a model with a single signature inference. Disabling support for feedback tensors.
W0000 00:00:1783106170.422743   17456 inference_feedback_manager.cc:121] Feedback manager requires a model with a single signature inference. Disabling support for feedback tensors.
W0000 00:00:1783106170.424351   22564 inference_feedback_manager.cc:121] Feedback manager requires a model with a single signature inference. Disabling support for feedback tensors.
W0000 00:00:1783106170.433557   24676 inference_feedback_manager.cc:121] Feedback manager requires a model with a single signature inference. Disabling support for feedback tensors.
W0000 00:00:1783106170.433778   17084 inference_feedback_manager.cc:121] Feedback manager requires a model with a single signature inference. Disabling support for feedback tensors.
W0000 00:00:1783106170.437580    5560 inference_feedback_manager.cc:121] Feedback manager requires a model with a single signature inference. Disabling support for feedback tensors.
W0000 00:00:1783106170.439071   19404 inference_feedback_manager.cc:121] Feedback manager requires a model with a single signature inference. Disabling support for feedback tensors.
W0000 00:00:1783106170.439837    9264 inference_feedback_manager.cc:121] Feedback manager requires a model with a single signature inference. Disabling support for feedback tensors.
  Batch 10/215 | Loss: 2.2790
  Batch 20/215 | Loss: 2.2715
  Batch 30/215 | Loss: 2.4214
  Batch 40/215 | Loss: 2.2706
  Batch 50/215 | Loss: 1.9430
  Batch 60/215 | Loss: 1.6858
  Batch 70/215 | Loss: 2.0432
  Batch 80/215 | Loss: 1.9092
  Batch 90/215 | Loss: 1.7641
  Batch 100/215 | Loss: 1.9276
  Batch 110/215 | Loss: 1.8764
  Batch 120/215 | Loss: 1.6607
  Batch 130/215 | Loss: 2.5117
  Batch 140/215 | Loss: 1.7068
  Batch 150/215 | Loss: 1.5980
  Batch 160/215 | Loss: 1.7722
  Batch 170/215 | Loss: 1.7111
  Batch 180/215 | Loss: 1.8821
  Batch 190/215 | Loss: 1.7582
  Batch 200/215 | Loss: 1.4577
  Batch 210/215 | Loss: 1.5721
Epoch 1/5 | Loss: 1.9121 | Accuracy: 0.7035

Saved checkpoint: models\checkpoint_epoch1.pth
Epoch 2: Freezing ResNet18 backbones...
  Batch 10/215 | Loss: 2.1527
  Batch 20/215 | Loss: 1.8783
  Batch 30/215 | Loss: 1.3146
  Batch 40/215 | Loss: 1.6734
  Batch 50/215 | Loss: 1.3676
  Batch 60/215 | Loss: 1.7674
  Batch 70/215 | Loss: 1.3389
  Batch 80/215 | Loss: 1.7457
  Batch 90/215 | Loss: 1.3745
  Batch 100/215 | Loss: 1.3566
  Batch 110/215 | Loss: 2.4240
  Batch 120/215 | Loss: 1.5147
  Batch 130/215 | Loss: 1.4461
  Batch 140/215 | Loss: 1.3271
  Batch 150/215 | Loss: 1.4231
  Batch 160/215 | Loss: 1.5037
  Batch 170/215 | Loss: 1.2414
  Batch 180/215 | Loss: 1.2944
  Batch 190/215 | Loss: 1.5258
  Batch 200/215 | Loss: 1.3947
  Batch 210/215 | Loss: 1.0371
Epoch 2/5 | Loss: 1.5914 | Accuracy: 0.8555

Saved checkpoint: models\checkpoint_epoch2.pth
Epoch 3: Unfreezing ResNet18 backbones for fine-tuning...
  Batch 10/215 | Loss: 1.5602
  Batch 20/215 | Loss: 1.6173
  Batch 30/215 | Loss: 1.4140
  Batch 40/215 | Loss: 1.6330
  Batch 50/215 | Loss: 1.4709
  Batch 60/215 | Loss: 1.3440
  Batch 70/215 | Loss: 2.1319
  Batch 80/215 | Loss: 2.8009
  Batch 90/215 | Loss: 1.5831
  Batch 100/215 | Loss: 1.2721
  Batch 110/215 | Loss: 1.3092
  Batch 120/215 | Loss: 1.3025
  Batch 130/215 | Loss: 1.3071
  Batch 140/215 | Loss: 1.7996
  Batch 150/215 | Loss: 1.1930
  Batch 160/215 | Loss: 1.5081
  Batch 170/215 | Loss: 1.2410
  Batch 180/215 | Loss: 1.6247
  Batch 190/215 | Loss: 1.6351
  Batch 200/215 | Loss: 1.6068
  Batch 210/215 | Loss: 1.3325
Epoch 3/5 | Loss: 1.5475 | Accuracy: 0.8846

Saved checkpoint: models\checkpoint_epoch3.pth
Epoch 4: Unfreezing ResNet18 backbones for fine-tuning...
  Batch 10/215 | Loss: 1.2947
  Batch 20/215 | Loss: 1.5300
  Batch 30/215 | Loss: 1.1613
  Batch 40/215 | Loss: 2.7820
  Batch 50/215 | Loss: 1.3759
  Batch 60/215 | Loss: 1.3445
  Batch 70/215 | Loss: 1.7242
  Batch 80/215 | Loss: 2.1368
  Batch 90/215 | Loss: 1.7750
  Batch 100/215 | Loss: 1.2377
  Batch 110/215 | Loss: 1.1601
  Batch 120/215 | Loss: 1.7673
  Batch 130/215 | Loss: 1.7734
  Batch 140/215 | Loss: 1.0814
  Batch 150/215 | Loss: 1.3158
  Batch 160/215 | Loss: 1.2077
  Batch 170/215 | Loss: 1.3238
  Batch 180/215 | Loss: 1.6402
  Batch 190/215 | Loss: 1.4560
  Batch 200/215 | Loss: 1.3472
  Batch 210/215 | Loss: 1.2171
Epoch 4/5 | Loss: 1.3931 | Accuracy: 0.9314

Saved checkpoint: models\checkpoint_epoch4.pth
Epoch 5: Unfreezing ResNet18 backbones for fine-tuning...
  Batch 10/215 | Loss: 1.2352
  Batch 20/215 | Loss: 2.1901
  Batch 30/215 | Loss: 1.5584
  Batch 40/215 | Loss: 1.5221
  Batch 50/215 | Loss: 1.4560
  Batch 60/215 | Loss: 1.3880
  Batch 70/215 | Loss: 1.1687
  Batch 80/215 | Loss: 1.7074
  Batch 90/215 | Loss: 1.1197
  Batch 100/215 | Loss: 1.1261
  Batch 110/215 | Loss: 1.3466
  Batch 120/215 | Loss: 1.6257
  Batch 130/215 | Loss: 1.2566
  Batch 140/215 | Loss: 1.2473
  Batch 150/215 | Loss: 1.2173
  Batch 160/215 | Loss: 1.0738
  Batch 170/215 | Loss: 1.2921
  Batch 180/215 | Loss: 1.3806
  Batch 190/215 | Loss: 1.1811
  Batch 200/215 | Loss: 1.2662
  Batch 210/215 | Loss: 1.1617
Epoch 5/5 | Loss: 1.3403 | Accuracy: 0.9410

Saved checkpoint: models\checkpoint_epoch5.pth
Training Complete! Model saved to models/deepfake_model.pth
